******************************************************************************
        TMS320C2000 COFF Linker PC v4.1.3                      
******************************************************************************
>> Linked Mon Apr 19 09:35:15 2010

OUTPUT FILE NAME:   <C:/CCStudio_v3.3/MyProjects/Reg2812/Debug/Reg2812.out>
ENTRY POINT SYMBOL: "_c_int00"  address: 003ea2f2


MEMORY CONFIGURATION

                  name            origin    length      used    attr    fill
         ----------------------  --------  ---------  --------  ----  --------
PAGE  0: RAML0                   00008000   00001000  0000081e  RWIX
         OTP                     003d7800   00000800  00000000  RWIX
         FLASHJ                  003d8000   00002000  00000000  RWIX
         FLASHI                  003da000   00002000  000001c3  RWIX
         FLASHH                  003dc000   00004000  000015e5  RWIX
         FLASHG                  003e0000   00004000  00000000  RWIX
         FLASHF                  003e4000   00004000  00000000  RWIX
         FLASHE                  003e8000   00004000  000025a0  RWIX
         FLASHD                  003ec000   00004000  00004000  RWIX
         FLASHC                  003f0000   00004000  000002c7  RWIX
         FLASHA                  003f6000   00001ff6  00000000  RWIX
         BEGIN                   003f7ff6   00000002  00000002  RWIX
         RAMH0                   003f8000   00002000  000018cb  RWIX
         ROM                     003ff000   00000fc0  00000b50  RWIX
         RESET                   003fffc0   00000002  00000000  RWIX
         VECTORS                 003fffc2   0000003e  00000000  RWIX

PAGE  1: RAMM0                   00000000   00000400  00000000  RWIX
         RAMM1                   00000400   00000400  00000190  RWIX
         DEV_EMU                 00000880   00000180  000000d6  RWIX
         FLASH_REGS              00000a80   00000060  00000008  RWIX
         CSM                     00000ae0   00000010  00000010  RWIX
         XINTF                   00000b20   00000020  00000020  RWIX
         CPU_TIMER0              00000c00   00000008  00000008  RWIX
         PIE_CTRL                00000ce0   00000020  0000001a  RWIX
         PIE_VECT                00000d00   00000100  00000100  RWIX
         ZONE0                   00002000   00002000  00000001  RWIX
         ZONE1                   00004000   00002000  00000000  RWIX
         ECAN_A                  00006000   00000040  00000034  RWIX
         ECAN_LAM                00006040   00000040  00000040  RWIX
         ECAN_MOTS               00006080   00000040  00000040  RWIX
         ECAN_MOTO               000060c0   00000040  00000040  RWIX
         ECAN_AMBOX              00006100   00000100  00000100  RWIX
         SYSTEM                  00007010   00000020  00000020  RWIX
         SPI_A                   00007040   00000010  00000010  RWIX
         SCI_A                   00007050   00000010  00000010  RWIX
         XINTRUPT                00007070   00000010  00000010  RWIX
         GPIOMUX                 000070c0   00000020  00000020  RWIX
         GPIODAT                 000070e0   00000020  00000020  RWIX
         ADC                     00007100   00000020  0000001a  RWIX
         EV_A                    00007400   00000040  00000032  RWIX
         EV_B                    00007500   00000040  00000032  RWIX
         SCI_B                   00007750   00000010  00000010  RWIX
         MCBSP_A                 00007800   00000040  00000025  RWIX
         RAML1                   00009000   00001000  00000bfc  RWIX
         ZONE2                   00080000   00080000  00000001  RWIX
         ZONE6                   00100000   00080000  00000000  RWIX
         FLASHB                  003f4000   00002000  00000000  RWIX
         CSM_PWL                 003f7ff8   00000008  00000008  RWIX


SECTION ALLOCATION MAP

 output                                  attributes/
section   page    origin      length       input sections
--------  ----  ----------  ----------   ----------------
.cst       0    00008000    0000081e     UNINITIALIZED
                  00008000    0000081e     capture.obj (.cst)

VersionData 
*          0    003da000    000001a0     
                  003da000    00000050     Version.obj (VersionData)
                  003da050    00000030     can.obj (VersionData)
                  003da080    00000030     core.obj (VersionData)
                  003da0b0    00000030     Interrupt.obj (VersionData)
                  003da0e0    00000030     Logic.obj (VersionData)
                  003da110    00000030     main.obj (VersionData)
                  003da140    00000030     ntadd.obj (VersionData)
                  003da170    00000030     ntcalc.obj (VersionData)

CopyFunction 
*          0    003da1a0    00000023     
                  003da1a0    00000023     main.obj (CopyFunction)

.const     0    003dc000    00000000     UNINITIALIZED

.econst    0    003dc000    000015e5     
                  003dc000    0000100c     utils.obj (.econst)
                  003dd00c    0000045c     core.obj (.econst)
                  003dd468    00000100     PieVect.obj (.econst)
                  003dd568    0000004c     main.obj (.econst)
                  003dd5b4    0000001c     ntadd.obj (.econst)
                  003dd5d0    0000000a     ntcalc.obj (.econst)
                  003dd5da    00000008     Interrupt.obj (.econst)
                  003dd5e2    00000003     neu.obj (.econst)

.switch    0    003e8000    00000dd1     
                  003e8000    0000054b     Logic.obj (.switch)
                  003e854b    00000001     --HOLE-- [fill = 0]
                  003e854c    000001a6     ntadd.obj (.switch)
                  003e86f2    0000013e     can.obj (.switch)
                  003e8830    0000001e     core.obj (.switch)
                  003e884e    0000051e     main.obj (.switch)
                  003e8d6c    00000065     neu.obj (.switch)

.cinit     0    003e8dd1    00000178     
                  003e8dd1    00000016     core.obj (.cinit)
                  003e8de7    00000017     Interrupt.obj (.cinit)
                  003e8dfe    00000052     main.obj (.cinit)
                  003e8e50    00000005     ntadd.obj (.cinit)
                  003e8e55    000000bd     ntcalc.obj (.cinit)
                  003e8f12    00000009     spi.obj (.cinit)
                  003e8f1b    00000015     utils.obj (.cinit)
                  003e8f30    0000000e     rts2800_ml.lib : exit.obj (.cinit)
                  003e8f3e    0000000a                    : _lock.obj (.cinit)
                  003e8f48    00000001     --HOLE-- [fill = 0]

.text:2    0    003e8f49    00001657     
                  003e8f49    0000082a     can.obj (.text)
                  003e9773    00000225     sci.obj (.text)
                  003e9998    000001ea     Interrupt.obj (.text)
                  003e9b82    0000019b     utils.obj (.text)
                  003e9d1d    0000015c     ntcalc.obj (.text)
                  003e9e79    00000154     DefaultIsr.obj (.text)
                  003e9fcd    00000094     pid_reg3.obj (.text)
                  003ea061    0000008c     rts2800_ml.lib : fs_add.obj (.text)
                  003ea0ed    00000083                    : fs_div.obj (.text)
                  003ea170    00000082                    : fd_mpy.obj (.text)
                  003ea1f2    0000005b     aschex.obj (.text)
                  003ea24d    0000005a     rts2800_ml.lib : fs_mpy.obj (.text)
                  003ea2a7    0000004b                    : exit.obj (.text)
                  003ea2f2    00000046                    : boot.obj (.text)
                  003ea338    0000003b                    : fs_tol.obj (.text)
                  003ea373    00000035     DSP28_Adc.obj (.text)
                  003ea3a8    0000002d     SysCtrl.obj (.text)
                  003ea3d5    0000002a     rts2800_ml.lib : l_div.obj (.text)
                  003ea3ff    00000025     capture.obj (.text)
                  003ea424    00000024     rts2800_ml.lib : fs_toi.obj (.text)
                  003ea448    00000022                    : i_div.obj (.text)
                  003ea46a    00000021     PieCtrl.obj (.text)
                  003ea48b    0000001f     rts2800_ml.lib : fd_tol.obj (.text)
                  003ea4aa    0000001d                    : fs_tofd.obj (.text)
                  003ea4c7    0000001a                    : i_tofd.obj (.text)
                  003ea4e1    0000001a                    : l_tofs.obj (.text)
                  003ea4fb    0000001a                    : i_tofs.obj (.text)
                  003ea515    00000019                    : l_tofd.obj (.text)
                  003ea52e    00000018                    : u_tofd.obj (.text)
                  003ea546    00000017                    : fs_cmp.obj (.text)
                  003ea55d    00000012     PieVect.obj (.text)
                  003ea56f    00000010     rts2800_ml.lib : u_tofs.obj (.text)
                  003ea57f    0000000b                    : u_div.obj (.text)
                  003ea58a    00000009                    : _lock.obj (.text)
                  003ea593    00000009                    : fs_sub.obj (.text)
                  003ea59c    00000004     DSP28_usDelay.obj (.text)

ramfuncs   0    003ec000    00001604     RUN ADDR = 003f8000
                  003ec000    0000007b     capture.obj (ramfuncs)
                  003ec07b    00000011     clarke.obj (ramfuncs)
                  003ec08c    00000783     core.obj (ramfuncs)
                  003ec80f    00000733     Interrupt.obj (ramfuncs)
                  003ecf42    0000002d     ipark.obj (ramfuncs)
                  003ecf6f    000005e4     ntcalc.obj (ramfuncs)
                  003ed553    0000002d     park.obj (ramfuncs)
                  003ed580    0000006d     pid_reg4.obj (ramfuncs)
                  003ed5ed    00000017     SysCtrl.obj (ramfuncs)

.text:1    0    003ed604    000029fc     
                  003ed604    000010de     core.obj (.text)
                  003ee6e2    000008f8     ntadd.obj (.text)
                  003eefda    0000083f     main.obj (.text)
                  003ef819    00000568     Logic.obj (.text)
                  003efd81    00000272     spi.obj (.text)
                  003efff3    0000000d     regid.obj (.text)

IQmath     0    003f0000    000002c7     RUN ADDR = 003f9604
                  003f0000    00000088     IQmath.lib : IQ16atan2PU.obj (IQmath)
                  003f0088    00000047                : IQ16div.obj (IQmath)
                  003f00cf    00000060                : IQ16mag.obj (IQmath)
                  003f012f    00000042                : IQ1sqrt.obj (IQmath)
                  003f0171    00000027                : IQ24cosPU.obj (IQmath)
                  003f0198    00000047                : IQ24div.obj (IQmath)
                  003f01df    00000009                : IQ24int.obj (IQmath)
                  003f01e8    00000060                : IQ24mag.obj (IQmath)
                  003f0248    00000029                : IQ24sinPU.obj (IQmath)
                  003f0271    00000042                : IQ24sqrt.obj (IQmath)
                  003f02b3    00000014                : IQ24toF.obj (IQmath)

codestart 
*          0    003f7ff6    00000002     
                  003f7ff6    00000002     CodeStartBranch.obj (codestart)

IQmathTables 
*          0    003ff000    00000b50     NOLOAD SECTION
                  003ff000    00000b50     IQmath.lib : IQmathTables.ob (IQmathTables)

.reset     0    003fffc0    00000002     DSECT
                  003fffc0    00000002     rts2800_ml.lib : boot.obj (.reset)

vectors    0    003fffc2    00000000     DSECT

.data      1    00000000    00000000     UNINITIALIZED

.stack     1    00000400    00000190     UNINITIALIZED

DevEmuRegsFile 
*          1    00000880    000000d6     UNINITIALIZED
                  00000880    000000d6     main.obj (DevEmuRegsFile)

FlashRegsFile 
*          1    00000a80    00000008     UNINITIALIZED
                  00000a80    00000008     main.obj (FlashRegsFile)

CsmRegsFile 
*          1    00000ae0    00000010     UNINITIALIZED
                  00000ae0    00000010     main.obj (CsmRegsFile)

XintfRegsFile 
*          1    00000b20    00000020     UNINITIALIZED
                  00000b20    00000020     main.obj (XintfRegsFile)

CpuTimer0RegsFile 
*          1    00000c00    00000008     UNINITIALIZED
                  00000c00    00000008     main.obj (CpuTimer0RegsFile)

PieCtrlRegsFile 
*          1    00000ce0    0000001a     UNINITIALIZED
                  00000ce0    0000001a     main.obj (PieCtrlRegsFile)

PieVectTable 
*          1    00000d00    00000100     UNINITIALIZED
                  00000d00    00000100     main.obj (PieVectTable)

Zone0File 
*          1    00002000    00000001     UNINITIALIZED
                  00002000    00000001     main.obj (Zone0File)

ECanaRegsFile 
*          1    00006000    00000034     UNINITIALIZED
                  00006000    00000034     main.obj (ECanaRegsFile)

ECanaLamFile 
*          1    00006040    00000040     UNINITIALIZED
                  00006040    00000040     main.obj (ECanaLamFile)

ECanaMotsFile 
*          1    00006080    00000040     UNINITIALIZED
                  00006080    00000040     main.obj (ECanaMotsFile)

ECanaMotoFile 
*          1    000060c0    00000040     UNINITIALIZED
                  000060c0    00000040     main.obj (ECanaMotoFile)

ECanaMboxesFile 
*          1    00006100    00000100     UNINITIALIZED
                  00006100    00000100     main.obj (ECanaMboxesFile)

SysCtrlRegsFile 
*          1    00007010    00000020     UNINITIALIZED
                  00007010    00000020     main.obj (SysCtrlRegsFile)

SpiaRegsFile 
*          1    00007040    00000010     UNINITIALIZED
                  00007040    00000010     main.obj (SpiaRegsFile)

SciaRegsFile 
*          1    00007050    00000010     UNINITIALIZED
                  00007050    00000010     main.obj (SciaRegsFile)

XIntruptRegsFile 
*          1    00007070    00000010     UNINITIALIZED
                  00007070    00000010     main.obj (XIntruptRegsFile)

GpioMuxRegsFile 
*          1    000070c0    00000020     UNINITIALIZED
                  000070c0    00000020     main.obj (GpioMuxRegsFile)

GpioDataRegsFile 
*          1    000070e0    00000020     UNINITIALIZED
                  000070e0    00000020     main.obj (GpioDataRegsFile)

AdcRegsFile 
*          1    00007100    0000001a     UNINITIALIZED
                  00007100    0000001a     main.obj (AdcRegsFile)

EvaRegsFile 
*          1    00007400    00000032     UNINITIALIZED
                  00007400    00000032     main.obj (EvaRegsFile)

EvbRegsFile 
*          1    00007500    00000032     UNINITIALIZED
                  00007500    00000032     main.obj (EvbRegsFile)

ScibRegsFile 
*          1    00007750    00000010     UNINITIALIZED
                  00007750    00000010     main.obj (ScibRegsFile)

McbspaRegsFile 
*          1    00007800    00000025     UNINITIALIZED
                  00007800    00000025     main.obj (McbspaRegsFile)

.bss       1    00009000    00000000     UNINITIALIZED

.ebss      1    00009000    00000bfc     UNINITIALIZED
                  00009000    00000266     main.obj (.ebss)
                  00009266    00000004     rts2800_ml.lib : _lock.obj (.ebss)
                  0000926a    00000002     pid_reg3.obj (.ebss)
                  00009280    00000240     spi.obj (.ebss)
                  000094c0    000001a6     ntcalc.obj (.ebss)
                  00009680    00000140     utils.obj (.ebss)
                  000097c0    000000f8     can.obj (.ebss)
                  000098c0    000000a0     core.obj (.ebss)
                  00009980    00000086     ntadd.obj (.ebss)
                  00009a40    00000080     rts2800_ml.lib : exit.obj (.ebss)
                  00009ac0    00000076     sci.obj (.ebss)
                  00009b40    0000004e     Logic.obj (.ebss)
                  00009bc0    0000003c     Interrupt.obj (.ebss)

Zone2File 
*          1    00080000    00000001     UNINITIALIZED
                  00080000    00000001     main.obj (Zone2File)

CsmPwlFile 
*          1    003f7ff8    00000008     UNINITIALIZED
                  003f7ff8    00000008     main.obj (CsmPwlFile)


GLOBAL SYMBOLS: SORTED ALPHABETICALLY BY Name 

address    name
--------   ----
00009000   .bss
00000000   .data
003ed604   .text
003ea2cd   C$$EXIT
003ea170   FD$$MPY
003ea48b   FD$$TOL
003ea061   FS$$ADD
003ea546   FS$$CMP
003ea0ed   FS$$DIV
003ea24d   FS$$MPY
003ea593   FS$$SUB
003ea4aa   FS$$TOFD
003ea424   FS$$TOI
003ea338   FS$$TOL
003ea448   I$$DIV
003ea459   I$$MOD
003ea4c7   I$$TOFD
003ea4fb   I$$TOFS
003ea3d5   L$$DIV
003ea3e4   L$$MOD
003ea515   L$$TOFD
003ea4e1   L$$TOFS
003ea57f   U$$DIV
003ea584   U$$MOD
003ea52e   U$$TOFD
003ea56f   U$$TOFS
003ea3f2   UL$$DIV
003ea3f9   UL$$MOD
00009073   _AD2Volt
003e9ee2   _ADCINT_ISR
00009bec   _ADC_ACQrun
003dd5da   _ADC_SEQall
00009be4   _ADC_SEQrun
00009bc0   _AblePN
0000918a   _AdPwrID1
0000918e   _AdPwrID2
000090b4   _AdcCutoff1
0000908d   _AdcCutoff2
00009164   _AdcIntCount
0000913c   _AdcOffset1
0000913e   _AdcOffset2
00007100   _AdcRegs
00009092   _AnalogCommand
00009180   _AnalogIn1
0000917e   _AnalogIn1_F
0000910e   _AnalogIn1_M
00009182   _AnalogIn2
00009186   _AnalogIn2_F
0000910f   _AnalogIn2_M
00009b6b   _Avg
0000991a   _BL_Speed
000098c9   _BL_Tacho
00009918   _BL_Tacho_sum
0000904a   _Bal_Off
00009049   _Bal_On
003e9f37   _CAPINT1_ISR
003e9f3c   _CAPINT2_ISR
003e9f41   _CAPINT3_ISR
003e9f82   _CAPINT4_ISR
003e9f87   _CAPINT5_ISR
003e9f8c   _CAPINT6_ISR
003e9ef6   _CMP1INT_ISR
003e9efb   _CMP2INT_ISR
003e9f00   _CMP3INT_ISR
003e9f4b   _CMP4INT_ISR
003e9f50   _CMP5INT_ISR
003e9f55   _CMP6INT_ISR
000098ef   _COMMAND_ana_input
000098ed   _COMMAND_ana_mask
003e9258   _CanBus_ClearStatus
003e926c   _CanBus_GetStatus
003e9223   _CanCheckID_Param
000097ce   _CanError_Ack
000097c9   _CanError_Bit
000097d3   _CanError_BusOff
000097ca   _CanError_CRC
000097d4   _CanError_ErrorPassive
000097cb   _CanError_ErrorWarning
000097cf   _CanError_Form
000097cd   _CanError_RxOverflow
000097cc   _CanError_Stuff
003e86f2   _CanInit
003e9591   _CanReadMsg
00009840   _CanReplies
003e968c   _CanRx_IntrService
003e9313   _CanTx_MBoxBusy
003e932d   _CanTx_MBoxCancel
003e92af   _CanTx_MBoxSetupPtr
003e934c   _CanTx_MBoxWrite
003e96ca   _Can_Cyclic
003e968f   _Can_CyclicInit
003ee18d   _CheckRotorError
003ee4a9   _CheckSemaphore
003f829c   _Check_Ipeak
003ee66e   _Check_Raceaway
003f8787   _Check_ReGen_Bleeder
003ee1ef   _Check_SC
000090bf   _CommandSource
003ed630   _CommandTypeUpdate
000098f3   _Command_ana_sce
000098f4   _Command_sce_type
003ed652   _ConfigResolverResolution
000098f0   _ControlMode
00009174   _Cosinus
00009172   _Cosinus_32
00000c00   _CpuTimer0Regs
003f7ff8   _CsmPwl
00000ae0   _CsmRegs
000098f9   _CtrlSubMode
0000905b   _CurrentActual
00009034   _CurrentAllowed_con
00009055   _CurrentAllowed_inuse
00009035   _CurrentAllowed_max
00009057   _CurrentAllowed_maxnom
00009056   _CurrentAllowed_peak
000090dd   _CurrentAllowed_temp
00009030   _CurrentCommand
000098f5   _CurrentMode
0000905a   _CurrentOut
0000902e   _CurrentSetPoint
003e9e92   _DATALOG_ISR
003ea59c   _DSP28x_usDelay
00009040   _DZR_cnt
00009041   _DZR_lop
003dd014   _DZR_select
00009042   _DZR_seq
00009154   _Debug1
00009158   _Debug2
0000915c   _Debug3
00009b42   _DefineLogicPin_din1
00009b45   _DefineLogicPin_din2
00009b44   _DefineLogicPin_dout1
00009b66   _DefineLogicPin_dout2
00009b65   _DefineLogicPin_dout3
00009b68   _DefineLogicPin_dout4
00009b48   _DefineLogicPin_end1
00009b43   _DefineLogicPin_end2
003f8b48   _DefineMode
00009b46   _DefineUserPin_dac
000098db   _DeltaMax
00000880   _DevEmuRegs
00009b84   _DeviceAutoID
000091c2   _DeviceDCBus_Min
000091a8   _DeviceExtRegenPower
0000904b   _DeviceMains
0000914a   _DeviceSerialNumber
0000904f   _DigCutoff
00009090   _DigitalCommand
00009113   _Dir150
00009111   _Dir151
00009112   _Dir152
00009110   _Dir153
003ef8d2   _DoLogicReadPort
003e9516   _DoReadGroup1
003e9550   _DoReadGroup2
003e9579   _DoReadGroup3
003ef837   _DoSortIn
003efb91   _DoSortOut
00009564   _Dstest
000090b0   _Dummy
003e9fb9   _ECAN0INTA_ISR
003e9fbe   _ECAN1INTA_ISR
00006040   _ECanaLam
00006100   _ECanaMboxes
000060c0   _ECanaMoto
00006080   _ECanaMots
00006000   _ECanaRegs
0000980a   _ECanaShadow
000099da   _EMKpk
003e9e9c   _EMUINT_ISR
000090b1   _Enable
000090c6   _ErrorBitMap
00007400   _EvaRegs
00009162   _EvaT1IntPrdcnt
00009166   _EvaT1IntUflcnt
00007500   _EvbRegs
000098d2   _ExtraFeedback
000091c8   _Feedback1_scale
000091c6   _Feedback2_scale
003ee142   _Filter_I_ref
000090c0   _Flags
00000a80   _FlashRegs
003da1a0   _FlashToRam
0000902b   _GEBER_MOTOR_pole_ratio
00009012   _GEBER_pole
003f8268   _Get_I_ist
003ee1ab   _Get_I_ist_offset
003ee3a0   _Get_Reference_Speed
003ee290   _Get_analog_command
003f82d2   _Get_mpos32
003f8597   _Get_mpos_ist
003f83bb   _Get_rotor
003f808c   _Get_speed_ist
003f86c9   _Get_speed_ramp
000070e0   _GpioDataRegs
003ef555   _GpioInit
000070c0   _GpioMuxRegs
003dd03c   _HallList
000097c7   _HaveSeenNewRxCAN
00009094   _I1_adc
00009065   _I1_ist
000090b3   _I2_adc
00009084   _I2_ist
00009bcd   _I2_ist_atint
00009083   _I2_ist_offset
00009989   _I2_max
0000998a   _I2_min
000091a0   _I2_offset_32
000098e0   _I2_peak
0000999a   _I2_rip
00009085   _I3_ist
00009bcc   _I3_ist_atint
00009081   _I3_ist_offset
00009992   _I3_max
00009993   _I3_min
0000918c   _I3_offset_32
000098de   _I3_peak
00009991   _I3_rip
00009104   _ID_ok
00009102   _ID_warn
003e9ea1   _ILLEGAL_ISR
003e9e79   _INT13_ISR
003e9e7e   _INT14_ISR
003ffad8   _IQ10mpyRndSatTable
003ffacc   _IQ11mpyRndSatTable
003ffac0   _IQ12mpyRndSatTable
003ffab4   _IQ13mpyRndSatTable
003ffaa8   _IQ14mpyRndSatTable
003ffa9c   _IQ15mpyRndSatTable
003ffa90   _IQ16mpyRndSatTable
003ffa84   _IQ17mpyRndSatTable
003ffa78   _IQ18mpyRndSatTable
003ffa6c   _IQ19mpyRndSatTable
003ffb44   _IQ1mpyRndSatTable
003ffa60   _IQ20mpyRndSatTable
003ffa54   _IQ21mpyRndSatTable
003ffa48   _IQ22mpyRndSatTable
003ffa3c   _IQ23mpyRndSatTable
003ffa30   _IQ24mpyRndSatTable
003ffa24   _IQ25mpyRndSatTable
003ffa18   _IQ26mpyRndSatTable
003ffa0c   _IQ27mpyRndSatTable
003ffa00   _IQ28mpyRndSatTable
003ff9f4   _IQ29mpyRndSatTable
003ffb38   _IQ2mpyRndSatTable
003ff9e8   _IQ30mpyRndSatTable
003ffb2c   _IQ3mpyRndSatTable
003ffb20   _IQ4mpyRndSatTable
003ffb14   _IQ5mpyRndSatTable
003ffb08   _IQ6mpyRndSatTable
003ffafc   _IQ7mpyRndSatTable
003ffaf0   _IQ8mpyRndSatTable
003ffae4   _IQ9mpyRndSatTable
003ff824   _IQatan2HalfPITable
003ff862   _IQatan2Table
003ff9e8   _IQatan2TableEnd
003ff100   _IQcosTable
003ff502   _IQcosTableEnd
003ff502   _IQdivRoundSatTable
003ff510   _IQdivTable
003ff712   _IQdivTableEnd
003ff712   _IQisqrtRoundSatTable
003ff722   _IQisqrtTable
003ff824   _IQisqrtTableEnd
003f02c7   _IQmathLoadend
003f0000   _IQmathLoadstart
003f9604   _IQmathRunstart
003ff9e8   _IQmpyRndSatTable
003ffb50   _IQmpyRndSatTableEnd
00009520   _IQone
003ff000   _IQsinTable
003ff400   _IQsinTableEnd
0000952c   _IQsqrt2
003ff712   _IQsqrtRoundSatTable
003ff722   _IQsqrtTable
003ff824   _IQsqrtTableEnd
0000951c   _IQzero
0000900c   _I_BALLAST
00009037   _I_DC_corr
0000900e   _I_DIN1
00009010   _I_DIN2
0000904d   _I_FAULT
0000904c   _I_FRG
0000900f   _I_LMT1
00009016   _I_LMT2
0000904e   _I_LOS
003f908b   _I_Reg
003e9d1d   _I_Reg_init
00009050   _I_UESP
003f8f6f   _I_components
00009078   _I_delta_max
00009054   _I_deltamax
000099f4   _I_demand
00009b78   _I_diglimit
00009053   _I_err
00009066   _I_ist
00009bca   _I_ist_atint
00009064   _I_ist_filt
00009052   _I_limit
0000907a   _I_peak_pid
0000910c   _I_rd_N
0000910a   _I_rd_TD
00009108   _I_rd_TE
00009047   _I_rd_TM
0000902f   _I_ref
00009038   _I_ref_abs
00009036   _I_ref_dir
00009039   _I_ref_man
00009a00   _I_step
0000953e   _Id
000094f0   _IdUi_16
000094ea   _IdUp_16
000094cf   _Id_16
00009be2   _Id_atint
000099f6   _Id_bot
00009a04   _Id_ref
000099fa   _Id_top
00009542   _Idisp
00009980   _Idmin_pc
0000953c   _Idnom
000094c6   _Idnom_16
00009981   _Idnom_pc
000094eb   _Idout_16
000094c4   _Idref_16
00009584   _Ilimit_inuse
000090f2   _InfoTimer1_diff
000090f1   _InfoTimer1_max
000090f0   _InfoTimer1_start
003ea373   _InitAdc
003f95ed   _InitFlash
003ea46a   _InitPieCtrl
003ea55d   _InitPieVectTable
003ea3a8   _InitSysCtrl
003ed775   _Init_basics
003ed8cc   _Init_feedback
003edef9   _Init_vars
00009580   _Iout
0000957e   _Ioutnom
0000913a   _Ipeak_Accu
0000907d   _Ipeak_Timeout
00009134   _Ipeak_Timer
0000905d   _Ipeak_cnt
00009532   _Iq
000094c2   _IqUd_16
000094d4   _IqUi_16
000094e6   _IqUp_16
000094d0   _Iq_16
00009bde   _Iq_atint
003ee781   _Iq_ramp
00009a02   _Iq_ref
00009536   _Iqaccu
000094cd   _Iqaccu_16
00009548   _Iqfilt
000094d6   _Iqfilt_16
00009530   _Iqnom
000094c9   _Iqout_16
000094c3   _Iqref_16
00009550   _Isum
003ef1b4   _It_Algo
000091be   _It_Rg_Monitor
000098e2   _IxR_comp
000099c6   _KI
000099c0   _KP
000090c1   _KernMode
0000968e   _KernOptions
00009170   _KernStatus
000090c8   _KernStatus2
000099ca   _LKG_INDUCT
000090d4   _LOGIC_hz
00009b86   _LOGIC_var
003ef968   _LogicIn
003ef819   _LogicInit
003efa8f   _LogicOut
000090bd   _LogicReadBits
003ef921   _LogicUpdate
000090f6   _Logic_in_falling
00009127   _Logic_in_phy
00009bd2   _Logic_in_phy_atint
000090fb   _Logic_in_prev
000090f8   _Logic_in_rising
000090fa   _Logic_in_sw
000090f9   _Logic_in_sw_xor
00009150   _LoopCount
000099c4   _Ls
000099d0   _MAGN_INDUCT
00009020   _MOTOR_I_dauer
0000901b   _MOTOR_I_max
00009021   _MOTOR_Nom_F
0000901e   _MOTOR_Nom_V
0000902a   _MOTOR_geber_cycperrev
0000902c   _MOTOR_geber_incperrev
000090fd   _MOTOR_pole
000090fc   _MOTOR_rpm_max
00009026   _MPOS1_ist
00009017   _MPOS1_mod
00009024   _MPOS2_ist
0000901c   _MPOS2_mod
00009022   _MPOS3_ist
00009009   _MPOS3_mod
000098fa   _MPOS_ROTOR_state
00009004   _MPOS_angle_1V
0000901a   _MPOS_e120
00009027   _MPOS_elec
00009bd4   _MPOS_ist_debug
00009028   _MPOS_m360_mask
00009006   _MPOS_mech
000090fe   _MPOS_offset_elec
00009003   _MPOS_offset_ini
00009025   _MPOS_offset_user
00009007   _MPOS_rotor
000098e6   _MPOS_rotor_angle
00009023   _MPOS_speed_factor
0000990c   _MPOS_sum
00009998   _MPOS_trans
003e9f91   _MRINTA_ISR
003e9f96   _MXINTA_ISR
0000916c   _MaskStatus
00007800   _McbspaRegs
003dd5b4   _Mnom
003dd05c   _ModulTab
000098ca   _MotorFeedback
00009051   _MotorTemp_Error
000098d3   _MotorType
00009118   _Motor_Inertia
0000903c   _Motor_Lkg_L
00009115   _Motor_Magn_L
00009114   _Motor_Rotor_R
00009116   _Motor_Stator_R
003e9e83   _NMI_ISR
000098da   _NewSpeed
000099c2   _OMEGA0
000099d4   _OMEGA_n
000099d2   _OMEGA_r
000099dc   _OMEGA_s
000099a6   _OMEGA_siq
00009117   _OVERVOLT_cnt
000090ff   _O_BTB
00009101   _O_DOU1
000090f7   _O_DOU2
00009129   _O_DOU3
00009126   _O_DOU4
00009128   _O_GO
00009120   _O_NOFAULT
003e9ef1   _PDPINTA_ISR
003e9f46   _PDPINTB_ISR
0000914e   _PDPINTCount
000099b0   _PHIn
000099ba   _PHIp
003dd5b8   _PI
003e9fc3   _PIE_RESERVED
0000911c   _POS_e_n
00009146   _POS_ndrive_offset
00009130   _POS_ndrive_scale
00009142   _POS_preset
00009011   _POS_refresoedge
00009119   _POWERVOLTAGE_cnt
0000909e   _PWM1
0000909c   _PWM2
0000909d   _PWM3
0000909f   _PWM_botlim
00009082   _PWM_carrier_frq
0000909a   _PWM_enum
00009099   _PWM_max
0000909b   _PWM_min
000090a3   _PWM_offset
000090a2   _PWM_period
003e9ab6   _PWM_reset_isr
003dd00c   _PWM_select
000090db   _PWM_switch_cnt
000090a1   _PWM_toplim
003e93fa   _ParseRxMsg
003e950e   _ParseRxMsg2
00000ce0   _PieCtrlRegs
00000d00   _PieVectTable
003dd468   _PieVectTableInit
000091b0   _PositionActual
000091c0   _PositionActual_1
000091ae   _PositionActual_2
000091ac   _PositionActual_Alter
000091b4   _PositionCommand
000091c4   _PositionDiff_Slack
000091b2   _PositionError
000091a2   _PositionErrorPID
000091a4   _PositionHWscaled1
000091ba   _PositionHWscaled2
0000916a   _PositionHardware1
0000916e   _PositionHardware2
000091b6   _PositionOffest_Var
00009015   _PositionOffset_HW1
00009013   _PositionOffset_HW2
000091a6   _PositionOffset_Ref
000091aa   _PositionOffset_Slack
00009058   _PositionOut
00009200   _PositionReg
0000914c   _PositionSetPoint
000090cf   _PositionWindow
0000900d   _PositionZeroCapture1
00009014   _PositionZeroCapture2
00009059   _PowerOut
00009982   _Powf
00009934   _PrevFwd
0000992c   _PrevRev
000098f2   _Previous_sce_type
000090a7   _PwrID1
0000917c   _PwrID1_32
000090a8   _PwrID2
00009198   _PwrID2_32
000098ff   _REF_state
0000901d   _REGLER_I_dauer
0000901f   _REGLER_I_dauer_pc
00009018   _REGLER_I_geraet
00009019   _REGLER_I_max
00009029   _REGLER_I_max_pc
0000902d   _ROTOR_errcount
000099cc   _ROT_RES
003e9e97   _RTOSINT_ISR
000098f6   _RaceAway
003ed604   _RamfuncsLoadend
003ec000   _RamfuncsLoadstart
003f8000   _RamfuncsRunstart
000091cc   _ReceivedChar
003e8f64   _ReconfigRxMailBox_Group1
003e8fcc   _ReconfigRxMailBox_Group2
003e903b   _ReconfigRxMailBox_Group3
003e90ad   _ReconfigTxMailBox_Group1
003e9157   _ReconfigTxMailBox_Group2
003e91bd   _ReconfigTxMailBox_Group3
000090ba   _Ref150
00009176   _Ref150_32
000090b6   _Ref150a
0000917a   _Ref150a_32
000090a9   _Ref200
00009178   _Ref200_32
00009086   _RegidReadCntr
003ee44f   _Reset_PID_current
003ee4a0   _Reset_PID_position
003ee497   _Reset_PID_speed
003ed8a1   _Reset_SC
000098e8   _Resolution_AquadB
000098cd   _Resolution_Convert
00002000   _Resolver
000090d3   _RxIndex
000097d6   _RxTimer
003e9fa5   _SCIRXINTA_ISR
003e9faf   _SCIRXINTB_ISR
003e9faa   _SCITXINTA_ISR
003e9fb4   _SCITXINTB_ISR
00009060   _SC_cgain
00009067   _SC_cmax
0000990a   _SC_cmax32
00009068   _SC_cmin
00009908   _SC_cmin32
0000905e   _SC_cnt
00009061   _SC_coff
000091b8   _SC_modulo
003dd56a   _SC_modulo_min
00009062   _SC_sgain
0000905f   _SC_smax
00009906   _SC_smax32
00009069   _SC_smin
00009904   _SC_smin32
00009063   _SC_soff
000099de   _SIGMA
00009091   _SPEED_calib_rapid
0000908f   _SPEED_calib_slow
00009096   _SPEED_delta_max_acc
00009097   _SPEED_delta_max_dec
00009095   _SPEED_delta_max_stop
00009093   _SPEED_e_sum_max
0000908e   _SPEED_ist_filter_USER
00009044   _SPEED_ks
000090ce   _SPEED_limit
000090cd   _SPEED_limit_clip_neg
000090e0   _SPEED_limit_clip_pos
000090d0   _SPEED_rpm_max
00009098   _SPEED_rpm_max_int
003e9f9b   _SPIRXINTA_ISR
003e9fa0   _SPITXINTA_ISR
000099d8   _SQRT_SIGMA
000099c8   _STAT_RES
00007050   _SciaRegs
00007750   _ScibRegs
00009ac1   _Serial_ErrorCount
003ee135   _Set_PWM_bottom3
003ee127   _Set_PWM_none
00009184   _Sinus
00009188   _Sinus_32
000098d1   _SlackOneShot
00009bc7   _Spd1_16
00009bc9   _Spd2_16
0000903d   _SpeedActual
0000903e   _SpeedActualfilt
0000915e   _SpeedCmdDelta
0000903b   _SpeedCmdRamped
000091ca   _SpeedCntrCmd_scale
0000903f   _SpeedCommand
0000903a   _SpeedCommandreal
000090cb   _SpeedError
000090ca   _SpeedLimitNeg
000090cc   _SpeedLimitPos
003ed640   _SpeedLimitUddate
000098c5   _SpeedLoop_cnt
0000905c   _SpeedOut
00009240   _SpeedReg
00009be0   _SpeedRpmRamp
00009109   _SpeedSetPoint
00009045   _SpeedTempomat
00007040   _SpiaRegs
00007010   _SysCtrlRegs
003e8b74   _SysTimerPoll
003e9f0a   _T1CINT_ISR
003e9f1e   _T1OFINT_ISR
003e9f05   _T1PINT_ISR
003e9f19   _T1UFINT_ISR
003e9f28   _T2CINT_ISR
003e9f32   _T2OFINT_ISR
003e9f23   _T2PINT_ISR
003e9f2d   _T2UFINT_ISR
003e9f5f   _T3CINT_ISR
003e9f69   _T3OFINT_ISR
003e9f5a   _T3PINT_ISR
003e9f64   _T3UFINT_ISR
003e9f73   _T4CINT_ISR
003e9f7d   _T4OFINT_ISR
003e9f6e   _T4PINT_ISR
003e9f78   _T4UFINT_ISR
003e9ee7   _TINT0_ISR
000090aa   _T_air
000090ae   _T_igbt
000090ac   _T_igbt_aterr
000090a4   _T_motor
00009196   _T_motor_32
000090ad   _T_motor_aterr
000090af   _T_motor_m
0000919e   _Tacho
0000919c   _Tacho_32
0000955c   _Temp1
0000990e   _Temp32
000098df   _TempCounter
000090d2   _Temp_Debug
0000950c   _Theta
00009502   _Theta1
000099e6   _Time_sum
00009194   _Timeout
00009514   _Tmax
000099a1   _Tmess
00009516   _Tmin
00009072   _Toffs1
00009070   _Toffs2
00009071   _Toffs3
000090d1   _TorqueSetPoint
00009043   _TorqueTempomat
00009046   _UBM
003e9ea6   _USER0_ISR
003e9ed8   _USER10_ISR
003e9edd   _USER11_ISR
003e9eab   _USER1_ISR
003e9eb0   _USER2_ISR
003e9eb5   _USER3_ISR
003e9eba   _USER4_ISR
003e9ebf   _USER5_ISR
003e9ec4   _USER6_ISR
003e9ec9   _USER7_ISR
003e9ece   _USER8_ISR
003e9ed3   _USER9_ISR
00009088   _USER_I_intmax
00009079   _USER_I_ramp
00009087   _USER_I_ti
0000908c   _USER_I_v
00009100   _USER_MPOS_speed_factor
00009123   _USER_POSI_intmax
00009121   _USER_POSI_ky
0000911e   _USER_POSI_td
0000911f   _USER_POSI_ti
00009125   _USER_POSI_v
0000911d   _USER_POS_intmax
0000911a   _USER_POS_td
0000911b   _USER_POS_ti
00009122   _USER_POS_v
0000907f   _USER_SPEED_intmax
0000907b   _USER_SPEED_ks
00009192   _USER_SPEED_ramp_acc
00009190   _USER_SPEED_ramp_dec
0000907c   _USER_SPEED_ramp_stop
0000907e   _USER_SPEED_td
00009080   _USER_SPEED_ti
00009076   _USER_SPEED_v
00009075   _USER_V_ki
00009077   _USER_V_kp
0000908a   _USER_iist_100pc
00009b6e   _USER_t_brake
00009bd3   _Udum16
000094ca   _Ui_16
000094c1   _Up_16
000097d5   _UserCanID_rx
000097dc   _UserCanID_rx2
000097d8   _UserCanID_rx3
000097d0   _UserCanID_tx
000097de   _UserCanID_tx2
000097da   _UserCanID_tx3
000097d1   _UserCan_RxTimeout
000097d2   _UserCan_btr
00009680   _UserMotorOptions
000099a0   _User_offset
000099e2   _User_sum
00009985   _User_trans
000094df   _Uzk_enbl
00009574   _V05pc
0000956c   _V95pc
0000956e   _V99pc
00009b6d   _VO_BRAKE
00009b70   _VO_Icns
00009b6a   _VO_Less_N0
00009b6f   _VO_TOLER
000090be   _ValidReadParas
000090c7   _ValidWriteParas
000094d3   _Vcal_16
0000957a   _Vd
000094ed   _Vd_16
000099f8   _Vd_Lsigma
000099e0   _Vd_tune
000090ab   _VdcBus
0000906d   _VdcBus_aterr
0000906f   _VdcBus_m
00009048   _Vdcfault
00009074   _Vdcmeth
00009588   _Vfilt
000094d1   _Vfilt_16
0000954a   _Vfilt_dep
0000958a   _Vkor
000094d8   _Vkor_16
0000958e   _Vnorm
000094d2   _VoUi_16
000094d7   _Voout_16
0000958c   _Vout
000094cc   _Vout_16
00009586   _Vout_calc
00009582   _Vq
000094c7   _Vq_16
00009534   _Vqaccu
00009546   _Vqfilt
000094ce   _Vqfilt_16
0000957c   _Vreal
000094d5   _Vred_16
000094e3   _Vsat
0000956a   _Vsqrt05pc
0000954c   _Vsum
0000919a   _Vtemp
003e9eec   _WAKEINT_ISR
000097c3   _WaitingForFirstRxCAN
000091bc   _WarnError
000090c4   _WarnsBitMap
000090c5   _WdispBitMap
003e9e88   _XINT1_ISR
003e9e8d   _XINT2_ISR
00007070   _XIntruptRegs
00000b20   _XintfRegs
00080000   _Zone2Data
003f9604   __IQ16atan2PU
003f968c   __IQ16div
003f96d3   __IQ16mag
003f9733   __IQ1sqrt
003f9775   __IQ24cosPU
003f979c   __IQ24div
003f97e3   __IQ24int
003f97ec   __IQ24mag
003f984c   __IQ24sinPU
003f9875   __IQ24sqrt
003f98b7   __IQ24toF
00000190   __STACK_SIZE
000098ee   ___GEBER_pole
000098ea   ___REGLER_I_dauer
000098e9   ___REGLER_I_max
ffffffff   ___binit__
00009000   ___bss__
ffffffff   ___c_args__
003e8dd1   ___cinit__
00000000   ___data__
00000000   ___edata__
00009000   ___end__
003f0000   ___etext__
ffffffff   ___pinit__
003ed604   ___text__
00009a44   __cleanup_ptr
00009a42   __dtors_ptr
0000968c   __face
00009268   __lock
003ea58a   __nop
003ea58b   __register_lock
003ea58f   __register_unlock
00009266   __unlock
003ea2f1   _abort
00009032   _acq_switch
003f8846   _acquire_0
003f888f   _acquire_1
003f88f7   _acquire_2
003f897f   _acquire_3
003e9a5f   _acquire_4
003f880f   _acquire_currm
000098f1   _activControlMode
003e99f6   _adc_filter_seed
003f8efc   _adc_isr
000090da   _adc_overrun1
000090d9   _adc_overrun2
003e9998   _adc_seq_group0_setup
003dd56c   _alarm_char
000094fe   _alpha
003ea1f9   _asc_nibble
00009144   _ascii_user
003ea2cf   _atexit
003e9c9c   _atomic_read_int32
003e9ca1   _atomic_write_int32
00009bc1   _avg_cnt
00009bcf   _badint
00009140   _ballast_count
00009138   _ballast_down
00009008   _ballast_duration
00009000   _ballast_trip_once
00009148   _ballast_up
000099ea   _bot_sum
003ea2f2   _c_int00
003eea4a   _calc_basics
003ee987   _calc_from_measure
003eeb76   _calc_from_motplate
003eec5d   _calc_on_poweron
000097c8   _can_count_read
000097c4   _can_count_reject
000097c6   _can_count_write
000097c5   _can_error_write_timeout
00009800   _can_read_msg
000097ee   _can_write_msg
00009b77   _cancel_error
000098cb   _cap3_cnt
00008000   _capture
003ea3ff   _capture_clr
003ea40c   _capture_init
003f8000   _capture_look
000098cf   _ccw
000098d4   _ccw_cnt
000090f3   _charge_count
000095c0   _clarke2
003f807b   _clarke_calc
003ee6e2   _common_init
003ef541   _convert_amp
0000955a   _curr2iq
003ef524   _current_steps
000098d0   _cw
000098d6   _cw_cnt
003dd5c0   _cw_rotor
000090b2   _dac_out
00009282   _dac_xx
003ee883   _dc_handler
003ed699   _define_carrier_freq
003eda6f   _define_timer_delta
003dd5be   _deg1div360
000090bc   _delay_timer
00009950   _delta
00009924   _delta_buff
000098d5   _dir
000090ea   _disable_count
000090d5   _disp
0000910b   _disp_cnt
00009106   _disp_done
000090e3   _disp_state
00009544   _dispbase
0000954e   _dispfilt
003dd568   _disps
000098e1   _divisor
003ef086   _do_AnaIn
003e884e   _do_Ilim
003ef15c   _do_Nclip
003f8ce6   _do_acquire_add_int
003f8ca4   _do_acquire_mainint
003f8a18   _do_ctrl_sub_mode
003f8d5a   _do_current
003ef3c9   _do_dacout
003eefda   _do_disp
003f8d1c   _do_glue
003ef46e   _do_lifetime
003e804c   _do_logic
003f8afd   _do_position_common
003e97b2   _do_serial
003e979d   _do_serial_init
003f8ab8   _do_speed_common
003ef4d5   _do_takt
003f8aaa   _do_torque_common
003e8a5d   _do_update
00009594   _dummy
00009152   _eCanRxIntCount
00009160   _eCanTxIntCount
003e9b62   _eCan_Rx_isr
003e9b51   _eCan_Tx_isr
00009b5b   _e_brake_actv
00009b58   _e_brake_enab
00009b53   _edge1
00009b5c   _edge2
003eff92   _eep_ascii_read
003eff9c   _eep_ascii_write
003efe46   _eep_para_read
003efee1   _eep_para_write
00009bce   _enable_atint
000090eb   _enable_count
00009b55   _enable_state
000094f2   _enterVsat_cnt
00009002   _error_fatal
000098c2   _error_paraset
003f8e63   _evat1_isr_prdm
003f8da6   _evat1_isr_uflw
003ea2a7   _exit
000094f1   _exitVsat_cnt
00009554   _f2iq
000099b8   _fIcon
000099ac   _fIdnom
000099b6   _fIqnom
000099bc   _fPowf
000099d6   _fVnom
00009504   _f_shape
000099be   _f_temp1
000099ae   _f_temp2
000099b2   _f_temp3
000094e8   _fact
0000952a   _feck32
00009572   _feck_iq
00009b82   _filt_spd_sum
000090d6   _fit
000094e7   _fkor
000094ee   _fmax
0000952e   _fmin32
00009560   _fmin_iq
000094e5   _fmindc
0000900b   _fore_error_synced
000094c5   _framp
000094fa   _framp_16
003e9cac   _fun_01
003e9cb0   _fun_02
003e9cb4   _fun_03
00009901   _fun_activ
00009683   _fun_cnt
00009903   _fun_demand
003dd01c   _fun_disp
003e9ca6   _fun_dummy
00009686   _fun_dummy_cnt
003e9cdd   _fun_special
003e9d03   _func_id
003e9a8e   _get_position_error
003efff3   _get_regid_type
003eec8c   _get_rho_offset
00009b62   _gpbdat
00009b63   _gpbdatf
00009b61   _gpbdato
00009b64   _gpbdatr
003ed624   _grad_el_to_MPOS
000098d8   _hall_period
003ee794   _hall_stab
000094dc   _har3
003dd5e2   _id
003da020   _id0
003da110   _id1
003da0e0   _id2
003da050   _id3
003da080   _id4
003da0b0   _id5
003da140   _id6
003da170   _id7
000097c0   _id_H
000097c1   _id_L
000097c2   _ide
0000999f   _idum1
000090a0   _incr_delta
00009105   _init_done
003e9b82   _init_recoded_tab
000090e4   _int_overrun
000098d7   _intcnt
003dd5bc   _invsqrt3
000095aa   _ipark2
003f8f42   _ipark_calc
000099b4   _iq_temp
0000951a   _iqsav1
000094fc   _iqsav2
00009500   _iqsav3
0000950e   _iqsav4
00009566   _iqtemp
003e9bcb   _is_long_id
003e9bc3   _is_super_user
003e9bdd   _is_unsigned_id
00009940   _jerk
0000908b   _kern_iist_200pc
000098fb   _kern_semaphore
003eda98   _kern_update
000098c1   _kern_update_cnt
003da000   _kern_version
000094f8   _korcnt1
000094f4   _korcnt2
000098f8   _lastControlMode
0000951e   _ldumx
000094f3   _limcnt1
000094f7   _limcnt2
000098c7   _limited
00009590   _llresult
00009b79   _logic_millis
00009b76   _logical_FRG
00009bda   _long1
00009bd8   _long2
003e9baa   _lookup_access
00009681   _lookup_temp
00009692   _lookup_temp1_ptr
00009690   _lookup_temp2_ptr
0000991c   _ltemp1
0000991e   _ltemp2
003ef579   _main
003e8f49   _make_CanID
000090dc   _mask
000098e3   _match
000098e4   _matchcnt
003ed604   _min_max
003ed612   _min_max_32
003ed61b   _min_max_abs
003ed60b   _min_max_u
000098fd   _mul
00009b51   _multisw1
00009b50   _multisw1cnt
00009b5f   _multisw1sel
00009b52   _multisw2
00009b5d   _multisw2cnt
00009b5e   _multisw2sel
000098eb   _mulx
000098ec   _muly
000098c6   _n
003da002   _name
000095cc   _neu2
003e8d6c   _neu_calc
00009b54   _next_state
003ea1f2   _nibble_asc
00009ac0   _nochar_timer
000099a8   _off1_sum
000099ce   _off2_sum
000099a2   _off3_sum
00009107   _offs_done
00009ac3   _once_com
00009ac2   _once_valid_com
000097e4   _pMBox
00009bdc   _p_facq
00009688   _p_func
00009694   _para_actual
003dc000   _para_tab
000092c0   _para_temp
0000959e   _park2
003f9553   _park_calc
00009682   _pcnt
00009986   _phas_cnt
003eecd9   _phasing_handler
00009600   _pid4_Id
00009640   _pid4_Iq
000095da   _pid4_Vo
003e9fcd   _pid_reg3_calc
003f9580   _pid_reg4_calc
000090bb   _plex
000090e2   _pol_overrun
000094ec   _ppz
000094e1   _ppz_n
00009987   _ppz_p
00009280   _prev_7seg
00009033   _prev_DZR_lop
00009b49   _prev_DefineUserPin_dac
00009526   _prev_EvaT1IntPrdcnt
000099e8   _prev_EvaTimer1IntCount
000099f2   _prev_Id
00009005   _prev_MPOS_mech
0000900a   _prev_MPOS_rotor
000090b5   _prev_PWM_enum
000094de   _prev_Vsat
00009281   _prev_dac
000098dc   _prev_dir
00009999   _prev_hall
00009538   _prev_rho
0000999d   _prev_stab_hall
0000906c   _prev_system_timer_millis
0000910d   _prev_torque_speed_limited
00009bd1   _pwm1_atint
0000998f   _pwm1_max
00009990   _pwm1_min
0000998b   _pwm1_rip
00009bd7   _pwm2_atint
0000998d   _pwm2_max
0000999c   _pwm2_min
0000999e   _pwm2_rip
00009bcb   _pwm3_atint
00009995   _pwm3_max
00009994   _pwm3_min
00009996   _pwm3_rip
000090f4   _pwm50_count
000094d9   _pwm_u
000094da   _pwm_v
000094e2   _pwm_w
000094ef   _pwmcnt_max
000094dd   _pwmq14_max
00009508   _q_fkor
0000955e   _q_framp
0000950a   _q_fs
00009552   _q_nom
00009540   _qfilt_dep
000099aa   _qtemp1
000099a4   _qtemp2
00009914   _race_absolute
00009910   _race_previous
00009912   _race_reference
000098d9   _ramp_cnt
000096c0   _recoded_tab
00009900   _ref_cnt
000094e0   _regen
003efb7a   _reset_error
000090f5   _restart_count
0000953a   _rho
000094f9   _rho16
000099fc   _rho_demand
00009984   _rho_filt
003ee74b   _rho_ramp
000099e4   _rho_start
000099fe   _rho_step
000099ec   _rho_sum
000099f0   _rho_trans
003ee803   _ripple
003e9fc8   _rsvd_ISR
00009283   _rw_cnt
000097e0   _rx1_id
000097ec   _rx2_id
000097e8   _rx3_id
00009bd5   _samplcnt_Ain
00009bc6   _samplcnt_BL
00009bc5   _samplcnt_PwrID
00009bd6   _samplcnt_Ref
00009bc8   _samplcnt_Vdc
000094c0   _save1
000094c8   _save2
000094cb   _save3
000098fe   _sc1_mul
000098ce   _sc1_reso
000098fc   _sc2_mul
000098cc   _sc2_reso
003dd02c   _sc_combi
003dd04c   _sc_mul
003e979c   _scia_fifo_init
003e9773   _scia_init
003e9798   _scia_xmit
000090e5   _seg7_blnk
000090e6   _seg7_char
000090e7   _seg7_mask
003e8c09   _seg7_standard
003ef505   _seg7_warn
000098c8   _semaphore_cnt
00009b00   _serial_rx
00009ac4   _serial_tx
003e9bea   _set_defaults
003ef1f9   _set_ptr
000090de   _shi
000090c3   _signal_05Hz
000090c2   _signal_1Hz
000090c9   _signal_2Hz
000090df   _signal_warn
000098c0   _single
003dd57c   _size_para
00009284   _specials
003ee09c   _speed_filt
0000915a   _speed_filt_sum
003ef52d   _speed_steps
00009b59   _speedclip
00009558   _speedcnts2iq
003effa6   _spi_7seg_write
003effc4   _spi_dac_write
003efda0   _spi_eep_page_read
003efddd   _spi_eep_page_write
003efd81   _spi_init
000090b9   _spot_b
000090b8   _spotl
000090b7   _spotr
003ea20e   _sprint_hex
003ea222   _sprint_hex_2
003dd5ba   _sqrt3
00009156   _sqrt_kc_kd
003ea249   _sscan_hex
003ea22c   _sscan_hex_n
0000998e   _stab_cnt
0000999b   _stab_hall
003e8cb7   _statistics
00009124   _statistics_counter
000090e9   _statistics_timer
000098e5   _step
00009b80   _stepdown
003dd5d0   _supply
000098c4   _sync_input
000098c3   _sync_mask
00009902   _sync_semaphore
00009132   _system_timer_hours
0000912e   _system_timer_hours_total
0000906b   _system_timer_micros
0000906e   _system_timer_mil1000
000090a5   _system_timer_mil250
0000906a   _system_timer_millis
000090a6   _system_timer_seconds
00009b57   _t_brake
000090ef   _task_pol
00009522   _tdc32
00009168   _tdptr
00009922   _temp
000098e7   _temp1
00009136   _temp32
00009916   _temps
00009b7e   _test1
000094f6   _test1_16
00009089   _timer_delta
000090e1   _timer_signal_2Hz
0000912a   _tmp1
0000912c   _tmp2
0000926a   _tmp32
003da001   _tms_version
003eeec1   _toffs_handler
000099ee   _top_sum
000098dd   _torque_inv
00009103   _torque_speed_limited
00009bc3   _trace1
00009bc2   _trace2
00009bc4   _trace3
00009bd0   _trace4
00009031   _trace_DZR_cnt
00009b69   _trace_offset
00009997   _trans_cnt
00009988   _tune_cnt
003ee72c   _tune_init
00009983   _tune_misc
000098f7   _tune_state
003e854c   _tuning_handler
003dd5b6   _twodiv3
000097e2   _tx1_id
000097ea   _tx2_id
000097e6   _tx3_id
00009576   _u2iq
00009570   _ucal_iq
003e9dec   _ucalc
00009528   _udc32
000094e4   _udelt
00009510   _udelt_iq
0000998c   _udum1
00009578   _ueck32
00009512   _ueck_iq
00009b56   _uesp_count
00009598   _uf_actual
000094db   _uf_shape
00009518   _uf_special
00009524   _umin32
00009506   _umin_iq
00009001   _unused
000094e9   _uout
00009568   _uout_iq
0000968a   _uptr
000094f5   _urmp_cnt
00009562   _ustp_iq
00009685   _utilcnt
000090d8   _val1
000090d7   _val2
000090ed   _var1
000090ee   _var2
000090ec   _var3
00009556   _vdccnts2iq
00009b72   _watch
00009920   _watch2
003e9c36   _write_id
000090e8   _xxx_timer
ffffffff   binit
003e8dd1   cinit
00000000   edata
00009000   end
003f0000   etext
ffffffff   pinit


GLOBAL SYMBOLS: SORTED BY Symbol Address 

address    name
--------   ----
00000000   ___data__
00000000   edata
00000000   ___edata__
00000000   .data
00000190   __STACK_SIZE
00000880   _DevEmuRegs
00000a80   _FlashRegs
00000ae0   _CsmRegs
00000b20   _XintfRegs
00000c00   _CpuTimer0Regs
00000ce0   _PieCtrlRegs
00000d00   _PieVectTable
00002000   _Resolver
00006000   _ECanaRegs
00006040   _ECanaLam
00006080   _ECanaMots
000060c0   _ECanaMoto
00006100   _ECanaMboxes
00007010   _SysCtrlRegs
00007040   _SpiaRegs
00007050   _SciaRegs
00007070   _XIntruptRegs
000070c0   _GpioMuxRegs
000070e0   _GpioDataRegs
00007100   _AdcRegs
00007400   _EvaRegs
00007500   _EvbRegs
00007750   _ScibRegs
00007800   _McbspaRegs
00008000   _capture
00009000   end
00009000   _ballast_trip_once
00009000   .bss
00009000   ___end__
00009000   ___bss__
00009001   _unused
00009002   _error_fatal
00009003   _MPOS_offset_ini
00009004   _MPOS_angle_1V
00009005   _prev_MPOS_mech
00009006   _MPOS_mech
00009007   _MPOS_rotor
00009008   _ballast_duration
00009009   _MPOS3_mod
0000900a   _prev_MPOS_rotor
0000900b   _fore_error_synced
0000900c   _I_BALLAST
0000900d   _PositionZeroCapture1
0000900e   _I_DIN1
0000900f   _I_LMT1
00009010   _I_DIN2
00009011   _POS_refresoedge
00009012   _GEBER_pole
00009013   _PositionOffset_HW2
00009014   _PositionZeroCapture2
00009015   _PositionOffset_HW1
00009016   _I_LMT2
00009017   _MPOS1_mod
00009018   _REGLER_I_geraet
00009019   _REGLER_I_max
0000901a   _MPOS_e120
0000901b   _MOTOR_I_max
0000901c   _MPOS2_mod
0000901d   _REGLER_I_dauer
0000901e   _MOTOR_Nom_V
0000901f   _REGLER_I_dauer_pc
00009020   _MOTOR_I_dauer
00009021   _MOTOR_Nom_F
00009022   _MPOS3_ist
00009023   _MPOS_speed_factor
00009024   _MPOS2_ist
00009025   _MPOS_offset_user
00009026   _MPOS1_ist
00009027   _MPOS_elec
00009028   _MPOS_m360_mask
00009029   _REGLER_I_max_pc
0000902a   _MOTOR_geber_cycperrev
0000902b   _GEBER_MOTOR_pole_ratio
0000902c   _MOTOR_geber_incperrev
0000902d   _ROTOR_errcount
0000902e   _CurrentSetPoint
0000902f   _I_ref
00009030   _CurrentCommand
00009031   _trace_DZR_cnt
00009032   _acq_switch
00009033   _prev_DZR_lop
00009034   _CurrentAllowed_con
00009035   _CurrentAllowed_max
00009036   _I_ref_dir
00009037   _I_DC_corr
00009038   _I_ref_abs
00009039   _I_ref_man
0000903a   _SpeedCommandreal
0000903b   _SpeedCmdRamped
0000903c   _Motor_Lkg_L
0000903d   _SpeedActual
0000903e   _SpeedActualfilt
0000903f   _SpeedCommand
00009040   _DZR_cnt
00009041   _DZR_lop
00009042   _DZR_seq
00009043   _TorqueTempomat
00009044   _SPEED_ks
00009045   _SpeedTempomat
00009046   _UBM
00009047   _I_rd_TM
00009048   _Vdcfault
00009049   _Bal_On
0000904a   _Bal_Off
0000904b   _DeviceMains
0000904c   _I_FRG
0000904d   _I_FAULT
0000904e   _I_LOS
0000904f   _DigCutoff
00009050   _I_UESP
00009051   _MotorTemp_Error
00009052   _I_limit
00009053   _I_err
00009054   _I_deltamax
00009055   _CurrentAllowed_inuse
00009056   _CurrentAllowed_peak
00009057   _CurrentAllowed_maxnom
00009058   _PositionOut
00009059   _PowerOut
0000905a   _CurrentOut
0000905b   _CurrentActual
0000905c   _SpeedOut
0000905d   _Ipeak_cnt
0000905e   _SC_cnt
0000905f   _SC_smax
00009060   _SC_cgain
00009061   _SC_coff
00009062   _SC_sgain
00009063   _SC_soff
00009064   _I_ist_filt
00009065   _I1_ist
00009066   _I_ist
00009067   _SC_cmax
00009068   _SC_cmin
00009069   _SC_smin
0000906a   _system_timer_millis
0000906b   _system_timer_micros
0000906c   _prev_system_timer_millis
0000906d   _VdcBus_aterr
0000906e   _system_timer_mil1000
0000906f   _VdcBus_m
00009070   _Toffs2
00009071   _Toffs3
00009072   _Toffs1
00009073   _AD2Volt
00009074   _Vdcmeth
00009075   _USER_V_ki
00009076   _USER_SPEED_v
00009077   _USER_V_kp
00009078   _I_delta_max
00009079   _USER_I_ramp
0000907a   _I_peak_pid
0000907b   _USER_SPEED_ks
0000907c   _USER_SPEED_ramp_stop
0000907d   _Ipeak_Timeout
0000907e   _USER_SPEED_td
0000907f   _USER_SPEED_intmax
00009080   _USER_SPEED_ti
00009081   _I3_ist_offset
00009082   _PWM_carrier_frq
00009083   _I2_ist_offset
00009084   _I2_ist
00009085   _I3_ist
00009086   _RegidReadCntr
00009087   _USER_I_ti
00009088   _USER_I_intmax
00009089   _timer_delta
0000908a   _USER_iist_100pc
0000908b   _kern_iist_200pc
0000908c   _USER_I_v
0000908d   _AdcCutoff2
0000908e   _SPEED_ist_filter_USER
0000908f   _SPEED_calib_slow
00009090   _DigitalCommand
00009091   _SPEED_calib_rapid
00009092   _AnalogCommand
00009093   _SPEED_e_sum_max
00009094   _I1_adc
00009095   _SPEED_delta_max_stop
00009096   _SPEED_delta_max_acc
00009097   _SPEED_delta_max_dec
00009098   _SPEED_rpm_max_int
00009099   _PWM_max
0000909a   _PWM_enum
0000909b   _PWM_min
0000909c   _PWM2
0000909d   _PWM3
0000909e   _PWM1
0000909f   _PWM_botlim
000090a0   _incr_delta
000090a1   _PWM_toplim
000090a2   _PWM_period
000090a3   _PWM_offset
000090a4   _T_motor
000090a5   _system_timer_mil250
000090a6   _system_timer_seconds
000090a7   _PwrID1
000090a8   _PwrID2
000090a9   _Ref200
000090aa   _T_air
000090ab   _VdcBus
000090ac   _T_igbt_aterr
000090ad   _T_motor_aterr
000090ae   _T_igbt
000090af   _T_motor_m
000090b0   _Dummy
000090b1   _Enable
000090b2   _dac_out
000090b3   _I2_adc
000090b4   _AdcCutoff1
000090b5   _prev_PWM_enum
000090b6   _Ref150a
000090b7   _spotr
000090b8   _spotl
000090b9   _spot_b
000090ba   _Ref150
000090bb   _plex
000090bc   _delay_timer
000090bd   _LogicReadBits
000090be   _ValidReadParas
000090bf   _CommandSource
000090c0   _Flags
000090c1   _KernMode
000090c2   _signal_1Hz
000090c3   _signal_05Hz
000090c4   _WarnsBitMap
000090c5   _WdispBitMap
000090c6   _ErrorBitMap
000090c7   _ValidWriteParas
000090c8   _KernStatus2
000090c9   _signal_2Hz
000090ca   _SpeedLimitNeg
000090cb   _SpeedError
000090cc   _SpeedLimitPos
000090cd   _SPEED_limit_clip_neg
000090ce   _SPEED_limit
000090cf   _PositionWindow
000090d0   _SPEED_rpm_max
000090d1   _TorqueSetPoint
000090d2   _Temp_Debug
000090d3   _RxIndex
000090d4   _LOGIC_hz
000090d5   _disp
000090d6   _fit
000090d7   _val2
000090d8   _val1
000090d9   _adc_overrun2
000090da   _adc_overrun1
000090db   _PWM_switch_cnt
000090dc   _mask
000090dd   _CurrentAllowed_temp
000090de   _shi
000090df   _signal_warn
000090e0   _SPEED_limit_clip_pos
000090e1   _timer_signal_2Hz
000090e2   _pol_overrun
000090e3   _disp_state
000090e4   _int_overrun
000090e5   _seg7_blnk
000090e6   _seg7_char
000090e7   _seg7_mask
000090e8   _xxx_timer
000090e9   _statistics_timer
000090ea   _disable_count
000090eb   _enable_count
000090ec   _var3
000090ed   _var1
000090ee   _var2
000090ef   _task_pol
000090f0   _InfoTimer1_start
000090f1   _InfoTimer1_max
000090f2   _InfoTimer1_diff
000090f3   _charge_count
000090f4   _pwm50_count
000090f5   _restart_count
000090f6   _Logic_in_falling
000090f7   _O_DOU2
000090f8   _Logic_in_rising
000090f9   _Logic_in_sw_xor
000090fa   _Logic_in_sw
000090fb   _Logic_in_prev
000090fc   _MOTOR_rpm_max
000090fd   _MOTOR_pole
000090fe   _MPOS_offset_elec
000090ff   _O_BTB
00009100   _USER_MPOS_speed_factor
00009101   _O_DOU1
00009102   _ID_warn
00009103   _torque_speed_limited
00009104   _ID_ok
00009105   _init_done
00009106   _disp_done
00009107   _offs_done
00009108   _I_rd_TE
00009109   _SpeedSetPoint
0000910a   _I_rd_TD
0000910b   _disp_cnt
0000910c   _I_rd_N
0000910d   _prev_torque_speed_limited
0000910e   _AnalogIn1_M
0000910f   _AnalogIn2_M
00009110   _Dir153
00009111   _Dir151
00009112   _Dir152
00009113   _Dir150
00009114   _Motor_Rotor_R
00009115   _Motor_Magn_L
00009116   _Motor_Stator_R
00009117   _OVERVOLT_cnt
00009118   _Motor_Inertia
00009119   _POWERVOLTAGE_cnt
0000911a   _USER_POS_td
0000911b   _USER_POS_ti
0000911c   _POS_e_n
0000911d   _USER_POS_intmax
0000911e   _USER_POSI_td
0000911f   _USER_POSI_ti
00009120   _O_NOFAULT
00009121   _USER_POSI_ky
00009122   _USER_POS_v
00009123   _USER_POSI_intmax
00009124   _statistics_counter
00009125   _USER_POSI_v
00009126   _O_DOU4
00009127   _Logic_in_phy
00009128   _O_GO
00009129   _O_DOU3
0000912a   _tmp1
0000912c   _tmp2
0000912e   _system_timer_hours_total
00009130   _POS_ndrive_scale
00009132   _system_timer_hours
00009134   _Ipeak_Timer
00009136   _temp32
00009138   _ballast_down
0000913a   _Ipeak_Accu
0000913c   _AdcOffset1
0000913e   _AdcOffset2
00009140   _ballast_count
00009142   _POS_preset
00009144   _ascii_user
00009146   _POS_ndrive_offset
00009148   _ballast_up
0000914a   _DeviceSerialNumber
0000914c   _PositionSetPoint
0000914e   _PDPINTCount
00009150   _LoopCount
00009152   _eCanRxIntCount
00009154   _Debug1
00009156   _sqrt_kc_kd
00009158   _Debug2
0000915a   _speed_filt_sum
0000915c   _Debug3
0000915e   _SpeedCmdDelta
00009160   _eCanTxIntCount
00009162   _EvaT1IntPrdcnt
00009164   _AdcIntCount
00009166   _EvaT1IntUflcnt
00009168   _tdptr
0000916a   _PositionHardware1
0000916c   _MaskStatus
0000916e   _PositionHardware2
00009170   _KernStatus
00009172   _Cosinus_32
00009174   _Cosinus
00009176   _Ref150_32
00009178   _Ref200_32
0000917a   _Ref150a_32
0000917c   _PwrID1_32
0000917e   _AnalogIn1_F
00009180   _AnalogIn1
00009182   _AnalogIn2
00009184   _Sinus
00009186   _AnalogIn2_F
00009188   _Sinus_32
0000918a   _AdPwrID1
0000918c   _I3_offset_32
0000918e   _AdPwrID2
00009190   _USER_SPEED_ramp_dec
00009192   _USER_SPEED_ramp_acc
00009194   _Timeout
00009196   _T_motor_32
00009198   _PwrID2_32
0000919a   _Vtemp
0000919c   _Tacho_32
0000919e   _Tacho
000091a0   _I2_offset_32
000091a2   _PositionErrorPID
000091a4   _PositionHWscaled1
000091a6   _PositionOffset_Ref
000091a8   _DeviceExtRegenPower
000091aa   _PositionOffset_Slack
000091ac   _PositionActual_Alter
000091ae   _PositionActual_2
000091b0   _PositionActual
000091b2   _PositionError
000091b4   _PositionCommand
000091b6   _PositionOffest_Var
000091b8   _SC_modulo
000091ba   _PositionHWscaled2
000091bc   _WarnError
000091be   _It_Rg_Monitor
000091c0   _PositionActual_1
000091c2   _DeviceDCBus_Min
000091c4   _PositionDiff_Slack
000091c6   _Feedback2_scale
000091c8   _Feedback1_scale
000091ca   _SpeedCntrCmd_scale
000091cc   _ReceivedChar
00009200   _PositionReg
00009240   _SpeedReg
00009266   __unlock
00009268   __lock
0000926a   _tmp32
00009280   _prev_7seg
00009281   _prev_dac
00009282   _dac_xx
00009283   _rw_cnt
00009284   _specials
000092c0   _para_temp
000094c0   _save1
000094c1   _Up_16
000094c2   _IqUd_16
000094c3   _Iqref_16
000094c4   _Idref_16
000094c5   _framp
000094c6   _Idnom_16
000094c7   _Vq_16
000094c8   _save2
000094c9   _Iqout_16
000094ca   _Ui_16
000094cb   _save3
000094cc   _Vout_16
000094cd   _Iqaccu_16
000094ce   _Vqfilt_16
000094cf   _Id_16
000094d0   _Iq_16
000094d1   _Vfilt_16
000094d2   _VoUi_16
000094d3   _Vcal_16
000094d4   _IqUi_16
000094d5   _Vred_16
000094d6   _Iqfilt_16
000094d7   _Voout_16
000094d8   _Vkor_16
000094d9   _pwm_u
000094da   _pwm_v
000094db   _uf_shape
000094dc   _har3
000094dd   _pwmq14_max
000094de   _prev_Vsat
000094df   _Uzk_enbl
000094e0   _regen
000094e1   _ppz_n
000094e2   _pwm_w
000094e3   _Vsat
000094e4   _udelt
000094e5   _fmindc
000094e6   _IqUp_16
000094e7   _fkor
000094e8   _fact
000094e9   _uout
000094ea   _IdUp_16
000094eb   _Idout_16
000094ec   _ppz
000094ed   _Vd_16
000094ee   _fmax
000094ef   _pwmcnt_max
000094f0   _IdUi_16
000094f1   _exitVsat_cnt
000094f2   _enterVsat_cnt
000094f3   _limcnt1
000094f4   _korcnt2
000094f5   _urmp_cnt
000094f6   _test1_16
000094f7   _limcnt2
000094f8   _korcnt1
000094f9   _rho16
000094fa   _framp_16
000094fc   _iqsav2
000094fe   _alpha
00009500   _iqsav3
00009502   _Theta1
00009504   _f_shape
00009506   _umin_iq
00009508   _q_fkor
0000950a   _q_fs
0000950c   _Theta
0000950e   _iqsav4
00009510   _udelt_iq
00009512   _ueck_iq
00009514   _Tmax
00009516   _Tmin
00009518   _uf_special
0000951a   _iqsav1
0000951c   _IQzero
0000951e   _ldumx
00009520   _IQone
00009522   _tdc32
00009524   _umin32
00009526   _prev_EvaT1IntPrdcnt
00009528   _udc32
0000952a   _feck32
0000952c   _IQsqrt2
0000952e   _fmin32
00009530   _Iqnom
00009532   _Iq
00009534   _Vqaccu
00009536   _Iqaccu
00009538   _prev_rho
0000953a   _rho
0000953c   _Idnom
0000953e   _Id
00009540   _qfilt_dep
00009542   _Idisp
00009544   _dispbase
00009546   _Vqfilt
00009548   _Iqfilt
0000954a   _Vfilt_dep
0000954c   _Vsum
0000954e   _dispfilt
00009550   _Isum
00009552   _q_nom
00009554   _f2iq
00009556   _vdccnts2iq
00009558   _speedcnts2iq
0000955a   _curr2iq
0000955c   _Temp1
0000955e   _q_framp
00009560   _fmin_iq
00009562   _ustp_iq
00009564   _Dstest
00009566   _iqtemp
00009568   _uout_iq
0000956a   _Vsqrt05pc
0000956c   _V95pc
0000956e   _V99pc
00009570   _ucal_iq
00009572   _feck_iq
00009574   _V05pc
00009576   _u2iq
00009578   _ueck32
0000957a   _Vd
0000957c   _Vreal
0000957e   _Ioutnom
00009580   _Iout
00009582   _Vq
00009584   _Ilimit_inuse
00009586   _Vout_calc
00009588   _Vfilt
0000958a   _Vkor
0000958c   _Vout
0000958e   _Vnorm
00009590   _llresult
00009594   _dummy
00009598   _uf_actual
0000959e   _park2
000095aa   _ipark2
000095c0   _clarke2
000095cc   _neu2
000095da   _pid4_Vo
00009600   _pid4_Id
00009640   _pid4_Iq
00009680   _UserMotorOptions
00009681   _lookup_temp
00009682   _pcnt
00009683   _fun_cnt
00009685   _utilcnt
00009686   _fun_dummy_cnt
00009688   _p_func
0000968a   _uptr
0000968c   __face
0000968e   _KernOptions
00009690   _lookup_temp2_ptr
00009692   _lookup_temp1_ptr
00009694   _para_actual
000096c0   _recoded_tab
000097c0   _id_H
000097c1   _id_L
000097c2   _ide
000097c3   _WaitingForFirstRxCAN
000097c4   _can_count_reject
000097c5   _can_error_write_timeout
000097c6   _can_count_write
000097c7   _HaveSeenNewRxCAN
000097c8   _can_count_read
000097c9   _CanError_Bit
000097ca   _CanError_CRC
000097cb   _CanError_ErrorWarning
000097cc   _CanError_Stuff
000097cd   _CanError_RxOverflow
000097ce   _CanError_Ack
000097cf   _CanError_Form
000097d0   _UserCanID_tx
000097d1   _UserCan_RxTimeout
000097d2   _UserCan_btr
000097d3   _CanError_BusOff
000097d4   _CanError_ErrorPassive
000097d5   _UserCanID_rx
000097d6   _RxTimer
000097d8   _UserCanID_rx3
000097da   _UserCanID_tx3
000097dc   _UserCanID_rx2
000097de   _UserCanID_tx2
000097e0   _rx1_id
000097e2   _tx1_id
000097e4   _pMBox
000097e6   _tx3_id
000097e8   _rx3_id
000097ea   _tx2_id
000097ec   _rx2_id
000097ee   _can_write_msg
00009800   _can_read_msg
0000980a   _ECanaShadow
00009840   _CanReplies
000098c0   _single
000098c1   _kern_update_cnt
000098c2   _error_paraset
000098c3   _sync_mask
000098c4   _sync_input
000098c5   _SpeedLoop_cnt
000098c6   _n
000098c7   _limited
000098c8   _semaphore_cnt
000098c9   _BL_Tacho
000098ca   _MotorFeedback
000098cb   _cap3_cnt
000098cc   _sc2_reso
000098cd   _Resolution_Convert
000098ce   _sc1_reso
000098cf   _ccw
000098d0   _cw
000098d1   _SlackOneShot
000098d2   _ExtraFeedback
000098d3   _MotorType
000098d4   _ccw_cnt
000098d5   _dir
000098d6   _cw_cnt
000098d7   _intcnt
000098d8   _hall_period
000098d9   _ramp_cnt
000098da   _NewSpeed
000098db   _DeltaMax
000098dc   _prev_dir
000098dd   _torque_inv
000098de   _I3_peak
000098df   _TempCounter
000098e0   _I2_peak
000098e1   _divisor
000098e2   _IxR_comp
000098e3   _match
000098e4   _matchcnt
000098e5   _step
000098e6   _MPOS_rotor_angle
000098e7   _temp1
000098e8   _Resolution_AquadB
000098e9   ___REGLER_I_max
000098ea   ___REGLER_I_dauer
000098eb   _mulx
000098ec   _muly
000098ed   _COMMAND_ana_mask
000098ee   ___GEBER_pole
000098ef   _COMMAND_ana_input
000098f0   _ControlMode
000098f1   _activControlMode
000098f2   _Previous_sce_type
000098f3   _Command_ana_sce
000098f4   _Command_sce_type
000098f5   _CurrentMode
000098f6   _RaceAway
000098f7   _tune_state
000098f8   _lastControlMode
000098f9   _CtrlSubMode
000098fa   _MPOS_ROTOR_state
000098fb   _kern_semaphore
000098fc   _sc2_mul
000098fd   _mul
000098fe   _sc1_mul
000098ff   _REF_state
00009900   _ref_cnt
00009901   _fun_activ
00009902   _sync_semaphore
00009903   _fun_demand
00009904   _SC_smin32
00009906   _SC_smax32
00009908   _SC_cmin32
0000990a   _SC_cmax32
0000990c   _MPOS_sum
0000990e   _Temp32
00009910   _race_previous
00009912   _race_reference
00009914   _race_absolute
00009916   _temps
00009918   _BL_Tacho_sum
0000991a   _BL_Speed
0000991c   _ltemp1
0000991e   _ltemp2
00009920   _watch2
00009922   _temp
00009924   _delta_buff
0000992c   _PrevRev
00009934   _PrevFwd
00009940   _jerk
00009950   _delta
00009980   _Idmin_pc
00009981   _Idnom_pc
00009982   _Powf
00009983   _tune_misc
00009984   _rho_filt
00009985   _User_trans
00009986   _phas_cnt
00009987   _ppz_p
00009988   _tune_cnt
00009989   _I2_max
0000998a   _I2_min
0000998b   _pwm1_rip
0000998c   _udum1
0000998d   _pwm2_max
0000998e   _stab_cnt
0000998f   _pwm1_max
00009990   _pwm1_min
00009991   _I3_rip
00009992   _I3_max
00009993   _I3_min
00009994   _pwm3_min
00009995   _pwm3_max
00009996   _pwm3_rip
00009997   _trans_cnt
00009998   _MPOS_trans
00009999   _prev_hall
0000999a   _I2_rip
0000999b   _stab_hall
0000999c   _pwm2_min
0000999d   _prev_stab_hall
0000999e   _pwm2_rip
0000999f   _idum1
000099a0   _User_offset
000099a1   _Tmess
000099a2   _off3_sum
000099a4   _qtemp2
000099a6   _OMEGA_siq
000099a8   _off1_sum
000099aa   _qtemp1
000099ac   _fIdnom
000099ae   _f_temp2
000099b0   _PHIn
000099b2   _f_temp3
000099b4   _iq_temp
000099b6   _fIqnom
000099b8   _fIcon
000099ba   _PHIp
000099bc   _fPowf
000099be   _f_temp1
000099c0   _KP
000099c2   _OMEGA0
000099c4   _Ls
000099c6   _KI
000099c8   _STAT_RES
000099ca   _LKG_INDUCT
000099cc   _ROT_RES
000099ce   _off2_sum
000099d0   _MAGN_INDUCT
000099d2   _OMEGA_r
000099d4   _OMEGA_n
000099d6   _fVnom
000099d8   _SQRT_SIGMA
000099da   _EMKpk
000099dc   _OMEGA_s
000099de   _SIGMA
000099e0   _Vd_tune
000099e2   _User_sum
000099e4   _rho_start
000099e6   _Time_sum
000099e8   _prev_EvaTimer1IntCount
000099ea   _bot_sum
000099ec   _rho_sum
000099ee   _top_sum
000099f0   _rho_trans
000099f2   _prev_Id
000099f4   _I_demand
000099f6   _Id_bot
000099f8   _Vd_Lsigma
000099fa   _Id_top
000099fc   _rho_demand
000099fe   _rho_step
00009a00   _I_step
00009a02   _Iq_ref
00009a04   _Id_ref
00009a42   __dtors_ptr
00009a44   __cleanup_ptr
00009ac0   _nochar_timer
00009ac1   _Serial_ErrorCount
00009ac2   _once_valid_com
00009ac3   _once_com
00009ac4   _serial_tx
00009b00   _serial_rx
00009b42   _DefineLogicPin_din1
00009b43   _DefineLogicPin_end2
00009b44   _DefineLogicPin_dout1
00009b45   _DefineLogicPin_din2
00009b46   _DefineUserPin_dac
00009b48   _DefineLogicPin_end1
00009b49   _prev_DefineUserPin_dac
00009b50   _multisw1cnt
00009b51   _multisw1
00009b52   _multisw2
00009b53   _edge1
00009b54   _next_state
00009b55   _enable_state
00009b56   _uesp_count
00009b57   _t_brake
00009b58   _e_brake_enab
00009b59   _speedclip
00009b5b   _e_brake_actv
00009b5c   _edge2
00009b5d   _multisw2cnt
00009b5e   _multisw2sel
00009b5f   _multisw1sel
00009b61   _gpbdato
00009b62   _gpbdat
00009b63   _gpbdatf
00009b64   _gpbdatr
00009b65   _DefineLogicPin_dout3
00009b66   _DefineLogicPin_dout2
00009b68   _DefineLogicPin_dout4
00009b69   _trace_offset
00009b6a   _VO_Less_N0
00009b6b   _Avg
00009b6d   _VO_BRAKE
00009b6e   _USER_t_brake
00009b6f   _VO_TOLER
00009b70   _VO_Icns
00009b72   _watch
00009b76   _logical_FRG
00009b77   _cancel_error
00009b78   _I_diglimit
00009b79   _logic_millis
00009b7e   _test1
00009b80   _stepdown
00009b82   _filt_spd_sum
00009b84   _DeviceAutoID
00009b86   _LOGIC_var
00009bc0   _AblePN
00009bc1   _avg_cnt
00009bc2   _trace2
00009bc3   _trace1
00009bc4   _trace3
00009bc5   _samplcnt_PwrID
00009bc6   _samplcnt_BL
00009bc7   _Spd1_16
00009bc8   _samplcnt_Vdc
00009bc9   _Spd2_16
00009bca   _I_ist_atint
00009bcb   _pwm3_atint
00009bcc   _I3_ist_atint
00009bcd   _I2_ist_atint
00009bce   _enable_atint
00009bcf   _badint
00009bd0   _trace4
00009bd1   _pwm1_atint
00009bd2   _Logic_in_phy_atint
00009bd3   _Udum16
00009bd4   _MPOS_ist_debug
00009bd5   _samplcnt_Ain
00009bd6   _samplcnt_Ref
00009bd7   _pwm2_atint
00009bd8   _long2
00009bda   _long1
00009bdc   _p_facq
00009bde   _Iq_atint
00009be0   _SpeedRpmRamp
00009be2   _Id_atint
00009be4   _ADC_SEQrun
00009bec   _ADC_ACQrun
00080000   _Zone2Data
003da000   _kern_version
003da001   _tms_version
003da002   _name
003da020   _id0
003da050   _id3
003da080   _id4
003da0b0   _id5
003da0e0   _id2
003da110   _id1
003da140   _id6
003da170   _id7
003da1a0   _FlashToRam
003dc000   _para_tab
003dd00c   _PWM_select
003dd014   _DZR_select
003dd01c   _fun_disp
003dd02c   _sc_combi
003dd03c   _HallList
003dd04c   _sc_mul
003dd05c   _ModulTab
003dd468   _PieVectTableInit
003dd568   _disps
003dd56a   _SC_modulo_min
003dd56c   _alarm_char
003dd57c   _size_para
003dd5b4   _Mnom
003dd5b6   _twodiv3
003dd5b8   _PI
003dd5ba   _sqrt3
003dd5bc   _invsqrt3
003dd5be   _deg1div360
003dd5c0   _cw_rotor
003dd5d0   _supply
003dd5da   _ADC_SEQall
003dd5e2   _id
003e804c   _do_logic
003e854c   _tuning_handler
003e86f2   _CanInit
003e884e   _do_Ilim
003e8a5d   _do_update
003e8b74   _SysTimerPoll
003e8c09   _seg7_standard
003e8cb7   _statistics
003e8d6c   _neu_calc
003e8dd1   ___cinit__
003e8dd1   cinit
003e8f49   _make_CanID
003e8f64   _ReconfigRxMailBox_Group1
003e8fcc   _ReconfigRxMailBox_Group2
003e903b   _ReconfigRxMailBox_Group3
003e90ad   _ReconfigTxMailBox_Group1
003e9157   _ReconfigTxMailBox_Group2
003e91bd   _ReconfigTxMailBox_Group3
003e9223   _CanCheckID_Param
003e9258   _CanBus_ClearStatus
003e926c   _CanBus_GetStatus
003e92af   _CanTx_MBoxSetupPtr
003e9313   _CanTx_MBoxBusy
003e932d   _CanTx_MBoxCancel
003e934c   _CanTx_MBoxWrite
003e93fa   _ParseRxMsg
003e950e   _ParseRxMsg2
003e9516   _DoReadGroup1
003e9550   _DoReadGroup2
003e9579   _DoReadGroup3
003e9591   _CanReadMsg
003e968c   _CanRx_IntrService
003e968f   _Can_CyclicInit
003e96ca   _Can_Cyclic
003e9773   _scia_init
003e9798   _scia_xmit
003e979c   _scia_fifo_init
003e979d   _do_serial_init
003e97b2   _do_serial
003e9998   _adc_seq_group0_setup
003e99f6   _adc_filter_seed
003e9a5f   _acquire_4
003e9a8e   _get_position_error
003e9ab6   _PWM_reset_isr
003e9b51   _eCan_Tx_isr
003e9b62   _eCan_Rx_isr
003e9b82   _init_recoded_tab
003e9baa   _lookup_access
003e9bc3   _is_super_user
003e9bcb   _is_long_id
003e9bdd   _is_unsigned_id
003e9bea   _set_defaults
003e9c36   _write_id
003e9c9c   _atomic_read_int32
003e9ca1   _atomic_write_int32
003e9ca6   _fun_dummy
003e9cac   _fun_01
003e9cb0   _fun_02
003e9cb4   _fun_03
003e9cdd   _fun_special
003e9d03   _func_id
003e9d1d   _I_Reg_init
003e9dec   _ucalc
003e9e79   _INT13_ISR
003e9e7e   _INT14_ISR
003e9e83   _NMI_ISR
003e9e88   _XINT1_ISR
003e9e8d   _XINT2_ISR
003e9e92   _DATALOG_ISR
003e9e97   _RTOSINT_ISR
003e9e9c   _EMUINT_ISR
003e9ea1   _ILLEGAL_ISR
003e9ea6   _USER0_ISR
003e9eab   _USER1_ISR
003e9eb0   _USER2_ISR
003e9eb5   _USER3_ISR
003e9eba   _USER4_ISR
003e9ebf   _USER5_ISR
003e9ec4   _USER6_ISR
003e9ec9   _USER7_ISR
003e9ece   _USER8_ISR
003e9ed3   _USER9_ISR
003e9ed8   _USER10_ISR
003e9edd   _USER11_ISR
003e9ee2   _ADCINT_ISR
003e9ee7   _TINT0_ISR
003e9eec   _WAKEINT_ISR
003e9ef1   _PDPINTA_ISR
003e9ef6   _CMP1INT_ISR
003e9efb   _CMP2INT_ISR
003e9f00   _CMP3INT_ISR
003e9f05   _T1PINT_ISR
003e9f0a   _T1CINT_ISR
003e9f19   _T1UFINT_ISR
003e9f1e   _T1OFINT_ISR
003e9f23   _T2PINT_ISR
003e9f28   _T2CINT_ISR
003e9f2d   _T2UFINT_ISR
003e9f32   _T2OFINT_ISR
003e9f37   _CAPINT1_ISR
003e9f3c   _CAPINT2_ISR
003e9f41   _CAPINT3_ISR
003e9f46   _PDPINTB_ISR
003e9f4b   _CMP4INT_ISR
003e9f50   _CMP5INT_ISR
003e9f55   _CMP6INT_ISR
003e9f5a   _T3PINT_ISR
003e9f5f   _T3CINT_ISR
003e9f64   _T3UFINT_ISR
003e9f69   _T3OFINT_ISR
003e9f6e   _T4PINT_ISR
003e9f73   _T4CINT_ISR
003e9f78   _T4UFINT_ISR
003e9f7d   _T4OFINT_ISR
003e9f82   _CAPINT4_ISR
003e9f87   _CAPINT5_ISR
003e9f8c   _CAPINT6_ISR
003e9f91   _MRINTA_ISR
003e9f96   _MXINTA_ISR
003e9f9b   _SPIRXINTA_ISR
003e9fa0   _SPITXINTA_ISR
003e9fa5   _SCIRXINTA_ISR
003e9faa   _SCITXINTA_ISR
003e9faf   _SCIRXINTB_ISR
003e9fb4   _SCITXINTB_ISR
003e9fb9   _ECAN0INTA_ISR
003e9fbe   _ECAN1INTA_ISR
003e9fc3   _PIE_RESERVED
003e9fc8   _rsvd_ISR
003e9fcd   _pid_reg3_calc
003ea061   FS$$ADD
003ea0ed   FS$$DIV
003ea170   FD$$MPY
003ea1f2   _nibble_asc
003ea1f9   _asc_nibble
003ea20e   _sprint_hex
003ea222   _sprint_hex_2
003ea22c   _sscan_hex_n
003ea249   _sscan_hex
003ea24d   FS$$MPY
003ea2a7   _exit
003ea2cd   C$$EXIT
003ea2cf   _atexit
003ea2f1   _abort
003ea2f2   _c_int00
003ea338   FS$$TOL
003ea373   _InitAdc
003ea3a8   _InitSysCtrl
003ea3d5   L$$DIV
003ea3e4   L$$MOD
003ea3f2   UL$$DIV
003ea3f9   UL$$MOD
003ea3ff   _capture_clr
003ea40c   _capture_init
003ea424   FS$$TOI
003ea448   I$$DIV
003ea459   I$$MOD
003ea46a   _InitPieCtrl
003ea48b   FD$$TOL
003ea4aa   FS$$TOFD
003ea4c7   I$$TOFD
003ea4e1   L$$TOFS
003ea4fb   I$$TOFS
003ea515   L$$TOFD
003ea52e   U$$TOFD
003ea546   FS$$CMP
003ea55d   _InitPieVectTable
003ea56f   U$$TOFS
003ea57f   U$$DIV
003ea584   U$$MOD
003ea58a   __nop
003ea58b   __register_lock
003ea58f   __register_unlock
003ea593   FS$$SUB
003ea59c   _DSP28x_usDelay
003ec000   _RamfuncsLoadstart
003ed604   _min_max
003ed604   _RamfuncsLoadend
003ed604   .text
003ed604   ___text__
003ed60b   _min_max_u
003ed612   _min_max_32
003ed61b   _min_max_abs
003ed624   _grad_el_to_MPOS
003ed630   _CommandTypeUpdate
003ed640   _SpeedLimitUddate
003ed652   _ConfigResolverResolution
003ed699   _define_carrier_freq
003ed775   _Init_basics
003ed8a1   _Reset_SC
003ed8cc   _Init_feedback
003eda6f   _define_timer_delta
003eda98   _kern_update
003edef9   _Init_vars
003ee09c   _speed_filt
003ee127   _Set_PWM_none
003ee135   _Set_PWM_bottom3
003ee142   _Filter_I_ref
003ee18d   _CheckRotorError
003ee1ab   _Get_I_ist_offset
003ee1ef   _Check_SC
003ee290   _Get_analog_command
003ee3a0   _Get_Reference_Speed
003ee44f   _Reset_PID_current
003ee497   _Reset_PID_speed
003ee4a0   _Reset_PID_position
003ee4a9   _CheckSemaphore
003ee66e   _Check_Raceaway
003ee6e2   _common_init
003ee72c   _tune_init
003ee74b   _rho_ramp
003ee781   _Iq_ramp
003ee794   _hall_stab
003ee803   _ripple
003ee883   _dc_handler
003ee987   _calc_from_measure
003eea4a   _calc_basics
003eeb76   _calc_from_motplate
003eec5d   _calc_on_poweron
003eec8c   _get_rho_offset
003eecd9   _phasing_handler
003eeec1   _toffs_handler
003eefda   _do_disp
003ef086   _do_AnaIn
003ef15c   _do_Nclip
003ef1b4   _It_Algo
003ef1f9   _set_ptr
003ef3c9   _do_dacout
003ef46e   _do_lifetime
003ef4d5   _do_takt
003ef505   _seg7_warn
003ef524   _current_steps
003ef52d   _speed_steps
003ef541   _convert_amp
003ef555   _GpioInit
003ef579   _main
003ef819   _LogicInit
003ef837   _DoSortIn
003ef8d2   _DoLogicReadPort
003ef921   _LogicUpdate
003ef968   _LogicIn
003efa8f   _LogicOut
003efb7a   _reset_error
003efb91   _DoSortOut
003efd81   _spi_init
003efda0   _spi_eep_page_read
003efddd   _spi_eep_page_write
003efe46   _eep_para_read
003efee1   _eep_para_write
003eff92   _eep_ascii_read
003eff9c   _eep_ascii_write
003effa6   _spi_7seg_write
003effc4   _spi_dac_write
003efff3   _get_regid_type
003f0000   _IQmathLoadstart
003f0000   ___etext__
003f0000   etext
003f02c7   _IQmathLoadend
003f7ff8   _CsmPwl
003f8000   _RamfuncsRunstart
003f8000   _capture_look
003f807b   _clarke_calc
003f808c   _Get_speed_ist
003f8268   _Get_I_ist
003f829c   _Check_Ipeak
003f82d2   _Get_mpos32
003f83bb   _Get_rotor
003f8597   _Get_mpos_ist
003f86c9   _Get_speed_ramp
003f8787   _Check_ReGen_Bleeder
003f880f   _acquire_currm
003f8846   _acquire_0
003f888f   _acquire_1
003f88f7   _acquire_2
003f897f   _acquire_3
003f8a18   _do_ctrl_sub_mode
003f8aaa   _do_torque_common
003f8ab8   _do_speed_common
003f8afd   _do_position_common
003f8b48   _DefineMode
003f8ca4   _do_acquire_mainint
003f8ce6   _do_acquire_add_int
003f8d1c   _do_glue
003f8d5a   _do_current
003f8da6   _evat1_isr_uflw
003f8e63   _evat1_isr_prdm
003f8efc   _adc_isr
003f8f42   _ipark_calc
003f8f6f   _I_components
003f908b   _I_Reg
003f9553   _park_calc
003f9580   _pid_reg4_calc
003f95ed   _InitFlash
003f9604   _IQmathRunstart
003f9604   __IQ16atan2PU
003f968c   __IQ16div
003f96d3   __IQ16mag
003f9733   __IQ1sqrt
003f9775   __IQ24cosPU
003f979c   __IQ24div
003f97e3   __IQ24int
003f97ec   __IQ24mag
003f984c   __IQ24sinPU
003f9875   __IQ24sqrt
003f98b7   __IQ24toF
003ff000   _IQsinTable
003ff100   _IQcosTable
003ff400   _IQsinTableEnd
003ff502   _IQdivRoundSatTable
003ff502   _IQcosTableEnd
003ff510   _IQdivTable
003ff712   _IQisqrtRoundSatTable
003ff712   _IQdivTableEnd
003ff712   _IQsqrtRoundSatTable
003ff722   _IQsqrtTable
003ff722   _IQisqrtTable
003ff824   _IQsqrtTableEnd
003ff824   _IQatan2HalfPITable
003ff824   _IQisqrtTableEnd
003ff862   _IQatan2Table
003ff9e8   _IQmpyRndSatTable
003ff9e8   _IQ30mpyRndSatTable
003ff9e8   _IQatan2TableEnd
003ff9f4   _IQ29mpyRndSatTable
003ffa00   _IQ28mpyRndSatTable
003ffa0c   _IQ27mpyRndSatTable
003ffa18   _IQ26mpyRndSatTable
003ffa24   _IQ25mpyRndSatTable
003ffa30   _IQ24mpyRndSatTable
003ffa3c   _IQ23mpyRndSatTable
003ffa48   _IQ22mpyRndSatTable
003ffa54   _IQ21mpyRndSatTable
003ffa60   _IQ20mpyRndSatTable
003ffa6c   _IQ19mpyRndSatTable
003ffa78   _IQ18mpyRndSatTable
003ffa84   _IQ17mpyRndSatTable
003ffa90   _IQ16mpyRndSatTable
003ffa9c   _IQ15mpyRndSatTable
003ffaa8   _IQ14mpyRndSatTable
003ffab4   _IQ13mpyRndSatTable
003ffac0   _IQ12mpyRndSatTable
003ffacc   _IQ11mpyRndSatTable
003ffad8   _IQ10mpyRndSatTable
003ffae4   _IQ9mpyRndSatTable
003ffaf0   _IQ8mpyRndSatTable
003ffafc   _IQ7mpyRndSatTable
003ffb08   _IQ6mpyRndSatTable
003ffb14   _IQ5mpyRndSatTable
003ffb20   _IQ4mpyRndSatTable
003ffb2c   _IQ3mpyRndSatTable
003ffb38   _IQ2mpyRndSatTable
003ffb44   _IQ1mpyRndSatTable
003ffb50   _IQmpyRndSatTableEnd
ffffffff   pinit
ffffffff   ___c_args__
ffffffff   ___binit__
ffffffff   binit
ffffffff   ___pinit__

[1273 symbols]
