******************************************************************************
             TMS320C2000 Linker PC v5.2.4                      
******************************************************************************
>> Linked Thu Jul 18 14:03:04 2013

OUTPUT FILE NAME:   <C:/CCStudio_v3.3/MyProjects/Reg2812/Debug/Reg2812.out>
ENTRY POINT SYMBOL: "_c_int00"  address: 003e9e8c


MEMORY CONFIGURATION

         name            origin    length      used     unused   attr    fill
----------------------  --------  ---------  --------  --------  ----  --------
PAGE 0:
  RAML0                 00008000   00001000  0000081e  000007e2  RWIX
  OTP                   003d7800   00000800  00000000  00000800  RWIX
  FLASHJ                003d8000   00002000  00000000  00002000  RWIX
  FLASHI                003da000   00002000  000001c1  00001e3f  RWIX
  FLASHH                003dc000   00004000  000012fe  00002d02  RWIX
  FLASHG                003e0000   00004000  00000000  00004000  RWIX
  FLASHF                003e4000   00004000  00000000  00004000  RWIX
  FLASHE                003e8000   00004000  00002194  00001e6c  RWIX
  FLASHD                003ec000   00004000  00003ffe  00000002  RWIX
  FLASHC                003f0000   00004000  00000ece  00003132  RWIX
  FLASHA                003f6000   00001ff6  00000000  00001ff6  RWIX
  BEGIN                 003f7ff6   00000002  00000002  00000000  RWIX
  RAMH0                 003f8000   00002000  00001a89  00000577  RWIX
  ROM                   003ff000   00000fc0  00000b50  00000470  RWIX
  RESET                 003fffc0   00000002  00000000  00000002  RWIX
  VECTORS               003fffc2   0000003e  00000000  0000003e  RWIX

PAGE 1:
  RAMM0                 00000000   00000400  00000000  00000400  RWIX
  RAMM1                 00000400   00000400  00000190  00000270  RWIX
  DEV_EMU               00000880   00000180  000000d6  000000aa  RWIX
  FLASH_REGS            00000a80   00000060  00000008  00000058  RWIX
  CSM                   00000ae0   00000010  00000010  00000000  RWIX
  XINTF                 00000b20   00000020  00000020  00000000  RWIX
  CPU_TIMER0            00000c00   00000008  00000008  00000000  RWIX
  PIE_CTRL              00000ce0   00000020  0000001a  00000006  RWIX
  PIE_VECT              00000d00   00000100  00000100  00000000  RWIX
  ZONE0                 00002000   00002000  00000001  00001fff  RWIX
  ZONE1                 00004000   00002000  00000000  00002000  RWIX
  ECAN_A                00006000   00000040  00000034  0000000c  RWIX
  ECAN_LAM              00006040   00000040  00000040  00000000  RWIX
  ECAN_MOTS             00006080   00000040  00000040  00000000  RWIX
  ECAN_MOTO             000060c0   00000040  00000040  00000000  RWIX
  ECAN_AMBOX            00006100   00000100  00000100  00000000  RWIX
  SYSTEM                00007010   00000020  00000020  00000000  RWIX
  SPI_A                 00007040   00000010  00000010  00000000  RWIX
  SCI_A                 00007050   00000010  00000010  00000000  RWIX
  XINTRUPT              00007070   00000010  00000010  00000000  RWIX
  GPIOMUX               000070c0   00000020  00000020  00000000  RWIX
  GPIODAT               000070e0   00000020  00000020  00000000  RWIX
  ADC                   00007100   00000020  0000001a  00000006  RWIX
  EV_A                  00007400   00000040  00000032  0000000e  RWIX
  EV_B                  00007500   00000040  00000032  0000000e  RWIX
  SCI_B                 00007750   00000010  00000010  00000000  RWIX
  MCBSP_A               00007800   00000040  00000025  0000001b  RWIX
  RAML1                 00009000   00001000  00000b7e  00000482  RWIX
  ZONE2                 00080000   00080000  00000001  0007ffff  RWIX
  ZONE6                 00100000   00080000  00000000  00080000  RWIX
  FLASHB                003f4000   00002000  00000000  00002000  RWIX
  CSM_PWL               003f7ff8   00000008  00000008  00000000  RWIX


SECTION ALLOCATION MAP

 output                                  attributes/
section   page    origin      length       input sections
--------  ----  ----------  ----------   ----------------
.cst       0    00008000    0000081e     UNINITIALIZED
                  00008000    0000081e     capture.obj (.cst)

VersionData 
*          0    003da000    000001a0     
                  003da000    00000050     Version.obj (VersionData)
                  003da050    00000030     Interrupt.obj (VersionData)
                  003da080    00000030     Logic.obj (VersionData)
                  003da0b0    00000030     can.obj (VersionData)
                  003da0e0    00000030     core.obj (VersionData)
                  003da110    00000030     main.obj (VersionData)
                  003da140    00000030     ntadd.obj (VersionData)
                  003da170    00000030     ntcalc.obj (VersionData)

CopyFunction 
*          0    003da1a0    00000021     
                  003da1a0    00000021     main.obj (CopyFunction)

.econst    0    003dc000    000012fe     
                  003dc000    0000101a     utils.obj (.econst:_para_tab)
                  003dd01a    00000144     main.obj (.econst:_size_para)
                  003dd15e    00000100     PieVect.obj (.econst)
                  003dd25e    00000012     ntadd.obj (.econst)
                  003dd270    00000010     core.obj (.econst:_HallList)
                  003dd280    00000010     main.obj (.econst:_alarm_char)
                  003dd290    00000010     core.obj (.econst:_fun_disp)
                  003dd2a0    00000010     core.obj (.econst:_sc_combi)
                  003dd2b0    00000010     core.obj (.econst:_sc_mul)
                  003dd2c0    0000000c     core.obj (.econst)
                  003dd2cc    0000000a     ntcalc.obj (.econst)
                  003dd2d6    00000008     Interrupt.obj (.econst:_ADC_SEQall)
                  003dd2de    00000008     core.obj (.econst:_DZR_select)
                  003dd2e6    00000008     core.obj (.econst:_PWM_select)
                  003dd2ee    00000007     ntadd.obj (.econst:_cw_rotor)
                  003dd2f5    00000001     --HOLE-- [fill = 0]
                  003dd2f6    00000004     utils.obj (.econst)
                  003dd2fa    00000002     main.obj (.econst:_disps)
                  003dd2fc    00000002     main.obj (.econst)

.cinit     0    003e8000    00000185     
                  003e8000    000000ce     ntcalc.obj (.cinit)
                  003e80ce    00000052     main.obj (.cinit)
                  003e8120    00000017     Interrupt.obj (.cinit)
                  003e8137    00000016     core.obj (.cinit)
                  003e814d    00000015     utils.obj (.cinit)
                  003e8162    0000000b     rts2800.lib : exit.obj (.cinit)
                  003e816d    00000009     spi.obj (.cinit)
                  003e8176    00000008     rts2800.lib : _lock.obj (.cinit)
                  003e817e    00000005     ntadd.obj (.cinit)
                  003e8183    00000002     --HOLE-- [fill = 0]

.text.1    0    003e8185    0000200f     
                  003e8185    0000087c     main.obj (.text)
                  003e8a01    00000815     can.obj (.text)
                  003e9216    00000224     sci.obj (.text)
                  003e943a    000001f4     Interrupt.obj (.text)
                  003e962e    000001db     ntcalc.obj (.text)
                  003e9809    000001b4     utils.obj (.text)
                  003e99bd    00000154     DefaultIsr.obj (.text)
                  003e9b11    000000a1     capture.obj (.text)
                  003e9bb2    00000095     pid_reg3.obj (.text)
                  003e9c47    0000008c     rts2800.lib : fs_add.obj (.text)
                  003e9cd3    00000083                 : fs_div.obj (.text)
                  003e9d56    00000082                 : fd_mpy.obj (.text)
                  003e9dd8    0000005a     aschex.obj (.text)
                  003e9e32    0000005a     rts2800.lib : fs_mpy.obj (.text)
                  003e9e8c    00000046                 : boot.obj (.text)
                  003e9ed2    0000003e                 : exit.obj (.text)
                  003e9f10    0000003b                 : fs_tol.obj (.text)
                  003e9f4b    00000039     cur_mod.obj (.text)
                  003e9f84    00000034     DSP28_Adc.obj (.text)
                  003e9fb8    0000002b     SysCtrl.obj (.text)
                  003e9fe3    0000002a     rts2800.lib : l_div.obj (.text)
                  003ea00d    00000024                 : fs_toi.obj (.text)
                  003ea031    00000022                 : i_div.obj (.text)
                  003ea053    00000021     PieCtrl.obj (.text)
                  003ea074    0000001f     rts2800.lib : fd_tol.obj (.text)
                  003ea093    0000001d                 : fs_tofd.obj (.text)
                  003ea0b0    0000001a                 : i_tofd.obj (.text)
                  003ea0ca    0000001a                 : i_tofs.obj (.text)
                  003ea0e4    0000001a                 : l_tofs.obj (.text)
                  003ea0fe    00000019                 : l_tofd.obj (.text)
                  003ea117    00000018                 : u_tofd.obj (.text)
                  003ea12f    00000017                 : fs_cmp.obj (.text)
                  003ea146    00000012     PieVect.obj (.text)
                  003ea158    00000010     rts2800.lib : u_tofs.obj (.text)
                  003ea168    0000000d     regid.obj (.text)
                  003ea175    0000000b     rts2800.lib : u_div.obj (.text)
                  003ea180    00000009                 : fs_sub.obj (.text)
                  003ea189    00000007                 : _lock.obj (.text)
                  003ea190    00000004     DSP28_usDelay.obj (.text)

ramfuncs   0    003ec000    000017cb     RUN ADDR = 003f8000
                  003ec000    00000810     core.obj (ramfuncs)
                  003ec810    0000079f     Interrupt.obj (ramfuncs)
                  003ecfaf    000006c9     ntcalc.obj (ramfuncs)
                  003ed678    0000006c     pid_reg4.obj (ramfuncs)
                  003ed6e4    00000065     neu.obj (ramfuncs)
                  003ed749    0000002d     ipark.obj (ramfuncs)
                  003ed776    0000002d     park.obj (ramfuncs)
                  003ed7a3    00000017     SysCtrl.obj (ramfuncs)
                  003ed7ba    00000011     clarke.obj (ramfuncs)

.text.2    0    003ed7cb    00002833     
                  003ed7cb    0000116e     core.obj (.text)
                  003ee939    00000ef5     ntadd.obj (.text)
                  003ef82e    0000055b     Logic.obj (.text)
                  003efd89    00000275     spi.obj (.text)

IQmath     0    003f0000    000002be     RUN ADDR = 003f97cb
                  003f0000    00000088     IQmath.lib : IQ16atan2PU.obj (IQmath)
                  003f0088    00000060                : IQ16mag.obj (IQmath)
                  003f00e8    00000060                : IQ24mag.obj (IQmath)
                  003f0148    00000047                : IQ16div.obj (IQmath)
                  003f018f    00000047                : IQ24div.obj (IQmath)
                  003f01d6    00000042                : IQ1sqrt.obj (IQmath)
                  003f0218    00000042                : IQ24sqrt.obj (IQmath)
                  003f025a    00000029                : IQ24sinPU.obj (IQmath)
                  003f0283    00000027                : IQ24cosPU.obj (IQmath)
                  003f02aa    00000014                : IQ24toF.obj (IQmath)

.switch    0    003f02be    00000c10     
                  003f02be    000005a4     Logic.obj (.switch)
                  003f0862    00000502     main.obj (.switch)
                  003f0d64    0000014c     can.obj (.switch)
                  003f0eb0    0000001e     core.obj (.switch)

codestart 
*          0    003f7ff6    00000002     
                  003f7ff6    00000002     CodeStartBranch.obj (codestart)

IQmathTables 
*          0    003ff000    00000b50     NOLOAD SECTION
                  003ff000    00000b50     IQmath.lib : IQmathTables.ob (IQmathTables)

.reset     0    003fffc0    00000002     DSECT
                  003fffc0    00000002     rts2800.lib : boot.obj (.reset)

vectors    0    003fffc2    00000000     DSECT

.stack     1    00000400    00000190     UNINITIALIZED
                  00000400    00000190     --HOLE--

DevEmuRegsFile 
*          1    00000880    000000d6     UNINITIALIZED
                  00000880    000000d6     main.obj (DevEmuRegsFile)

FlashRegsFile 
*          1    00000a80    00000008     UNINITIALIZED
                  00000a80    00000008     main.obj (FlashRegsFile)

CsmRegsFile 
*          1    00000ae0    00000010     UNINITIALIZED
                  00000ae0    00000010     main.obj (CsmRegsFile)

XintfRegsFile 
*          1    00000b20    00000020     UNINITIALIZED
                  00000b20    00000020     main.obj (XintfRegsFile)

CpuTimer0RegsFile 
*          1    00000c00    00000008     UNINITIALIZED
                  00000c00    00000008     main.obj (CpuTimer0RegsFile)

PieCtrlRegsFile 
*          1    00000ce0    0000001a     UNINITIALIZED
                  00000ce0    0000001a     main.obj (PieCtrlRegsFile)

PieVectTable 
*          1    00000d00    00000100     UNINITIALIZED
                  00000d00    00000100     main.obj (PieVectTable)

Zone0File 
*          1    00002000    00000001     UNINITIALIZED
                  00002000    00000001     main.obj (Zone0File)

ECanaRegsFile 
*          1    00006000    00000034     UNINITIALIZED
                  00006000    00000034     main.obj (ECanaRegsFile)

ECanaLamFile 
*          1    00006040    00000040     UNINITIALIZED
                  00006040    00000040     main.obj (ECanaLamFile)

ECanaMotsFile 
*          1    00006080    00000040     UNINITIALIZED
                  00006080    00000040     main.obj (ECanaMotsFile)

ECanaMotoFile 
*          1    000060c0    00000040     UNINITIALIZED
                  000060c0    00000040     main.obj (ECanaMotoFile)

ECanaMboxesFile 
*          1    00006100    00000100     UNINITIALIZED
                  00006100    00000100     main.obj (ECanaMboxesFile)

SysCtrlRegsFile 
*          1    00007010    00000020     UNINITIALIZED
                  00007010    00000020     main.obj (SysCtrlRegsFile)

SpiaRegsFile 
*          1    00007040    00000010     UNINITIALIZED
                  00007040    00000010     main.obj (SpiaRegsFile)

SciaRegsFile 
*          1    00007050    00000010     UNINITIALIZED
                  00007050    00000010     main.obj (SciaRegsFile)

XIntruptRegsFile 
*          1    00007070    00000010     UNINITIALIZED
                  00007070    00000010     main.obj (XIntruptRegsFile)

GpioMuxRegsFile 
*          1    000070c0    00000020     UNINITIALIZED
                  000070c0    00000020     main.obj (GpioMuxRegsFile)

GpioDataRegsFile 
*          1    000070e0    00000020     UNINITIALIZED
                  000070e0    00000020     main.obj (GpioDataRegsFile)

AdcRegsFile 
*          1    00007100    0000001a     UNINITIALIZED
                  00007100    0000001a     main.obj (AdcRegsFile)

EvaRegsFile 
*          1    00007400    00000032     UNINITIALIZED
                  00007400    00000032     main.obj (EvaRegsFile)

EvbRegsFile 
*          1    00007500    00000032     UNINITIALIZED
                  00007500    00000032     main.obj (EvbRegsFile)

ScibRegsFile 
*          1    00007750    00000010     UNINITIALIZED
                  00007750    00000010     main.obj (ScibRegsFile)

McbspaRegsFile 
*          1    00007800    00000025     UNINITIALIZED
                  00007800    00000025     main.obj (McbspaRegsFile)

.ebss.1    1    00009000    00000268     UNINITIALIZED
                  00009000    00000266     main.obj (.ebss)
                  00009266    00000002     pid_reg3.obj (.ebss)

.bss.1     1    00009268    00000004     UNINITIALIZED
                  00009268    00000004     rts2800.lib : _lock.obj (.bss)

.ebss.2    1    00009280    00000426     UNINITIALIZED
                  00009280    00000240     spi.obj (.ebss)
                  000094c0    000001e6     ntcalc.obj (.ebss)

.ebss.3    1    000096c0    00000238     UNINITIALIZED
                  000096c0    00000140     utils.obj (.ebss)
                  00009800    000000f8     can.obj (.ebss)

.ebss.4    1    00009900    000000a0     UNINITIALIZED
                  00009900    000000a0     core.obj (.ebss)

.ebss.5    1    000099c0    00000092     UNINITIALIZED
                  000099c0    00000092     ntadd.obj (.ebss)

.ebss.6    1    00009a80    00000076     UNINITIALIZED
                  00009a80    00000076     sci.obj (.ebss)

.ebss.7    1    00009b00    0000004e     UNINITIALIZED
                  00009b00    0000004e     Logic.obj (.ebss)

.ebss.8    1    00009b80    0000003e     UNINITIALIZED
                  00009b80    0000003e     Interrupt.obj (.ebss)

.bss.2     1    00009bc0    00000080     UNINITIALIZED
                  00009bc0    00000080     rts2800.lib : exit.obj (.bss)

Zone2File 
*          1    00080000    00000001     UNINITIALIZED
                  00080000    00000001     main.obj (Zone2File)

CsmPwlFile 
*          1    003f7ff8    00000008     UNINITIALIZED
                  003f7ff8    00000008     main.obj (CsmPwlFile)


GLOBAL SYMBOLS: SORTED ALPHABETICALLY BY Name 

address    name
--------   ----
ffffffff   .bss
ffffffff   .text
003e9ef1   C$$EXIT
003e9d56   FD$$MPY
003ea074   FD$$TOL
003e9c47   FS$$ADD
003ea12f   FS$$CMP
003e9cd3   FS$$DIV
003e9e32   FS$$MPY
003ea180   FS$$SUB
003ea093   FS$$TOFD
003ea00d   FS$$TOI
003e9f10   FS$$TOL
003ea031   I$$DIV
003ea042   I$$MOD
003ea0b0   I$$TOFD
003ea0ca   I$$TOFS
003e9fe3   L$$DIV
003e9ff2   L$$MOD
003ea0fe   L$$TOFD
003ea0e4   L$$TOFS
003ea175   U$$DIV
003ea17a   U$$MOD
003ea117   U$$TOFD
003ea158   U$$TOFS
003ea000   UL$$DIV
003ea007   UL$$MOD
0000902a   _AD2Volt
003e9a26   _ADCINT_ISR
00009bae   _ADC_ACQrun
003dd2d6   _ADC_SEQall
00009ba6   _ADC_SEQrun
00009b80   _AblePN
000091b4   _AdPwrID1
000091b0   _AdPwrID2
000090db   _AdcCutoff1
000090da   _AdcCutoff2
00009164   _AdcIntCount
00009148   _AdcOffset1
00009142   _AdcOffset2
00007100   _AdcRegs
0000900f   _AnalogCommand
0000916a   _AnalogIn1
0000916e   _AnalogIn1_F
0000911b   _AnalogIn1_M
00009172   _AnalogIn2
00009170   _AnalogIn2_F
00009115   _AnalogIn2_M
00009b0b   _Avg
0000995e   _BL_Speed
00009964   _BL_Tacho
00009962   _BL_Tacho_sum
00009050   _Bal_Off
00009051   _Bal_On
003e9a7b   _CAPINT1_ISR
003e9a80   _CAPINT2_ISR
003e9a85   _CAPINT3_ISR
003e9ac6   _CAPINT4_ISR
003e9acb   _CAPINT5_ISR
003e9ad0   _CAPINT6_ISR
003e9a3a   _CMP1INT_ISR
003e9a3f   _CMP2INT_ISR
003e9a44   _CMP3INT_ISR
003e9a8f   _CMP4INT_ISR
003e9a94   _CMP5INT_ISR
003e9a99   _CMP6INT_ISR
0000992c   _COMMAND_ana_input
0000993d   _COMMAND_ana_mask
003e8d0d   _CanBus_ClearStatus
003e8d21   _CanBus_GetStatus
003e8cd8   _CanCheckID_Param
0000980e   _CanError_Ack
00009809   _CanError_Bit
00009813   _CanError_BusOff
0000980a   _CanError_CRC
00009814   _CanError_ErrorPassive
0000980b   _CanError_ErrorWarning
0000980f   _CanError_Form
0000980d   _CanError_RxOverflow
0000980c   _CanError_Stuff
003f0d64   _CanInit
003e9035   _CanReadMsg
00009880   _CanReplies
003e9035   _CanRx_IntrService
003e8dbb   _CanTx_MBoxBusy
003e8dd5   _CanTx_MBoxCancel
003e8d64   _CanTx_MBoxSetupPtr
003e8df4   _CanTx_MBoxWrite
003e916f   _Can_Cyclic
003e9130   _Can_CyclicInit
003ee3d3   _CheckRotorError
003ee6d7   _CheckSemaphore
003f828c   _Check_Ipeak
003ee8bf   _Check_Raceaway
003f878a   _Check_ReGen_Bleeder
003ee43d   _Check_SC
000090fb   _CommandSource
003ed7f7   _CommandTypeUpdate
00009931   _Command_ana_sce
0000992f   _Command_sce_type
003ed819   _ConfigResolverResolution
00009937   _ControlMode
000091ce   _Cosinus
000091cc   _Cosinus_32
000091d0   _Cosinus_32s
00000c00   _CpuTimer0Regs
003f7ff8   _CsmPwl
00000ae0   _CsmRegs
00009934   _CtrlSubMode
0000904a   _CurrentActual
00009108   _CurrentAllowed_con
0000904c   _CurrentAllowed_inuse
00009105   _CurrentAllowed_max
00009106   _CurrentAllowed_maxnom
0000904b   _CurrentAllowed_peak
00009094   _CurrentAllowed_temp
00009100   _CurrentCommand
00009935   _CurrentMode
00009052   _CurrentOut
00009101   _CurrentSetPoint
003e99d6   _DATALOG_ISR
003ea190   _DSP28x_usDelay
00009110   _DZR_cnt
0000910d   _DZR_lop
003dd2de   _DZR_select
0000910f   _DZR_seq
0000915e   _Debug1
00009160   _Debug2
000091a8   _Debug3
0000919a   _Debug4
0000919c   _Debug5
00009b16   _DefineLogicPin_din1
00009b03   _DefineLogicPin_din2
00009b06   _DefineLogicPin_dout1
00009b01   _DefineLogicPin_dout2
00009b02   _DefineLogicPin_dout3
00009b0d   _DefineLogicPin_dout4
00009b15   _DefineLogicPin_end1
00009b14   _DefineLogicPin_end2
003f8b92   _DefineMode
00009b13   _DefineUserPin_dac
0000991c   _DeltaMax
00000880   _DevEmuRegs
00009b40   _DeviceAutoID
0000917c   _DeviceDCBus_Min
0000915a   _DeviceExtRegenPower
0000904e   _DeviceMains
00009134   _DeviceSerialNumber
0000903e   _DigCutoff
00009010   _DigitalCommand
00009117   _Dir150
0000911c   _Dir151
0000911d   _Dir152
0000911a   _Dir153
003ef8e6   _DoLogicReadPort
003e8fbb   _DoReadGroup1
003e8ff7   _DoReadGroup2
003e901d   _DoReadGroup3
003ef84c   _DoSortIn
003efb99   _DoSortOut
00009584   _Dstest
000090b5   _Dummy
003e9afd   _ECAN0INTA_ISR
003e9b02   _ECAN1INTA_ISR
00006040   _ECanaLam
00006100   _ECanaMboxes
000060c0   _ECanaMoto
00006080   _ECanaMots
00006000   _ECanaRegs
0000984a   _ECanaShadow
00009a14   _EMKpk
003e99e0   _EMUINT_ISR
000090b2   _Enable
000090e7   _ErrorBitMap
00007400   _EvaRegs
00009154   _EvaT1IntPrdcnt
00009156   _EvaT1IntUflcnt
00007500   _EvbRegs
00009914   _ExtraFeedback
000099f8   _FB
000091a2   _Feedback1_scale
000091a6   _Feedback2_scale
003ee388   _Filter_I_ref
000090e8   _Flags
00000a80   _FlashRegs
003da1a0   _FlashToRam
0000906f   _GEBER_MOTOR_pole_ratio
000090e1   _GEBER_pole
003f8258   _Get_I_ist
003ee3f9   _Get_I_ist_offset
003ee5c6   _Get_Reference_Speed
003ee4dc   _Get_analog_command
003f82bf   _Get_mpos32
003f8596   _Get_mpos_ist
003f83a8   _Get_rotor
003f8000   _Get_speed_ist
003f86cc   _Get_speed_ramp
000070e0   _GpioDataRegs
003e879d   _GpioInit
000070c0   _GpioMuxRegs
003dd270   _HallList
00009807   _HaveSeenNewRxCAN
00009014   _I1_adc
0000901f   _I1_ist
00009013   _I2_adc
0000901e   _I2_ist
00009b8d   _I2_ist_atint
00009033   _I2_ist_offset
000099d2   _I2_max
000099d1   _I2_min
000091aa   _I2_offset_32
00009929   _I2_peak
000099d8   _I2_rip
00009027   _I3_ist
00009b8c   _I3_ist_atint
00009029   _I3_ist_offset
000099cf   _I3_max
000099ce   _I3_min
000091ac   _I3_offset_32
00009927   _I3_peak
000099d3   _I3_rip
00009122   _ID_ok
00009121   _ID_warn
003e99e5   _ILLEGAL_ISR
003e99bd   _INT13_ISR
003e99c2   _INT14_ISR
003ffad8   _IQ10mpyRndSatTable
003ffacc   _IQ11mpyRndSatTable
003ffac0   _IQ12mpyRndSatTable
003ffab4   _IQ13mpyRndSatTable
003ffaa8   _IQ14mpyRndSatTable
003ffa9c   _IQ15mpyRndSatTable
003ffa90   _IQ16mpyRndSatTable
003ffa84   _IQ17mpyRndSatTable
003ffa78   _IQ18mpyRndSatTable
003ffa6c   _IQ19mpyRndSatTable
003ffb44   _IQ1mpyRndSatTable
003ffa60   _IQ20mpyRndSatTable
003ffa54   _IQ21mpyRndSatTable
003ffa48   _IQ22mpyRndSatTable
003ffa3c   _IQ23mpyRndSatTable
003ffa30   _IQ24mpyRndSatTable
003ffa24   _IQ25mpyRndSatTable
003ffa18   _IQ26mpyRndSatTable
003ffa0c   _IQ27mpyRndSatTable
003ffa00   _IQ28mpyRndSatTable
003ff9f4   _IQ29mpyRndSatTable
003ffb38   _IQ2mpyRndSatTable
003ff9e8   _IQ30mpyRndSatTable
003ffb2c   _IQ3mpyRndSatTable
003ffb20   _IQ4mpyRndSatTable
003ffb14   _IQ5mpyRndSatTable
003ffb08   _IQ6mpyRndSatTable
003ffafc   _IQ7mpyRndSatTable
003ffaf0   _IQ8mpyRndSatTable
003ffae4   _IQ9mpyRndSatTable
003ff824   _IQatan2HalfPITable
003ff862   _IQatan2Table
003ff9e8   _IQatan2TableEnd
003ff100   _IQcosTable
003ff502   _IQcosTableEnd
003ff502   _IQdivRoundSatTable
003ff510   _IQdivTable
003ff712   _IQdivTableEnd
003ff712   _IQisqrtRoundSatTable
003ff722   _IQisqrtTable
003ff824   _IQisqrtTableEnd
003f02be   _IQmathLoadend
003f0000   _IQmathLoadstart
003f97cb   _IQmathRunstart
003ff9e8   _IQmpyRndSatTable
003ffb50   _IQmpyRndSatTableEnd
00009528   _IQone
003ff000   _IQsinTable
003ff400   _IQsinTableEnd
0000952a   _IQsqrt2
003ff712   _IQsqrtRoundSatTable
003ff722   _IQsqrtTable
003ff824   _IQsqrtTableEnd
00009524   _IQzero
000090e4   _I_BALLAST
000090e3   _I_DIN1
000090de   _I_DIN2
000090cd   _I_FAULT
000090cc   _I_FRG
000090dd   _I_LMT1
000090e0   _I_LMT2
000090d4   _I_LOS
003f90df   _I_Reg
003e962e   _I_Reg_init
000090ce   _I_UESP
003f8faf   _I_components
000090b9   _I_delta_max
00009053   _I_deltamax
00009a40   _I_demand
00009b27   _I_diglimit
00009048   _I_err
0000901d   _I_ist
00009b8a   _I_ist_atint
0000901c   _I_ist_filt
0000904d   _I_limit
000090ba   _I_peak_pid
00009126   _I_rd_N
00009124   _I_rd_TD
00009123   _I_rd_TE
0000903c   _I_rd_TM
0000910e   _I_ref
00009107   _I_ref_man
00009a4c   _I_step
0000954a   _Id
000094f1   _IdUi_16
000094ef   _IdUp_16
000094d3   _Id_16
00009ba2   _Id_atint
00009a42   _Id_bot
00009a3e   _Id_ref
00009a50   _Id_top
00009554   _Idisp
0000953e   _Idmin
000099e3   _Idmin_pc
0000955a   _Idnom
000094fe   _Idnom_16
000099dc   _Idnom_pc
000094f4   _Idout_16
000094c1   _Idref_16
00009590   _Ilimit_inuse
00009118   _InfoTimer1_diff
00009116   _InfoTimer1_max
00009119   _InfoTimer1_start
003e9f84   _InitAdc
003f97a3   _InitFlash
003ea053   _InitPieCtrl
003ea146   _InitPieVectTable
003e9fb8   _InitSysCtrl
003ed938   _Init_basics
003eda79   _Init_feedback
003ee13b   _Init_vars
0000958a   _Iout
0000958c   _Ioutnom
000091b8   _Ipeak_Accu
000090af   _Ipeak_Timeout
000091bc   _Ipeak_Timer
00009047   _Ipeak_cnt
0000953c   _Iq
000094cb   _IqUd_16
000094d6   _IqUi_16
000094c2   _IqUp_16
000094d0   _Iq_16
00009ba0   _Iq_atint
003ee9dc   _Iq_ramp
00009a3c   _Iq_ref
00009540   _Iqaccu
000094cd   _Iqaccu_16
00009552   _Iqfilt
000094ce   _Iqfilt_16
00009542   _Iqnom
000094ca   _Iqout_16
000094c0   _Iqref_16
00009560   _Isum
003e8366   _It_Algo
00009196   _It_Rg_Monitor
00009928   _IxR_comp
00009a1e   _KI
00009a20   _KP
000090ea   _KernMode
000096ce   _KernOptions
0000912e   _KernStatus
000090e5   _KernStatus2
00009a06   _LKG_INDUCT
000090a6   _LOGIC_hz
00009b46   _LOGIC_var
003ef97a   _LogicIn
003ef82e   _LogicInit
003efa88   _LogicOut
000090eb   _LogicReadBits
003ef933   _LogicUpdate
000090f8   _Logic_in_falling
000090ed   _Logic_in_phy
00009b92   _Logic_in_phy_atint
000090ec   _Logic_in_prev
000090fa   _Logic_in_rising
000090f9   _Logic_in_sw
000090e9   _Logic_in_sw_xor
0000916c   _LoopCount
00009a04   _MAGN_INDUCT
00009059   _MOTOR_I_dauer
0000906e   _MOTOR_I_max
00009061   _MOTOR_Nom_F
0000905b   _MOTOR_Nom_V
00009071   _MOTOR_geber_cycperrev
000090be   _MOTOR_geber_incperrev
000090d0   _MOTOR_pole
000090cf   _MOTOR_rpm_max
0000906a   _MPOS1_ist
00009065   _MPOS2_ist
00009064   _MPOS3_ist
00009943   _MPOS_ROTOR_state
00009040   _MPOS_angle_1V
0000906b   _MPOS_e120
00009068   _MPOS_elec
00009b99   _MPOS_ist_debug
0000906c   _MPOS_m360_mask
00009042   _MPOS_mech
000090d2   _MPOS_offset_elec
0000903f   _MPOS_offset_ini
00009070   _MPOS_offset_user
00009046   _MPOS_rotor
00009926   _MPOS_rotor_angle
00009067   _MPOS_speed_factor
00009954   _MPOS_sum
000099ca   _MPOS_trans
003e9ad5   _MRINTA_ISR
003e9ada   _MXINTA_ISR
00009136   _MaskStatus
00007800   _McbspaRegs
003dd25e   _Mnom
0000990c   _MotorFeedback
00009044   _MotorTemp_Error
00009912   _MotorType
000090d5   _Motor_Inertia
000090c8   _Motor_Lkg_L
000090cb   _Motor_Magn_L
000090d3   _Motor_Rotor_R
000090df   _Motor_Stator_R
000090ca   _Motor_Tr
003e99c7   _NMI_ISR
0000991b   _NewSpeed
00009a1c   _OMEGA0
00009a0e   _OMEGA_n
00009a0a   _OMEGA_r
00009a08   _OMEGA_s
000099f0   _OMEGA_siq
00009114   _OVERVOLT_cnt
00009112   _OVER_cnt
00009084   _O_BTB
0000908c   _O_DOU1
00009086   _O_DOU2
00009081   _O_DOU3
00009080   _O_DOU4
00009083   _O_GO
00009082   _O_NOFAULT
003e9a35   _PDPINTA_ISR
003e9a8a   _PDPINTB_ISR
0000917a   _PDPINTCount
00009a18   _PHIn
000099fa   _PHIp
003dd262   _PI
003e9b07   _PIE_RESERVED
0000908a   _POS_e_n
0000912c   _POS_ndrive_offset
00009132   _POS_ndrive_scale
0000913c   _POS_preset
00009043   _POS_refresoedge
00009113   _POWERVOLTAGE_cnt
00009057   _PWM1
00009060   _PWM2
00009063   _PWM3
0000900b   _PWM_botlim
00009024   _PWM_carrier_frq
0000905c   _PWM_enum
0000905d   _PWM_max
00009062   _PWM_min
00009002   _PWM_offset
00009004   _PWM_period
003e955e   _PWM_reset_isr
003dd2e6   _PWM_select
000090a7   _PWM_switch_cnt
00009009   _PWM_toplim
003e8ea6   _ParseRxMsg
003e8fb3   _ParseRxMsg2
00000ce0   _PieCtrlRegs
00000d00   _PieVectTable
003dd15e   _PieVectTableInit
00009190   _PositionActual
0000918a   _PositionActual_1
0000918e   _PositionActual_2
00009192   _PositionActual_Alter
00009182   _PositionCommand
0000919e   _PositionDiff_Slack
00009180   _PositionError
00009184   _PositionErrorPID
0000915c   _PositionHWscaled1
0000918c   _PositionHWscaled2
0000914a   _PositionHardware1
00009150   _PositionHardware2
000091a0   _PositionOffest_Var
0000903b   _PositionOffset_HW1
0000903a   _PositionOffset_HW2
00009186   _PositionOffset_Ref
00009194   _PositionOffset_Slack
00009069   _PositionOut
00009240   _PositionReg
00009130   _PositionSetPoint
00009073   _PositionWindow
00009039   _PositionZeroCapture1
00009038   _PositionZeroCapture2
00009054   _PowerOut
000099db   _Powf
00009966   _PrevFwd
0000996e   _PrevRev
00009930   _Previous_sce_type
00009008   _PwrID1
000091c6   _PwrID1_32
0000901b   _PwrID2
000091d2   _PwrID2_32
00009932   _REF_state
00009056   _REGLER_I_dauer
00009055   _REGLER_I_dauer_pc
00009058   _REGLER_I_geraet
0000906d   _REGLER_I_max
0000905a   _REGLER_I_max_pc
00009066   _ROTOR_errcount
00009a12   _ROT_RES
003e99db   _RTOSINT_ISR
0000992a   _RaceAway
003ed7cb   _RamfuncsLoadend
003ec000   _RamfuncsLoadstart
003f8000   _RamfuncsRunstart
000091da   _ReceivedChar
003e8a1a   _ReconfigRxMailBox_Group1
003e8a83   _ReconfigRxMailBox_Group2
003e8af3   _ReconfigRxMailBox_Group3
003e8b66   _ReconfigTxMailBox_Group1
003e8c10   _ReconfigTxMailBox_Group2
003e8c74   _ReconfigTxMailBox_Group3
00009016   _Ref150
000091c0   _Ref150_32
00009015   _Ref150a
000091be   _Ref150a_32
00009003   _Ref150b
000091c4   _Ref150b_32
00009000   _Ref200
000091c2   _Ref200_32
000090b7   _RegidReadCntr
003ee674   _Reset_PID_current
003ee6ce   _Reset_PID_position
003ee6c5   _Reset_PID_speed
003eda4f   _Reset_SC
0000990e   _Resolution_AquadB
0000990f   _Resolution_Convert
00002000   _Resolver
0000907b   _RxIndex
00009816   _RxTimer
003e9ae9   _SCIRXINTA_ISR
003e9af3   _SCIRXINTB_ISR
003e9aee   _SCITXINTA_ISR
003e9af8   _SCITXINTB_ISR
00009031   _SC_cgain
00009028   _SC_cmax
0000994a   _SC_cmax32
00009022   _SC_cmin
0000995c   _SC_cmin32
00009034   _SC_cnt
00009037   _SC_coff
000091a4   _SC_modulo
003dd2fc   _SC_modulo_min
00009032   _SC_sgain
00009021   _SC_smax
00009946   _SC_smax32
00009020   _SC_smin
00009948   _SC_smin32
0000905e   _SC_soff
00009a0c   _SIGMA
00009011   _SPEED_calib_rapid
0000900c   _SPEED_calib_slow
00009018   _SPEED_delta_max_acc
00009017   _SPEED_delta_max_dec
0000901a   _SPEED_delta_max_stop
00009019   _SPEED_e_sum_max
0000900e   _SPEED_ist_filter_USER
00009111   _SPEED_ks
00009089   _SPEED_limit
0000907f   _SPEED_limit_clip_neg
0000907a   _SPEED_limit_clip_pos
00009072   _SPEED_rpm_max
0000900d   _SPEED_rpm_max_int
003e9adf   _SPIRXINTA_ISR
003e9ae4   _SPITXINTA_ISR
00009a10   _SQRT_SIGMA
00009a02   _STAT_RES
00007050   _SciaRegs
00007750   _ScibRegs
00009a81   _Serial_ErrorCount
003ee37b   _Set_PWM_bottom3
003ee36d   _Set_PWM_none
0000917e   _Sinus
000091ca   _Sinus_32
000091c8   _Sinus_32s
00009910   _SlackOneShot
00009b87   _Spd1_16
00009b89   _Spd2_16
000090ff   _SpeedActual
000090fd   _SpeedActualfilt
00009168   _SpeedCmdDelta
0000910a   _SpeedCmdRamped
00009158   _SpeedCntrCmd_scale
000090fe   _SpeedCommand
000090fc   _SpeedCommandreal
00009075   _SpeedError
00009074   _SpeedLimitNeg
0000907d   _SpeedLimitPos
003ed807   _SpeedLimitUddate
00009905   _SpeedLoop_cnt
00009049   _SpeedOut
00009200   _SpeedReg
00009ba4   _SpeedRpmRamp
0000910c   _SpeedSetPoint
0000910b   _SpeedTempomat
00007040   _SpiaRegs
00007010   _SysCtrlRegs
003f0b7b   _SysTimerPoll
003e9a4e   _T1CINT_ISR
003e9a62   _T1OFINT_ISR
003e9a49   _T1PINT_ISR
003e9a5d   _T1UFINT_ISR
003e9a6c   _T2CINT_ISR
003e9a76   _T2OFINT_ISR
003e9a67   _T2PINT_ISR
003e9a71   _T2UFINT_ISR
003e9aa3   _T3CINT_ISR
003e9aad   _T3OFINT_ISR
003e9a9e   _T3PINT_ISR
003e9aa8   _T3UFINT_ISR
003e9ab7   _T4CINT_ISR
003e9ac1   _T4OFINT_ISR
003e9ab2   _T4PINT_ISR
003e9abc   _T4UFINT_ISR
003e9a2b   _TINT0_ISR
000099ee   _TR
000099ea   _TS
0000902e   _T_air
0000900a   _T_comp
00009001   _T_igbt
0000902f   _T_igbt_aterr
00009006   _T_motor
000091d4   _T_motor_32
00009007   _T_motor_aterr
00009005   _T_motor_m
000091d6   _Tacho
000091ae   _Tacho_32
000091b2   _Tacho_32s
00009b88   _Tacho_s
00009562   _Temp1
00009952   _Temp32
00009925   _TempCounter
00009079   _Temp_Debug
00009514   _Theta
00009516   _Theta1
000094c6   _Theta1_16
00009a32   _Time_sum
00009138   _Timeout
0000951c   _Tmax
000099e7   _Tmess
0000951e   _Tmin
0000902d   _Toffs1
0000902c   _Toffs2
00009035   _Toffs3
0000907c   _TorqueSetPoint
00009109   _TorqueTempomat
000090c9   _UBM
003e99ea   _USER0_ISR
003e9a1c   _USER10_ISR
003e9a21   _USER11_ISR
003e99ef   _USER1_ISR
003e99f4   _USER2_ISR
003e99f9   _USER3_ISR
003e99fe   _USER4_ISR
003e9a03   _USER5_ISR
003e9a08   _USER6_ISR
003e9a0d   _USER7_ISR
003e9a12   _USER8_ISR
003e9a17   _USER9_ISR
000090bf   _USER_I_intmax
000090bc   _USER_I_ramp
000090c5   _USER_I_ti
00009023   _USER_I_v
00009085   _USER_MPOS_speed_factor
0000908b   _USER_POSI_intmax
00009087   _USER_POSI_ky
0000908e   _USER_POSI_td
0000908d   _USER_POSI_ti
00009088   _USER_POSI_v
00009077   _USER_POS_intmax
00009076   _USER_POS_td
0000907e   _USER_POS_ti
00009078   _USER_POS_v
000090c0   _USER_SPEED_intmax
000090b0   _USER_SPEED_ks
000091ba   _USER_SPEED_ramp_acc
000091b6   _USER_SPEED_ramp_dec
000090c3   _USER_SPEED_ramp_stop
000090c1   _USER_SPEED_td
000090c6   _USER_SPEED_ti
000090c7   _USER_SPEED_v
000090c4   _USER_V_ki
000090bb   _USER_V_kp
00009026   _USER_iist_100pc
00009b0e   _USER_t_brake
00009b95   _Udum16
000094c5   _Ui_16
000094c9   _Up_16
00009815   _UserCanID_rx
0000981c   _UserCanID_rx2
00009818   _UserCanID_rx3
00009810   _UserCanID_tx
0000981e   _UserCanID_tx2
0000981a   _UserCanID_tx3
00009811   _UserCan_RxTimeout
00009812   _UserCan_btr
000096c0   _UserMotorOptions
000099e5   _User_offset
00009a30   _User_sum
000099c9   _User_trans
0000957c   _V05pc
0000957a   _V95pc
00009570   _V99pc
00009b10   _VO_BRAKE
00009b0f   _VO_Icns
00009b07   _VO_Less_N0
00009b08   _VO_TOLER
000090a1   _ValidReadParas
000090a9   _ValidWriteParas
000094d5   _Vcal_16
0000958e   _Vd
000094f2   _Vd_16
00009a2e   _Vd_Lsigma
00009a2c   _Vd_tune
00009036   _VdcBus
0000902b   _VdcBus_aterr
00009030   _VdcBus_m
0000903d   _Vdcfault
00009596   _Vfilt
000094cf   _Vfilt_16
0000955c   _Vfilt_dep
000094e1   _Vfw
0000959a   _Vkor
000094da   _Vkor_16
00009586   _Vnorm
000094c4   _VoUi_16
000094d9   _VoUimin_16
000094d4   _VoUp_16
00009574   _Voff
000094c3   _Voout_16
0000959c   _Vout
000094d2   _Vout_16
00009598   _Vout_calc
00009594   _Vq
000094d1   _Vq_16
00009544   _Vqaccu
00009556   _Vqfilt
000094d8   _Vqfilt_16
00009588   _Vreal
000094d7   _Vred_16
000094e6   _Vsat
00009578   _Vsqrt05pc
0000955e   _Vsum
000091d8   _Vtemp
003e9a30   _WAKEINT_ISR
00009803   _WaitingForFirstRxCAN
00009198   _WarnError
000090e6   _WarnsBitMap
000090ee   _WdispBitMap
0000904f   _WorkOut
00009174   _Work_Accu
003e99cc   _XINT1_ISR
003e99d1   _XINT2_ISR
00007070   _XIntruptRegs
00000b20   _XintfRegs
00080000   _Zone2Data
003f97cb   __IQ16atan2PU
003f9913   __IQ16div
003f9853   __IQ16mag
003f99a1   __IQ1sqrt
003f9a4e   __IQ24cosPU
003f995a   __IQ24div
003f98b3   __IQ24mag
003f9a25   __IQ24sinPU
003f99e3   __IQ24sqrt
003f9a75   __IQ24toF
00000590   __STACK_END
00000190   __STACK_SIZE
0000992b   ___GEBER_pole
0000992d   ___REGLER_I_dauer
0000992e   ___REGLER_I_max
ffffffff   ___binit__
ffffffff   ___bss__
ffffffff   ___c_args__
003e8000   ___cinit__
ffffffff   ___end__
ffffffff   ___etext__
ffffffff   ___pinit__
ffffffff   ___text__
00009bc4   __cleanup_ptr
00009bc2   __dtors_ptr
000096cc   __face
0000926a   __lock
003ea189   __nop
003ea18a   __register_lock
003ea18d   __register_unlock
00009268   __unlock
003e9f0f   _abort
00009103   _acq_switch
003f8847   _acquire_0
003f8890   _acquire_1
003f88fe   _acquire_2
003f89a0   _acquire_3
003e9507   _acquire_4
003f8a31   _acquire_5
003f8810   _acquire_currm
00009938   _activControlMode
003e9498   _adc_filter_seed
003f8f6a   _adc_isr
000090a5   _adc_overrun1
000090a4   _adc_overrun2
003e943a   _adc_seq_group0_setup
003dd280   _alarm_char
00009506   _alpha
003e9ddf   _asc_nibble
00009144   _ascii_user
003e9ef3   _atexit
003e992e   _atomic_read_int32
003e9933   _atomic_write_int32
00009b81   _avg_cnt
00009b8f   _badint
0000914e   _ballast_count
00009152   _ballast_down
000090e2   _ballast_duration
000090dc   _ballast_trip_once
0000914c   _ballast_up
00009a36   _bot_sum
003e9e8c   _c_int00
003eefe7   _calc_from_measure1
003eed42   _calc_from_measure2
003eeda2   _calc_from_measure3
003eede2   _calc_from_measure4
003eee22   _calc_from_motplate
003eebdd   _calc_kern_update
00009808   _can_count_read
00009804   _can_count_reject
00009806   _can_count_write
00009805   _can_error_write_timeout
00009840   _can_read_msg
0000982e   _can_write_msg
00009b28   _cancel_error
00009913   _cap3_cnt
00008000   _capture
003e9b11   _capture_clr
003e9b9a   _capture_init
003e9b1e   _capture_look
00009911   _ccw
0000991d   _ccw_cnt
000090f4   _charge_count
003e87fd   _check_Soft_ID
000095c0   _clarke2
003f97ba   _clarke_calc
000095e6   _cm1
003e8784   _cnts2cA
003e8770   _cnts2dA
003ee939   _common_init
003e875c   _convert_amp
003eecc8   _convert_float2int
003e9f4b   _cur_mod_calc
00009566   _curr2iq
003e873e   _current_steps
0000990a   _cw
00009916   _cw_cnt
003dd2ee   _cw_rotor
000090b4   _dac_out
00009282   _dac_xx
003eeadc   _dc_handler
003ed860   _define_carrier_freq
003edc45   _define_timer_delta
003dd26a   _deg1div360
000090a2   _delay_timer
00009990   _delta
00009976   _delta_buff
00009924   _dir
000090f5   _disable_count
0000909c   _disp
00009125   _disp_cnt
00009128   _disp_done
000090a8   _disp_state
0000954e   _dispbase
00009550   _dispfilt
003dd2fa   _disps
00009921   _divisor
003e823c   _do_AnaIn
003f0862   _do_Ilim
003e830e   _do_Nclip
003f8d46   _do_acquire_add_int
003f8d08   _do_acquire_mainint
003f8a60   _do_ctrl_sub_mode
003f8dbf   _do_current
003e85dd   _do_dacout
003e8185   _do_disp
003f8d7a   _do_glue
003e867f   _do_lifetime
003f0308   _do_logic
003f8b47   _do_position_common
003e9256   _do_serial
003e9240   _do_serial_init
003f8b00   _do_speed_common
003e86e7   _do_takt
003f8af2   _do_torque_common
003f0a58   _do_update
0000959e   _dummy1
000095a2   _dummy2
00009178   _eCanRxIntCount
00009176   _eCanTxIntCount
003e960e   _eCan_Rx_isr
003e95fd   _eCan_Tx_isr
00009b3a   _e_brake_actv
00009b3b   _e_brake_enab
00009b39   _edge1
00009b2d   _edge2
003eff9d   _eep_ascii_read
003effa7   _eep_ascii_write
003efe51   _eep_para_read
003efeec   _eep_para_write
00009b8e   _enable_atint
000090f6   _enable_count
00009b0a   _enable_state
000094fa   _enterVfw_cnt
000094f7   _enterVsat_cnt
000090d7   _error_cnt
000090d6   _error_fatal
00009902   _error_paraset
003f8ec5   _evat1_isr_prdm
003f8e0a   _evat1_isr_uflw
003e9ed2   _exit
000094fd   _exitVfw_cnt
000094f8   _exitVsat_cnt
000094e2   _ext_Vdref
00009564   _f2iq
00009a28   _fIdnom
00009a2a   _fInom
00009a1a   _fIqnom
000099ec   _fPowf
00009a16   _fVnom
0000950c   _f_shape
000099fe   _f_temp1
000099fc   _f_temp2
000099f2   _f_temp3
000094ea   _fact
00009520   _feck32
00009530   _feck_iq
00009b3e   _filt_spd_sum
00009097   _fit
000094ed   _fkor
000094e8   _fmax
00009534   _fmin32
00009592   _fmin_iq
000094e7   _fmindc
000090d8   _fore_error_synced
000094eb   _framp
000094f9   _framp_16
00009923   _full_period
003e993e   _fun_01
003e9942   _fun_02
003e9946   _fun_03
00009939   _fun_activ
000096c3   _fun_cnt
00009940   _fun_demand
003dd290   _fun_disp
003e9938   _fun_dummy
000096c6   _fun_dummy_cnt
003e996f   _fun_special
003e99a3   _func_id
003e9536   _get_position_error
003ea168   _get_regid_type
003ef4ef   _get_rho_offset
00009b04   _gpbdat
00009b0c   _gpbdatf
00009b05   _gpbdato
00009b00   _gpbdatr
003ed7eb   _grad_el_to_MPOS
00009906   _hall_DZR_lop
00009915   _hall_period
00009909   _hall_seg
003ee9f1   _hall_stab
000094de   _har3
003da020   _id0
003da110   _id1
003da080   _id2
003da0b0   _id3
003da0e0   _id4
003da050   _id5
003da140   _id6
003da170   _id7
00009800   _id_H
00009801   _id_L
00009802   _ide
000099e6   _idum1
00009012   _incr_delta
00009129   _init_done
003e9809   _init_recoded_tab
000090aa   _int_overrun
003dd266   _invsqrt3
000095cc   _ipark2
003f9749   _ipark_calc
0000957e   _iqmul
00009532   _iqsav1
00009504   _iqsav2
0000950a   _iqsav3
00009508   _iqsav4
0000956e   _iqtemp1
00009580   _iqtemp2
003e9853   _is_long_id
003e984b   _is_super_user
003e9865   _is_unsigned_id
00009980   _jerk
00009025   _kern_iist_200pc
00009941   _kern_semaphore
003edc6e   _kern_update
00009901   _kern_update_cnt
003da000   _kern_version
00009500   _korcnt1
000094fb   _korcnt2
00009936   _lastControlMode
00009526   _ldumx
000094f5   _limcnt1
000094f6   _limcnt2
00009907   _limited
000095a6   _llresult
00009b21   _logic_millis
00009b29   _logical_FRG
00009b9e   _long1
00009b9c   _long2
003e9832   _lookup_access
000096c1   _lookup_temp
000096d2   _lookup_temp1_ptr
000096d0   _lookup_temp2_ptr
0000995a   _ltemp1
00009956   _ltemp2
003e884b   _main
003e8a01   _make_CanID
00009093   _mask
00009919   _match
00009917   _matchcnt
003ef259   _measure_lkg_induct
003ef1cf   _measure_magn_rot
003ef1bd   _measure_magn_still
003ef1ab   _measure_rotor_res
003ef1e1   _measure_stat_res
003ed7cb   _min_max
003ed7d9   _min_max_32
003ed7e2   _min_max_abs
003ed7d2   _min_max_u
0000993a   _mul
00009b32   _multisw1
00009b31   _multisw1cnt
00009b2c   _multisw1sel
00009b2b   _multisw2
00009b2a   _multisw2cnt
00009b2e   _multisw2sel
0000993e   _mulx
0000993c   _muly
00009920   _n
003da002   _name
000095d8   _neu2
003f96e4   _neu_calc
00009b11   _next_state
003e9dd8   _nibble_asc
00009a80   _nochar_timer
000099f6   _off1_sum
000099f4   _off2_sum
00009a00   _off3_sum
00009127   _offs_done
00009a83   _once_com
00009a82   _once_valid_com
00009824   _pMBox
00009b9a   _p_facq
000096c8   _p_func
000096d4   _para_actual
003dc000   _para_tab
000092c0   _para_temp
000095b0   _park2
003f9776   _park_calc
000096c2   _pcnt
000099c2   _phas_cnt
003ef539   _phasing_handler
00009680   _pid4_Id
00009600   _pid4_Iq
00009640   _pid4_Vo
003e9bb2   _pid_reg3_calc
003f9678   _pid_reg4_calc
000090d1   _pol_overrun
000094e5   _ppz
000094dc   _ppz_n
000099c3   _ppz_p
00009280   _prev_7seg
00009104   _prev_DZR_lop
00009b12   _prev_DefineUserPin_dac
0000952c   _prev_EvaT1IntPrdcnt
00009a34   _prev_EvaTimer1IntCount
00009a44   _prev_Id
00009041   _prev_MPOS_mech
00009045   _prev_MPOS_rotor
0000905f   _prev_PWM_enum
000094e4   _prev_Vfw
000094f0   _prev_Vsat
00009281   _prev_dac
00009922   _prev_dir
000099e8   _prev_hall
0000954c   _prev_rho
000099dd   _prev_stab_hall
000090ab   _prev_system_timer_millis
00009120   _prev_torque_speed_limited
00009b91   _pwm1_atint
000099d0   _pwm1_max
000099d7   _pwm1_min
000099da   _pwm1_rip
00009b93   _pwm2_atint
000099d5   _pwm2_max
000099d4   _pwm2_min
000099d9   _pwm2_rip
00009b8b   _pwm3_atint
000099d6   _pwm3_max
000099e1   _pwm3_min
000099e4   _pwm3_rip
0000911e   _pwm50_count
000094db   _pwm_u
000094e0   _pwm_v
000094dd   _pwm_w
000094ee   _pwmcnt_max
000094f3   _pwmq14_max
00009510   _q_fkor
00009576   _q_framp
00009512   _q_fs
00009558   _qfilt_dep
00009a24   _qtemp1
00009a22   _qtemp2
00009a26   _qtemp3
00009944   _race_absolute
0000994e   _race_previous
0000994c   _race_reference
0000991a   _ramp_cnt
00009700   _recoded_tab
00009933   _ref_cnt
000094e3   _regen
003efb82   _reset_error
000090f3   _restart_count
00009546   _rho
00009501   _rho16
00009a4e   _rho_demand
000099c0   _rho_filt
003ee9a6   _rho_ramp
00009a48   _rho_start
00009a4a   _rho_step
00009a38   _rho_sum
00009a46   _rho_trans
003dd268   _rho_tune
003eea5c   _ripple
003e9b0c   _rsvd_ISR
00009283   _rw_cnt
00009820   _rx1_id
0000982c   _rx2_id
00009828   _rx3_id
00009b97   _samplcnt_Ain
00009b96   _samplcnt_BL
00009b85   _samplcnt_BLs
00009b98   _samplcnt_PwrID
00009b94   _samplcnt_Ref
00009b86   _samplcnt_Vdc
000094cc   _save1
000094c7   _save2
000094c8   _save3
0000993b   _sc1_mul
0000990d   _sc1_reso
00009942   _sc2_mul
0000990b   _sc2_reso
003dd2a0   _sc_combi
003dd2b0   _sc_mul
003e923f   _scia_fifo_init
003e9216   _scia_init
003e923b   _scia_xmit
00009090   _seg7_blnk
00009095   _seg7_char
0000908f   _seg7_mask
003f0bfa   _seg7_standard
003e8719   _seg7_warn
00009908   _semaphore_cnt
00009ac0   _serial_rx
00009a84   _serial_tx
003e9872   _set_defaults
003e83a9   _set_ptr
003e87c1   _set_size_defaults
0000909b   _shi
0000909d   _signal_05Hz
0000909e   _signal_1Hz
000090a3   _signal_2Hz
000090a0   _signal_warn
00009900   _single
003dd01a   _size_para
00009284   _specials
003ee2e5   _speed_filt
00009188   _speed_filt_sum
003e8748   _speed_steps
00009b38   _speedclip
00009568   _speedcnts2iq
003effb1   _spi_7seg_write
003effcf   _spi_dac_write
003efda8   _spi_eep_page_read
003efde5   _spi_eep_page_write
003efd89   _spi_init
000090b3   _spot_b
000090b8   _spotl
000090c2   _spotr
003e9df4   _sprint_hex
003e9e08   _sprint_hex_2
003dd264   _sqrt3
00009162   _sqrt_kc_kd
003e9e2e   _sscan_hex
003e9e12   _sscan_hex_n
000099e0   _stab_cnt
000099e2   _stab_hall
003f0c9a   _statistics
0000909a   _statistics_counter
00009092   _statistics_timer
00009918   _step
00009b44   _stepdown
003dd2cc   _supply
00009904   _sync_input
00009903   _sync_mask
0000993f   _sync_semaphore
0000912a   _system_timer_hours
00009146   _system_timer_hours_total
000090b1   _system_timer_micros
000090ae   _system_timer_mil1000
000090ad   _system_timer_mil250
000090ac   _system_timer_millis
000090b6   _system_timer_seconds
00009b30   _t_brake
000090f2   _task_cnt
000090f1   _task_pol
00009538   _tdc32
00009166   _tdptr
00009958   _temp
0000991f   _temp1
000099c5   _temp11
000099cd   _temp12
0000913e   _temp32
00009960   _temps
00009b42   _test1
000094ff   _test1_16
00009502   _theta16
000090bd   _timer_delta
0000909f   _timer_signal_2Hz
00009140   _tmp1
0000913a   _tmp2
00009266   _tmp32
003da001   _tms_version
003ef71b   _toffs_handler
00009a3a   _top_sum
0000991e   _torque_inv
0000911f   _torque_speed_limited
00009b83   _trace1
00009b82   _trace2
00009b84   _trace3
00009b90   _trace4
00009102   _trace_DZR_cnt
00009b09   _trace_offset
000099de   _trans_calc
000099c8   _trans_cnt
000099c6   _trans_duration
000099c7   _trans_prd
000099c4   _tune_cnt
003ee983   _tune_init
000099cc   _tune_misc
000099c1   _tune_state
000099cb   _tune_step
003ef30e   _tuning_handler
003dd260   _twodiv3
00009822   _tx1_id
0000982a   _tx2_id
00009826   _tx3_id
00009572   _u2iq
00009582   _ucal_iq
003e9779   _ucalc
0000952e   _udc32
000094ec   _udelt
00009518   _udelt_iq
000099df   _udum1
00009536   _ueck32
0000951a   _ueck_iq
00009b2f   _uesp_count
000095aa   _uf_actual
000094df   _uf_shape
00009522   _uf_special
0000953a   _umin32
0000950e   _umin_iq
000090d9   _unused
000094e9   _uout
0000956c   _uout_iq
000096ca   _uptr
000094fc   _urmp_cnt
0000956a   _ustp_iq
000096c5   _utilcnt
00009096   _val1
00009099   _val2
00009098   _val3
000090ef   _var1
000090f0   _var2
000090f7   _var3
00009548   _vdccnts2iq
00009b20   _watch
00009950   _watch2
003e98ca   _write_id
00009091   _xxx_timer
ffffffff   binit
003e8000   cinit
ffffffff   end
ffffffff   etext
ffffffff   pinit


GLOBAL SYMBOLS: SORTED BY Symbol Address 

address    name
--------   ----
00000190   __STACK_SIZE
00000590   __STACK_END
00000880   _DevEmuRegs
00000a80   _FlashRegs
00000ae0   _CsmRegs
00000b20   _XintfRegs
00000c00   _CpuTimer0Regs
00000ce0   _PieCtrlRegs
00000d00   _PieVectTable
00002000   _Resolver
00006000   _ECanaRegs
00006040   _ECanaLam
00006080   _ECanaMots
000060c0   _ECanaMoto
00006100   _ECanaMboxes
00007010   _SysCtrlRegs
00007040   _SpiaRegs
00007050   _SciaRegs
00007070   _XIntruptRegs
000070c0   _GpioMuxRegs
000070e0   _GpioDataRegs
00007100   _AdcRegs
00007400   _EvaRegs
00007500   _EvbRegs
00007750   _ScibRegs
00007800   _McbspaRegs
00008000   _capture
00009000   _Ref200
00009001   _T_igbt
00009002   _PWM_offset
00009003   _Ref150b
00009004   _PWM_period
00009005   _T_motor_m
00009006   _T_motor
00009007   _T_motor_aterr
00009008   _PwrID1
00009009   _PWM_toplim
0000900a   _T_comp
0000900b   _PWM_botlim
0000900c   _SPEED_calib_slow
0000900d   _SPEED_rpm_max_int
0000900e   _SPEED_ist_filter_USER
0000900f   _AnalogCommand
00009010   _DigitalCommand
00009011   _SPEED_calib_rapid
00009012   _incr_delta
00009013   _I2_adc
00009014   _I1_adc
00009015   _Ref150a
00009016   _Ref150
00009017   _SPEED_delta_max_dec
00009018   _SPEED_delta_max_acc
00009019   _SPEED_e_sum_max
0000901a   _SPEED_delta_max_stop
0000901b   _PwrID2
0000901c   _I_ist_filt
0000901d   _I_ist
0000901e   _I2_ist
0000901f   _I1_ist
00009020   _SC_smin
00009021   _SC_smax
00009022   _SC_cmin
00009023   _USER_I_v
00009024   _PWM_carrier_frq
00009025   _kern_iist_200pc
00009026   _USER_iist_100pc
00009027   _I3_ist
00009028   _SC_cmax
00009029   _I3_ist_offset
0000902a   _AD2Volt
0000902b   _VdcBus_aterr
0000902c   _Toffs2
0000902d   _Toffs1
0000902e   _T_air
0000902f   _T_igbt_aterr
00009030   _VdcBus_m
00009031   _SC_cgain
00009032   _SC_sgain
00009033   _I2_ist_offset
00009034   _SC_cnt
00009035   _Toffs3
00009036   _VdcBus
00009037   _SC_coff
00009038   _PositionZeroCapture2
00009039   _PositionZeroCapture1
0000903a   _PositionOffset_HW2
0000903b   _PositionOffset_HW1
0000903c   _I_rd_TM
0000903d   _Vdcfault
0000903e   _DigCutoff
0000903f   _MPOS_offset_ini
00009040   _MPOS_angle_1V
00009041   _prev_MPOS_mech
00009042   _MPOS_mech
00009043   _POS_refresoedge
00009044   _MotorTemp_Error
00009045   _prev_MPOS_rotor
00009046   _MPOS_rotor
00009047   _Ipeak_cnt
00009048   _I_err
00009049   _SpeedOut
0000904a   _CurrentActual
0000904b   _CurrentAllowed_peak
0000904c   _CurrentAllowed_inuse
0000904d   _I_limit
0000904e   _DeviceMains
0000904f   _WorkOut
00009050   _Bal_Off
00009051   _Bal_On
00009052   _CurrentOut
00009053   _I_deltamax
00009054   _PowerOut
00009055   _REGLER_I_dauer_pc
00009056   _REGLER_I_dauer
00009057   _PWM1
00009058   _REGLER_I_geraet
00009059   _MOTOR_I_dauer
0000905a   _REGLER_I_max_pc
0000905b   _MOTOR_Nom_V
0000905c   _PWM_enum
0000905d   _PWM_max
0000905e   _SC_soff
0000905f   _prev_PWM_enum
00009060   _PWM2
00009061   _MOTOR_Nom_F
00009062   _PWM_min
00009063   _PWM3
00009064   _MPOS3_ist
00009065   _MPOS2_ist
00009066   _ROTOR_errcount
00009067   _MPOS_speed_factor
00009068   _MPOS_elec
00009069   _PositionOut
0000906a   _MPOS1_ist
0000906b   _MPOS_e120
0000906c   _MPOS_m360_mask
0000906d   _REGLER_I_max
0000906e   _MOTOR_I_max
0000906f   _GEBER_MOTOR_pole_ratio
00009070   _MPOS_offset_user
00009071   _MOTOR_geber_cycperrev
00009072   _SPEED_rpm_max
00009073   _PositionWindow
00009074   _SpeedLimitNeg
00009075   _SpeedError
00009076   _USER_POS_td
00009077   _USER_POS_intmax
00009078   _USER_POS_v
00009079   _Temp_Debug
0000907a   _SPEED_limit_clip_pos
0000907b   _RxIndex
0000907c   _TorqueSetPoint
0000907d   _SpeedLimitPos
0000907e   _USER_POS_ti
0000907f   _SPEED_limit_clip_neg
00009080   _O_DOU4
00009081   _O_DOU3
00009082   _O_NOFAULT
00009083   _O_GO
00009084   _O_BTB
00009085   _USER_MPOS_speed_factor
00009086   _O_DOU2
00009087   _USER_POSI_ky
00009088   _USER_POSI_v
00009089   _SPEED_limit
0000908a   _POS_e_n
0000908b   _USER_POSI_intmax
0000908c   _O_DOU1
0000908d   _USER_POSI_ti
0000908e   _USER_POSI_td
0000908f   _seg7_mask
00009090   _seg7_blnk
00009091   _xxx_timer
00009092   _statistics_timer
00009093   _mask
00009094   _CurrentAllowed_temp
00009095   _seg7_char
00009096   _val1
00009097   _fit
00009098   _val3
00009099   _val2
0000909a   _statistics_counter
0000909b   _shi
0000909c   _disp
0000909d   _signal_05Hz
0000909e   _signal_1Hz
0000909f   _timer_signal_2Hz
000090a0   _signal_warn
000090a1   _ValidReadParas
000090a2   _delay_timer
000090a3   _signal_2Hz
000090a4   _adc_overrun2
000090a5   _adc_overrun1
000090a6   _LOGIC_hz
000090a7   _PWM_switch_cnt
000090a8   _disp_state
000090a9   _ValidWriteParas
000090aa   _int_overrun
000090ab   _prev_system_timer_millis
000090ac   _system_timer_millis
000090ad   _system_timer_mil250
000090ae   _system_timer_mil1000
000090af   _Ipeak_Timeout
000090b0   _USER_SPEED_ks
000090b1   _system_timer_micros
000090b2   _Enable
000090b3   _spot_b
000090b4   _dac_out
000090b5   _Dummy
000090b6   _system_timer_seconds
000090b7   _RegidReadCntr
000090b8   _spotl
000090b9   _I_delta_max
000090ba   _I_peak_pid
000090bb   _USER_V_kp
000090bc   _USER_I_ramp
000090bd   _timer_delta
000090be   _MOTOR_geber_incperrev
000090bf   _USER_I_intmax
000090c0   _USER_SPEED_intmax
000090c1   _USER_SPEED_td
000090c2   _spotr
000090c3   _USER_SPEED_ramp_stop
000090c4   _USER_V_ki
000090c5   _USER_I_ti
000090c6   _USER_SPEED_ti
000090c7   _USER_SPEED_v
000090c8   _Motor_Lkg_L
000090c9   _UBM
000090ca   _Motor_Tr
000090cb   _Motor_Magn_L
000090cc   _I_FRG
000090cd   _I_FAULT
000090ce   _I_UESP
000090cf   _MOTOR_rpm_max
000090d0   _MOTOR_pole
000090d1   _pol_overrun
000090d2   _MPOS_offset_elec
000090d3   _Motor_Rotor_R
000090d4   _I_LOS
000090d5   _Motor_Inertia
000090d6   _error_fatal
000090d7   _error_cnt
000090d8   _fore_error_synced
000090d9   _unused
000090da   _AdcCutoff2
000090db   _AdcCutoff1
000090dc   _ballast_trip_once
000090dd   _I_LMT1
000090de   _I_DIN2
000090df   _Motor_Stator_R
000090e0   _I_LMT2
000090e1   _GEBER_pole
000090e2   _ballast_duration
000090e3   _I_DIN1
000090e4   _I_BALLAST
000090e5   _KernStatus2
000090e6   _WarnsBitMap
000090e7   _ErrorBitMap
000090e8   _Flags
000090e9   _Logic_in_sw_xor
000090ea   _KernMode
000090eb   _LogicReadBits
000090ec   _Logic_in_prev
000090ed   _Logic_in_phy
000090ee   _WdispBitMap
000090ef   _var1
000090f0   _var2
000090f1   _task_pol
000090f2   _task_cnt
000090f3   _restart_count
000090f4   _charge_count
000090f5   _disable_count
000090f6   _enable_count
000090f7   _var3
000090f8   _Logic_in_falling
000090f9   _Logic_in_sw
000090fa   _Logic_in_rising
000090fb   _CommandSource
000090fc   _SpeedCommandreal
000090fd   _SpeedActualfilt
000090fe   _SpeedCommand
000090ff   _SpeedActual
00009100   _CurrentCommand
00009101   _CurrentSetPoint
00009102   _trace_DZR_cnt
00009103   _acq_switch
00009104   _prev_DZR_lop
00009105   _CurrentAllowed_max
00009106   _CurrentAllowed_maxnom
00009107   _I_ref_man
00009108   _CurrentAllowed_con
00009109   _TorqueTempomat
0000910a   _SpeedCmdRamped
0000910b   _SpeedTempomat
0000910c   _SpeedSetPoint
0000910d   _DZR_lop
0000910e   _I_ref
0000910f   _DZR_seq
00009110   _DZR_cnt
00009111   _SPEED_ks
00009112   _OVER_cnt
00009113   _POWERVOLTAGE_cnt
00009114   _OVERVOLT_cnt
00009115   _AnalogIn2_M
00009116   _InfoTimer1_max
00009117   _Dir150
00009118   _InfoTimer1_diff
00009119   _InfoTimer1_start
0000911a   _Dir153
0000911b   _AnalogIn1_M
0000911c   _Dir151
0000911d   _Dir152
0000911e   _pwm50_count
0000911f   _torque_speed_limited
00009120   _prev_torque_speed_limited
00009121   _ID_warn
00009122   _ID_ok
00009123   _I_rd_TE
00009124   _I_rd_TD
00009125   _disp_cnt
00009126   _I_rd_N
00009127   _offs_done
00009128   _disp_done
00009129   _init_done
0000912a   _system_timer_hours
0000912c   _POS_ndrive_offset
0000912e   _KernStatus
00009130   _PositionSetPoint
00009132   _POS_ndrive_scale
00009134   _DeviceSerialNumber
00009136   _MaskStatus
00009138   _Timeout
0000913a   _tmp2
0000913c   _POS_preset
0000913e   _temp32
00009140   _tmp1
00009142   _AdcOffset2
00009144   _ascii_user
00009146   _system_timer_hours_total
00009148   _AdcOffset1
0000914a   _PositionHardware1
0000914c   _ballast_up
0000914e   _ballast_count
00009150   _PositionHardware2
00009152   _ballast_down
00009154   _EvaT1IntPrdcnt
00009156   _EvaT1IntUflcnt
00009158   _SpeedCntrCmd_scale
0000915a   _DeviceExtRegenPower
0000915c   _PositionHWscaled1
0000915e   _Debug1
00009160   _Debug2
00009162   _sqrt_kc_kd
00009164   _AdcIntCount
00009166   _tdptr
00009168   _SpeedCmdDelta
0000916a   _AnalogIn1
0000916c   _LoopCount
0000916e   _AnalogIn1_F
00009170   _AnalogIn2_F
00009172   _AnalogIn2
00009174   _Work_Accu
00009176   _eCanTxIntCount
00009178   _eCanRxIntCount
0000917a   _PDPINTCount
0000917c   _DeviceDCBus_Min
0000917e   _Sinus
00009180   _PositionError
00009182   _PositionCommand
00009184   _PositionErrorPID
00009186   _PositionOffset_Ref
00009188   _speed_filt_sum
0000918a   _PositionActual_1
0000918c   _PositionHWscaled2
0000918e   _PositionActual_2
00009190   _PositionActual
00009192   _PositionActual_Alter
00009194   _PositionOffset_Slack
00009196   _It_Rg_Monitor
00009198   _WarnError
0000919a   _Debug4
0000919c   _Debug5
0000919e   _PositionDiff_Slack
000091a0   _PositionOffest_Var
000091a2   _Feedback1_scale
000091a4   _SC_modulo
000091a6   _Feedback2_scale
000091a8   _Debug3
000091aa   _I2_offset_32
000091ac   _I3_offset_32
000091ae   _Tacho_32
000091b0   _AdPwrID2
000091b2   _Tacho_32s
000091b4   _AdPwrID1
000091b6   _USER_SPEED_ramp_dec
000091b8   _Ipeak_Accu
000091ba   _USER_SPEED_ramp_acc
000091bc   _Ipeak_Timer
000091be   _Ref150a_32
000091c0   _Ref150_32
000091c2   _Ref200_32
000091c4   _Ref150b_32
000091c6   _PwrID1_32
000091c8   _Sinus_32s
000091ca   _Sinus_32
000091cc   _Cosinus_32
000091ce   _Cosinus
000091d0   _Cosinus_32s
000091d2   _PwrID2_32
000091d4   _T_motor_32
000091d6   _Tacho
000091d8   _Vtemp
000091da   _ReceivedChar
00009200   _SpeedReg
00009240   _PositionReg
00009266   _tmp32
00009268   __unlock
0000926a   __lock
00009280   _prev_7seg
00009281   _prev_dac
00009282   _dac_xx
00009283   _rw_cnt
00009284   _specials
000092c0   _para_temp
000094c0   _Iqref_16
000094c1   _Idref_16
000094c2   _IqUp_16
000094c3   _Voout_16
000094c4   _VoUi_16
000094c5   _Ui_16
000094c6   _Theta1_16
000094c7   _save2
000094c8   _save3
000094c9   _Up_16
000094ca   _Iqout_16
000094cb   _IqUd_16
000094cc   _save1
000094cd   _Iqaccu_16
000094ce   _Iqfilt_16
000094cf   _Vfilt_16
000094d0   _Iq_16
000094d1   _Vq_16
000094d2   _Vout_16
000094d3   _Id_16
000094d4   _VoUp_16
000094d5   _Vcal_16
000094d6   _IqUi_16
000094d7   _Vred_16
000094d8   _Vqfilt_16
000094d9   _VoUimin_16
000094da   _Vkor_16
000094db   _pwm_u
000094dc   _ppz_n
000094dd   _pwm_w
000094de   _har3
000094df   _uf_shape
000094e0   _pwm_v
000094e1   _Vfw
000094e2   _ext_Vdref
000094e3   _regen
000094e4   _prev_Vfw
000094e5   _ppz
000094e6   _Vsat
000094e7   _fmindc
000094e8   _fmax
000094e9   _uout
000094ea   _fact
000094eb   _framp
000094ec   _udelt
000094ed   _fkor
000094ee   _pwmcnt_max
000094ef   _IdUp_16
000094f0   _prev_Vsat
000094f1   _IdUi_16
000094f2   _Vd_16
000094f3   _pwmq14_max
000094f4   _Idout_16
000094f5   _limcnt1
000094f6   _limcnt2
000094f7   _enterVsat_cnt
000094f8   _exitVsat_cnt
000094f9   _framp_16
000094fa   _enterVfw_cnt
000094fb   _korcnt2
000094fc   _urmp_cnt
000094fd   _exitVfw_cnt
000094fe   _Idnom_16
000094ff   _test1_16
00009500   _korcnt1
00009501   _rho16
00009502   _theta16
00009504   _iqsav2
00009506   _alpha
00009508   _iqsav4
0000950a   _iqsav3
0000950c   _f_shape
0000950e   _umin_iq
00009510   _q_fkor
00009512   _q_fs
00009514   _Theta
00009516   _Theta1
00009518   _udelt_iq
0000951a   _ueck_iq
0000951c   _Tmax
0000951e   _Tmin
00009520   _feck32
00009522   _uf_special
00009524   _IQzero
00009526   _ldumx
00009528   _IQone
0000952a   _IQsqrt2
0000952c   _prev_EvaT1IntPrdcnt
0000952e   _udc32
00009530   _feck_iq
00009532   _iqsav1
00009534   _fmin32
00009536   _ueck32
00009538   _tdc32
0000953a   _umin32
0000953c   _Iq
0000953e   _Idmin
00009540   _Iqaccu
00009542   _Iqnom
00009544   _Vqaccu
00009546   _rho
00009548   _vdccnts2iq
0000954a   _Id
0000954c   _prev_rho
0000954e   _dispbase
00009550   _dispfilt
00009552   _Iqfilt
00009554   _Idisp
00009556   _Vqfilt
00009558   _qfilt_dep
0000955a   _Idnom
0000955c   _Vfilt_dep
0000955e   _Vsum
00009560   _Isum
00009562   _Temp1
00009564   _f2iq
00009566   _curr2iq
00009568   _speedcnts2iq
0000956a   _ustp_iq
0000956c   _uout_iq
0000956e   _iqtemp1
00009570   _V99pc
00009572   _u2iq
00009574   _Voff
00009576   _q_framp
00009578   _Vsqrt05pc
0000957a   _V95pc
0000957c   _V05pc
0000957e   _iqmul
00009580   _iqtemp2
00009582   _ucal_iq
00009584   _Dstest
00009586   _Vnorm
00009588   _Vreal
0000958a   _Iout
0000958c   _Ioutnom
0000958e   _Vd
00009590   _Ilimit_inuse
00009592   _fmin_iq
00009594   _Vq
00009596   _Vfilt
00009598   _Vout_calc
0000959a   _Vkor
0000959c   _Vout
0000959e   _dummy1
000095a2   _dummy2
000095a6   _llresult
000095aa   _uf_actual
000095b0   _park2
000095c0   _clarke2
000095cc   _ipark2
000095d8   _neu2
000095e6   _cm1
00009600   _pid4_Iq
00009640   _pid4_Vo
00009680   _pid4_Id
000096c0   _UserMotorOptions
000096c1   _lookup_temp
000096c2   _pcnt
000096c3   _fun_cnt
000096c5   _utilcnt
000096c6   _fun_dummy_cnt
000096c8   _p_func
000096ca   _uptr
000096cc   __face
000096ce   _KernOptions
000096d0   _lookup_temp2_ptr
000096d2   _lookup_temp1_ptr
000096d4   _para_actual
00009700   _recoded_tab
00009800   _id_H
00009801   _id_L
00009802   _ide
00009803   _WaitingForFirstRxCAN
00009804   _can_count_reject
00009805   _can_error_write_timeout
00009806   _can_count_write
00009807   _HaveSeenNewRxCAN
00009808   _can_count_read
00009809   _CanError_Bit
0000980a   _CanError_CRC
0000980b   _CanError_ErrorWarning
0000980c   _CanError_Stuff
0000980d   _CanError_RxOverflow
0000980e   _CanError_Ack
0000980f   _CanError_Form
00009810   _UserCanID_tx
00009811   _UserCan_RxTimeout
00009812   _UserCan_btr
00009813   _CanError_BusOff
00009814   _CanError_ErrorPassive
00009815   _UserCanID_rx
00009816   _RxTimer
00009818   _UserCanID_rx3
0000981a   _UserCanID_tx3
0000981c   _UserCanID_rx2
0000981e   _UserCanID_tx2
00009820   _rx1_id
00009822   _tx1_id
00009824   _pMBox
00009826   _tx3_id
00009828   _rx3_id
0000982a   _tx2_id
0000982c   _rx2_id
0000982e   _can_write_msg
00009840   _can_read_msg
0000984a   _ECanaShadow
00009880   _CanReplies
00009900   _single
00009901   _kern_update_cnt
00009902   _error_paraset
00009903   _sync_mask
00009904   _sync_input
00009905   _SpeedLoop_cnt
00009906   _hall_DZR_lop
00009907   _limited
00009908   _semaphore_cnt
00009909   _hall_seg
0000990a   _cw
0000990b   _sc2_reso
0000990c   _MotorFeedback
0000990d   _sc1_reso
0000990e   _Resolution_AquadB
0000990f   _Resolution_Convert
00009910   _SlackOneShot
00009911   _ccw
00009912   _MotorType
00009913   _cap3_cnt
00009914   _ExtraFeedback
00009915   _hall_period
00009916   _cw_cnt
00009917   _matchcnt
00009918   _step
00009919   _match
0000991a   _ramp_cnt
0000991b   _NewSpeed
0000991c   _DeltaMax
0000991d   _ccw_cnt
0000991e   _torque_inv
0000991f   _temp1
00009920   _n
00009921   _divisor
00009922   _prev_dir
00009923   _full_period
00009924   _dir
00009925   _TempCounter
00009926   _MPOS_rotor_angle
00009927   _I3_peak
00009928   _IxR_comp
00009929   _I2_peak
0000992a   _RaceAway
0000992b   ___GEBER_pole
0000992c   _COMMAND_ana_input
0000992d   ___REGLER_I_dauer
0000992e   ___REGLER_I_max
0000992f   _Command_sce_type
00009930   _Previous_sce_type
00009931   _Command_ana_sce
00009932   _REF_state
00009933   _ref_cnt
00009934   _CtrlSubMode
00009935   _CurrentMode
00009936   _lastControlMode
00009937   _ControlMode
00009938   _activControlMode
00009939   _fun_activ
0000993a   _mul
0000993b   _sc1_mul
0000993c   _muly
0000993d   _COMMAND_ana_mask
0000993e   _mulx
0000993f   _sync_semaphore
00009940   _fun_demand
00009941   _kern_semaphore
00009942   _sc2_mul
00009943   _MPOS_ROTOR_state
00009944   _race_absolute
00009946   _SC_smax32
00009948   _SC_smin32
0000994a   _SC_cmax32
0000994c   _race_reference
0000994e   _race_previous
00009950   _watch2
00009952   _Temp32
00009954   _MPOS_sum
00009956   _ltemp2
00009958   _temp
0000995a   _ltemp1
0000995c   _SC_cmin32
0000995e   _BL_Speed
00009960   _temps
00009962   _BL_Tacho_sum
00009964   _BL_Tacho
00009966   _PrevFwd
0000996e   _PrevRev
00009976   _delta_buff
00009980   _jerk
00009990   _delta
000099c0   _rho_filt
000099c1   _tune_state
000099c2   _phas_cnt
000099c3   _ppz_p
000099c4   _tune_cnt
000099c5   _temp11
000099c6   _trans_duration
000099c7   _trans_prd
000099c8   _trans_cnt
000099c9   _User_trans
000099ca   _MPOS_trans
000099cb   _tune_step
000099cc   _tune_misc
000099cd   _temp12
000099ce   _I3_min
000099cf   _I3_max
000099d0   _pwm1_max
000099d1   _I2_min
000099d2   _I2_max
000099d3   _I3_rip
000099d4   _pwm2_min
000099d5   _pwm2_max
000099d6   _pwm3_max
000099d7   _pwm1_min
000099d8   _I2_rip
000099d9   _pwm2_rip
000099da   _pwm1_rip
000099db   _Powf
000099dc   _Idnom_pc
000099dd   _prev_stab_hall
000099de   _trans_calc
000099df   _udum1
000099e0   _stab_cnt
000099e1   _pwm3_min
000099e2   _stab_hall
000099e3   _Idmin_pc
000099e4   _pwm3_rip
000099e5   _User_offset
000099e6   _idum1
000099e7   _Tmess
000099e8   _prev_hall
000099ea   _TS
000099ec   _fPowf
000099ee   _TR
000099f0   _OMEGA_siq
000099f2   _f_temp3
000099f4   _off2_sum
000099f6   _off1_sum
000099f8   _FB
000099fa   _PHIp
000099fc   _f_temp2
000099fe   _f_temp1
00009a00   _off3_sum
00009a02   _STAT_RES
00009a04   _MAGN_INDUCT
00009a06   _LKG_INDUCT
00009a08   _OMEGA_s
00009a0a   _OMEGA_r
00009a0c   _SIGMA
00009a0e   _OMEGA_n
00009a10   _SQRT_SIGMA
00009a12   _ROT_RES
00009a14   _EMKpk
00009a16   _fVnom
00009a18   _PHIn
00009a1a   _fIqnom
00009a1c   _OMEGA0
00009a1e   _KI
00009a20   _KP
00009a22   _qtemp2
00009a24   _qtemp1
00009a26   _qtemp3
00009a28   _fIdnom
00009a2a   _fInom
00009a2c   _Vd_tune
00009a2e   _Vd_Lsigma
00009a30   _User_sum
00009a32   _Time_sum
00009a34   _prev_EvaTimer1IntCount
00009a36   _bot_sum
00009a38   _rho_sum
00009a3a   _top_sum
00009a3c   _Iq_ref
00009a3e   _Id_ref
00009a40   _I_demand
00009a42   _Id_bot
00009a44   _prev_Id
00009a46   _rho_trans
00009a48   _rho_start
00009a4a   _rho_step
00009a4c   _I_step
00009a4e   _rho_demand
00009a50   _Id_top
00009a80   _nochar_timer
00009a81   _Serial_ErrorCount
00009a82   _once_valid_com
00009a83   _once_com
00009a84   _serial_tx
00009ac0   _serial_rx
00009b00   _gpbdatr
00009b01   _DefineLogicPin_dout2
00009b02   _DefineLogicPin_dout3
00009b03   _DefineLogicPin_din2
00009b04   _gpbdat
00009b05   _gpbdato
00009b06   _DefineLogicPin_dout1
00009b07   _VO_Less_N0
00009b08   _VO_TOLER
00009b09   _trace_offset
00009b0a   _enable_state
00009b0b   _Avg
00009b0c   _gpbdatf
00009b0d   _DefineLogicPin_dout4
00009b0e   _USER_t_brake
00009b0f   _VO_Icns
00009b10   _VO_BRAKE
00009b11   _next_state
00009b12   _prev_DefineUserPin_dac
00009b13   _DefineUserPin_dac
00009b14   _DefineLogicPin_end2
00009b15   _DefineLogicPin_end1
00009b16   _DefineLogicPin_din1
00009b20   _watch
00009b21   _logic_millis
00009b27   _I_diglimit
00009b28   _cancel_error
00009b29   _logical_FRG
00009b2a   _multisw2cnt
00009b2b   _multisw2
00009b2c   _multisw1sel
00009b2d   _edge2
00009b2e   _multisw2sel
00009b2f   _uesp_count
00009b30   _t_brake
00009b31   _multisw1cnt
00009b32   _multisw1
00009b38   _speedclip
00009b39   _edge1
00009b3a   _e_brake_actv
00009b3b   _e_brake_enab
00009b3e   _filt_spd_sum
00009b40   _DeviceAutoID
00009b42   _test1
00009b44   _stepdown
00009b46   _LOGIC_var
00009b80   _AblePN
00009b81   _avg_cnt
00009b82   _trace2
00009b83   _trace1
00009b84   _trace3
00009b85   _samplcnt_BLs
00009b86   _samplcnt_Vdc
00009b87   _Spd1_16
00009b88   _Tacho_s
00009b89   _Spd2_16
00009b8a   _I_ist_atint
00009b8b   _pwm3_atint
00009b8c   _I3_ist_atint
00009b8d   _I2_ist_atint
00009b8e   _enable_atint
00009b8f   _badint
00009b90   _trace4
00009b91   _pwm1_atint
00009b92   _Logic_in_phy_atint
00009b93   _pwm2_atint
00009b94   _samplcnt_Ref
00009b95   _Udum16
00009b96   _samplcnt_BL
00009b97   _samplcnt_Ain
00009b98   _samplcnt_PwrID
00009b99   _MPOS_ist_debug
00009b9a   _p_facq
00009b9c   _long2
00009b9e   _long1
00009ba0   _Iq_atint
00009ba2   _Id_atint
00009ba4   _SpeedRpmRamp
00009ba6   _ADC_SEQrun
00009bae   _ADC_ACQrun
00009bc2   __dtors_ptr
00009bc4   __cleanup_ptr
00080000   _Zone2Data
003da000   _kern_version
003da001   _tms_version
003da002   _name
003da020   _id0
003da050   _id5
003da080   _id2
003da0b0   _id3
003da0e0   _id4
003da110   _id1
003da140   _id6
003da170   _id7
003da1a0   _FlashToRam
003dc000   _para_tab
003dd01a   _size_para
003dd15e   _PieVectTableInit
003dd25e   _Mnom
003dd260   _twodiv3
003dd262   _PI
003dd264   _sqrt3
003dd266   _invsqrt3
003dd268   _rho_tune
003dd26a   _deg1div360
003dd270   _HallList
003dd280   _alarm_char
003dd290   _fun_disp
003dd2a0   _sc_combi
003dd2b0   _sc_mul
003dd2cc   _supply
003dd2d6   _ADC_SEQall
003dd2de   _DZR_select
003dd2e6   _PWM_select
003dd2ee   _cw_rotor
003dd2fa   _disps
003dd2fc   _SC_modulo_min
003e8000   ___cinit__
003e8000   cinit
003e8185   _do_disp
003e823c   _do_AnaIn
003e830e   _do_Nclip
003e8366   _It_Algo
003e83a9   _set_ptr
003e85dd   _do_dacout
003e867f   _do_lifetime
003e86e7   _do_takt
003e8719   _seg7_warn
003e873e   _current_steps
003e8748   _speed_steps
003e875c   _convert_amp
003e8770   _cnts2dA
003e8784   _cnts2cA
003e879d   _GpioInit
003e87c1   _set_size_defaults
003e87fd   _check_Soft_ID
003e884b   _main
003e8a01   _make_CanID
003e8a1a   _ReconfigRxMailBox_Group1
003e8a83   _ReconfigRxMailBox_Group2
003e8af3   _ReconfigRxMailBox_Group3
003e8b66   _ReconfigTxMailBox_Group1
003e8c10   _ReconfigTxMailBox_Group2
003e8c74   _ReconfigTxMailBox_Group3
003e8cd8   _CanCheckID_Param
003e8d0d   _CanBus_ClearStatus
003e8d21   _CanBus_GetStatus
003e8d64   _CanTx_MBoxSetupPtr
003e8dbb   _CanTx_MBoxBusy
003e8dd5   _CanTx_MBoxCancel
003e8df4   _CanTx_MBoxWrite
003e8ea6   _ParseRxMsg
003e8fb3   _ParseRxMsg2
003e8fbb   _DoReadGroup1
003e8ff7   _DoReadGroup2
003e901d   _DoReadGroup3
003e9035   _CanReadMsg
003e9035   _CanRx_IntrService
003e9130   _Can_CyclicInit
003e916f   _Can_Cyclic
003e9216   _scia_init
003e923b   _scia_xmit
003e923f   _scia_fifo_init
003e9240   _do_serial_init
003e9256   _do_serial
003e943a   _adc_seq_group0_setup
003e9498   _adc_filter_seed
003e9507   _acquire_4
003e9536   _get_position_error
003e955e   _PWM_reset_isr
003e95fd   _eCan_Tx_isr
003e960e   _eCan_Rx_isr
003e962e   _I_Reg_init
003e9779   _ucalc
003e9809   _init_recoded_tab
003e9832   _lookup_access
003e984b   _is_super_user
003e9853   _is_long_id
003e9865   _is_unsigned_id
003e9872   _set_defaults
003e98ca   _write_id
003e992e   _atomic_read_int32
003e9933   _atomic_write_int32
003e9938   _fun_dummy
003e993e   _fun_01
003e9942   _fun_02
003e9946   _fun_03
003e996f   _fun_special
003e99a3   _func_id
003e99bd   _INT13_ISR
003e99c2   _INT14_ISR
003e99c7   _NMI_ISR
003e99cc   _XINT1_ISR
003e99d1   _XINT2_ISR
003e99d6   _DATALOG_ISR
003e99db   _RTOSINT_ISR
003e99e0   _EMUINT_ISR
003e99e5   _ILLEGAL_ISR
003e99ea   _USER0_ISR
003e99ef   _USER1_ISR
003e99f4   _USER2_ISR
003e99f9   _USER3_ISR
003e99fe   _USER4_ISR
003e9a03   _USER5_ISR
003e9a08   _USER6_ISR
003e9a0d   _USER7_ISR
003e9a12   _USER8_ISR
003e9a17   _USER9_ISR
003e9a1c   _USER10_ISR
003e9a21   _USER11_ISR
003e9a26   _ADCINT_ISR
003e9a2b   _TINT0_ISR
003e9a30   _WAKEINT_ISR
003e9a35   _PDPINTA_ISR
003e9a3a   _CMP1INT_ISR
003e9a3f   _CMP2INT_ISR
003e9a44   _CMP3INT_ISR
003e9a49   _T1PINT_ISR
003e9a4e   _T1CINT_ISR
003e9a5d   _T1UFINT_ISR
003e9a62   _T1OFINT_ISR
003e9a67   _T2PINT_ISR
003e9a6c   _T2CINT_ISR
003e9a71   _T2UFINT_ISR
003e9a76   _T2OFINT_ISR
003e9a7b   _CAPINT1_ISR
003e9a80   _CAPINT2_ISR
003e9a85   _CAPINT3_ISR
003e9a8a   _PDPINTB_ISR
003e9a8f   _CMP4INT_ISR
003e9a94   _CMP5INT_ISR
003e9a99   _CMP6INT_ISR
003e9a9e   _T3PINT_ISR
003e9aa3   _T3CINT_ISR
003e9aa8   _T3UFINT_ISR
003e9aad   _T3OFINT_ISR
003e9ab2   _T4PINT_ISR
003e9ab7   _T4CINT_ISR
003e9abc   _T4UFINT_ISR
003e9ac1   _T4OFINT_ISR
003e9ac6   _CAPINT4_ISR
003e9acb   _CAPINT5_ISR
003e9ad0   _CAPINT6_ISR
003e9ad5   _MRINTA_ISR
003e9ada   _MXINTA_ISR
003e9adf   _SPIRXINTA_ISR
003e9ae4   _SPITXINTA_ISR
003e9ae9   _SCIRXINTA_ISR
003e9aee   _SCITXINTA_ISR
003e9af3   _SCIRXINTB_ISR
003e9af8   _SCITXINTB_ISR
003e9afd   _ECAN0INTA_ISR
003e9b02   _ECAN1INTA_ISR
003e9b07   _PIE_RESERVED
003e9b0c   _rsvd_ISR
003e9b11   _capture_clr
003e9b1e   _capture_look
003e9b9a   _capture_init
003e9bb2   _pid_reg3_calc
003e9c47   FS$$ADD
003e9cd3   FS$$DIV
003e9d56   FD$$MPY
003e9dd8   _nibble_asc
003e9ddf   _asc_nibble
003e9df4   _sprint_hex
003e9e08   _sprint_hex_2
003e9e12   _sscan_hex_n
003e9e2e   _sscan_hex
003e9e32   FS$$MPY
003e9e8c   _c_int00
003e9ed2   _exit
003e9ef1   C$$EXIT
003e9ef3   _atexit
003e9f0f   _abort
003e9f10   FS$$TOL
003e9f4b   _cur_mod_calc
003e9f84   _InitAdc
003e9fb8   _InitSysCtrl
003e9fe3   L$$DIV
003e9ff2   L$$MOD
003ea000   UL$$DIV
003ea007   UL$$MOD
003ea00d   FS$$TOI
003ea031   I$$DIV
003ea042   I$$MOD
003ea053   _InitPieCtrl
003ea074   FD$$TOL
003ea093   FS$$TOFD
003ea0b0   I$$TOFD
003ea0ca   I$$TOFS
003ea0e4   L$$TOFS
003ea0fe   L$$TOFD
003ea117   U$$TOFD
003ea12f   FS$$CMP
003ea146   _InitPieVectTable
003ea158   U$$TOFS
003ea168   _get_regid_type
003ea175   U$$DIV
003ea17a   U$$MOD
003ea180   FS$$SUB
003ea189   __nop
003ea18a   __register_lock
003ea18d   __register_unlock
003ea190   _DSP28x_usDelay
003ec000   _RamfuncsLoadstart
003ed7cb   _RamfuncsLoadend
003ed7cb   _min_max
003ed7d2   _min_max_u
003ed7d9   _min_max_32
003ed7e2   _min_max_abs
003ed7eb   _grad_el_to_MPOS
003ed7f7   _CommandTypeUpdate
003ed807   _SpeedLimitUddate
003ed819   _ConfigResolverResolution
003ed860   _define_carrier_freq
003ed938   _Init_basics
003eda4f   _Reset_SC
003eda79   _Init_feedback
003edc45   _define_timer_delta
003edc6e   _kern_update
003ee13b   _Init_vars
003ee2e5   _speed_filt
003ee36d   _Set_PWM_none
003ee37b   _Set_PWM_bottom3
003ee388   _Filter_I_ref
003ee3d3   _CheckRotorError
003ee3f9   _Get_I_ist_offset
003ee43d   _Check_SC
003ee4dc   _Get_analog_command
003ee5c6   _Get_Reference_Speed
003ee674   _Reset_PID_current
003ee6c5   _Reset_PID_speed
003ee6ce   _Reset_PID_position
003ee6d7   _CheckSemaphore
003ee8bf   _Check_Raceaway
003ee939   _common_init
003ee983   _tune_init
003ee9a6   _rho_ramp
003ee9dc   _Iq_ramp
003ee9f1   _hall_stab
003eea5c   _ripple
003eeadc   _dc_handler
003eebdd   _calc_kern_update
003eecc8   _convert_float2int
003eed42   _calc_from_measure2
003eeda2   _calc_from_measure3
003eede2   _calc_from_measure4
003eee22   _calc_from_motplate
003eefe7   _calc_from_measure1
003ef1ab   _measure_rotor_res
003ef1bd   _measure_magn_still
003ef1cf   _measure_magn_rot
003ef1e1   _measure_stat_res
003ef259   _measure_lkg_induct
003ef30e   _tuning_handler
003ef4ef   _get_rho_offset
003ef539   _phasing_handler
003ef71b   _toffs_handler
003ef82e   _LogicInit
003ef84c   _DoSortIn
003ef8e6   _DoLogicReadPort
003ef933   _LogicUpdate
003ef97a   _LogicIn
003efa88   _LogicOut
003efb82   _reset_error
003efb99   _DoSortOut
003efd89   _spi_init
003efda8   _spi_eep_page_read
003efde5   _spi_eep_page_write
003efe51   _eep_para_read
003efeec   _eep_para_write
003eff9d   _eep_ascii_read
003effa7   _eep_ascii_write
003effb1   _spi_7seg_write
003effcf   _spi_dac_write
003f0000   _IQmathLoadstart
003f02be   _IQmathLoadend
003f0308   _do_logic
003f0862   _do_Ilim
003f0a58   _do_update
003f0b7b   _SysTimerPoll
003f0bfa   _seg7_standard
003f0c9a   _statistics
003f0d64   _CanInit
003f7ff8   _CsmPwl
003f8000   _Get_speed_ist
003f8000   _RamfuncsRunstart
003f8258   _Get_I_ist
003f828c   _Check_Ipeak
003f82bf   _Get_mpos32
003f83a8   _Get_rotor
003f8596   _Get_mpos_ist
003f86cc   _Get_speed_ramp
003f878a   _Check_ReGen_Bleeder
003f8810   _acquire_currm
003f8847   _acquire_0
003f8890   _acquire_1
003f88fe   _acquire_2
003f89a0   _acquire_3
003f8a31   _acquire_5
003f8a60   _do_ctrl_sub_mode
003f8af2   _do_torque_common
003f8b00   _do_speed_common
003f8b47   _do_position_common
003f8b92   _DefineMode
003f8d08   _do_acquire_mainint
003f8d46   _do_acquire_add_int
003f8d7a   _do_glue
003f8dbf   _do_current
003f8e0a   _evat1_isr_uflw
003f8ec5   _evat1_isr_prdm
003f8f6a   _adc_isr
003f8faf   _I_components
003f90df   _I_Reg
003f9678   _pid_reg4_calc
003f96e4   _neu_calc
003f9749   _ipark_calc
003f9776   _park_calc
003f97a3   _InitFlash
003f97ba   _clarke_calc
003f97cb   _IQmathRunstart
003f97cb   __IQ16atan2PU
003f9853   __IQ16mag
003f98b3   __IQ24mag
003f9913   __IQ16div
003f995a   __IQ24div
003f99a1   __IQ1sqrt
003f99e3   __IQ24sqrt
003f9a25   __IQ24sinPU
003f9a4e   __IQ24cosPU
003f9a75   __IQ24toF
003ff000   _IQsinTable
003ff100   _IQcosTable
003ff400   _IQsinTableEnd
003ff502   _IQcosTableEnd
003ff502   _IQdivRoundSatTable
003ff510   _IQdivTable
003ff712   _IQdivTableEnd
003ff712   _IQisqrtRoundSatTable
003ff712   _IQsqrtRoundSatTable
003ff722   _IQisqrtTable
003ff722   _IQsqrtTable
003ff824   _IQatan2HalfPITable
003ff824   _IQisqrtTableEnd
003ff824   _IQsqrtTableEnd
003ff862   _IQatan2Table
003ff9e8   _IQ30mpyRndSatTable
003ff9e8   _IQatan2TableEnd
003ff9e8   _IQmpyRndSatTable
003ff9f4   _IQ29mpyRndSatTable
003ffa00   _IQ28mpyRndSatTable
003ffa0c   _IQ27mpyRndSatTable
003ffa18   _IQ26mpyRndSatTable
003ffa24   _IQ25mpyRndSatTable
003ffa30   _IQ24mpyRndSatTable
003ffa3c   _IQ23mpyRndSatTable
003ffa48   _IQ22mpyRndSatTable
003ffa54   _IQ21mpyRndSatTable
003ffa60   _IQ20mpyRndSatTable
003ffa6c   _IQ19mpyRndSatTable
003ffa78   _IQ18mpyRndSatTable
003ffa84   _IQ17mpyRndSatTable
003ffa90   _IQ16mpyRndSatTable
003ffa9c   _IQ15mpyRndSatTable
003ffaa8   _IQ14mpyRndSatTable
003ffab4   _IQ13mpyRndSatTable
003ffac0   _IQ12mpyRndSatTable
003ffacc   _IQ11mpyRndSatTable
003ffad8   _IQ10mpyRndSatTable
003ffae4   _IQ9mpyRndSatTable
003ffaf0   _IQ8mpyRndSatTable
003ffafc   _IQ7mpyRndSatTable
003ffb08   _IQ6mpyRndSatTable
003ffb14   _IQ5mpyRndSatTable
003ffb20   _IQ4mpyRndSatTable
003ffb2c   _IQ3mpyRndSatTable
003ffb38   _IQ2mpyRndSatTable
003ffb44   _IQ1mpyRndSatTable
003ffb50   _IQmpyRndSatTableEnd
ffffffff   .bss
ffffffff   .text
ffffffff   ___binit__
ffffffff   ___bss__
ffffffff   ___c_args__
ffffffff   ___end__
ffffffff   ___etext__
ffffffff   ___pinit__
ffffffff   ___text__
ffffffff   binit
ffffffff   end
ffffffff   etext
ffffffff   pinit

[1314 symbols]
