******************************************************************************
             TMS320C2000 Linker PC v6.1.0                      
******************************************************************************
>> Linked Wed Mar 27 08:51:43 2013

OUTPUT FILE NAME:   <Reg2812.out>
ENTRY POINT SYMBOL: "_c_int00"  address: 003eb6b3


MEMORY CONFIGURATION

         name            origin    length      used     unused   attr    fill
----------------------  --------  ---------  --------  --------  ----  --------
PAGE 0:
  RAML0                 00008000   00001000  00000824  000007dc  RWIX
  OTP                   003d7800   00000800  00000000  00000800  RWIX
  FLASHJ                003d8000   00002000  00000000  00002000  RWIX
  FLASHI                003da000   00002000  00000023  00001fdd  RWIX
  FLASHH                003dc000   00004000  00001428  00002bd8  RWIX
  FLASHG                003e0000   00004000  00000000  00004000  RWIX
  FLASHF                003e4000   00004000  00000000  00004000  RWIX
  FLASHE                003e8000   00004000  000039cd  00000633  RWIX
  FLASHD                003ec000   00004000  00004000  00000000  RWIX
  FLASHC                003f0000   00004000  00000fdd  00003023  RWIX
  FLASHA                003f6000   00001ff6  00000000  00001ff6  RWIX
  BEGIN                 003f7ff6   00000002  00000002  00000000  RWIX
  RAMH0                 003f8000   00002000  00001f95  0000006b  RWIX
  ROM                   003ff000   00000fc0  00000b50  00000470  RWIX
  RESET                 003fffc0   00000002  00000000  00000002  RWIX
  VECTORS               003fffc2   0000003e  00000000  0000003e  RWIX

PAGE 1:
  RAMM0                 00000000   00000400  00000000  00000400  RWIX
  RAMM1                 00000400   00000400  00000190  00000270  RWIX
  DEV_EMU               00000880   00000180  000000d6  000000aa  RWIX
  FLASH_REGS            00000a80   00000060  00000008  00000058  RWIX
  CSM                   00000ae0   00000010  00000010  00000000  RWIX
  XINTF                 00000b20   00000020  00000020  00000000  RWIX
  CPU_TIMER0            00000c00   00000008  00000008  00000000  RWIX
  PIE_CTRL              00000ce0   00000020  0000001a  00000006  RWIX
  PIE_VECT              00000d00   00000100  00000100  00000000  RWIX
  ZONE0                 00002000   00002000  00000001  00001fff  RWIX
  ZONE1                 00004000   00002000  00000000  00002000  RWIX
  ECAN_A                00006000   00000040  00000034  0000000c  RWIX
  ECAN_LAM              00006040   00000040  00000040  00000000  RWIX
  ECAN_MOTS             00006080   00000040  00000040  00000000  RWIX
  ECAN_MOTO             000060c0   00000040  00000040  00000000  RWIX
  ECAN_AMBOX            00006100   00000100  00000100  00000000  RWIX
  SYSTEM                00007010   00000020  00000020  00000000  RWIX
  SPI_A                 00007040   00000010  00000010  00000000  RWIX
  SCI_A                 00007050   00000010  00000010  00000000  RWIX
  XINTRUPT              00007070   00000010  00000010  00000000  RWIX
  GPIOMUX               000070c0   00000020  00000020  00000000  RWIX
  GPIODAT               000070e0   00000020  00000020  00000000  RWIX
  ADC                   00007100   00000020  0000001a  00000006  RWIX
  EV_A                  00007400   00000040  00000032  0000000e  RWIX
  EV_B                  00007500   00000040  00000032  0000000e  RWIX
  SCI_B                 00007750   00000010  00000010  00000000  RWIX
  MCBSP_A               00007800   00000040  00000025  0000001b  RWIX
  RAML1                 00009000   00001000  00000ca5  0000035b  RWIX
  ZONE2                 00080000   00080000  00000001  0007ffff  RWIX
  ZONE6                 00100000   00080000  00000000  00080000  RWIX
  FLASHB                003f4000   00002000  00000000  00002000  RWIX
  CSM_PWL               003f7ff8   00000008  00000008  00000000  RWIX


SECTION ALLOCATION MAP

 output                                  attributes/
section   page    origin      length       input sections
--------  ----  ----------  ----------   ----------------
.cst       0    00008000    00000824     UNINITIALIZED
                  00008000    00000824     capture.obj (.cst)

CopyFunction 
*          0    003da000    00000021     
                  003da000    00000021     main.obj (CopyFunction)

VersionData 
*          0    003da021    00000002     
                  003da021    00000002     Version.obj (VersionData)

.econst    0    003dc000    00001428     
                  003dc000    00001098     utils.obj (.econst:_para_tab)
                  003dd098    000001c8     main.obj (.econst:_size_para)
                  003dd260    00000100     PieVect.obj (.econst)
                  003dd360    00000014     ntadd.obj (.econst)
                  003dd374    00000010     core.obj (.econst:_HallList)
                  003dd384    00000010     main.obj (.econst:_alarm_char)
                  003dd394    00000010     main.obj (.econst:_drat_fr)
                  003dd3a4    00000010     core.obj (.econst:_fun_disp)
                  003dd3b4    00000010     core.obj (.econst:_sc_combi)
                  003dd3c4    00000010     core.obj (.econst:_sc_mul)
                  003dd3d4    0000000c     ntadd.obj (.econst:_cw_rotor)
                  003dd3e0    00000008     Interrupt.obj (.econst)
                  003dd3e8    00000008     Interrupt.obj (.econst:_ADC_SEQall)
                  003dd3f0    00000008     core.obj (.econst:_DZR_select)
                  003dd3f8    00000008     core.obj (.econst:_PWM_select)
                  003dd400    00000008     core.obj (.econst:_actra_block)
                  003dd408    00000008     core.obj (.econst)
                  003dd410    00000006     core.obj (.econst:_sector)
                  003dd416    00000006     main.obj (.econst)
                  003dd41c    00000006     ntcalc.obj (.econst)
                  003dd422    00000004     utils.obj (.econst)
                  003dd426    00000002     main.obj (.econst:_disps)

.cinit     0    003e8000    00000189     
                  003e8000    000000d4     ntcalc.obj (.cinit)
                  003e80d4    00000052     main.obj (.cinit)
                  003e8126    00000017     Interrupt.obj (.cinit)
                  003e813d    00000016     core.obj (.cinit)
                  003e8153    00000015     utils.obj (.cinit)
                  003e8168    0000000b     rts2800.lib : exit.obj (.cinit)
                  003e8173    00000009     spi.obj (.cinit)
                  003e817c    00000008     rts2800.lib : _lock.obj (.cinit)
                  003e8184    00000003                 : errno.obj (.cinit)
                  003e8187    00000002     --HOLE-- [fill = 0]

.text.1    0    003e8189    00003844     
                  003e8189    00001394     core.obj (.text)
                  003e951d    0000083d     can.obj (.text)
                  003e9d5a    0000061d     Logic.obj (.text)
                  003ea377    000002fe     Interrupt.obj (.text)
                  003ea675    00000280     ntcalc.obj (.text)
                  003ea8f5    00000271     spi.obj (.text)
                  003eab66    00000267     sci.obj (.text)
                  003eadcd    000001a9     utils.obj (.text)
                  003eaf76    00000154     DefaultIsr.obj (.text:retain)
                  003eb0ca    00000126     capture.obj (.text)
                  003eb1f0    000000fc     Interrupt.obj (.text:retain)
                  003eb2ec    0000009d     rts2800.lib : exp.obj (.text)
                  003eb389    00000096     pid_reg3.obj (.text)
                  003eb41f    0000008c     rts2800.lib : fs_add.obj (.text)
                  003eb4ab    00000083                 : fs_div.obj (.text)
                  003eb52e    00000082                 : fd_mpy.obj (.text)
                  003eb5b0    0000005a                 : fs_mpy.obj (.text)
                  003eb60a    00000058     aschex.obj (.text)
                  003eb662    00000051     rts2800.lib : sqrt.obj (.text)
                  003eb6b3    00000046                 : boot.obj (.text)
                  003eb6f9    0000003e                 : exit.obj (.text)
                  003eb737    0000003b                 : fs_tol.obj (.text)
                  003eb772    00000039     cur_mod.obj (.text)
                  003eb7ab    00000034     DSP28_Adc.obj (.text)
                  003eb7df    0000002f     rts2800.lib : ldexp.obj (.text)
                  003eb80e    0000002b     SysCtrl.obj (.text)
                  003eb839    0000002a     rts2800.lib : l_div.obj (.text)
                  003eb863    00000024                 : fs_toi.obj (.text)
                  003eb887    00000021     PieCtrl.obj (.text)
                  003eb8a8    0000001f     rts2800.lib : fd_tol.obj (.text)
                  003eb8c7    0000001d                 : fs_tofd.obj (.text)
                  003eb8e4    0000001a                 : i_tofd.obj (.text)
                  003eb8fe    0000001a                 : i_tofs.obj (.text)
                  003eb918    0000001a                 : l_tofs.obj (.text)
                  003eb932    00000019                 : l_tofd.obj (.text)
                  003eb94b    00000018                 : u_tofd.obj (.text)
                  003eb963    00000017                 : fs_cmp.obj (.text)
                  003eb97a    00000012     PieVect.obj (.text)
                  003eb98c    00000010     rts2800.lib : u_tofs.obj (.text)
                  003eb99c    0000000d     regid.obj (.text)
                  003eb9a9    0000000b     rts2800.lib : u_div.obj (.text)
                  003eb9b4    00000009                 : fs_sub.obj (.text)
                  003eb9bd    00000007                 : _lock.obj (.text)
                  003eb9c4    00000005                 : fs_neg.obj (.text)
                  003eb9c9    00000004     DSP28_usDelay.obj (.text)

ramfuncs   0    003ec000    00001c08     RUN ADDR = 003f8000
                  003ec000    0000098c     ntcalc.obj (ramfuncs)
                  003ec98c    000008f1     core.obj (ramfuncs)
                  003ed27d    00000734     Interrupt.obj (ramfuncs)
                  003ed9b1    000001a1     Interrupt.obj (ramfuncs:retain)
                  003edb52    00000070     pid_reg4.obj (ramfuncs)
                  003edbc2    0000001e     neu.obj (ramfuncs)
                  003edbe0    00000017     SysCtrl.obj (ramfuncs)
                  003edbf7    00000011     clarke.obj (ramfuncs)

.text.2    0    003edc08    000023f8     
                  003edc08    00001643     ntadd.obj (.text)
                  003ef24b    00000d93     main.obj (.text)
                  003effde    00000022     rts2800.lib : i_div.obj (.text)

IQmath     0    003f0000    0000038d     RUN ADDR = 003f9c08
                  003f0000    00000088     IQmath.lib : IQ16atan2PU.obj (IQmath)
                  003f0088    00000088                : IQ24atan2PU.obj (IQmath)
                  003f0110    00000060                : IQ16mag.obj (IQmath)
                  003f0170    00000060                : IQ24mag.obj (IQmath)
                  003f01d0    00000047                : IQ16div.obj (IQmath)
                  003f0217    00000047                : IQ20div.obj (IQmath)
                  003f025e    00000047                : IQ24div.obj (IQmath)
                  003f02a5    00000042                : IQ1sqrt.obj (IQmath)
                  003f02e7    00000042                : IQ24sqrt.obj (IQmath)
                  003f0329    00000029                : IQ24sinPU.obj (IQmath)
                  003f0352    00000027                : IQ24cosPU.obj (IQmath)
                  003f0379    00000014                : IQ24toF.obj (IQmath)

.switch    0    003f038e    00000c50     
                  003f038e    000005fa     Logic.obj (.switch)
                  003f0988    000003cc     main.obj (.switch)
                  003f0d54    0000013c     can.obj (.switch)
                  003f0e90    00000034     Logic.obj (.switch:_LogicIn)
                  003f0ec4    0000002e     ipark.obj (.switch)
                  003f0ef2    0000002d     park.obj (.switch)
                  003f0f1f    00000001     --HOLE-- [fill = 0]
                  003f0f20    0000002a     main.obj (.switch:_set_ptr)
                  003f0f4a    00000020     Logic.obj (.switch:_LogicOut)
                  003f0f6a    00000020     Logic.obj (.switch:_do_logic)
                  003f0f8a    0000001e     core.obj (.switch:_Get_analog_command)
                  003f0fa8    0000001e     ntadd.obj (.switch:_tuning_handler)
                  003f0fc6    00000018     can.obj (.switch:_CanTx_MBoxSetupPtr)

codestart 
*          0    003f7ff6    00000002     
                  003f7ff6    00000002     CodeStartBranch.obj (codestart)

IQmathTables 
*          0    003ff000    00000b50     NOLOAD SECTION
                  003ff000    00000b50     IQmath.lib : IQmathTables.ob (IQmathTables)

.reset     0    003fffc0    00000002     DSECT
                  003fffc0    00000002     rts2800.lib : boot.obj (.reset)

vectors    0    003fffc2    00000000     DSECT

.stack     1    00000400    00000190     UNINITIALIZED
                  00000400    00000190     --HOLE--

DevEmuRegsFile 
*          1    00000880    000000d6     UNINITIALIZED
                  00000880    000000d6     main.obj (DevEmuRegsFile)

FlashRegsFile 
*          1    00000a80    00000008     UNINITIALIZED
                  00000a80    00000008     main.obj (FlashRegsFile)

CsmRegsFile 
*          1    00000ae0    00000010     UNINITIALIZED
                  00000ae0    00000010     main.obj (CsmRegsFile)

XintfRegsFile 
*          1    00000b20    00000020     UNINITIALIZED
                  00000b20    00000020     main.obj (XintfRegsFile)

CpuTimer0RegsFile 
*          1    00000c00    00000008     UNINITIALIZED
                  00000c00    00000008     main.obj (CpuTimer0RegsFile)

PieCtrlRegsFile 
*          1    00000ce0    0000001a     UNINITIALIZED
                  00000ce0    0000001a     main.obj (PieCtrlRegsFile)

PieVectTable 
*          1    00000d00    00000100     UNINITIALIZED
                  00000d00    00000100     main.obj (PieVectTable)

Zone0File 
*          1    00002000    00000001     UNINITIALIZED
                  00002000    00000001     main.obj (Zone0File)

ECanaRegsFile 
*          1    00006000    00000034     UNINITIALIZED
                  00006000    00000034     main.obj (ECanaRegsFile)

ECanaLamFile 
*          1    00006040    00000040     UNINITIALIZED
                  00006040    00000040     main.obj (ECanaLamFile)

ECanaMotsFile 
*          1    00006080    00000040     UNINITIALIZED
                  00006080    00000040     main.obj (ECanaMotsFile)

ECanaMotoFile 
*          1    000060c0    00000040     UNINITIALIZED
                  000060c0    00000040     main.obj (ECanaMotoFile)

ECanaMboxesFile 
*          1    00006100    00000100     UNINITIALIZED
                  00006100    00000100     main.obj (ECanaMboxesFile)

SysCtrlRegsFile 
*          1    00007010    00000020     UNINITIALIZED
                  00007010    00000020     main.obj (SysCtrlRegsFile)

SpiaRegsFile 
*          1    00007040    00000010     UNINITIALIZED
                  00007040    00000010     main.obj (SpiaRegsFile)

SciaRegsFile 
*          1    00007050    00000010     UNINITIALIZED
                  00007050    00000010     main.obj (SciaRegsFile)

XIntruptRegsFile 
*          1    00007070    00000010     UNINITIALIZED
                  00007070    00000010     main.obj (XIntruptRegsFile)

GpioMuxRegsFile 
*          1    000070c0    00000020     UNINITIALIZED
                  000070c0    00000020     main.obj (GpioMuxRegsFile)

GpioDataRegsFile 
*          1    000070e0    00000020     UNINITIALIZED
                  000070e0    00000020     main.obj (GpioDataRegsFile)

AdcRegsFile 
*          1    00007100    0000001a     UNINITIALIZED
                  00007100    0000001a     main.obj (AdcRegsFile)

EvaRegsFile 
*          1    00007400    00000032     UNINITIALIZED
                  00007400    00000032     main.obj (EvaRegsFile)

EvbRegsFile 
*          1    00007500    00000032     UNINITIALIZED
                  00007500    00000032     main.obj (EvbRegsFile)

ScibRegsFile 
*          1    00007750    00000010     UNINITIALIZED
                  00007750    00000010     main.obj (ScibRegsFile)

McbspaRegsFile 
*          1    00007800    00000025     UNINITIALIZED
                  00007800    00000025     main.obj (McbspaRegsFile)

.ebss.1    1    00009000    000002a8     UNINITIALIZED
                  00009000    000002a6     main.obj (.ebss)
                  000092a6    00000002     pid_reg3.obj (.ebss)

.bss.1     1    000092a8    00000005     UNINITIALIZED
                  000092a8    00000004     rts2800.lib : _lock.obj (.bss)
                  000092ac    00000001                 : errno.obj (.bss)

.ebss.2    1    000092c0    00000268     UNINITIALIZED
                  000092c0    00000268     ntcalc.obj (.ebss)

.ebss.3    1    00009540    00000490     UNINITIALIZED
                  00009540    00000240     spi.obj (.ebss)
                  00009780    00000140     utils.obj (.ebss)
                  000098c0    00000110     can.obj (.ebss)

.ebss.4    1    00009a00    000000c6     UNINITIALIZED
                  00009a00    000000c6     ntadd.obj (.ebss)

.ebss.5    1    00009b00    00000090     UNINITIALIZED
                  00009b00    00000090     core.obj (.ebss)

.ebss.6    1    00009bc0    00000076     UNINITIALIZED
                  00009bc0    00000076     sci.obj (.ebss)

.ebss.7    1    00009c40    00000068     UNINITIALIZED
                  00009c40    00000068     Interrupt.obj (.ebss)

.ebss.8    1    00009cc0    0000004c     UNINITIALIZED
                  00009cc0    0000004c     Logic.obj (.ebss)

.bss.2     1    00009d40    00000080     UNINITIALIZED
                  00009d40    00000080     rts2800.lib : exit.obj (.bss)

Zone2File 
*          1    00080000    00000001     UNINITIALIZED
                  00080000    00000001     main.obj (Zone2File)

CsmPwlFile 
*          1    003f7ff8    00000008     UNINITIALIZED
                  003f7ff8    00000008     main.obj (CsmPwlFile)


GLOBAL SYMBOLS: SORTED ALPHABETICALLY BY Name 

address    name
--------   ----
ffffffff   .bss
ffffffff   .text
003eb718   C$$EXIT
003eb52e   FD$$MPY
003eb8a8   FD$$TOL
003eb41f   FS$$ADD
003eb963   FS$$CMP
003eb4ab   FS$$DIV
003eb5b0   FS$$MPY
003eb9c4   FS$$NEG
003eb9b4   FS$$SUB
003eb8c7   FS$$TOFD
003eb863   FS$$TOI
003eb737   FS$$TOL
003effde   I$$DIV
003effef   I$$MOD
003eb8e4   I$$TOFD
003eb8fe   I$$TOFS
003eb839   L$$DIV
003eb848   L$$MOD
003eb932   L$$TOFD
003eb918   L$$TOFS
003eb9a9   U$$DIV
003eb9ae   U$$MOD
003eb94b   U$$TOFD
003eb98c   U$$TOFS
003eb856   UL$$DIV
003eb85d   UL$$MOD
00009030   _AD2Volt
003eafdf   _ADCINT_ISR
00009c98   _ADC_ACQrun
003dd3e8   _ADC_SEQall
00009c90   _ADC_SEQrun
00009c5a   _AblePN
000091c8   _AdPwrID1
00009228   _AdPwrID2
00009102   _AdcCutoff1
00009101   _AdcCutoff2
00009104   _AdcFilt12
000091fa   _AdcIntCount
00009154   _AdcOffset1
00009152   _AdcOffset2
00007100   _AdcRegs
000091ca   _AnaIn1_calc
00009c7c   _AnaIn1_pt1
000091d0   _AnaIn2_calc
00009c88   _AnaIn2_pt1
00009c58   _AnaIn_cnt
003ea46b   _AnaIn_ptx
003ea489   _AnaMode
0000901d   _AnalogCommand
000091da   _AnalogIn1
000091cc   _AnalogIn1_F
00009121   _AnalogIn1_M
000091ce   _AnalogIn2
000091d2   _AnalogIn2_F
00009123   _AnalogIn2_M
00009b4a   _BL_Speed
00009b4c   _BL_Tacho
00009079   _Bal_Off
00009076   _Bal_On
003eb034   _CAPINT1_ISR
003eb039   _CAPINT2_ISR
003eb03e   _CAPINT3_ISR
003eb07f   _CAPINT4_ISR
003eb084   _CAPINT5_ISR
003eb089   _CAPINT6_ISR
003eaff3   _CMP1INT_ISR
003eaff8   _CMP2INT_ISR
003eaffd   _CMP3INT_ISR
003eb048   _CMP4INT_ISR
003eb04d   _CMP5INT_ISR
003eb052   _CMP6INT_ISR
00009b42   _COMMAND_ana_input
00009b44   _COMMAND_ana_mask
003e9825   _CanBus_ClearStatus
003e9838   _CanBus_GetStatus
003e97f0   _CanCheckID_Param
000098c8   _CanError_Ack
000098c9   _CanError_Bit
000098d3   _CanError_BusOff
000098ce   _CanError_CRC
000098ca   _CanError_ErrorPassive
000098cb   _CanError_ErrorWarning
000098d4   _CanError_Form
000098cd   _CanError_RxOverflow
000098cc   _CanError_Stuff
003f0d54   _CanInit
003e9b6e   _CanReadMsg
00009940   _CanReplies
003e9b6e   _CanRx_IntrService
003e98d1   _CanTx_MBoxBusy
003e98ec   _CanTx_MBoxCancel
003e987a   _CanTx_MBoxSetupPtr
003e990b   _CanTx_MBoxWrite
003e9ca9   _Can_Cyclic
003e9c69   _Can_CyclicInit
003e8e17   _CheckRotorError
003e92a6   _CheckSemaphore
003f8caf   _Check_Ipeak
003e94a3   _Check_Raceaway
003f91f1   _Check_ReGen_Bleeder
003e8ea2   _Check_SC
0000914a   _CommandSource
003e81b5   _CommandTypeUpdate
00009b10   _Command_ana_sce
00009b0f   _Command_sce_type
003e81d7   _ConfigResolverResolution
00009b0d   _ControlMode
000091f2   _Cosinus
000091e2   _Cosinus_32
000091e0   _Cosinus_32s
000091f0   _Cosinus_comp
00000c00   _CpuTimer0Regs
003f7ff8   _CsmPwl
00000ae0   _CsmRegs
00009b0e   _CtrlSubMode
0000904f   _CurrentActual
00009046   _CurrentAllowed_calc
00009045   _CurrentAllowed_con
00009041   _CurrentAllowed_inuse
00009044   _CurrentAllowed_max
00009047   _CurrentAllowed_maxnom
00009040   _CurrentAllowed_peak
000090a8   _CurrentAllowed_temp
0000905a   _CurrentCommand
00009059   _CurrentCommand_ramped
00009b15   _CurrentMode
00009049   _CurrentOut
0000905c   _CurrentSetPoint
003eaf8f   _DATALOG_ISR
003eb9c9   _DSP28x_usDelay
00009053   _DZR_cnt
0000905e   _DZR_lop
003dd3f0   _DZR_select
00009054   _DZR_seq
00009156   _Debug1
0000915e   _Debug2
0000915c   _Debug3
00009172   _Debug4
00009176   _Debug5
00009cc2   _DefineLogicPin_din1
00009ccf   _DefineLogicPin_din2
00009cca   _DefineLogicPin_dout1
00009ccb   _DefineLogicPin_dout2
00009cd0   _DefineLogicPin_dout3
00009ccd   _DefineLogicPin_dout4
00009cc1   _DefineLogicPin_end1
00009ccc   _DefineLogicPin_end2
003f96b3   _DefineMode
00009cc3   _DefineUserPin_dac
00009b1e   _DeltaMax
00000880   _DevEmuRegs
00009d02   _DeviceAutoID
000091a4   _DeviceDCBus_Min
00009170   _DeviceExtRegenPower
00009050   _DeviceMains
00009319   _DeviceMains_half
000091a0   _DeviceSerialNumber
00009075   _DigCutoff
0000901f   _DigitalCommand
00009128   _Dir150
00009126   _Dir151
00009127   _Dir152
00009122   _Dir153
003e9e12   _DoLogicReadPort
003e9af4   _DoReadGroup1
003e9b30   _DoReadGroup2
003e9b56   _DoReadGroup3
003e9d78   _DoSortIn
003ea191   _DoSortOut
00009352   _Dstest
000090f8   _Dummy
003eb0b6   _ECAN0INTA_ISR
003eb0bb   _ECAN1INTA_ISR
00006040   _ECanaLam
00006100   _ECanaMboxes
000060c0   _ECanaMoto
00006080   _ECanaMots
00006000   _ECanaRegs
0000990a   _ECanaShadow
00009a34   _EMKpk
003eaf99   _EMUINT_ISR
000090f5   _Enable
00009109   _ErrorBitMap
00007400   _EvaRegs
000091fe   _EvaT1IntPrdcnt
00009200   _EvaT1IntUflcnt
00007500   _EvbRegs
00009b01   _ExtraFeedback
00009214   _Feedback1_scale
00009212   _Feedback2_scale
003f8ce2   _Filter_I_ref
0000910a   _Flags
00000a80   _FlashRegs
003da000   _FlashToRam
00009061   _GEBER_MOTOR_pole_ratio
000090e9   _GEBER_pole
003e9152   _Get_Handwheel_Position
003f8c29   _Get_I_ist
003e8e5c   _Get_I_ist_offset
003e9181   _Get_Reference_Speed
003e905e   _Get_analog_command
003e8f67   _Get_mpos32
003f8f58   _Get_mpos_ist
003f8d31   _Get_rotor
003f898c   _Get_speed_ist
003f90b0   _Get_speed_ramp
000070e0   _GpioDataRegs
003efd1c   _GpioInit
000070c0   _GpioMuxRegs
0000913a   _HTS_TEMP_limit_cnt
00009138   _HTS_TEMP_warn_cnt
00009b37   _HW_state
003dd374   _HallList
00009218   _HandwheelActual
000091f8   _HandwheelOffset
000091f6   _HandwheelPositionStart
000098c3   _HaveSeenNewRxCAN
00009002   _I1_adc
0000902b   _I1_ist
00009001   _I2_adc
0000902a   _I2_ist
00009c53   _I2_ist_atint
000090d9   _I2_ist_offset
000090db   _I2_ist_offset_disab
000090d8   _I2_ist_offset_valid
00009a1d   _I2_max
00009a21   _I2_min
000091c4   _I2_offset_32
00009b2e   _I2_peak
00009a09   _I2_rip
00009071   _I3_ist
00009c51   _I3_ist_atint
000090da   _I3_ist_offset
000090d4   _I3_ist_offset_disab
000090d5   _I3_ist_offset_valid
00009a0b   _I3_max
00009a07   _I3_min
000091c2   _I3_offset_32
00009b25   _I3_peak
00009a02   _I3_rip
0000910e   _ID_ok
0000910d   _ID_warn
003eaf9e   _ILLEGAL_ISR
003eaf76   _INT13_ISR
003eaf7b   _INT14_ISR
003ffad8   _IQ10mpyRndSatTable
003ffacc   _IQ11mpyRndSatTable
003ffac0   _IQ12mpyRndSatTable
003ffab4   _IQ13mpyRndSatTable
003ffaa8   _IQ14mpyRndSatTable
003ffa9c   _IQ15mpyRndSatTable
003ffa90   _IQ16mpyRndSatTable
003ffa84   _IQ17mpyRndSatTable
003ffa78   _IQ18mpyRndSatTable
003ffa6c   _IQ19mpyRndSatTable
003ffb44   _IQ1mpyRndSatTable
003ffa60   _IQ20mpyRndSatTable
000093a8   _IQ20sqrt2
003ffa54   _IQ21mpyRndSatTable
003ffa48   _IQ22mpyRndSatTable
003ffa3c   _IQ23mpyRndSatTable
003ffa30   _IQ24mpyRndSatTable
003ffa24   _IQ25mpyRndSatTable
003ffa18   _IQ26mpyRndSatTable
003ffa0c   _IQ27mpyRndSatTable
003ffa00   _IQ28mpyRndSatTable
003ff9f4   _IQ29mpyRndSatTable
003ffb38   _IQ2mpyRndSatTable
003ff9e8   _IQ30mpyRndSatTable
003ffb2c   _IQ3mpyRndSatTable
003ffb20   _IQ4mpyRndSatTable
003ffb14   _IQ5mpyRndSatTable
003ffb08   _IQ6mpyRndSatTable
003ffafc   _IQ7mpyRndSatTable
003ffaf0   _IQ8mpyRndSatTable
003ffae4   _IQ9mpyRndSatTable
003ff824   _IQatan2HalfPITable
003ff862   _IQatan2Table
003ff9e8   _IQatan2TableEnd
003ff100   _IQcosTable
003ff502   _IQcosTableEnd
003ff502   _IQdivRoundSatTable
003ff510   _IQdivTable
003ff712   _IQdivTableEnd
003ff712   _IQisqrtRoundSatTable
003ff722   _IQisqrtTable
003ff824   _IQisqrtTableEnd
003f038d   _IQmathLoadend
003f0000   _IQmathLoadstart
003f9c08   _IQmathRunstart
003ff9e8   _IQmpyRndSatTable
003ffb50   _IQmpyRndSatTableEnd
0000935e   _IQone
003ff000   _IQsinTable
003ff400   _IQsinTableEnd
00009360   _IQsqrt2
003ff712   _IQsqrtRoundSatTable
003ff722   _IQsqrtTable
003ff824   _IQsqrtTableEnd
000093e4   _IQzero
000090ec   _I_BALLAST
000090eb   _I_DIN1
000090e6   _I_DIN2
000090e7   _I_FAULT
000090f2   _I_FRG
000090e5   _I_LMT1
000090e8   _I_LMT2
000090f1   _I_LOS
003f82f1   _I_Reg
003ea675   _I_Reg_init
000090f4   _I_UESP
003f8000   _I_components
00009043   _I_deltamax
00009aae   _I_demand
00009ce5   _I_diglimit
000093ca   _I_disp
000093c2   _I_dispfilt
0000904d   _I_err
00009029   _I_ist
00009c54   _I_ist_atint
00009028   _I_ist_filt
00009042   _I_limit
000090dc   _I_peak_pid
00009144   _I_rd_N
00009143   _I_rd_TD
00009146   _I_rd_TE
00009073   _I_rd_TM
0000905b   _I_ref
000090df   _I_ref_delta
00009077   _I_ref_man
00009ab0   _I_step
00009052   _Iabove
000090d2   _Ib2Hz_Timeout
000093f6   _Id
000092ce   _IdUi_16
000092ca   _IdUp_16
000092e5   _Id_16
00009c60   _Id_atint
00009aba   _Id_bot
00009ab2   _Id_ref
00009ab4   _Id_top
00009404   _Idmin
00009a15   _Idmin_pc
000093f0   _Idnom
000092d0   _Idnom_16
00009a16   _Idnom_pc
000092ea   _Idout_16
000092c1   _Idref_16
000093c0   _Iist_norm
000093ee   _Ilimit_inuse
00009131   _InfoTimer1_diff
0000912a   _InfoTimer1_max
00009124   _InfoTimer1_start
003eb7ab   _InitAdc
003f9be0   _InitFlash
003eb887   _InitPieCtrl
003eb97a   _InitPieVectTable
003eb80e   _InitSysCtrl
003e8685   _Init_ballast
003e832d   _Init_basics
003e8464   _Init_feedback
003e8c0c   _Init_vars
000093e6   _Iout
000093ea   _Ioutnom
0000921a   _Ipeak_Accu
000090d3   _Ipeak_Timeout
00009220   _Ipeak_Timer
0000904c   _Ipeak_cnt
000093f8   _Iq
000092cb   _IqUd_16
000092d3   _IqUi_16
000092cd   _IqUp_16
000092e6   _Iq_16
00009c64   _Iq_atint
003eddb6   _Iq_ramp
00009aac   _Iq_ref
000093d2   _Iqaccu
000092e9   _Iqaccu_16
000093cc   _Iqfilt
000092e7   _Iqfilt_16
00009402   _Iqnom
000092cc   _Iqout_16
000093ce   _Iqrampdown
000092c0   _Iqref_16
003ef3b0   _It_Algo
00009204   _It_Monitor
00009206   _It_Rg_Monitor
00009b1b   _IxR_comp
00009a82   _KI
00009a7e   _KP
00009107   _KernMode
00009792   _KernOptions
000091a8   _KernStatus
00009106   _KernStatus2
000090b2   _LOGIC_hz
00009d04   _LOGIC_var
003e9eb0   _LogicIn
003e9d5a   _LogicInit
003ea037   _LogicOut
0000910c   _LogicReadBits
003e9e69   _LogicUpdate
0000914c   _Logic_in_falling
0000913e   _Logic_in_phy
00009c4a   _Logic_in_phy_atint
00009139   _Logic_in_prev
00009147   _Logic_in_rising
00009148   _Logic_in_sw
00009136   _Logic_in_sw_xor
000091b8   _LoopCount
00009318   _Lsigma
0000931b   _Lsigma_d
00009380   _Lsigma_d_iq
0000937e   _Lsigma_iq
00009386   _Lsigma_norm
0000931a   _Lsigma_q
0000938a   _Lsigma_q_iq
0000906a   _MOTOR_I_dauer
0000906d   _MOTOR_I_max
00009069   _MOTOR_Nom_F
0000906c   _MOTOR_Nom_V
00009064   _MOTOR_geber_incperrev
000090ed   _MOTOR_pole
000090f0   _MOTOR_rpm_max
00009b30   _MPOS_ROTOR_state
0000907d   _MPOS_angle_1V
0000906e   _MPOS_e120
00009065   _MPOS_elec
00009063   _MPOS_m360_mask
00009082   _MPOS_mech
000090ef   _MPOS_offset_elec
0000907c   _MPOS_offset_ini
00009067   _MPOS_offset_sector
00009068   _MPOS_offset_user
0000907b   _MPOS_rotor
00009b19   _MPOS_rotor_angle
00009b52   _MPOS_sum
00009a25   _MPOS_trans
003eb08e   _MRINTA_ISR
003eb093   _MXINTA_ISR
000091a2   _MaskStatus
00007800   _McbspaRegs
00009b03   _MotorFeedback
00009072   _MotorTemp_Error
00009b00   _MotorType
000090ee   _Motor_Inertia
00009198   _Motor_Lm
00009194   _Motor_Lsd
00009192   _Motor_Lsq
000091ac   _Motor_Rr
000091aa   _Motor_Rs
00009196   _Motor_Tr
003eaf80   _NMI_ISR
00009b20   _NewSpeed
00009a2c   _OMEGA0
00009a3a   _OMEGA_n
00009a38   _OMEGA_r
00009a4c   _OMEGA_s
00009a88   _OMEGA_siq
00009a42   _OMEGA_sk
00009114   _OVERVOLT_cnt
0000913d   _OVER_cnt
00009098   _O_BTB
00009097   _O_DOU1
0000909a   _O_DOU2
00009099   _O_DOU3
00009094   _O_DOU4
00009093   _O_GO
00009096   _O_NOFAULT
003eafee   _PDPINTA_ISR
003eb043   _PDPINTB_ISR
000091b6   _PDPINTCount
003dd364   _PI
003eb0c0   _PIE_RESERVED
0000909c   _POS_e_n
000091b0   _POS_ndrive_offset
0000919e   _POS_ndrive_scale
000091b2   _POS_preset
00009080   _POS_refresoedge
00009125   _POWERVOLTAGE_cnt
00009a7c   _PSIn
00009a76   _PSIp
00009014   _PWM1
00009015   _PWM2
00009012   _PWM3
0000901b   _PWM_botlim
000090d7   _PWM_carrier_frq
0000900e   _PWM_enum
0000901c   _PWM_max
00009013   _PWM_min
0000900f   _PWM_offset
00009010   _PWM_period
003eb1f0   _PWM_reset_isr
003dd3f8   _PWM_select
000090c0   _PWM_switch_cnt
00009011   _PWM_toplim
003e99bb   _ParseRxMsg
003e9aec   _ParseRxMsg2
00000ce0   _PieCtrlRegs
00000d00   _PieVectTable
003dd260   _PieVectTableInit
00009166   _PositionActual
00009164   _PositionActual_1
00009160   _PositionActual_2
00009162   _PositionActual_Alter
00009174   _PositionCommand
0000921e   _PositionDiff_Slack
00009150   _PositionError
0000914e   _PositionErrorPID
00009158   _PositionHWscaled1
0000915a   _PositionHWscaled2
0000919a   _PositionHardware1
0000919c   _PositionHardware2
0000921c   _PositionOffest_Var
0000907e   _PositionOffset_HW1
00009081   _PositionOffset_HW2
0000920c   _PositionOffset_Ref
0000920a   _PositionOffset_Slack
00009048   _PositionOut
00009240   _PositionReg
000091a6   _PositionSetPoint
00009087   _PositionWindow
00009074   _PositionZeroCapture1
0000907f   _PositionZeroCapture2
0000904b   _PowerOut
00009a1b   _Powf
00009b5e   _PrevFwd
00009b66   _PrevRev
00009b16   _Previous_sce_type
000093b4   _Psi_norm
00009b36   _REF_state
0000900a   _REGLER_I_con_pc
00009003   _REGLER_I_con_pc_der
0000906b   _REGLER_I_dauer
00009005   _REGLER_I_geraet
00009316   _REGLER_I_geraet_10tel
00009070   _REGLER_I_max
0000906f   _REGLER_I_max_pc
0000911f   _RFE_puls
00009062   _ROTOR_errcount
003eaf94   _RTOSINT_ISR
00009b28   _RaceAway
003edc08   _RamfuncsLoadend
003ec000   _RamfuncsLoadstart
003f8000   _RamfuncsRunstart
0000922c   _ReceivedChar
003e9535   _ReconfigRxMailBox_Group1
003e959d   _ReconfigRxMailBox_Group2
003e960c   _ReconfigRxMailBox_Group3
003e967e   _ReconfigTxMailBox_Group1
003e9728   _ReconfigTxMailBox_Group2
003e978c   _ReconfigTxMailBox_Group3
00009000   _Ref150
000091e4   _Ref150_32
00009004   _Ref150a
000091e8   _Ref150a_32
00009009   _Ref150b
000091e6   _Ref150b_32
0000900c   _Ref200
000091f4   _Ref200_32
000090cd   _RegidReadCntr
003e9234   _Reset_PID_current
003e929d   _Reset_PID_position
003e9291   _Reset_PID_speed
003e8440   _Reset_SC
00009b13   _Resolution_AquadB
00009b12   _Resolution_Convert
00002000   _Resolver
00009091   _RxIndex
000098d6   _RxTimer
003eb0a2   _SCIRXINTA_ISR
003eb0ac   _SCIRXINTB_ISR
003eb0a7   _SCITXINTA_ISR
003eb0b1   _SCITXINTB_ISR
00009027   _SC_cgain
00009023   _SC_cmax
0000902f   _SC_cmax_run
00009022   _SC_cmin
0000902e   _SC_cmin_run
00009026   _SC_cnt
00009025   _SC_coff
00009202   _SC_modulo
003dd416   _SC_modulo_min
00009024   _SC_sgain
00009021   _SC_smax
0000902d   _SC_smax_run
00009020   _SC_smin
0000902c   _SC_smin_run
0000903a   _SC_soff
00009a36   _SIGMA
00009017   _SPEED_calib_rapid
00009016   _SPEED_calib_slow
000091d4   _SPEED_delta_max_acc
000091d8   _SPEED_delta_max_dec
000091dc   _SPEED_delta_max_stop
00009019   _SPEED_ist_filter_USER
00009051   _SPEED_ks
00009086   _SPEED_limit
00009085   _SPEED_limit_clip_neg
00009090   _SPEED_limit_clip_pos
0000908a   _SPEED_rpm_max
00009018   _SPEED_rpm_max_int
003eb098   _SPIRXINTA_ISR
003eb09d   _SPITXINTA_ISR
00009a2e   _SQRT_1_SIGMA
00009a32   _SQRT_SIGMA
00009b56   _SQRT_kc_kd
00007050   _SciaRegs
00007750   _ScibRegs
00009b33   _Sector
00009bc0   _Serial_ErrorCount
003e8df1   _Set_PWM_0
003e8e0a   _Set_PWM_bottom3
003e8dfc   _Set_PWM_none
000091de   _Sinus
000091ea   _Sinus_32
000091ee   _Sinus_32s
000091ec   _Sinus_comp
00009b05   _SlackOneShot
00009c56   _Spd1_16
00009c57   _Spd2_16
00009135   _SpeedActual
00009184   _SpeedActual32
00009137   _SpeedActualfilt
00009190   _SpeedCmdDelta
0000914b   _SpeedCmdRamped
000091d6   _SpeedCntrCmd_scale
00009149   _SpeedCommand
0000913f   _SpeedCommandreal
00009089   _SpeedError
00009084   _SpeedLimitNeg
00009083   _SpeedLimitPos
003e81c5   _SpeedLimitUddate
00009b26   _SpeedLoop_cnt
0000904e   _SpeedOut
00009280   _SpeedReg
00009c6e   _SpeedRpmRamp
00009140   _SpeedSetPoint
0000913b   _SpeedTempomat
000093c8   _Speed_disp
000093c6   _Speed_dispfilt
00007040   _SpiaRegs
00007010   _SysCtrlRegs
003efb1c   _SysTimerPoll
003eb007   _T1CINT_ISR
003eb01b   _T1OFINT_ISR
003eb002   _T1PINT_ISR
003eb016   _T1UFINT_ISR
003eb025   _T2CINT_ISR
003eb02f   _T2OFINT_ISR
003eb020   _T2PINT_ISR
003eb02a   _T2UFINT_ISR
003eb05c   _T3CINT_ISR
003eb066   _T3OFINT_ISR
003eb057   _T3PINT_ISR
003eb061   _T3UFINT_ISR
003eb070   _T4CINT_ISR
003eb07a   _T4OFINT_ISR
003eb06b   _T4PINT_ISR
003eb075   _T4UFINT_ISR
003eafe4   _TINT0_ISR
00009033   _T_air
00009032   _T_air_m
00009c78   _T_air_pt1
0000901a   _T_comp
00009008   _T_igbt
00009034   _T_igbt_aterr
00009037   _T_igbt_limit
00009035   _T_igbt_m
00009c84   _T_igbt_pt1
00009031   _T_igbt_range
00009036   _T_igbt_warn
0000900b   _T_motor
00009007   _T_motor_aterr
00009006   _T_motor_m
00009c8c   _T_motor_pt1
000091be   _Tacho
000091bc   _Tacho_32
000091c0   _Tacho_32s
00009c41   _Tacho_s
00009b58   _Temp32
00009b22   _TempCounter
0000908f   _Temp_Debug
00009326   _Theta1
000092c8   _Theta1_16
00009a98   _Time_sum
00009180   _Timeout
00009362   _Tmax
00009a29   _Tmess
00009364   _Tmin
00009039   _Toffs1
00009038   _Toffs2
0000903b   _Toffs3
00009092   _TorqueSetPoint
0000918e   _TorqueTempomat
0000918c   _TorqueTempomat_ramped
000090de   _Torque_delta_acc
000090c9   _Torque_delta_dec
00009334   _Ts_iq
000090f3   _UBM
003eafa3   _USER0_ISR
003eafd5   _USER10_ISR
003eafda   _USER11_ISR
003eafa8   _USER1_ISR
003eafad   _USER2_ISR
003eafb2   _USER3_ISR
003eafb7   _USER4_ISR
003eafbc   _USER5_ISR
003eafc1   _USER6_ISR
003eafc6   _USER7_ISR
003eafcb   _USER8_ISR
003eafd0   _USER9_ISR
000090dd   _USER_I_intmax
000090c8   _USER_I_ramp
000090e2   _USER_I_ti
000090d6   _USER_I_v
000090a1   _USER_POSI_ky
000090a0   _USER_POSI_td
0000909f   _USER_POSI_ti
000090a2   _USER_POSI_v
0000909b   _USER_POS_intmax
0000909e   _USER_POS_td
0000909d   _USER_POS_ti
00009088   _USER_POS_v
000090c6   _USER_SPEED_intmax
000090d0   _USER_SPEED_ks
00009222   _USER_SPEED_ramp_acc
00009216   _USER_SPEED_ramp_dec
000090d1   _USER_SPEED_ramp_stop
000090c7   _USER_SPEED_td
000090c4   _USER_SPEED_ti
000090c5   _USER_SPEED_v
00009095   _USER_Statik
000090ca   _USER_V_ki
000090cb   _USER_V_kp
000090e1   _USER_iist_100pc
00009cce   _USER_t_brake
00009c42   _Udum16
000092c4   _Ui_16
00009388   _Uout_norm
000092c3   _Up_16
000098cf   _UserCanID_rx
000098e0   _UserCanID_rx2
000098d8   _UserCanID_rx3
000098d0   _UserCanID_tx
000098da   _UserCanID_tx2
000098dc   _UserCanID_tx3
000098d5   _UserCan_RxTimeout
000098d2   _UserCan_btr
00009780   _UserMotorOptions
00009a2b   _User_offset
00009a9c   _User_sum
00009a9e   _User_trans
000093aa   _Uz_ist_iq20
000093a6   _Uz_nenn
000093ac   _Uz_norm
00009354   _V05pc
00009350   _V95pc
0000934a   _V99pc
00009cc7   _VO_BRAKE
00009cc8   _VO_Icns
00009cee   _VO_Less_N0
00009ced   _VO_TOLER
0000908e   _ValidReadParas
0000908d   _ValidWriteParas
000092e3   _Vcal_16
000093ec   _Vd
000092cf   _Vd_16
00009ab6   _Vd_Lsigma
00009336   _Vd_begrenzung
000092c2   _Vd_begrenzung_16
000093bc   _Vd_in
000092da   _Vd_in_16
000093b0   _Vd_out
000092dc   _Vd_out_16
00009a92   _Vd_tune
0000903d   _VdcBus
0000903f   _VdcBus_aterr
0000903e   _VdcBus_filt
0000903c   _VdcBus_m
00009c80   _VdcBus_pt1
00009078   _Vdcfault
00009340   _Vderat
000092d2   _Vderat_16
00009344   _Vfilt
000092e1   _Vfilt_16
000093c4   _Vfilt_dep
000092ef   _Vfw
000093e0   _Vkor
000092e4   _Vkor_16
000093da   _Vnorm
000092c7   _VoUi_16
000092c5   _VoUimin_16
000092c6   _VoUp_16
00009312   _Vo_enab
003dd3e2   _Voben
00009338   _Voff
000092c9   _Voout_16
0000933e   _Vout
000092e8   _Vout_16
00009342   _Vout_calc
000093fc   _Vq
000092d4   _Vq_16
000093b2   _Vq_in
000092de   _Vq_in_16
000093b6   _Vq_out
000092dd   _Vq_out_16
000093d6   _Vqaccu
000093e8   _Vqfilt
000092e0   _Vqfilt_16
000093dc   _Vreal
000092e2   _Vred_16
000092f0   _Vsat
00009356   _Vsqrt05pc
000093d8   _Vsum
000091c6   _Vtemp
003dd3e0   _Vunten
003eafe9   _WAKEINT_ISR
000098c0   _WaitingForFirstRxCAN
000091fc   _WarnError
00009108   _WarnsBitMap
0000910b   _WdispBitMap
0000904a   _WorkOut
000091ae   _Work_Accu
003eaf85   _XINT1_ISR
003eaf8a   _XINT2_ISR
00007070   _XIntruptRegs
00000b20   _XintfRegs
00009a58   _Xm
00080000   _Zone2Data
003f9c08   __IQ16atan2PU
003f9dd8   __IQ16div
003f9d18   __IQ16mag
003f9ead   __IQ1sqrt
003f9e1f   __IQ20div
003f9c90   __IQ24atan2PU
003f9f5a   __IQ24cosPU
003f9e66   __IQ24div
003f9d78   __IQ24mag
003f9f31   __IQ24sinPU
003f9eef   __IQ24sqrt
003f9f81   __IQ24toF
00000590   __STACK_END
00000190   __STACK_SIZE
00009b3d   ___GEBER_pole
00009b3e   ___REGLER_I_con
00009b3c   ___REGLER_I_max
ffffffff   ___binit__
ffffffff   ___bss__
ffffffff   ___c_args__
003e8000   ___cinit__
ffffffff   ___end__
ffffffff   ___etext__
ffffffff   ___pinit__
ffffffff   ___text__
00009d44   __cleanup_ptr
00009d42   __dtors_ptr
0000978c   __face
000092aa   __lock
003eb9bd   __nop
003eb9be   __register_lock
003eb9c1   __register_unlock
000092a8   __unlock
003eb736   _abort
00009055   _acc_activ
0000905f   _acq_switch
003f92b4   _acquire_0
003f92fd   _acquire_1
003f9397   _acquire_2
003f9439   _acquire_3
003f94c9   _acquire_4
003ea61e   _acquire_5
003f927d   _acquire_currm
00009b0c   _activControlMode
00009cd2   _activate
003dd400   _actra_block
00009b34   _actra_test
003ea3fa   _adc_filter_seed
003f9b0d   _adc_isr
000090b6   _adc_overrun1
000090c1   _adc_overrun2
003ea377   _adc_seq_group0_setup
003dd384   _alarm_char
0000936a   _alpha
003eb611   _asc_nibble
00009178   _ascii_user
003eb71a   _atexit
003eaee7   _atomic_read_int32
003eaeec   _atomic_write_int32
00009cdf   _aux_timer
00009c55   _avg_cnt
00009c4d   _badint
0000916c   _ballast_count
0000916a   _ballast_down
00009103   _ballast_duration
0000916e   _ballast_trip
000090fe   _ballast_trip_once
00009168   _ballast_up
000090c2   _bit_counter
00009a9a   _bot_sum
003eb6b3   _c_int00
003ee5c5   _calc_fLs
003ee43b   _calc_fRr
003ee366   _calc_fRs
003ee474   _calc_from_motplate
003ee0bb   _calc_kern_update
003ee3fb   _calc_magn_rot
003ee89d   _calc_magn_still
000098c4   _can_count_read
000098c2   _can_count_reject
000098c1   _can_count_write
000098c6   _can_error_write_timeout
000098ee   _can_read_msg
00009900   _can_write_msg
00009120   _cancel_error
00009b0a   _cap3_cnt
00008000   _capture
003eb11a   _capture_clr
003eb0f7   _capture_get_entry
003eb0ca   _capture_get_index
003eb1c7   _capture_init
003eb106   _capture_lead_limit
003eb12b   _capture_look
00009b02   _ccw
00009b1f   _ccw_cnt
00009132   _charge_count
00009c4b   _charge_timer
00009188   _check1
0000918a   _check2
0000917c   _check3
0000917e   _check4
003efd8c   _check_Soft_ID
003ef24b   _check_error
00009440   _clarke2
003f9bf7   _clarke_calc
00009466   _cm1
000092d1   _cm1IMDs16
003efd03   _cnts2cA
003efcef   _cnts2dA
003edcf6   _common_init
003efcdb   _convert_amp
003ee2bf   _convert_float2int
003eb772   _cur_mod_calc
0000939c   _curr2iq
003efcbd   _current_steps
00009b09   _cw
00009b2c   _cw_cnt
003dd3d4   _cw_rotor
000090f7   _dac_out
00009541   _dac_xx
003edead   _dc_handler
003edfb6   _dc_once_rho
00009058   _dec_activ
003e821e   _define_carrier_freq
003e865b   _define_timer_delta
003eddc1   _define_watch2
003dd36a   _deg1div360
0000908c   _delay_timer
00009b80   _delta
00009b2f   _dir
0000912b   _disable_count
0000912c   _disable_count_rising
000090ad   _disp
00009118   _disp_cnt
00009129   _disp_done
000090b5   _disp_state
003dd426   _disps
003ea518   _do_AnaIn
003f0988   _do_Ilim
003ef341   _do_Nclip
003f9870   _do_acquire_add_int
003f9832   _do_acquire_mainint
003f9555   _do_ctrl_sub_mode
003f9900   _do_current
003ef9ec   _do_dacout
003ef2f8   _do_disp
003f98a6   _do_glue
003efa8a   _do_lifetime
003f038e   _do_logic
003f9668   _do_position_common
003eabc0   _do_serial
003eaba8   _do_serial_init
003f9621   _do_speed_common
003efae8   _do_takt
003f9611   _do_torque_common
003ef847   _do_update
003dd394   _drat_fr
00009416   _dummy1
0000941a   _dummy2
000091ba   _eCanRxIntCount
00009208   _eCanTxIntCount
003eb2cc   _eCan_Rx_isr
003eb2bb   _eCan_Tx_isr
00009cf3   _e_brake_actv
00009cfd   _e_brake_enab
00009cea   _edge1
00009cf8   _edge2
003eab05   _eep_ascii_read
003eab0f   _eep_ascii_write
003ea9bd   _eep_para_read
003eaa56   _eep_para_write
00009c52   _enable_atint
00009133   _enable_count
00009cef   _enable_state
000092f6   _enterVfw_cnt
000092fa   _enterVsat_cnt
000092ac   _errno
000090fd   _error_cnt
00009100   _error_fatal
00009b06   _error_paraset
000090bd   _error_register
003f9a6a   _evat1_isr_prdm
003f99b1   _evat1_isr_uflw
003eb6f9   _exit
000092f5   _exitVfw_cnt
000092fc   _exitVsat_cnt
003eb2ec   _exp
0000930e   _ext_Id_ref
0000930c   _ext_Iq_ref
0000930b   _ext_Vdref
0000930a   _ext_rho
003dd366   _f2div3
000093fa   _f2iq
00009a6e   _fDVdCalc
00009a5c   _fDeltaVd
00009a90   _fFB
00009a4a   _fIdnom
00009a54   _fInom
00009a48   _fIqnom
00009a52   _fIsk
00009aa8   _fLm
00009aaa   _fLsd
00009aa4   _fLsq
00009a78   _fPowf
00009aa6   _fRr
00009a66   _fRrMax
00009a6c   _fRrMin
00009a68   _fRrTmp
00009aa2   _fRs
00009a7a   _fTR
00009a8c   _fTS
00009a6a   _fTopCurrent
00009ac4   _fTs
00009a40   _fVdc
00009a3c   _fVnom
00009a46   _fVot
003dd360   _f_SQRT3
0000931e   _f_shape
00009a86   _f_temp1
00009a84   _f_temp2
00009a8a   _f_temp3
00009301   _fact
0000913c   _factfilt
00009c6c   _fdum
0000935a   _feck32
00009324   _feck_iq
000090bf   _first_error_cnt
000090bc   _first_error_register
00009b2a   _first_hall
000090ac   _fit
00009303   _fkor
003edc08   _float_init
00009302   _fmax
0000936e   _fmin32
000090ea   _fore_error_synced
000092ff   _framp
00009305   _framp_16
00009309   _fsact
0000930f   _fsg
00009310   _fsnom
003dd368   _fsqrt3
00009b38   _full_period
0000978e   _fun2_cnt
003eaef5   _fun_01
003eaef9   _fun_02
003eaefd   _fun_03
00009b41   _fun_activ
00009783   _fun_cnt
00009b39   _fun_demand
003dd3a4   _fun_disp
003eaef1   _fun_dummy
003eaf26   _fun_special
003eaf5c   _func_id
003ea64d   _get_position_error
003eb99c   _get_regid_type
003eeee0   _get_rho_offset
00009cc6   _gpbdat
00009cc5   _gpbdatf
00009cc9   _gpbdato
00009cc4   _gpbdatr
003e81a9   _grad_el_to_MPOS
00009b2d   _hall_lop
00009b2b   _hall_period
00009b24   _hall_seg
003eddf3   _hall_stab
000092fb   _har3
000093a4   _harm3_out
000098c5   _id_H
000098d1   _id_L
000093a0   _id_begrenzung
000092d9   _id_begrenzung_16
0000939e   _id_min
000098c7   _ide
000092d7   _idist_16
000092db   _idmin_pc
00009406   _idq_ist
0000940a   _idq_out
000090ab   _idum1
0000901e   _incr_delta
00009116   _init_done
003eadcd   _init_recoded_tab
000090b7   _int_overrun
003dd362   _invsqrt2
003dd36e   _invsqrt3
0000944c   _ipark2
003f0ec4   _ipark_calc
00009346   _iqmul
00009378   _iqsav1
0000937a   _iqsav2
00009374   _iqsav3
0000932a   _iqsav4
003eae17   _is_long_id
003eae0f   _is_super_user
003eae29   _is_unsigned_id
00009b6e   _jerk
0000939a   _k_norm
00009394   _k_norm_emk_sync
00009396   _k_norm_rhokorr
000090e0   _kern_iist_200pc
00009b35   _kern_semaphore
003e86dd   _kern_update
00009b08   _kern_update_cnt
003da021   _kern_version
000092f7   _korcnt1
000092f9   _korcnt2
00009b11   _lastControlMode
000093d0   _last_Iqref
003eb7df   _ldexp
0000937c   _ldumx
000092fe   _limcnt1
000092fd   _limcnt2
00009b29   _limited
00009422   _llresult
00009cde   _logic_millis
00009cf7   _logical_FRG
00009c68   _long1
00009c6a   _long2
003eadf6   _lookup_access
00009781   _lookup_temp
00009786   _lookup_temp1_ptr
00009788   _lookup_temp2_ptr
00009226   _ltemp1
00009224   _ltemp2
0000922a   _ltemp3
003dd3e4   _mAscale
003dd3e6   _mAunten
003efe13   _main
003e951d   _make_CanID
000090aa   _mask
00009b1a   _match
00009b21   _matchcnt
003eeaf6   _measure_fLs
003ee744   _measure_fRr
003eea74   _measure_fRs
003ee9f7   _measure_magn_rot
00009a0d   _mes_cnt
003e8189   _min_max
003e8197   _min_max_32
003e81a0   _min_max_abs
003e8190   _min_max_u
00009cdc   _mix_ana_on
00009117   _movcnt1
00009119   _movcnt2
00009b43   _mul
00009ce9   _multisw1
00009ceb   _multisw1cnt
00009cfa   _multisw1sel
00009cec   _multisw2
00009cf9   _multisw2cnt
00009cfc   _multisw2sel
00009b40   _mulx
00009b3f   _muly
00009b5a   _n_ist_filt
00009458   _neu2
003f9bc2   _neu_calc
00009cf1   _next_state
00009a22   _next_tune_step
003eb60a   _nibble_asc
0000908b   _no_ilimit_timer
00009bc2   _nochar_timer
0000911b   _norfe_cnt
0000911a   _norfeprd_cnt
00009ce1   _norun_timer
00009a3e   _off1_sum
00009a44   _off2_sum
00009a50   _off3_sum
00009115   _offs_done
00009315   _omega
00009384   _omega_iq
0000938c   _omega_norm
00009bc1   _once_com
00009bc3   _once_valid_com
000098de   _pMBox
00009c70   _p_facq
0000978a   _p_func
00009794   _para_actual
003dc000   _para_tab
00009580   _para_temp
0000942c   _park2
003f0ef2   _park_calc
00009782   _pcnt
00009a26   _phas_cnt
003eef3b   _phasing_handler
00009500   _pid4_Id
00009480   _pid4_Iq
000094c0   _pid4_Vo
003eb389   _pid_reg3_calc
003f9b52   _pid_reg4_calc
000090b4   _pol_overrun
000092f2   _ppz
000092ec   _ppz_n
00009a1e   _ppz_p
00009542   _prev_7seg
0000905d   _prev_DZR_lop
00009cc0   _prev_DefineUserPin_dac
00009372   _prev_EvaT1IntPrdcnt
00009aa0   _prev_EvaTimer1IntCount
00009ab8   _prev_Id
00009066   _prev_MPOS_mech
0000907a   _prev_MPOS_rotor
0000900d   _prev_PWM_enum
00009186   _prev_TorqueTempomat_ramped
000093de   _prev_Vd
000092f3   _prev_Vfw
000093e2   _prev_Vq
000092f1   _prev_Vsat
00009056   _prev_acc_activ
00009cd1   _prev_activate
00009543   _prev_dac
00009b1c   _prev_dir
00009a1a   _prev_hall
00009142   _prev_norfe_mil1000
00009145   _prev_norfe_millis
0000911e   _prev_recup
000093f4   _prev_rho
00009a10   _prev_stab_hall
000090ce   _prev_system_timer_millis
00009111   _prev_torque_speed_limited
000090be   _protocol_errors
00009382   _psi_iq
00009c66   _ptr1
00009c48   _pwm1_atint
00009a03   _pwm1_max
00009a00   _pwm1_min
00009a01   _pwm1_rip
00009c49   _pwm2_atint
00009a06   _pwm2_max
00009a08   _pwm2_min
00009a04   _pwm2_rip
00009c4c   _pwm3_atint
00009a05   _pwm3_max
00009a0c   _pwm3_min
00009a0a   _pwm3_rip
00009130   _pwm50_count
000092ee   _pwm_u
000092ed   _pwm_v
000092f4   _pwm_w
00009306   _pwmcnt_max
00009304   _pwmq14_max
0000932e   _qFU_Vd
00009376   _qFU_Vq
00009328   _q_fcomp
00009320   _q_fkor
00009322   _q_framp
0000931c   _q_fs
0000933c   _q_temp1
0000933a   _q_temp2
000093d4   _qfilt_dep
00009a62   _qtemp1
00009a60   _qtemp2
00009a70   _qtemp3
00009b50   _race_absolute
00009b4e   _race_previous
00009b48   _race_reference
00009b23   _ramp_cnt
00009057   _ramp_stop
003ef28f   _read_error_250us
000097c0   _recoded_tab
0000911c   _recup
00009b3b   _ref_cnt
0000930d   _regen
003ea141   _reset_error
003ef280   _reset_fpga
003ea15b   _reset_regvars
003eeba9   _reset_tuning_vars
00009134   _restart_count
00009141   _rfe_puls_cnt
00009400   _rho
000092d8   _rho16
00009abc   _rho_demand
00009a2a   _rho_filt
00009390   _rho_norm
003edd87   _rho_ramp
00009ac0   _rho_start
00009ac2   _rho_step
00009a96   _rho_sum
00009317   _rho_totzeit
00009a12   _rho_trans
00009abe   _rho_tune
000093be   _rhokorr
00009398   _rhokorr_iq20
003ede2d   _ripple
003eb0c5   _rsvd_ISR
00009540   _rw_cnt
000098ec   _rx1_id
000098ea   _rx2_id
000098e2   _rx3_id
00009c46   _samplcnt_Ain
00009c44   _samplcnt_BL
00009c40   _samplcnt_BLs
00009c45   _samplcnt_PwrID
00009c47   _samplcnt_Ref
000090c3   _sample_counter
00009308   _save1
00009307   _save2
00009300   _save3
00009b3a   _sc1_mul
00009b17   _sc1_reso
00009b31   _sc2_mul
00009b04   _sc2_reso
003dd3b4   _sc_combi
003dd3c4   _sc_mul
003eaba7   _scia_fifo_init
003eab66   _scia_init
003eaba3   _scia_xmit
003eab8b   _scib_init
003dd410   _sector
000090a7   _seg7_blnk
000090a4   _seg7_char
000090a6   _seg7_mask
003f0ca7   _seg7_standard
003efbbf   _seg7_warn
00009b27   _semaphore_cnt
00009c43   _sendb
00009c00   _serial_rx
00009bc4   _serial_tx
003eec12   _set_M_fRr_vars
003eebb0   _set_M_fRs_vars
003eae36   _set_defaults
003ef406   _set_ptr
003efd41   _set_size_defaults
000090a5   _shi
000090b8   _signal_05Hz
000090b9   _signal_1Hz
000090a3   _signal_2Hz
000090bb   _signal_warn
00009b0b   _single
003dd098   _size_para
00009544   _specials
00009cf4   _speed0_pos_actv
00009cf2   _speed0_pos_enab
003efcc7   _speed_steps
00009cfb   _speedclip
000093fe   _speedcnts2iq
003eab19   _spi_7seg_write
003eab37   _spi_dac_write
003ea914   _spi_eep_page_read
003ea951   _spi_eep_page_write
003ea8f5   _spi_init
000090f6   _spot_b
000090fb   _spotl
000090fc   _spotr
003eb626   _sprint_hex
003eb63a   _sprint_hex_2
003eb662   _sqrt
003dd36c   _sqrt3
00009b54   _sqrt_kc_kd
003eb65e   _sscan_hex
003eb644   _sscan_hex_n
00009a19   _stab_cnt
00009a0f   _stab_hall
00009c72   _static_comp
003efbe4   _statistics
000090b3   _statistics_counter
000090b1   _statistics_timer
00009b1d   _step
00009d00   _stepdown
003dd41c   _supply
00009b07   _sync_input
00009b14   _sync_mask
00009b32   _sync_semaphore
00009210   _system_timer_hours
0000920e   _system_timer_hours_total
000090cc   _system_timer_micros
000090e4   _system_timer_mil1000
000090fa   _system_timer_mil250
000090cf   _system_timer_millis
000090f9   _system_timer_seconds
00009a5a   _t1
00009a72   _t10
00009a74   _t12
00009a64   _t2
00009a56   _t20
00009a5e   _t21
00009a30   _t29
00009c62   _t2cnt_atint
00009a4e   _t30
00009a8e   _t4
00009a80   _t6
00009ce8   _t_brake
00009113   _task_cnt
00009112   _task_pol
00009366   _tdc32
000091b4   _tdptr
00009b46   _temp
00009b18   _temp1
00009a18   _temp11
00009a17   _temp12
00009182   _temp1_iq
0000917a   _temp32
00009cfe   _test1
000092f8   _test1_16
000092df   _theta16
000090e3   _timer_delta
000090ba   _timer_signal_2Hz
00009c76   _tmp
00009c5e   _tmp1
00009c5c   _tmp2
000092a6   _tmp32
00009c74   _tmpoff
003da022   _tms_version
003ef13a   _toffs_handler
00009a94   _top_sum
00009110   _torque_activ
0000911d   _torque_inv
0000910f   _torque_speed_limited
0000938e   _totzeit_iq
00009c59   _trace1
00009c4f   _trace2
00009c50   _trace3
00009c4e   _trace4
00009060   _trace_DZR_cnt
00009cf0   _trace_offset
00009a0e   _trans_calc
00009a11   _trans_cnt
00009a14   _trans_duration
00009a13   _trans_prd
00009a27   _tune_cnt
003edd68   _tune_init
00009a20   _tune_misc
00009a28   _tune_state
00009a23   _tune_step
003eec5b   _tuning_handler
000098e8   _tx1_id
000098e6   _tx2_id
000098e4   _tx3_id
00009348   _u2iq
0000940e   _u_ent
0000941e   _u_ent_emk
000092d5   _u_ent_im_16
000092d6   _u_ent_re_16
00009412   _u_komp
0000934e   _ucal_iq
003ea810   _ucalc
0000936c   _udc32
00009311   _udelt
0000932c   _udelt_iq
00009a24   _udum1
00009370   _ueck32
00009332   _ueck_iq
00009ce7   _uesp_count
00009426   _uf_actual
00009358   _uf_extra
000092eb   _uf_shape
0000935c   _uf_special
00009313   _ulimit
00009368   _umin32
00009330   _umin_iq
000090ff   _unused
00009790   _uptr
00009314   _urmp_cnt
0000934c   _ustp_iq
00009785   _utilcnt
000090af   _val1
000090ae   _val2
00009105   _val3
0000912e   _var1
0000912f   _var2
0000912d   _var3
000093ba   _vd_out_satmax
000093b8   _vd_out_satmin
000093f2   _vdccnts2iq
000093a2   _vq_out_satmax
000093ae   _vq_out_satmin
00009cdd   _watch
00009a1f   _watch2
00009a1c   _watch2_off
003eae84   _write_id
000090b0   _xxx_timer
00009392   _zeit_norm
ffffffff   binit
003e8000   cinit
ffffffff   end
ffffffff   etext
ffffffff   pinit


GLOBAL SYMBOLS: SORTED BY Symbol Address 

address    name
--------   ----
00000190   __STACK_SIZE
00000590   __STACK_END
00000880   _DevEmuRegs
00000a80   _FlashRegs
00000ae0   _CsmRegs
00000b20   _XintfRegs
00000c00   _CpuTimer0Regs
00000ce0   _PieCtrlRegs
00000d00   _PieVectTable
00002000   _Resolver
00006000   _ECanaRegs
00006040   _ECanaLam
00006080   _ECanaMots
000060c0   _ECanaMoto
00006100   _ECanaMboxes
00007010   _SysCtrlRegs
00007040   _SpiaRegs
00007050   _SciaRegs
00007070   _XIntruptRegs
000070c0   _GpioMuxRegs
000070e0   _GpioDataRegs
00007100   _AdcRegs
00007400   _EvaRegs
00007500   _EvbRegs
00007750   _ScibRegs
00007800   _McbspaRegs
00008000   _capture
00009000   _Ref150
00009001   _I2_adc
00009002   _I1_adc
00009003   _REGLER_I_con_pc_der
00009004   _Ref150a
00009005   _REGLER_I_geraet
00009006   _T_motor_m
00009007   _T_motor_aterr
00009008   _T_igbt
00009009   _Ref150b
0000900a   _REGLER_I_con_pc
0000900b   _T_motor
0000900c   _Ref200
0000900d   _prev_PWM_enum
0000900e   _PWM_enum
0000900f   _PWM_offset
00009010   _PWM_period
00009011   _PWM_toplim
00009012   _PWM3
00009013   _PWM_min
00009014   _PWM1
00009015   _PWM2
00009016   _SPEED_calib_slow
00009017   _SPEED_calib_rapid
00009018   _SPEED_rpm_max_int
00009019   _SPEED_ist_filter_USER
0000901a   _T_comp
0000901b   _PWM_botlim
0000901c   _PWM_max
0000901d   _AnalogCommand
0000901e   _incr_delta
0000901f   _DigitalCommand
00009020   _SC_smin
00009021   _SC_smax
00009022   _SC_cmin
00009023   _SC_cmax
00009024   _SC_sgain
00009025   _SC_coff
00009026   _SC_cnt
00009027   _SC_cgain
00009028   _I_ist_filt
00009029   _I_ist
0000902a   _I2_ist
0000902b   _I1_ist
0000902c   _SC_smin_run
0000902d   _SC_smax_run
0000902e   _SC_cmin_run
0000902f   _SC_cmax_run
00009030   _AD2Volt
00009031   _T_igbt_range
00009032   _T_air_m
00009033   _T_air
00009034   _T_igbt_aterr
00009035   _T_igbt_m
00009036   _T_igbt_warn
00009037   _T_igbt_limit
00009038   _Toffs2
00009039   _Toffs1
0000903a   _SC_soff
0000903b   _Toffs3
0000903c   _VdcBus_m
0000903d   _VdcBus
0000903e   _VdcBus_filt
0000903f   _VdcBus_aterr
00009040   _CurrentAllowed_peak
00009041   _CurrentAllowed_inuse
00009042   _I_limit
00009043   _I_deltamax
00009044   _CurrentAllowed_max
00009045   _CurrentAllowed_con
00009046   _CurrentAllowed_calc
00009047   _CurrentAllowed_maxnom
00009048   _PositionOut
00009049   _CurrentOut
0000904a   _WorkOut
0000904b   _PowerOut
0000904c   _Ipeak_cnt
0000904d   _I_err
0000904e   _SpeedOut
0000904f   _CurrentActual
00009050   _DeviceMains
00009051   _SPEED_ks
00009052   _Iabove
00009053   _DZR_cnt
00009054   _DZR_seq
00009055   _acc_activ
00009056   _prev_acc_activ
00009057   _ramp_stop
00009058   _dec_activ
00009059   _CurrentCommand_ramped
0000905a   _CurrentCommand
0000905b   _I_ref
0000905c   _CurrentSetPoint
0000905d   _prev_DZR_lop
0000905e   _DZR_lop
0000905f   _acq_switch
00009060   _trace_DZR_cnt
00009061   _GEBER_MOTOR_pole_ratio
00009062   _ROTOR_errcount
00009063   _MPOS_m360_mask
00009064   _MOTOR_geber_incperrev
00009065   _MPOS_elec
00009066   _prev_MPOS_mech
00009067   _MPOS_offset_sector
00009068   _MPOS_offset_user
00009069   _MOTOR_Nom_F
0000906a   _MOTOR_I_dauer
0000906b   _REGLER_I_dauer
0000906c   _MOTOR_Nom_V
0000906d   _MOTOR_I_max
0000906e   _MPOS_e120
0000906f   _REGLER_I_max_pc
00009070   _REGLER_I_max
00009071   _I3_ist
00009072   _MotorTemp_Error
00009073   _I_rd_TM
00009074   _PositionZeroCapture1
00009075   _DigCutoff
00009076   _Bal_On
00009077   _I_ref_man
00009078   _Vdcfault
00009079   _Bal_Off
0000907a   _prev_MPOS_rotor
0000907b   _MPOS_rotor
0000907c   _MPOS_offset_ini
0000907d   _MPOS_angle_1V
0000907e   _PositionOffset_HW1
0000907f   _PositionZeroCapture2
00009080   _POS_refresoedge
00009081   _PositionOffset_HW2
00009082   _MPOS_mech
00009083   _SpeedLimitPos
00009084   _SpeedLimitNeg
00009085   _SPEED_limit_clip_neg
00009086   _SPEED_limit
00009087   _PositionWindow
00009088   _USER_POS_v
00009089   _SpeedError
0000908a   _SPEED_rpm_max
0000908b   _no_ilimit_timer
0000908c   _delay_timer
0000908d   _ValidWriteParas
0000908e   _ValidReadParas
0000908f   _Temp_Debug
00009090   _SPEED_limit_clip_pos
00009091   _RxIndex
00009092   _TorqueSetPoint
00009093   _O_GO
00009094   _O_DOU4
00009095   _USER_Statik
00009096   _O_NOFAULT
00009097   _O_DOU1
00009098   _O_BTB
00009099   _O_DOU3
0000909a   _O_DOU2
0000909b   _USER_POS_intmax
0000909c   _POS_e_n
0000909d   _USER_POS_ti
0000909e   _USER_POS_td
0000909f   _USER_POSI_ti
000090a0   _USER_POSI_td
000090a1   _USER_POSI_ky
000090a2   _USER_POSI_v
000090a3   _signal_2Hz
000090a4   _seg7_char
000090a5   _shi
000090a6   _seg7_mask
000090a7   _seg7_blnk
000090a8   _CurrentAllowed_temp
000090aa   _mask
000090ab   _idum1
000090ac   _fit
000090ad   _disp
000090ae   _val2
000090af   _val1
000090b0   _xxx_timer
000090b1   _statistics_timer
000090b2   _LOGIC_hz
000090b3   _statistics_counter
000090b4   _pol_overrun
000090b5   _disp_state
000090b6   _adc_overrun1
000090b7   _int_overrun
000090b8   _signal_05Hz
000090b9   _signal_1Hz
000090ba   _timer_signal_2Hz
000090bb   _signal_warn
000090bc   _first_error_register
000090bd   _error_register
000090be   _protocol_errors
000090bf   _first_error_cnt
000090c0   _PWM_switch_cnt
000090c1   _adc_overrun2
000090c2   _bit_counter
000090c3   _sample_counter
000090c4   _USER_SPEED_ti
000090c5   _USER_SPEED_v
000090c6   _USER_SPEED_intmax
000090c7   _USER_SPEED_td
000090c8   _USER_I_ramp
000090c9   _Torque_delta_dec
000090ca   _USER_V_ki
000090cb   _USER_V_kp
000090cc   _system_timer_micros
000090cd   _RegidReadCntr
000090ce   _prev_system_timer_millis
000090cf   _system_timer_millis
000090d0   _USER_SPEED_ks
000090d1   _USER_SPEED_ramp_stop
000090d2   _Ib2Hz_Timeout
000090d3   _Ipeak_Timeout
000090d4   _I3_ist_offset_disab
000090d5   _I3_ist_offset_valid
000090d6   _USER_I_v
000090d7   _PWM_carrier_frq
000090d8   _I2_ist_offset_valid
000090d9   _I2_ist_offset
000090da   _I3_ist_offset
000090db   _I2_ist_offset_disab
000090dc   _I_peak_pid
000090dd   _USER_I_intmax
000090de   _Torque_delta_acc
000090df   _I_ref_delta
000090e0   _kern_iist_200pc
000090e1   _USER_iist_100pc
000090e2   _USER_I_ti
000090e3   _timer_delta
000090e4   _system_timer_mil1000
000090e5   _I_LMT1
000090e6   _I_DIN2
000090e7   _I_FAULT
000090e8   _I_LMT2
000090e9   _GEBER_pole
000090ea   _fore_error_synced
000090eb   _I_DIN1
000090ec   _I_BALLAST
000090ed   _MOTOR_pole
000090ee   _Motor_Inertia
000090ef   _MPOS_offset_elec
000090f0   _MOTOR_rpm_max
000090f1   _I_LOS
000090f2   _I_FRG
000090f3   _UBM
000090f4   _I_UESP
000090f5   _Enable
000090f6   _spot_b
000090f7   _dac_out
000090f8   _Dummy
000090f9   _system_timer_seconds
000090fa   _system_timer_mil250
000090fb   _spotl
000090fc   _spotr
000090fd   _error_cnt
000090fe   _ballast_trip_once
000090ff   _unused
00009100   _error_fatal
00009101   _AdcCutoff2
00009102   _AdcCutoff1
00009103   _ballast_duration
00009104   _AdcFilt12
00009105   _val3
00009106   _KernStatus2
00009107   _KernMode
00009108   _WarnsBitMap
00009109   _ErrorBitMap
0000910a   _Flags
0000910b   _WdispBitMap
0000910c   _LogicReadBits
0000910d   _ID_warn
0000910e   _ID_ok
0000910f   _torque_speed_limited
00009110   _torque_activ
00009111   _prev_torque_speed_limited
00009112   _task_pol
00009113   _task_cnt
00009114   _OVERVOLT_cnt
00009115   _offs_done
00009116   _init_done
00009117   _movcnt1
00009118   _disp_cnt
00009119   _movcnt2
0000911a   _norfeprd_cnt
0000911b   _norfe_cnt
0000911c   _recup
0000911d   _torque_inv
0000911e   _prev_recup
0000911f   _RFE_puls
00009120   _cancel_error
00009121   _AnalogIn1_M
00009122   _Dir153
00009123   _AnalogIn2_M
00009124   _InfoTimer1_start
00009125   _POWERVOLTAGE_cnt
00009126   _Dir151
00009127   _Dir152
00009128   _Dir150
00009129   _disp_done
0000912a   _InfoTimer1_max
0000912b   _disable_count
0000912c   _disable_count_rising
0000912d   _var3
0000912e   _var1
0000912f   _var2
00009130   _pwm50_count
00009131   _InfoTimer1_diff
00009132   _charge_count
00009133   _enable_count
00009134   _restart_count
00009135   _SpeedActual
00009136   _Logic_in_sw_xor
00009137   _SpeedActualfilt
00009138   _HTS_TEMP_warn_cnt
00009139   _Logic_in_prev
0000913a   _HTS_TEMP_limit_cnt
0000913b   _SpeedTempomat
0000913c   _factfilt
0000913d   _OVER_cnt
0000913e   _Logic_in_phy
0000913f   _SpeedCommandreal
00009140   _SpeedSetPoint
00009141   _rfe_puls_cnt
00009142   _prev_norfe_mil1000
00009143   _I_rd_TD
00009144   _I_rd_N
00009145   _prev_norfe_millis
00009146   _I_rd_TE
00009147   _Logic_in_rising
00009148   _Logic_in_sw
00009149   _SpeedCommand
0000914a   _CommandSource
0000914b   _SpeedCmdRamped
0000914c   _Logic_in_falling
0000914e   _PositionErrorPID
00009150   _PositionError
00009152   _AdcOffset2
00009154   _AdcOffset1
00009156   _Debug1
00009158   _PositionHWscaled1
0000915a   _PositionHWscaled2
0000915c   _Debug3
0000915e   _Debug2
00009160   _PositionActual_2
00009162   _PositionActual_Alter
00009164   _PositionActual_1
00009166   _PositionActual
00009168   _ballast_up
0000916a   _ballast_down
0000916c   _ballast_count
0000916e   _ballast_trip
00009170   _DeviceExtRegenPower
00009172   _Debug4
00009174   _PositionCommand
00009176   _Debug5
00009178   _ascii_user
0000917a   _temp32
0000917c   _check3
0000917e   _check4
00009180   _Timeout
00009182   _temp1_iq
00009184   _SpeedActual32
00009186   _prev_TorqueTempomat_ramped
00009188   _check1
0000918a   _check2
0000918c   _TorqueTempomat_ramped
0000918e   _TorqueTempomat
00009190   _SpeedCmdDelta
00009192   _Motor_Lsq
00009194   _Motor_Lsd
00009196   _Motor_Tr
00009198   _Motor_Lm
0000919a   _PositionHardware1
0000919c   _PositionHardware2
0000919e   _POS_ndrive_scale
000091a0   _DeviceSerialNumber
000091a2   _MaskStatus
000091a4   _DeviceDCBus_Min
000091a6   _PositionSetPoint
000091a8   _KernStatus
000091aa   _Motor_Rs
000091ac   _Motor_Rr
000091ae   _Work_Accu
000091b0   _POS_ndrive_offset
000091b2   _POS_preset
000091b4   _tdptr
000091b6   _PDPINTCount
000091b8   _LoopCount
000091ba   _eCanRxIntCount
000091bc   _Tacho_32
000091be   _Tacho
000091c0   _Tacho_32s
000091c2   _I3_offset_32
000091c4   _I2_offset_32
000091c6   _Vtemp
000091c8   _AdPwrID1
000091ca   _AnaIn1_calc
000091cc   _AnalogIn1_F
000091ce   _AnalogIn2
000091d0   _AnaIn2_calc
000091d2   _AnalogIn2_F
000091d4   _SPEED_delta_max_acc
000091d6   _SpeedCntrCmd_scale
000091d8   _SPEED_delta_max_dec
000091da   _AnalogIn1
000091dc   _SPEED_delta_max_stop
000091de   _Sinus
000091e0   _Cosinus_32s
000091e2   _Cosinus_32
000091e4   _Ref150_32
000091e6   _Ref150b_32
000091e8   _Ref150a_32
000091ea   _Sinus_32
000091ec   _Sinus_comp
000091ee   _Sinus_32s
000091f0   _Cosinus_comp
000091f2   _Cosinus
000091f4   _Ref200_32
000091f6   _HandwheelPositionStart
000091f8   _HandwheelOffset
000091fa   _AdcIntCount
000091fc   _WarnError
000091fe   _EvaT1IntPrdcnt
00009200   _EvaT1IntUflcnt
00009202   _SC_modulo
00009204   _It_Monitor
00009206   _It_Rg_Monitor
00009208   _eCanTxIntCount
0000920a   _PositionOffset_Slack
0000920c   _PositionOffset_Ref
0000920e   _system_timer_hours_total
00009210   _system_timer_hours
00009212   _Feedback2_scale
00009214   _Feedback1_scale
00009216   _USER_SPEED_ramp_dec
00009218   _HandwheelActual
0000921a   _Ipeak_Accu
0000921c   _PositionOffest_Var
0000921e   _PositionDiff_Slack
00009220   _Ipeak_Timer
00009222   _USER_SPEED_ramp_acc
00009224   _ltemp2
00009226   _ltemp1
00009228   _AdPwrID2
0000922a   _ltemp3
0000922c   _ReceivedChar
00009240   _PositionReg
00009280   _SpeedReg
000092a6   _tmp32
000092a8   __unlock
000092aa   __lock
000092ac   _errno
000092c0   _Iqref_16
000092c1   _Idref_16
000092c2   _Vd_begrenzung_16
000092c3   _Up_16
000092c4   _Ui_16
000092c5   _VoUimin_16
000092c6   _VoUp_16
000092c7   _VoUi_16
000092c8   _Theta1_16
000092c9   _Voout_16
000092ca   _IdUp_16
000092cb   _IqUd_16
000092cc   _Iqout_16
000092cd   _IqUp_16
000092ce   _IdUi_16
000092cf   _Vd_16
000092d0   _Idnom_16
000092d1   _cm1IMDs16
000092d2   _Vderat_16
000092d3   _IqUi_16
000092d4   _Vq_16
000092d5   _u_ent_im_16
000092d6   _u_ent_re_16
000092d7   _idist_16
000092d8   _rho16
000092d9   _id_begrenzung_16
000092da   _Vd_in_16
000092db   _idmin_pc
000092dc   _Vd_out_16
000092dd   _Vq_out_16
000092de   _Vq_in_16
000092df   _theta16
000092e0   _Vqfilt_16
000092e1   _Vfilt_16
000092e2   _Vred_16
000092e3   _Vcal_16
000092e4   _Vkor_16
000092e5   _Id_16
000092e6   _Iq_16
000092e7   _Iqfilt_16
000092e8   _Vout_16
000092e9   _Iqaccu_16
000092ea   _Idout_16
000092eb   _uf_shape
000092ec   _ppz_n
000092ed   _pwm_v
000092ee   _pwm_u
000092ef   _Vfw
000092f0   _Vsat
000092f1   _prev_Vsat
000092f2   _ppz
000092f3   _prev_Vfw
000092f4   _pwm_w
000092f5   _exitVfw_cnt
000092f6   _enterVfw_cnt
000092f7   _korcnt1
000092f8   _test1_16
000092f9   _korcnt2
000092fa   _enterVsat_cnt
000092fb   _har3
000092fc   _exitVsat_cnt
000092fd   _limcnt2
000092fe   _limcnt1
000092ff   _framp
00009300   _save3
00009301   _fact
00009302   _fmax
00009303   _fkor
00009304   _pwmq14_max
00009305   _framp_16
00009306   _pwmcnt_max
00009307   _save2
00009308   _save1
00009309   _fsact
0000930a   _ext_rho
0000930b   _ext_Vdref
0000930c   _ext_Iq_ref
0000930d   _regen
0000930e   _ext_Id_ref
0000930f   _fsg
00009310   _fsnom
00009311   _udelt
00009312   _Vo_enab
00009313   _ulimit
00009314   _urmp_cnt
00009315   _omega
00009316   _REGLER_I_geraet_10tel
00009317   _rho_totzeit
00009318   _Lsigma
00009319   _DeviceMains_half
0000931a   _Lsigma_q
0000931b   _Lsigma_d
0000931c   _q_fs
0000931e   _f_shape
00009320   _q_fkor
00009322   _q_framp
00009324   _feck_iq
00009326   _Theta1
00009328   _q_fcomp
0000932a   _iqsav4
0000932c   _udelt_iq
0000932e   _qFU_Vd
00009330   _umin_iq
00009332   _ueck_iq
00009334   _Ts_iq
00009336   _Vd_begrenzung
00009338   _Voff
0000933a   _q_temp2
0000933c   _q_temp1
0000933e   _Vout
00009340   _Vderat
00009342   _Vout_calc
00009344   _Vfilt
00009346   _iqmul
00009348   _u2iq
0000934a   _V99pc
0000934c   _ustp_iq
0000934e   _ucal_iq
00009350   _V95pc
00009352   _Dstest
00009354   _V05pc
00009356   _Vsqrt05pc
00009358   _uf_extra
0000935a   _feck32
0000935c   _uf_special
0000935e   _IQone
00009360   _IQsqrt2
00009362   _Tmax
00009364   _Tmin
00009366   _tdc32
00009368   _umin32
0000936a   _alpha
0000936c   _udc32
0000936e   _fmin32
00009370   _ueck32
00009372   _prev_EvaT1IntPrdcnt
00009374   _iqsav3
00009376   _qFU_Vq
00009378   _iqsav1
0000937a   _iqsav2
0000937c   _ldumx
0000937e   _Lsigma_iq
00009380   _Lsigma_d_iq
00009382   _psi_iq
00009384   _omega_iq
00009386   _Lsigma_norm
00009388   _Uout_norm
0000938a   _Lsigma_q_iq
0000938c   _omega_norm
0000938e   _totzeit_iq
00009390   _rho_norm
00009392   _zeit_norm
00009394   _k_norm_emk_sync
00009396   _k_norm_rhokorr
00009398   _rhokorr_iq20
0000939a   _k_norm
0000939c   _curr2iq
0000939e   _id_min
000093a0   _id_begrenzung
000093a2   _vq_out_satmax
000093a4   _harm3_out
000093a6   _Uz_nenn
000093a8   _IQ20sqrt2
000093aa   _Uz_ist_iq20
000093ac   _Uz_norm
000093ae   _vq_out_satmin
000093b0   _Vd_out
000093b2   _Vq_in
000093b4   _Psi_norm
000093b6   _Vq_out
000093b8   _vd_out_satmin
000093ba   _vd_out_satmax
000093bc   _Vd_in
000093be   _rhokorr
000093c0   _Iist_norm
000093c2   _I_dispfilt
000093c4   _Vfilt_dep
000093c6   _Speed_dispfilt
000093c8   _Speed_disp
000093ca   _I_disp
000093cc   _Iqfilt
000093ce   _Iqrampdown
000093d0   _last_Iqref
000093d2   _Iqaccu
000093d4   _qfilt_dep
000093d6   _Vqaccu
000093d8   _Vsum
000093da   _Vnorm
000093dc   _Vreal
000093de   _prev_Vd
000093e0   _Vkor
000093e2   _prev_Vq
000093e4   _IQzero
000093e6   _Iout
000093e8   _Vqfilt
000093ea   _Ioutnom
000093ec   _Vd
000093ee   _Ilimit_inuse
000093f0   _Idnom
000093f2   _vdccnts2iq
000093f4   _prev_rho
000093f6   _Id
000093f8   _Iq
000093fa   _f2iq
000093fc   _Vq
000093fe   _speedcnts2iq
00009400   _rho
00009402   _Iqnom
00009404   _Idmin
00009406   _idq_ist
0000940a   _idq_out
0000940e   _u_ent
00009412   _u_komp
00009416   _dummy1
0000941a   _dummy2
0000941e   _u_ent_emk
00009422   _llresult
00009426   _uf_actual
0000942c   _park2
00009440   _clarke2
0000944c   _ipark2
00009458   _neu2
00009466   _cm1
00009480   _pid4_Iq
000094c0   _pid4_Vo
00009500   _pid4_Id
00009540   _rw_cnt
00009541   _dac_xx
00009542   _prev_7seg
00009543   _prev_dac
00009544   _specials
00009580   _para_temp
00009780   _UserMotorOptions
00009781   _lookup_temp
00009782   _pcnt
00009783   _fun_cnt
00009785   _utilcnt
00009786   _lookup_temp1_ptr
00009788   _lookup_temp2_ptr
0000978a   _p_func
0000978c   __face
0000978e   _fun2_cnt
00009790   _uptr
00009792   _KernOptions
00009794   _para_actual
000097c0   _recoded_tab
000098c0   _WaitingForFirstRxCAN
000098c1   _can_count_write
000098c2   _can_count_reject
000098c3   _HaveSeenNewRxCAN
000098c4   _can_count_read
000098c5   _id_H
000098c6   _can_error_write_timeout
000098c7   _ide
000098c8   _CanError_Ack
000098c9   _CanError_Bit
000098ca   _CanError_ErrorPassive
000098cb   _CanError_ErrorWarning
000098cc   _CanError_Stuff
000098cd   _CanError_RxOverflow
000098ce   _CanError_CRC
000098cf   _UserCanID_rx
000098d0   _UserCanID_tx
000098d1   _id_L
000098d2   _UserCan_btr
000098d3   _CanError_BusOff
000098d4   _CanError_Form
000098d5   _UserCan_RxTimeout
000098d6   _RxTimer
000098d8   _UserCanID_rx3
000098da   _UserCanID_tx2
000098dc   _UserCanID_tx3
000098de   _pMBox
000098e0   _UserCanID_rx2
000098e2   _rx3_id
000098e4   _tx3_id
000098e6   _tx2_id
000098e8   _tx1_id
000098ea   _rx2_id
000098ec   _rx1_id
000098ee   _can_read_msg
00009900   _can_write_msg
0000990a   _ECanaShadow
00009940   _CanReplies
00009a00   _pwm1_min
00009a01   _pwm1_rip
00009a02   _I3_rip
00009a03   _pwm1_max
00009a04   _pwm2_rip
00009a05   _pwm3_max
00009a06   _pwm2_max
00009a07   _I3_min
00009a08   _pwm2_min
00009a09   _I2_rip
00009a0a   _pwm3_rip
00009a0b   _I3_max
00009a0c   _pwm3_min
00009a0d   _mes_cnt
00009a0e   _trans_calc
00009a0f   _stab_hall
00009a10   _prev_stab_hall
00009a11   _trans_cnt
00009a12   _rho_trans
00009a13   _trans_prd
00009a14   _trans_duration
00009a15   _Idmin_pc
00009a16   _Idnom_pc
00009a17   _temp12
00009a18   _temp11
00009a19   _stab_cnt
00009a1a   _prev_hall
00009a1b   _Powf
00009a1c   _watch2_off
00009a1d   _I2_max
00009a1e   _ppz_p
00009a1f   _watch2
00009a20   _tune_misc
00009a21   _I2_min
00009a22   _next_tune_step
00009a23   _tune_step
00009a24   _udum1
00009a25   _MPOS_trans
00009a26   _phas_cnt
00009a27   _tune_cnt
00009a28   _tune_state
00009a29   _Tmess
00009a2a   _rho_filt
00009a2b   _User_offset
00009a2c   _OMEGA0
00009a2e   _SQRT_1_SIGMA
00009a30   _t29
00009a32   _SQRT_SIGMA
00009a34   _EMKpk
00009a36   _SIGMA
00009a38   _OMEGA_r
00009a3a   _OMEGA_n
00009a3c   _fVnom
00009a3e   _off1_sum
00009a40   _fVdc
00009a42   _OMEGA_sk
00009a44   _off2_sum
00009a46   _fVot
00009a48   _fIqnom
00009a4a   _fIdnom
00009a4c   _OMEGA_s
00009a4e   _t30
00009a50   _off3_sum
00009a52   _fIsk
00009a54   _fInom
00009a56   _t20
00009a58   _Xm
00009a5a   _t1
00009a5c   _fDeltaVd
00009a5e   _t21
00009a60   _qtemp2
00009a62   _qtemp1
00009a64   _t2
00009a66   _fRrMax
00009a68   _fRrTmp
00009a6a   _fTopCurrent
00009a6c   _fRrMin
00009a6e   _fDVdCalc
00009a70   _qtemp3
00009a72   _t10
00009a74   _t12
00009a76   _PSIp
00009a78   _fPowf
00009a7a   _fTR
00009a7c   _PSIn
00009a7e   _KP
00009a80   _t6
00009a82   _KI
00009a84   _f_temp2
00009a86   _f_temp1
00009a88   _OMEGA_siq
00009a8a   _f_temp3
00009a8c   _fTS
00009a8e   _t4
00009a90   _fFB
00009a92   _Vd_tune
00009a94   _top_sum
00009a96   _rho_sum
00009a98   _Time_sum
00009a9a   _bot_sum
00009a9c   _User_sum
00009a9e   _User_trans
00009aa0   _prev_EvaTimer1IntCount
00009aa2   _fRs
00009aa4   _fLsq
00009aa6   _fRr
00009aa8   _fLm
00009aaa   _fLsd
00009aac   _Iq_ref
00009aae   _I_demand
00009ab0   _I_step
00009ab2   _Id_ref
00009ab4   _Id_top
00009ab6   _Vd_Lsigma
00009ab8   _prev_Id
00009aba   _Id_bot
00009abc   _rho_demand
00009abe   _rho_tune
00009ac0   _rho_start
00009ac2   _rho_step
00009ac4   _fTs
00009b00   _MotorType
00009b01   _ExtraFeedback
00009b02   _ccw
00009b03   _MotorFeedback
00009b04   _sc2_reso
00009b05   _SlackOneShot
00009b06   _error_paraset
00009b07   _sync_input
00009b08   _kern_update_cnt
00009b09   _cw
00009b0a   _cap3_cnt
00009b0b   _single
00009b0c   _activControlMode
00009b0d   _ControlMode
00009b0e   _CtrlSubMode
00009b0f   _Command_sce_type
00009b10   _Command_ana_sce
00009b11   _lastControlMode
00009b12   _Resolution_Convert
00009b13   _Resolution_AquadB
00009b14   _sync_mask
00009b15   _CurrentMode
00009b16   _Previous_sce_type
00009b17   _sc1_reso
00009b18   _temp1
00009b19   _MPOS_rotor_angle
00009b1a   _match
00009b1b   _IxR_comp
00009b1c   _prev_dir
00009b1d   _step
00009b1e   _DeltaMax
00009b1f   _ccw_cnt
00009b20   _NewSpeed
00009b21   _matchcnt
00009b22   _TempCounter
00009b23   _ramp_cnt
00009b24   _hall_seg
00009b25   _I3_peak
00009b26   _SpeedLoop_cnt
00009b27   _semaphore_cnt
00009b28   _RaceAway
00009b29   _limited
00009b2a   _first_hall
00009b2b   _hall_period
00009b2c   _cw_cnt
00009b2d   _hall_lop
00009b2e   _I2_peak
00009b2f   _dir
00009b30   _MPOS_ROTOR_state
00009b31   _sc2_mul
00009b32   _sync_semaphore
00009b33   _Sector
00009b34   _actra_test
00009b35   _kern_semaphore
00009b36   _REF_state
00009b37   _HW_state
00009b38   _full_period
00009b39   _fun_demand
00009b3a   _sc1_mul
00009b3b   _ref_cnt
00009b3c   ___REGLER_I_max
00009b3d   ___GEBER_pole
00009b3e   ___REGLER_I_con
00009b3f   _muly
00009b40   _mulx
00009b41   _fun_activ
00009b42   _COMMAND_ana_input
00009b43   _mul
00009b44   _COMMAND_ana_mask
00009b46   _temp
00009b48   _race_reference
00009b4a   _BL_Speed
00009b4c   _BL_Tacho
00009b4e   _race_previous
00009b50   _race_absolute
00009b52   _MPOS_sum
00009b54   _sqrt_kc_kd
00009b56   _SQRT_kc_kd
00009b58   _Temp32
00009b5a   _n_ist_filt
00009b5e   _PrevFwd
00009b66   _PrevRev
00009b6e   _jerk
00009b80   _delta
00009bc0   _Serial_ErrorCount
00009bc1   _once_com
00009bc2   _nochar_timer
00009bc3   _once_valid_com
00009bc4   _serial_tx
00009c00   _serial_rx
00009c40   _samplcnt_BLs
00009c41   _Tacho_s
00009c42   _Udum16
00009c43   _sendb
00009c44   _samplcnt_BL
00009c45   _samplcnt_PwrID
00009c46   _samplcnt_Ain
00009c47   _samplcnt_Ref
00009c48   _pwm1_atint
00009c49   _pwm2_atint
00009c4a   _Logic_in_phy_atint
00009c4b   _charge_timer
00009c4c   _pwm3_atint
00009c4d   _badint
00009c4e   _trace4
00009c4f   _trace2
00009c50   _trace3
00009c51   _I3_ist_atint
00009c52   _enable_atint
00009c53   _I2_ist_atint
00009c54   _I_ist_atint
00009c55   _avg_cnt
00009c56   _Spd1_16
00009c57   _Spd2_16
00009c58   _AnaIn_cnt
00009c59   _trace1
00009c5a   _AblePN
00009c5c   _tmp2
00009c5e   _tmp1
00009c60   _Id_atint
00009c62   _t2cnt_atint
00009c64   _Iq_atint
00009c66   _ptr1
00009c68   _long1
00009c6a   _long2
00009c6c   _fdum
00009c6e   _SpeedRpmRamp
00009c70   _p_facq
00009c72   _static_comp
00009c74   _tmpoff
00009c76   _tmp
00009c78   _T_air_pt1
00009c7c   _AnaIn1_pt1
00009c80   _VdcBus_pt1
00009c84   _T_igbt_pt1
00009c88   _AnaIn2_pt1
00009c8c   _T_motor_pt1
00009c90   _ADC_SEQrun
00009c98   _ADC_ACQrun
00009cc0   _prev_DefineUserPin_dac
00009cc1   _DefineLogicPin_end1
00009cc2   _DefineLogicPin_din1
00009cc3   _DefineUserPin_dac
00009cc4   _gpbdatr
00009cc5   _gpbdatf
00009cc6   _gpbdat
00009cc7   _VO_BRAKE
00009cc8   _VO_Icns
00009cc9   _gpbdato
00009cca   _DefineLogicPin_dout1
00009ccb   _DefineLogicPin_dout2
00009ccc   _DefineLogicPin_end2
00009ccd   _DefineLogicPin_dout4
00009cce   _USER_t_brake
00009ccf   _DefineLogicPin_din2
00009cd0   _DefineLogicPin_dout3
00009cd1   _prev_activate
00009cd2   _activate
00009cdc   _mix_ana_on
00009cdd   _watch
00009cde   _logic_millis
00009cdf   _aux_timer
00009ce1   _norun_timer
00009ce5   _I_diglimit
00009ce7   _uesp_count
00009ce8   _t_brake
00009ce9   _multisw1
00009cea   _edge1
00009ceb   _multisw1cnt
00009cec   _multisw2
00009ced   _VO_TOLER
00009cee   _VO_Less_N0
00009cef   _enable_state
00009cf0   _trace_offset
00009cf1   _next_state
00009cf2   _speed0_pos_enab
00009cf3   _e_brake_actv
00009cf4   _speed0_pos_actv
00009cf7   _logical_FRG
00009cf8   _edge2
00009cf9   _multisw2cnt
00009cfa   _multisw1sel
00009cfb   _speedclip
00009cfc   _multisw2sel
00009cfd   _e_brake_enab
00009cfe   _test1
00009d00   _stepdown
00009d02   _DeviceAutoID
00009d04   _LOGIC_var
00009d42   __dtors_ptr
00009d44   __cleanup_ptr
00080000   _Zone2Data
003da000   _FlashToRam
003da021   _kern_version
003da022   _tms_version
003dc000   _para_tab
003dd098   _size_para
003dd260   _PieVectTableInit
003dd360   _f_SQRT3
003dd362   _invsqrt2
003dd364   _PI
003dd366   _f2div3
003dd368   _fsqrt3
003dd36a   _deg1div360
003dd36c   _sqrt3
003dd36e   _invsqrt3
003dd374   _HallList
003dd384   _alarm_char
003dd394   _drat_fr
003dd3a4   _fun_disp
003dd3b4   _sc_combi
003dd3c4   _sc_mul
003dd3d4   _cw_rotor
003dd3e0   _Vunten
003dd3e2   _Voben
003dd3e4   _mAscale
003dd3e6   _mAunten
003dd3e8   _ADC_SEQall
003dd3f0   _DZR_select
003dd3f8   _PWM_select
003dd400   _actra_block
003dd410   _sector
003dd416   _SC_modulo_min
003dd41c   _supply
003dd426   _disps
003e8000   ___cinit__
003e8000   cinit
003e8189   _min_max
003e8190   _min_max_u
003e8197   _min_max_32
003e81a0   _min_max_abs
003e81a9   _grad_el_to_MPOS
003e81b5   _CommandTypeUpdate
003e81c5   _SpeedLimitUddate
003e81d7   _ConfigResolverResolution
003e821e   _define_carrier_freq
003e832d   _Init_basics
003e8440   _Reset_SC
003e8464   _Init_feedback
003e865b   _define_timer_delta
003e8685   _Init_ballast
003e86dd   _kern_update
003e8c0c   _Init_vars
003e8df1   _Set_PWM_0
003e8dfc   _Set_PWM_none
003e8e0a   _Set_PWM_bottom3
003e8e17   _CheckRotorError
003e8e5c   _Get_I_ist_offset
003e8ea2   _Check_SC
003e8f67   _Get_mpos32
003e905e   _Get_analog_command
003e9152   _Get_Handwheel_Position
003e9181   _Get_Reference_Speed
003e9234   _Reset_PID_current
003e9291   _Reset_PID_speed
003e929d   _Reset_PID_position
003e92a6   _CheckSemaphore
003e94a3   _Check_Raceaway
003e951d   _make_CanID
003e9535   _ReconfigRxMailBox_Group1
003e959d   _ReconfigRxMailBox_Group2
003e960c   _ReconfigRxMailBox_Group3
003e967e   _ReconfigTxMailBox_Group1
003e9728   _ReconfigTxMailBox_Group2
003e978c   _ReconfigTxMailBox_Group3
003e97f0   _CanCheckID_Param
003e9825   _CanBus_ClearStatus
003e9838   _CanBus_GetStatus
003e987a   _CanTx_MBoxSetupPtr
003e98d1   _CanTx_MBoxBusy
003e98ec   _CanTx_MBoxCancel
003e990b   _CanTx_MBoxWrite
003e99bb   _ParseRxMsg
003e9aec   _ParseRxMsg2
003e9af4   _DoReadGroup1
003e9b30   _DoReadGroup2
003e9b56   _DoReadGroup3
003e9b6e   _CanReadMsg
003e9b6e   _CanRx_IntrService
003e9c69   _Can_CyclicInit
003e9ca9   _Can_Cyclic
003e9d5a   _LogicInit
003e9d78   _DoSortIn
003e9e12   _DoLogicReadPort
003e9e69   _LogicUpdate
003e9eb0   _LogicIn
003ea037   _LogicOut
003ea141   _reset_error
003ea15b   _reset_regvars
003ea191   _DoSortOut
003ea377   _adc_seq_group0_setup
003ea3fa   _adc_filter_seed
003ea46b   _AnaIn_ptx
003ea489   _AnaMode
003ea518   _do_AnaIn
003ea61e   _acquire_5
003ea64d   _get_position_error
003ea675   _I_Reg_init
003ea810   _ucalc
003ea8f5   _spi_init
003ea914   _spi_eep_page_read
003ea951   _spi_eep_page_write
003ea9bd   _eep_para_read
003eaa56   _eep_para_write
003eab05   _eep_ascii_read
003eab0f   _eep_ascii_write
003eab19   _spi_7seg_write
003eab37   _spi_dac_write
003eab66   _scia_init
003eab8b   _scib_init
003eaba3   _scia_xmit
003eaba7   _scia_fifo_init
003eaba8   _do_serial_init
003eabc0   _do_serial
003eadcd   _init_recoded_tab
003eadf6   _lookup_access
003eae0f   _is_super_user
003eae17   _is_long_id
003eae29   _is_unsigned_id
003eae36   _set_defaults
003eae84   _write_id
003eaee7   _atomic_read_int32
003eaeec   _atomic_write_int32
003eaef1   _fun_dummy
003eaef5   _fun_01
003eaef9   _fun_02
003eaefd   _fun_03
003eaf26   _fun_special
003eaf5c   _func_id
003eaf76   _INT13_ISR
003eaf7b   _INT14_ISR
003eaf80   _NMI_ISR
003eaf85   _XINT1_ISR
003eaf8a   _XINT2_ISR
003eaf8f   _DATALOG_ISR
003eaf94   _RTOSINT_ISR
003eaf99   _EMUINT_ISR
003eaf9e   _ILLEGAL_ISR
003eafa3   _USER0_ISR
003eafa8   _USER1_ISR
003eafad   _USER2_ISR
003eafb2   _USER3_ISR
003eafb7   _USER4_ISR
003eafbc   _USER5_ISR
003eafc1   _USER6_ISR
003eafc6   _USER7_ISR
003eafcb   _USER8_ISR
003eafd0   _USER9_ISR
003eafd5   _USER10_ISR
003eafda   _USER11_ISR
003eafdf   _ADCINT_ISR
003eafe4   _TINT0_ISR
003eafe9   _WAKEINT_ISR
003eafee   _PDPINTA_ISR
003eaff3   _CMP1INT_ISR
003eaff8   _CMP2INT_ISR
003eaffd   _CMP3INT_ISR
003eb002   _T1PINT_ISR
003eb007   _T1CINT_ISR
003eb016   _T1UFINT_ISR
003eb01b   _T1OFINT_ISR
003eb020   _T2PINT_ISR
003eb025   _T2CINT_ISR
003eb02a   _T2UFINT_ISR
003eb02f   _T2OFINT_ISR
003eb034   _CAPINT1_ISR
003eb039   _CAPINT2_ISR
003eb03e   _CAPINT3_ISR
003eb043   _PDPINTB_ISR
003eb048   _CMP4INT_ISR
003eb04d   _CMP5INT_ISR
003eb052   _CMP6INT_ISR
003eb057   _T3PINT_ISR
003eb05c   _T3CINT_ISR
003eb061   _T3UFINT_ISR
003eb066   _T3OFINT_ISR
003eb06b   _T4PINT_ISR
003eb070   _T4CINT_ISR
003eb075   _T4UFINT_ISR
003eb07a   _T4OFINT_ISR
003eb07f   _CAPINT4_ISR
003eb084   _CAPINT5_ISR
003eb089   _CAPINT6_ISR
003eb08e   _MRINTA_ISR
003eb093   _MXINTA_ISR
003eb098   _SPIRXINTA_ISR
003eb09d   _SPITXINTA_ISR
003eb0a2   _SCIRXINTA_ISR
003eb0a7   _SCITXINTA_ISR
003eb0ac   _SCIRXINTB_ISR
003eb0b1   _SCITXINTB_ISR
003eb0b6   _ECAN0INTA_ISR
003eb0bb   _ECAN1INTA_ISR
003eb0c0   _PIE_RESERVED
003eb0c5   _rsvd_ISR
003eb0ca   _capture_get_index
003eb0f7   _capture_get_entry
003eb106   _capture_lead_limit
003eb11a   _capture_clr
003eb12b   _capture_look
003eb1c7   _capture_init
003eb1f0   _PWM_reset_isr
003eb2bb   _eCan_Tx_isr
003eb2cc   _eCan_Rx_isr
003eb2ec   _exp
003eb389   _pid_reg3_calc
003eb41f   FS$$ADD
003eb4ab   FS$$DIV
003eb52e   FD$$MPY
003eb5b0   FS$$MPY
003eb60a   _nibble_asc
003eb611   _asc_nibble
003eb626   _sprint_hex
003eb63a   _sprint_hex_2
003eb644   _sscan_hex_n
003eb65e   _sscan_hex
003eb662   _sqrt
003eb6b3   _c_int00
003eb6f9   _exit
003eb718   C$$EXIT
003eb71a   _atexit
003eb736   _abort
003eb737   FS$$TOL
003eb772   _cur_mod_calc
003eb7ab   _InitAdc
003eb7df   _ldexp
003eb80e   _InitSysCtrl
003eb839   L$$DIV
003eb848   L$$MOD
003eb856   UL$$DIV
003eb85d   UL$$MOD
003eb863   FS$$TOI
003eb887   _InitPieCtrl
003eb8a8   FD$$TOL
003eb8c7   FS$$TOFD
003eb8e4   I$$TOFD
003eb8fe   I$$TOFS
003eb918   L$$TOFS
003eb932   L$$TOFD
003eb94b   U$$TOFD
003eb963   FS$$CMP
003eb97a   _InitPieVectTable
003eb98c   U$$TOFS
003eb99c   _get_regid_type
003eb9a9   U$$DIV
003eb9ae   U$$MOD
003eb9b4   FS$$SUB
003eb9bd   __nop
003eb9be   __register_lock
003eb9c1   __register_unlock
003eb9c4   FS$$NEG
003eb9c9   _DSP28x_usDelay
003ec000   _RamfuncsLoadstart
003edc08   _RamfuncsLoadend
003edc08   _float_init
003edcf6   _common_init
003edd68   _tune_init
003edd87   _rho_ramp
003eddb6   _Iq_ramp
003eddc1   _define_watch2
003eddf3   _hall_stab
003ede2d   _ripple
003edead   _dc_handler
003edfb6   _dc_once_rho
003ee0bb   _calc_kern_update
003ee2bf   _convert_float2int
003ee366   _calc_fRs
003ee3fb   _calc_magn_rot
003ee43b   _calc_fRr
003ee474   _calc_from_motplate
003ee5c5   _calc_fLs
003ee744   _measure_fRr
003ee89d   _calc_magn_still
003ee9f7   _measure_magn_rot
003eea74   _measure_fRs
003eeaf6   _measure_fLs
003eeba9   _reset_tuning_vars
003eebb0   _set_M_fRs_vars
003eec12   _set_M_fRr_vars
003eec5b   _tuning_handler
003eeee0   _get_rho_offset
003eef3b   _phasing_handler
003ef13a   _toffs_handler
003ef24b   _check_error
003ef280   _reset_fpga
003ef28f   _read_error_250us
003ef2f8   _do_disp
003ef341   _do_Nclip
003ef3b0   _It_Algo
003ef406   _set_ptr
003ef847   _do_update
003ef9ec   _do_dacout
003efa8a   _do_lifetime
003efae8   _do_takt
003efb1c   _SysTimerPoll
003efbbf   _seg7_warn
003efbe4   _statistics
003efcbd   _current_steps
003efcc7   _speed_steps
003efcdb   _convert_amp
003efcef   _cnts2dA
003efd03   _cnts2cA
003efd1c   _GpioInit
003efd41   _set_size_defaults
003efd8c   _check_Soft_ID
003efe13   _main
003effde   I$$DIV
003effef   I$$MOD
003f0000   _IQmathLoadstart
003f038d   _IQmathLoadend
003f038e   _do_logic
003f0988   _do_Ilim
003f0ca7   _seg7_standard
003f0d54   _CanInit
003f0ec4   _ipark_calc
003f0ef2   _park_calc
003f7ff8   _CsmPwl
003f8000   _I_components
003f8000   _RamfuncsRunstart
003f82f1   _I_Reg
003f898c   _Get_speed_ist
003f8c29   _Get_I_ist
003f8caf   _Check_Ipeak
003f8ce2   _Filter_I_ref
003f8d31   _Get_rotor
003f8f58   _Get_mpos_ist
003f90b0   _Get_speed_ramp
003f91f1   _Check_ReGen_Bleeder
003f927d   _acquire_currm
003f92b4   _acquire_0
003f92fd   _acquire_1
003f9397   _acquire_2
003f9439   _acquire_3
003f94c9   _acquire_4
003f9555   _do_ctrl_sub_mode
003f9611   _do_torque_common
003f9621   _do_speed_common
003f9668   _do_position_common
003f96b3   _DefineMode
003f9832   _do_acquire_mainint
003f9870   _do_acquire_add_int
003f98a6   _do_glue
003f9900   _do_current
003f99b1   _evat1_isr_uflw
003f9a6a   _evat1_isr_prdm
003f9b0d   _adc_isr
003f9b52   _pid_reg4_calc
003f9bc2   _neu_calc
003f9be0   _InitFlash
003f9bf7   _clarke_calc
003f9c08   _IQmathRunstart
003f9c08   __IQ16atan2PU
003f9c90   __IQ24atan2PU
003f9d18   __IQ16mag
003f9d78   __IQ24mag
003f9dd8   __IQ16div
003f9e1f   __IQ20div
003f9e66   __IQ24div
003f9ead   __IQ1sqrt
003f9eef   __IQ24sqrt
003f9f31   __IQ24sinPU
003f9f5a   __IQ24cosPU
003f9f81   __IQ24toF
003ff000   _IQsinTable
003ff100   _IQcosTable
003ff400   _IQsinTableEnd
003ff502   _IQcosTableEnd
003ff502   _IQdivRoundSatTable
003ff510   _IQdivTable
003ff712   _IQdivTableEnd
003ff712   _IQisqrtRoundSatTable
003ff712   _IQsqrtRoundSatTable
003ff722   _IQisqrtTable
003ff722   _IQsqrtTable
003ff824   _IQatan2HalfPITable
003ff824   _IQisqrtTableEnd
003ff824   _IQsqrtTableEnd
003ff862   _IQatan2Table
003ff9e8   _IQ30mpyRndSatTable
003ff9e8   _IQatan2TableEnd
003ff9e8   _IQmpyRndSatTable
003ff9f4   _IQ29mpyRndSatTable
003ffa00   _IQ28mpyRndSatTable
003ffa0c   _IQ27mpyRndSatTable
003ffa18   _IQ26mpyRndSatTable
003ffa24   _IQ25mpyRndSatTable
003ffa30   _IQ24mpyRndSatTable
003ffa3c   _IQ23mpyRndSatTable
003ffa48   _IQ22mpyRndSatTable
003ffa54   _IQ21mpyRndSatTable
003ffa60   _IQ20mpyRndSatTable
003ffa6c   _IQ19mpyRndSatTable
003ffa78   _IQ18mpyRndSatTable
003ffa84   _IQ17mpyRndSatTable
003ffa90   _IQ16mpyRndSatTable
003ffa9c   _IQ15mpyRndSatTable
003ffaa8   _IQ14mpyRndSatTable
003ffab4   _IQ13mpyRndSatTable
003ffac0   _IQ12mpyRndSatTable
003ffacc   _IQ11mpyRndSatTable
003ffad8   _IQ10mpyRndSatTable
003ffae4   _IQ9mpyRndSatTable
003ffaf0   _IQ8mpyRndSatTable
003ffafc   _IQ7mpyRndSatTable
003ffb08   _IQ6mpyRndSatTable
003ffb14   _IQ5mpyRndSatTable
003ffb20   _IQ4mpyRndSatTable
003ffb2c   _IQ3mpyRndSatTable
003ffb38   _IQ2mpyRndSatTable
003ffb44   _IQ1mpyRndSatTable
003ffb50   _IQmpyRndSatTableEnd
ffffffff   .bss
ffffffff   .text
ffffffff   ___binit__
ffffffff   ___bss__
ffffffff   ___c_args__
ffffffff   ___end__
ffffffff   ___etext__
ffffffff   ___pinit__
ffffffff   ___text__
ffffffff   binit
ffffffff   end
ffffffff   etext
ffffffff   pinit

[1506 symbols]
