******************************************************************************
             TMS320C2000 Linker PC v6.1.0                      
******************************************************************************
>> Linked Wed Oct 29 14:21:57 2014

OUTPUT FILE NAME:   <Reg2812.out>
ENTRY POINT SYMBOL: "_c_int00"  address: 003eba11


MEMORY CONFIGURATION

         name            origin    length      used     unused   attr    fill
----------------------  --------  ---------  --------  --------  ----  --------
PAGE 0:
  RAML0                 00008000   00001000  00000bb1  0000044f  RWIX
  OTP                   003d7800   00000800  00000000  00000800  RWIX
  FLASHJ                003d8000   00002000  00000000  00002000  RWIX
  FLASHI                003da000   00002000  00000023  00001fdd  RWIX
  FLASHH                003dc000   00004000  0000147c  00002b84  RWIX
  FLASHG                003e0000   00004000  00000000  00004000  RWIX
  FLASHF                003e4000   00004000  00000000  00004000  RWIX
  FLASHE                003e8000   00004000  00003db6  0000024a  RWIX
  FLASHD                003ec000   00004000  00003fff  00000001  RWIX
  FLASHC                003f0000   00004000  00000fe9  00003017  RWIX
  FLASHA                003f6000   00001ff6  00000000  00001ff6  RWIX
  BEGIN                 003f7ff6   00000002  00000002  00000000  RWIX
  RAMH0                 003f8000   00002000  00001b68  00000498  RWIX
  ROM                   003ff000   00000fc0  00000b50  00000470  RWIX
  RESET                 003fffc0   00000002  00000000  00000002  RWIX
  VECTORS               003fffc2   0000003e  00000000  0000003e  RWIX

PAGE 1:
  RAMM0                 00000000   00000400  00000000  00000400  RWIX
  RAMM1                 00000400   00000400  00000190  00000270  RWIX
  DEV_EMU               00000880   00000180  000000d6  000000aa  RWIX
  FLASH_REGS            00000a80   00000060  00000008  00000058  RWIX
  CSM                   00000ae0   00000010  00000010  00000000  RWIX
  XINTF                 00000b20   00000020  00000020  00000000  RWIX
  CPU_TIMER0            00000c00   00000008  00000008  00000000  RWIX
  PIE_CTRL              00000ce0   00000020  0000001a  00000006  RWIX
  PIE_VECT              00000d00   00000100  00000100  00000000  RWIX
  ZONE0                 00002000   00002000  00000001  00001fff  RWIX
  ZONE1                 00004000   00002000  00000000  00002000  RWIX
  ECAN_A                00006000   00000040  00000034  0000000c  RWIX
  ECAN_LAM              00006040   00000040  00000040  00000000  RWIX
  ECAN_MOTS             00006080   00000040  00000040  00000000  RWIX
  ECAN_MOTO             000060c0   00000040  00000040  00000000  RWIX
  ECAN_AMBOX            00006100   00000100  00000100  00000000  RWIX
  SYSTEM                00007010   00000020  00000020  00000000  RWIX
  SPI_A                 00007040   00000010  00000010  00000000  RWIX
  SCI_A                 00007050   00000010  00000010  00000000  RWIX
  XINTRUPT              00007070   00000010  00000010  00000000  RWIX
  GPIOMUX               000070c0   00000020  00000020  00000000  RWIX
  GPIODAT               000070e0   00000020  00000020  00000000  RWIX
  ADC                   00007100   00000020  0000001a  00000006  RWIX
  EV_A                  00007400   00000040  00000032  0000000e  RWIX
  EV_B                  00007500   00000040  00000032  0000000e  RWIX
  SCI_B                 00007750   00000010  00000010  00000000  RWIX
  MCBSP_A               00007800   00000040  00000025  0000001b  RWIX
  RAML1                 00009000   00001000  00000c53  000003ad  RWIX
  ZONE2                 00080000   00080000  00000001  0007ffff  RWIX
  ZONE6                 00100000   00080000  00000000  00080000  RWIX
  FLASHB                003f4000   00002000  00000000  00002000  RWIX
  CSM_PWL               003f7ff8   00000008  00000008  00000000  RWIX


SECTION ALLOCATION MAP

 output                                  attributes/
section   page    origin      length       input sections
--------  ----  ----------  ----------   ----------------
.cst       0    00008000    00000824     UNINITIALIZED
                  00008000    00000824     capture.obj (.cst)

CopyFunction 
*          0    003da000    00000021     
                  003da000    00000021     main.obj (CopyFunction)

VersionData 
*          0    003da021    00000002     
                  003da021    00000002     Version.obj (VersionData)

.econst    0    003dc000    0000147c     
                  003dc000    00001098     utils.obj (.econst:_para_tab)
                  003dd098    0000021c     main.obj (.econst:_size_para)
                  003dd2b4    00000100     PieVect.obj (.econst)
                  003dd3b4    00000014     ntadd.obj (.econst)
                  003dd3c8    00000010     core.obj (.econst:_HallList)
                  003dd3d8    00000010     main.obj (.econst:_alarm_char)
                  003dd3e8    00000010     main.obj (.econst:_drat_fr)
                  003dd3f8    00000010     core.obj (.econst:_fun_disp)
                  003dd408    00000010     core.obj (.econst:_sc_combi)
                  003dd418    00000010     core.obj (.econst:_sc_mul)
                  003dd428    0000000c     ntadd.obj (.econst:_cw_rotor)
                  003dd434    00000008     Interrupt.obj (.econst)
                  003dd43c    00000008     Interrupt.obj (.econst:_ADC_SEQall)
                  003dd444    00000008     core.obj (.econst:_DZR_select)
                  003dd44c    00000008     core.obj (.econst:_PWM_select)
                  003dd454    00000008     core.obj (.econst:_actra_block)
                  003dd45c    00000008     core.obj (.econst)
                  003dd464    00000006     core.obj (.econst:_sector)
                  003dd46a    00000006     main.obj (.econst)
                  003dd470    00000006     ntcalc.obj (.econst)
                  003dd476    00000004     utils.obj (.econst)
                  003dd47a    00000002     main.obj (.econst:_disps)

.cinit     0    003e8000    000001a3     
                  003e8000    000000ec     ntcalc.obj (.cinit)
                  003e80ec    00000052     main.obj (.cinit)
                  003e813e    00000017     Interrupt.obj (.cinit)
                  003e8155    00000016     core.obj (.cinit)
                  003e816b    00000015     utils.obj (.cinit)
                  003e8180    0000000a     rts2800_ml.lib : _lock.obj (.cinit)
                  003e818a    0000000a                    : exit.obj (.cinit)
                  003e8194    00000009     spi.obj (.cinit)
                  003e819d    00000004     rts2800_ml.lib : errno.obj (.cinit)
                  003e81a1    00000002     --HOLE-- [fill = 0]

.text.1    0    003e81a3    00003c13     
                  003e81a3    00001628     core.obj (.text)
                  003e97cb    00000840     can.obj (.text)
                  003ea00b    000006d9     Logic.obj (.text)
                  003ea6e4    000002fc     Interrupt.obj (.text)
                  003ea9e0    00000270     spi.obj (.text)
                  003eac50    0000026e     ntcalc.obj (.text)
                  003eaebe    00000266     sci.obj (.text)
                  003eb124    000001a9     utils.obj (.text)
                  003eb2cd    00000154     DefaultIsr.obj (.text:retain)
                  003eb421    00000127     capture.obj (.text)
                  003eb548    00000107     rts2800_ml.lib : ll_div.obj (.text)
                  003eb64f    000000fc     Interrupt.obj (.text:retain)
                  003eb74b    00000096     pid_reg3.obj (.text)
                  003eb7e1    00000083     rts2800_ml.lib : fd_mpy.obj (.text)
                  003eb864    00000083                    : fs_div.obj (.text)
                  003eb8e7    00000078                    : fs_add.obj (.text)
                  003eb95f    0000005a                    : fs_mpy.obj (.text)
                  003eb9b9    00000058     aschex.obj (.text)
                  003eba11    00000044     rts2800_ml.lib : boot.obj (.text)
                  003eba55    0000003f                    : ldexp.obj (.text)
                  003eba94    00000039     cur_mod.obj (.text)
                  003ebacd    00000034     DSP28_Adc.obj (.text)
                  003ebb01    0000002d     rts2800_ml.lib : lldiv.obj (.text)
                  003ebb2e    0000002b     SysCtrl.obj (.text)
                  003ebb59    0000002a     rts2800_ml.lib : l_div.obj (.text)
                  003ebb83    00000029                    : fs_tol.obj (.text)
                  003ebbac    00000025                    : fs_toi.obj (.text)
                  003ebbd1    00000022                    : i_div.obj (.text)
                  003ebbf3    00000021     PieCtrl.obj (.text)
                  003ebc14    00000021     rts2800_ml.lib : memcpy_ff.obj (.text)
                  003ebc35    0000001f                    : fd_tol.obj (.text)
                  003ebc54    0000001e                    : ll_cmp.obj (.text)
                  003ebc72    0000001d                    : i_tofd.obj (.text)
                  003ebc8f    0000001c                    : fs_tofd.obj (.text)
                  003ebcab    0000001c                    : l_tofd.obj (.text)
                  003ebcc7    0000001a                    : i_tofs.obj (.text)
                  003ebce1    0000001a                    : l_tofs.obj (.text)
                  003ebcfb    00000019                    : args_main.obj (.text)
                  003ebd14    00000019                    : exit.obj (.text)
                  003ebd2d    00000017                    : fs_cmp.obj (.text)
                  003ebd44    00000017                    : u_tofd.obj (.text)
                  003ebd5b    00000014                    : ll_mpy.obj (.text)
                  003ebd6f    00000012     PieVect.obj (.text)
                  003ebd81    00000010     rts2800_ml.lib : u_tofs.obj (.text)
                  003ebd91    0000000d     regid.obj (.text)
                  003ebd9e    0000000b     rts2800_ml.lib : u_div.obj (.text)
                  003ebda9    00000009                    : _lock.obj (.text)
                  003ebdb2    00000004     DSP28_usDelay.obj (.text)

ramfuncs   0    003ec000    00001b68     RUN ADDR = 003f8000
                  003ec000    00000997     ntcalc.obj (ramfuncs)
                  003ec997    000007b6     core.obj (ramfuncs)
                  003ed14d    00000787     Interrupt.obj (ramfuncs)
                  003ed8d4    000001c5     Interrupt.obj (ramfuncs:retain)
                  003eda99    00000089     pid_reg4.obj (ramfuncs)
                  003edb22    0000001e     neu.obj (ramfuncs)
                  003edb40    00000017     SysCtrl.obj (ramfuncs)
                  003edb57    00000011     clarke.obj (ramfuncs)

.text.2    0    003edb68    00002497     
                  003edb68    0000163e     ntadd.obj (.text)
                  003ef1a6    00000d67     main.obj (.text)
                  003eff0d    0000009d     rts2800_ml.lib : exp.obj (.text)
                  003effaa    00000050                    : sqrt.obj (.text)
                  003efffa    00000005                    : fs_neg.obj (.text)

IQmath     0    003f0000    0000038d     RUN ADDR = 00008824
                  003f0000    00000088     IQmath.lib : IQ16atan2PU.obj (IQmath)
                  003f0088    00000088                : IQ24atan2PU.obj (IQmath)
                  003f0110    00000060                : IQ16mag.obj (IQmath)
                  003f0170    00000060                : IQ24mag.obj (IQmath)
                  003f01d0    00000047                : IQ16div.obj (IQmath)
                  003f0217    00000047                : IQ20div.obj (IQmath)
                  003f025e    00000047                : IQ24div.obj (IQmath)
                  003f02a5    00000042                : IQ1sqrt.obj (IQmath)
                  003f02e7    00000042                : IQ24sqrt.obj (IQmath)
                  003f0329    00000029                : IQ24sinPU.obj (IQmath)
                  003f0352    00000027                : IQ24cosPU.obj (IQmath)
                  003f0379    00000014                : IQ24toF.obj (IQmath)

.switch    0    003f038e    00000c5c     
                  003f038e    00000619     Logic.obj (.switch)
                  003f09a7    000003b9     main.obj (.switch)
                  003f0d60    0000013c     can.obj (.switch)
                  003f0e9c    00000034     Logic.obj (.switch:_LogicIn)
                  003f0ed0    0000002e     ipark.obj (.switch)
                  003f0efe    0000002d     park.obj (.switch)
                  003f0f2b    00000001     --HOLE-- [fill = 0]
                  003f0f2c    0000002a     main.obj (.switch:_set_ptr)
                  003f0f56    00000020     Logic.obj (.switch:_LogicOut)
                  003f0f76    00000020     Logic.obj (.switch:_do_logic)
                  003f0f96    0000001e     core.obj (.switch:_Get_analog_command)
                  003f0fb4    0000001e     ntadd.obj (.switch:_tuning_handler)
                  003f0fd2    00000018     can.obj (.switch:_CanTx_MBoxSetupPtr)

codestart 
*          0    003f7ff6    00000002     
                  003f7ff6    00000002     CodeStartBranch.obj (codestart)

IQmathTables 
*          0    003ff000    00000b50     NOLOAD SECTION
                  003ff000    00000b50     IQmath.lib : IQmathTables.ob (IQmathTables)

.reset     0    003fffc0    00000002     DSECT
                  003fffc0    00000002     rts2800_ml.lib : boot.obj (.reset)

vectors    0    003fffc2    00000000     DSECT

.stack     1    00000400    00000190     UNINITIALIZED
                  00000400    00000190     --HOLE--

DevEmuRegsFile 
*          1    00000880    000000d6     UNINITIALIZED
                  00000880    000000d6     main.obj (DevEmuRegsFile)

FlashRegsFile 
*          1    00000a80    00000008     UNINITIALIZED
                  00000a80    00000008     main.obj (FlashRegsFile)

CsmRegsFile 
*          1    00000ae0    00000010     UNINITIALIZED
                  00000ae0    00000010     main.obj (CsmRegsFile)

XintfRegsFile 
*          1    00000b20    00000020     UNINITIALIZED
                  00000b20    00000020     main.obj (XintfRegsFile)

CpuTimer0RegsFile 
*          1    00000c00    00000008     UNINITIALIZED
                  00000c00    00000008     main.obj (CpuTimer0RegsFile)

PieCtrlRegsFile 
*          1    00000ce0    0000001a     UNINITIALIZED
                  00000ce0    0000001a     main.obj (PieCtrlRegsFile)

PieVectTable 
*          1    00000d00    00000100     UNINITIALIZED
                  00000d00    00000100     main.obj (PieVectTable)

Zone0File 
*          1    00002000    00000001     UNINITIALIZED
                  00002000    00000001     main.obj (Zone0File)

ECanaRegsFile 
*          1    00006000    00000034     UNINITIALIZED
                  00006000    00000034     main.obj (ECanaRegsFile)

ECanaLamFile 
*          1    00006040    00000040     UNINITIALIZED
                  00006040    00000040     main.obj (ECanaLamFile)

ECanaMotsFile 
*          1    00006080    00000040     UNINITIALIZED
                  00006080    00000040     main.obj (ECanaMotsFile)

ECanaMotoFile 
*          1    000060c0    00000040     UNINITIALIZED
                  000060c0    00000040     main.obj (ECanaMotoFile)

ECanaMboxesFile 
*          1    00006100    00000100     UNINITIALIZED
                  00006100    00000100     main.obj (ECanaMboxesFile)

SysCtrlRegsFile 
*          1    00007010    00000020     UNINITIALIZED
                  00007010    00000020     main.obj (SysCtrlRegsFile)

SpiaRegsFile 
*          1    00007040    00000010     UNINITIALIZED
                  00007040    00000010     main.obj (SpiaRegsFile)

SciaRegsFile 
*          1    00007050    00000010     UNINITIALIZED
                  00007050    00000010     main.obj (SciaRegsFile)

XIntruptRegsFile 
*          1    00007070    00000010     UNINITIALIZED
                  00007070    00000010     main.obj (XIntruptRegsFile)

GpioMuxRegsFile 
*          1    000070c0    00000020     UNINITIALIZED
                  000070c0    00000020     main.obj (GpioMuxRegsFile)

GpioDataRegsFile 
*          1    000070e0    00000020     UNINITIALIZED
                  000070e0    00000020     main.obj (GpioDataRegsFile)

AdcRegsFile 
*          1    00007100    0000001a     UNINITIALIZED
                  00007100    0000001a     main.obj (AdcRegsFile)

EvaRegsFile 
*          1    00007400    00000032     UNINITIALIZED
                  00007400    00000032     main.obj (EvaRegsFile)

EvbRegsFile 
*          1    00007500    00000032     UNINITIALIZED
                  00007500    00000032     main.obj (EvbRegsFile)

ScibRegsFile 
*          1    00007750    00000010     UNINITIALIZED
                  00007750    00000010     main.obj (ScibRegsFile)

McbspaRegsFile 
*          1    00007800    00000025     UNINITIALIZED
                  00007800    00000025     main.obj (McbspaRegsFile)

.bss       1    00009000    00000000     UNINITIALIZED

.ebss.1    1    00009000    000002b1     UNINITIALIZED
                  00009000    000002a6     main.obj (.ebss)
                  000092a6    00000004     rts2800_ml.lib : _lock.obj (.ebss)
                  000092aa    00000004                    : exit.obj (.ebss)
                  000092ae    00000002     pid_reg3.obj (.ebss)
                  000092b0    00000001     rts2800_ml.lib : errno.obj (.ebss)

.ebss.2    1    000092c0    00000270     UNINITIALIZED
                  000092c0    00000270     ntcalc.obj (.ebss)

.ebss.3    1    00009540    00000490     UNINITIALIZED
                  00009540    00000240     spi.obj (.ebss)
                  00009780    00000140     utils.obj (.ebss)
                  000098c0    00000110     can.obj (.ebss)

.ebss.4    1    00009a00    000000c6     UNINITIALIZED
                  00009a00    000000c6     ntadd.obj (.ebss)

.ebss.5    1    00009b00    000000ac     UNINITIALIZED
                  00009b00    000000ac     core.obj (.ebss)

.ebss.6    1    00009bc0    00000076     UNINITIALIZED
                  00009bc0    00000076     sci.obj (.ebss)

.ebss.7    1    00009c40    0000006c     UNINITIALIZED
                  00009c40    0000006c     Interrupt.obj (.ebss)

.ebss.8    1    00009cc0    0000004e     UNINITIALIZED
                  00009cc0    0000004e     Logic.obj (.ebss)

Zone2File 
*          1    00080000    00000001     UNINITIALIZED
                  00080000    00000001     main.obj (Zone2File)

CsmPwlFile 
*          1    003f7ff8    00000008     UNINITIALIZED
                  003f7ff8    00000008     main.obj (CsmPwlFile)


GLOBAL SYMBOLS: SORTED ALPHABETICALLY BY Name 

address    name
--------   ----
ffffffff   .bss
ffffffff   .text
003ebd14   C$$EXIT
003eb7e1   FD$$MPY
003ebc35   FD$$TOL
003eb8ec   FS$$ADD
003ebd2d   FS$$CMP
003eb864   FS$$DIV
003eb95f   FS$$MPY
003efffa   FS$$NEG
003eb8e7   FS$$SUB
003ebc8f   FS$$TOFD
003ebbac   FS$$TOI
003ebb83   FS$$TOL
003ebbd1   I$$DIV
003ebbe2   I$$MOD
003ebc72   I$$TOFD
003ebcc7   I$$TOFS
003ebb59   L$$DIV
003ebb68   L$$MOD
003ebcab   L$$TOFD
003ebce1   L$$TOFS
003ebc54   LL$$CMP
003eb548   LL$$DIV
003eb584   LL$$MOD
003ebd5b   LL$$MPY
003ebd9e   U$$DIV
003ebda3   U$$MOD
003ebd44   U$$TOFD
003ebd81   U$$TOFS
003ebb76   UL$$DIV
003ebb7d   UL$$MOD
003ebc66   ULL$$CMP
003eb5be   ULL$$DIV
003eb5ed   ULL$$MOD
00009036   _AD2Volt
003eb336   _ADCINT_ISR
00009c9c   _ADC_ACQrun
003dd43c   _ADC_SEQall
00009c94   _ADC_SEQrun
00009c49   _AblePN
000091f8   _AdPwrID1
000091ec   _AdPwrID2
000090f2   _AdcCutoff1
000090fd   _AdcCutoff2
000090fc   _AdcFilt12
000091ae   _AdcIntCount
00009178   _AdcOffset1
0000917e   _AdcOffset2
00007100   _AdcRegs
00009212   _AnaIn1_calc
00009c7a   _AnaIn1_pt1
00009200   _AnaIn2_calc
00009c90   _AnaIn2_pt1
00009c54   _AnaIn_cnt
003ea7d6   _AnaIn_ptx
003ea7f4   _AnaMode
0000901e   _AnalogCommand
0000920a   _AnalogIn1
0000920e   _AnalogIn1_F
00009139   _AnalogIn1_M
00009210   _AnalogIn2
00009202   _AnalogIn2_F
00009134   _AnalogIn2_M
00009b58   _BL_Speed
00009b5c   _BL_Tacho
00009047   _Bal_Off
00009048   _Bal_On
003eb38b   _CAPINT1_ISR
003eb390   _CAPINT2_ISR
003eb395   _CAPINT3_ISR
003eb3d6   _CAPINT4_ISR
003eb3db   _CAPINT5_ISR
003eb3e0   _CAPINT6_ISR
003eb34a   _CMP1INT_ISR
003eb34f   _CMP2INT_ISR
003eb354   _CMP3INT_ISR
003eb39f   _CMP4INT_ISR
003eb3a4   _CMP5INT_ISR
003eb3a9   _CMP6INT_ISR
00009b41   _COMMAND_ana_input
00009b3f   _COMMAND_ana_mask
003e9ad3   _CanBus_ClearStatus
003e9ae6   _CanBus_GetStatus
003e9a9e   _CanCheckID_Param
000098ce   _CanError_Ack
000098c9   _CanError_Bit
000098d3   _CanError_BusOff
000098ca   _CanError_CRC
000098d4   _CanError_ErrorPassive
000098cb   _CanError_ErrorWarning
000098cf   _CanError_Form
000098cd   _CanError_RxOverflow
000098cc   _CanError_Stuff
003f0d60   _CanInit
003e9e1f   _CanReadMsg
00009940   _CanReplies
003e9e1f   _CanRx_IntrService
003e9b7f   _CanTx_MBoxBusy
003e9b9a   _CanTx_MBoxCancel
003e9b28   _CanTx_MBoxSetupPtr
003e9bb9   _CanTx_MBoxWrite
003e9f5a   _Can_Cyclic
003e9f1a   _Can_CyclicInit
003e8f26   _CheckRotorError
003e93ba   _CheckSemaphore
003f8cba   _Check_Ipeak
003e9751   _Check_Raceaway
003f90c1   _Check_ReGen_Bleeder
003e8fb1   _Check_SC
00009141   _CommandSource
003e81cf   _CommandTypeUpdate
00009b10   _Command_ana_sce
00009b0e   _Command_sce_type
003e81f1   _ConfigResolverResolution
00009b0d   _ControlMode
00009224   _Cosinus
00009226   _Cosinus_32
00009228   _Cosinus_32s
00009222   _Cosinus_comp
00000c00   _CpuTimer0Regs
003f7ff8   _CsmPwl
00000ae0   _CsmRegs
00009b16   _CtrlSubMode
0000903f   _CurrentActual
0000905a   _CurrentAllowed_calc
0000905d   _CurrentAllowed_con
00009059   _CurrentAllowed_inuse
00009058   _CurrentAllowed_max
00009057   _CurrentAllowed_maxnom
00009044   _CurrentAllowed_peak
000090a4   _CurrentAllowed_temp
00009052   _CurrentCommand
00009051   _CurrentCommand_ramped
00009b14   _CurrentMode
00009041   _CurrentOut
0000905c   _CurrentSetPoint
003eb2e6   _DATALOG_ISR
00009c8c   _DC_ACTRA
003ebdb2   _DSP28x_usDelay
00009053   _DZR_cnt
00009056   _DZR_lop
003dd444   _DZR_select
00009054   _DZR_seq
000091b6   _Debug1
000091b0   _Debug2
00009190   _Debug3
0000918a   _Debug4
00009198   _Debug5
00009cc3   _DefineLogicPin_din1
00009cc5   _DefineLogicPin_din2
00009cce   _DefineLogicPin_dout1
00009ccf   _DefineLogicPin_dout2
00009cd1   _DefineLogicPin_dout3
00009cd0   _DefineLogicPin_dout4
00009cc0   _DefineLogicPin_end1
00009cc4   _DefineLogicPin_end2
003f959b   _DefineMode
00009cc2   _DefineUserPin_dac
00009b54   _DeltaMax
00000880   _DevEmuRegs
00009d04   _DeviceAutoID
000091ba   _DeviceDCBus_Min
000091be   _DeviceExtRegenPower
0000904d   _DeviceMains
0000931b   _DeviceMains_half
0000917a   _DeviceSerialNumber
00009075   _DigCutoff
0000901d   _DigitalCommand
00009148   _Dir150
00009138   _Dir151
00009137   _Dir152
0000913a   _Dir153
003ea0eb   _DoLogicReadPort
003e9da5   _DoReadGroup1
003e9de1   _DoReadGroup2
003e9e07   _DoReadGroup3
003ea051   _DoSortIn
003ea4fe   _DoSortOut
00009350   _Dstest
000090f0   _Dummy
003eb40d   _ECAN0INTA_ISR
003eb412   _ECAN1INTA_ISR
00006040   _ECanaLam
00006100   _ECanaMboxes
000060c0   _ECanaMoto
00006080   _ECanaMots
00006000   _ECanaRegs
0000990a   _ECanaShadow
00009a34   _EMKpk
003eb2f0   _EMUINT_ISR
000090f1   _Enable
00009147   _ErrorBitMap
00007400   _EvaRegs
000091b2   _EvaT1IntPrdcnt
000091da   _EvaT1IntUflcnt
00007500   _EvbRegs
00009b01   _ExtraFeedback
00009196   _Feedback1_scale
0000919c   _Feedback2_scale
003f8ced   _Filter_I_ref
00000a80   _FlashRegs
003da000   _FlashToRam
00009065   _GEBER_MOTOR_pole_ratio
000090e5   _GEBER_pole
003e9266   _Get_Handwheel_Position
003f8c34   _Get_I_ist
003e8f6b   _Get_I_ist_offset
003e9295   _Get_Reference_Speed
003e916d   _Get_analog_command
003e9076   _Get_mpos32
003f8f69   _Get_mpos_ist
003f8d2f   _Get_rotor
003f8997   _Get_speed_ist
003e9593   _Get_speed_ramp
000070e0   _GpioDataRegs
003efc45   _GpioInit
000070c0   _GpioMuxRegs
00009140   _HTS_TEMP_limit_cnt
0000913f   _HTS_TEMP_warn_cnt
00009b37   _HW_state
003dd3c8   _HallList
00009192   _HandwheelActual
00009194   _HandwheelOffset
0000919e   _HandwheelPositionStart
000098c8   _HaveSeenNewRxCAN
00009002   _I1_adc
00009028   _I1_ist
00009003   _I2_adc
00009029   _I2_ist
00009c56   _I2_ist_atint
00009021   _I2_ist_offset
00009001   _I2_ist_offset_disab
00009004   _I2_ist_offset_valid
00009a1d   _I2_max
00009a21   _I2_min
000091f6   _I2_offset_32
00009b24   _I2_peak
00009a09   _I2_rip
0000902e   _I3_ist
00009c57   _I3_ist_atint
000090d4   _I3_ist_offset
000090d6   _I3_ist_offset_disab
000090d7   _I3_ist_offset_valid
00009a0b   _I3_max
00009a07   _I3_min
000091f4   _I3_offset_32
00009b25   _I3_peak
00009a02   _I3_rip
00009144   _ID_ok
00009146   _ID_warn
003eb2f5   _ILLEGAL_ISR
003eb2cd   _INT13_ISR
003eb2d2   _INT14_ISR
003ffad8   _IQ10mpyRndSatTable
003ffacc   _IQ11mpyRndSatTable
003ffac0   _IQ12mpyRndSatTable
003ffab4   _IQ13mpyRndSatTable
003ffaa8   _IQ14mpyRndSatTable
003ffa9c   _IQ15mpyRndSatTable
003ffa90   _IQ16mpyRndSatTable
003ffa84   _IQ17mpyRndSatTable
003ffa78   _IQ18mpyRndSatTable
003ffa6c   _IQ19mpyRndSatTable
003ffb44   _IQ1mpyRndSatTable
003ffa60   _IQ20mpyRndSatTable
00009386   _IQ20sqrt2
003ffa54   _IQ21mpyRndSatTable
003ffa48   _IQ22mpyRndSatTable
003ffa3c   _IQ23mpyRndSatTable
003ffa30   _IQ24mpyRndSatTable
003ffa24   _IQ25mpyRndSatTable
003ffa18   _IQ26mpyRndSatTable
003ffa0c   _IQ27mpyRndSatTable
003ffa00   _IQ28mpyRndSatTable
003ff9f4   _IQ29mpyRndSatTable
003ffb38   _IQ2mpyRndSatTable
003ff9e8   _IQ30mpyRndSatTable
003ffb2c   _IQ3mpyRndSatTable
003ffb20   _IQ4mpyRndSatTable
003ffb14   _IQ5mpyRndSatTable
003ffb08   _IQ6mpyRndSatTable
003ffafc   _IQ7mpyRndSatTable
003ffaf0   _IQ8mpyRndSatTable
003ffae4   _IQ9mpyRndSatTable
003ff824   _IQatan2HalfPITable
003ff862   _IQatan2Table
003ff9e8   _IQatan2TableEnd
003ff100   _IQcosTable
003ff502   _IQcosTableEnd
003ff502   _IQdivRoundSatTable
003ff510   _IQdivTable
003ff712   _IQdivTableEnd
003ff712   _IQisqrtRoundSatTable
003ff722   _IQisqrtTable
003ff824   _IQisqrtTableEnd
003f038d   _IQmathLoadend
003f0000   _IQmathLoadstart
00008824   _IQmathRunstart
003ff9e8   _IQmpyRndSatTable
003ffb50   _IQmpyRndSatTableEnd
000093e0   _IQone
003ff000   _IQsinTable
003ff400   _IQsinTableEnd
0000937c   _IQsqrt2
003ff712   _IQsqrtRoundSatTable
003ff722   _IQsqrtTable
003ff824   _IQsqrtTableEnd
0000937e   _IQzero
000090e4   _I_BALLAST
000090e7   _I_DIN1
000090e6   _I_DIN2
000090e3   _I_FAULT
000090e2   _I_FRG
000090e1   _I_LMT1
000090e0   _I_LMT2
000090ed   _I_LOS
003f8303   _I_Reg
003eac50   _I_Reg_init
000090ec   _I_UESP
003f8000   _I_components
00009043   _I_deltamax
00009aae   _I_demand
00009ce6   _I_diglimit
000093c8   _I_disp
000093c0   _I_dispfilt
00009045   _I_err
0000902b   _I_ist
00009c55   _I_ist_atint
0000902a   _I_ist_filt
00009046   _I_limit
000090de   _I_peak_pid
0000912c   _I_rd_N
0000912a   _I_rd_TD
00009128   _I_rd_TE
00009049   _I_rd_TM
0000905b   _I_ref
000090d9   _I_ref_delta
0000905e   _I_ref_man
00009ab0   _I_step
00009124   _Iabove
000090cc   _Ib2Hz_Timeout
000093f2   _Id
000092ce   _IdUi_16
000092ca   _IdUp_16
000092e5   _Id_16
00009c5a   _Id_atint
00009aba   _Id_bot
00009ab2   _Id_ref
00009ab4   _Id_top
000093f4   _Idmin
00009a15   _Idmin_pc
000093f0   _Idnom
000092d0   _Idnom_16
00009a16   _Idnom_pc
000092ea   _Idout_16
000092c1   _Idref_16
000093b0   _Iist_norm
000093e8   _Ilimit_inuse
00009142   _InfoTimer1_diff
0000914c   _InfoTimer1_max
00009149   _InfoTimer1_start
003ebacd   _InitAdc
003f9b40   _InitFlash
003ebbf3   _InitPieCtrl
003ebd6f   _InitPieVectTable
003ebb2e   _InitSysCtrl
003e86cb   _Init_ballast
003e8379   _Init_basics
003e84ae   _Init_feedback
003e8d1f   _Init_vars
000093e6   _Iout
000093ea   _Ioutnom
00009158   _Ipeak_Accu
000090cd   _Ipeak_Timeout
00009156   _Ipeak_Timer
00009040   _Ipeak_cnt
00009404   _Iq
000092cb   _IqUd_16
000092d3   _IqUi_16
000092cd   _IqUp_16
000092e6   _Iq_16
00009c5c   _Iq_atint
003edd14   _Iq_ramp
00009aac   _Iq_ref
000093d0   _Iqaccu
000092e9   _Iqaccu_16
000093ca   _Iqfilt
000092e7   _Iqfilt_16
00009402   _Iqnom
000092cc   _Iqout_16
000093cc   _Iqrampdown
000092c0   _Iqref_16
003ef2f3   _It_Algo
0000918c   _It_Monitor
0000919a   _It_Rg_Monitor
00009b1a   _IxR_comp
00009a82   _KI
00009a7e   _KP
0000911c   _KernMode
00009792   _KernOptions
0000916a   _KernStatus
00009145   _KernStatus2
000090ae   _LOGIC_hz
00009d06   _LOGIC_var
003ea189   _LogicIn
003ea00b   _LogicInit
003ea39f   _LogicOut
0000913c   _LogicReadBits
003ea142   _LogicUpdate
00009106   _Logic_in_falling
00009105   _Logic_in_phy
00009c4b   _Logic_in_phy_atint
00009103   _Logic_in_prev
00009101   _Logic_in_rising
00009102   _Logic_in_sw
00009104   _Logic_in_sw_xor
0000920c   _LoopCount
00009319   _Lsigma
00009318   _Lsigma_d
0000938a   _Lsigma_d_iq
00009390   _Lsigma_iq
000093b4   _Lsigma_norm
0000931a   _Lsigma_q
0000938c   _Lsigma_q_iq
00009062   _MOTOR_I_dauer
00009061   _MOTOR_I_max
0000906d   _MOTOR_Nom_F
0000906c   _MOTOR_Nom_V
00009064   _MOTOR_geber_incperrev
000090e9   _MOTOR_pole
000090e8   _MOTOR_rpm_max
00009b31   _MPOS_ROTOR_state
0000907d   _MPOS_angle_1V
00009066   _MPOS_e120
00009079   _MPOS_elec
00009067   _MPOS_m360_mask
0000907f   _MPOS_mech
000090eb   _MPOS_offset_elec
0000907c   _MPOS_offset_ini
0000907b   _MPOS_offset_sector
00009078   _MPOS_offset_user
00009073   _MPOS_rotor
00009b19   _MPOS_rotor_angle
00009b44   _MPOS_sum
00009a25   _MPOS_trans
003eb3e5   _MRINTA_ISR
003eb3ea   _MXINTA_ISR
00009170   _MaskStatus
00007800   _McbspaRegs
00009b02   _MotorFeedback
0000905f   _MotorTemp_Error
00009b0b   _MotorType
000090ee   _Motor_Inertia
00009150   _Motor_Lm
00009184   _Motor_Lsd
00009180   _Motor_Lsq
00009152   _Motor_Rr
0000915c   _Motor_Rs
00009154   _Motor_Tr
003eb2d7   _NMI_ISR
00009b4a   _NewSpeed
00009a2c   _OMEGA0
00009a38   _OMEGA_n
00009a4c   _OMEGA_r
00009a30   _OMEGA_s
00009a88   _OMEGA_siq
00009a42   _OMEGA_sk
00009136   _OVERVOLT_cnt
00009135   _OVER_cnt
000090ea   _O_BTB
00009095   _O_DOU1
00009094   _O_DOU2
00009097   _O_DOU3
00009096   _O_DOU4
00009091   _O_GO
00009090   _O_NOFAULT
003eb345   _PDPINTA_ISR
003eb39a   _PDPINTB_ISR
000091a8   _PDPINTCount
003dd3b8   _PI
003eb417   _PIE_RESERVED
0000909e   _POS_e_n
0000914e   _POS_ndrive_offset
00009182   _POS_ndrive_scale
0000916c   _POS_preset
00009070   _POS_refresoedge
00009133   _POWERVOLTAGE_cnt
00009a7c   _PSIn
00009a76   _PSIp
0000906b   _PWM1
0000906a   _PWM2
00009014   _PWM3
0000901c   _PWM_botlim
000090d1   _PWM_carrier_frq
00009015   _PWM_enum
00009016   _PWM_max
00009013   _PWM_min
00009012   _PWM_offset
0000900f   _PWM_period
003eb64f   _PWM_reset_isr
003dd44c   _PWM_select
000090bc   _PWM_switch_cnt
00009011   _PWM_toplim
003e9c69   _ParseRxMsg
003e9d9d   _ParseRxMsg2
00000ce0   _PieCtrlRegs
00000d00   _PieVectTable
003dd2b4   _PieVectTableInit
000091ea   _PositionActual
000091e8   _PositionActual_1
000091de   _PositionActual_2
000091e0   _PositionActual_Alter
000091e4   _PositionCommand
000091d8   _PositionDiff_Slack
000091d6   _PositionError
000091dc   _PositionErrorPID
000091c0   _PositionHWscaled1
000091e2   _PositionHWscaled2
0000915a   _PositionHardware1
00009176   _PositionHardware2
000091e6   _PositionOffest_Var
00009076   _PositionOffset_HW1
00009071   _PositionOffset_HW2
000091d2   _PositionOffset_Ref
000091d4   _PositionOffset_Slack
0000904c   _PositionOut
00009280   _PositionReg
00009186   _PositionSetPoint
00009085   _PositionWindow
00009074   _PositionZeroCapture1
00009077   _PositionZeroCapture2
0000904b   _PowerOut
00009a1b   _Powf
00009b80   _PrevFwd
00009b72   _PrevRev
00009b0c   _Previous_sce_type
00009392   _Psi_norm
00009b11   _REF_state
0000906e   _REGLER_I_con_pc
00009068   _REGLER_I_con_pc_der
0000906f   _REGLER_I_dauer
00009069   _REGLER_I_geraet
00009316   _REGLER_I_geraet_10tel
00009060   _REGLER_I_max
00009063   _REGLER_I_max_pc
00009113   _RFE_puls
0000907a   _ROTOR_errcount
003eb2eb   _RTOSINT_ISR
00009b12   _RaceAway
003edb68   _RamfuncsLoadend
003ec000   _RamfuncsLoadstart
003f8000   _RamfuncsRunstart
00009240   _ReceivedChar
003e97e3   _ReconfigRxMailBox_Group1
003e984b   _ReconfigRxMailBox_Group2
003e98ba   _ReconfigRxMailBox_Group3
003e992c   _ReconfigTxMailBox_Group1
003e99d6   _ReconfigTxMailBox_Group2
003e9a3a   _ReconfigTxMailBox_Group3
00009000   _Ref150
00009218   _Ref150_32
0000900c   _Ref150a
00009216   _Ref150a_32
0000900b   _Ref150b
0000921a   _Ref150b_32
0000900e   _Ref200
0000900d   _Ref200_m
000090cf   _RegidReadCntr
003e9348   _Reset_PID_current
003e93b1   _Reset_PID_position
003e93a5   _Reset_PID_speed
003e848a   _Reset_SC
00009b13   _Resolution_AquadB
00009b05   _Resolution_Convert
00002000   _Resolver
0000908f   _RxIndex
000098d6   _RxTimer
003eb3f9   _SCIRXINTA_ISR
003eb403   _SCIRXINTB_ISR
003eb3fe   _SCITXINTA_ISR
003eb408   _SCITXINTB_ISR
00009025   _SC_cgain
00009020   _SC_cmax
0000902c   _SC_cmax_run
00009023   _SC_cmin
0000902f   _SC_cmin_run
00009024   _SC_cnt
0000903b   _SC_coff
00009188   _SC_modulo
003dd46a   _SC_modulo_min
0000903a   _SC_sgain
00009027   _SC_smax
00009022   _SC_smax_run
00009026   _SC_smin
0000902d   _SC_smin_run
00009038   _SC_soff
00009a36   _SIGMA
00009018   _SPEED_calib_rapid
00009017   _SPEED_calib_slow
000091a2   _SPEED_delta_max_acc
000091b4   _SPEED_delta_max_dec
000091a6   _SPEED_delta_max_stop
0000901a   _SPEED_ist_filter_USER
00009123   _SPEED_ks
00009080   _SPEED_limit
00009083   _SPEED_limit_clip_neg
00009082   _SPEED_limit_clip_pos
00009084   _SPEED_rpm_max
00009019   _SPEED_rpm_max_int
003eb3ef   _SPIRXINTA_ISR
003eb3f4   _SPITXINTA_ISR
00009a2e   _SQRT_1_SIGMA
00009a32   _SQRT_SIGMA
00009b4e   _SQRT_kc_kd
00007050   _SciaRegs
00007750   _ScibRegs
00009b34   _Sector
00009bc2   _Serial_ErrorCount
003e8f00   _Set_PWM_0
003e8f19   _Set_PWM_bottom3
003e8f0b   _Set_PWM_none
00009204   _Sinus
00009206   _Sinus_32
00009214   _Sinus_32s
00009208   _Sinus_comp
00009b09   _SlackOneShot
00009c58   _Spd1_16
00009c53   _Spd2_16
00009130   _SpeedActual
000091b8   _SpeedActual32
00009131   _SpeedActualfilt
000091d0   _SpeedCmdDelta
00009121   _SpeedCmdRamped
000091a4   _SpeedCntrCmd_scale
00009132   _SpeedCommand
0000912e   _SpeedCommandreal
00009087   _SpeedError
00009086   _SpeedLimitNeg
00009081   _SpeedLimitPos
003e81df   _SpeedLimitUddate
00009b2e   _SpeedLoop_cnt
00009042   _SpeedOut
00009250   _SpeedReg
00009c6a   _SpeedRpmRamp
00009129   _SpeedSetPoint
00009122   _SpeedTempomat
000093c6   _Speed_disp
000093c4   _Speed_dispfilt
00007040   _SpiaRegs
00007010   _SysCtrlRegs
003efa43   _SysTimerPoll
003eb35e   _T1CINT_ISR
003eb372   _T1OFINT_ISR
003eb359   _T1PINT_ISR
003eb36d   _T1UFINT_ISR
003eb37c   _T2CINT_ISR
003eb386   _T2OFINT_ISR
003eb377   _T2PINT_ISR
003eb381   _T2UFINT_ISR
003eb3b3   _T3CINT_ISR
003eb3bd   _T3OFINT_ISR
003eb3ae   _T3PINT_ISR
003eb3b8   _T3UFINT_ISR
003eb3c7   _T4CINT_ISR
003eb3d1   _T4OFINT_ISR
003eb3c2   _T4PINT_ISR
003eb3cc   _T4UFINT_ISR
003eb33b   _TINT0_ISR
00009031   _T_air
00009030   _T_air_m
00009c76   _T_air_pt1
00009009   _T_comp
00009006   _T_igbt
00009005   _T_igbt_aterr
00009035   _T_igbt_limit
00009007   _T_igbt_m
00009c84   _T_igbt_pt1
00009037   _T_igbt_range
00009034   _T_igbt_warn
0000901f   _T_motor
00009008   _T_motor_aterr
0000900a   _T_motor_m
00009c88   _T_motor_pt1
000091f0   _Tacho
000091ee   _Tacho_32
000091f2   _Tacho_32s
00009c45   _Tacho_s
00009b5a   _Temp32
00009b18   _TempCounter
0000908d   _Temp_Debug
00009326   _Theta1
000092c8   _Theta1_16
00009a98   _Time_sum
0000916e   _Timeout
0000935e   _Tmax
00009a29   _Tmess
00009360   _Tmin
000090d5   _Toffs1
0000903e   _Toffs2
00009039   _Toffs3
0000908c   _TorqueSetPoint
000091c2   _TorqueTempomat
000091bc   _TorqueTempomat_ramped
000090d8   _Torque_delta_acc
000090db   _Torque_delta_dec
00009328   _Ts_iq
000090ef   _UBM
003eb2fa   _USER0_ISR
003eb32c   _USER10_ISR
003eb331   _USER11_ISR
003eb2ff   _USER1_ISR
003eb304   _USER2_ISR
003eb309   _USER3_ISR
003eb30e   _USER4_ISR
003eb313   _USER5_ISR
003eb318   _USER6_ISR
003eb31d   _USER7_ISR
003eb322   _USER8_ISR
003eb327   _USER9_ISR
000090df   _USER_I_intmax
0000909c   _USER_I_kp2
000090da   _USER_I_ramp
000090dc   _USER_I_ti
000090d0   _USER_I_v
0000909f   _USER_POSI_ky
00009092   _USER_POSI_td
0000909d   _USER_POSI_ti
00009099   _USER_POS_intmax
00009098   _USER_POS_td
0000909b   _USER_POS_ti
0000909a   _USER_POS_v
000090c0   _USER_SPEED_intmax
000090c2   _USER_SPEED_ks
0000921c   _USER_SPEED_ramp_acc
0000921e   _USER_SPEED_ramp_dec
000090c3   _USER_SPEED_ramp_stop
000090c1   _USER_SPEED_td
000090c6   _USER_SPEED_ti
000090c7   _USER_SPEED_v
00009093   _USER_Statik
000090c4   _USER_V_ki
000090c5   _USER_V_kp
000090d3   _USER_iist_100pc
00009ccb   _USER_t_brake
00009c41   _Udum16
000092c4   _Ui_16
000093ae   _Uout_norm
000092c3   _Up_16
000098d5   _UserCanID_rx
000098dc   _UserCanID_rx2
000098d8   _UserCanID_rx3
000098d0   _UserCanID_tx
000098de   _UserCanID_tx2
000098da   _UserCanID_tx3
000098d1   _UserCan_RxTimeout
000098c1   _UserCan_btr
00009780   _UserMotorOptions
00009a2b   _User_offset
00009a9c   _User_sum
00009a9e   _User_trans
000093a6   _Uz_ist_iq20
00009380   _Uz_nenn
000093a8   _Uz_norm
00009358   _V05pc
00009356   _V95pc
00009348   _V99pc
00009ccc   _VO_BRAKE
00009cca   _VO_Icns
00009cc6   _VO_Less_N0
00009cc7   _VO_TOLER
00009088   _ValidReadParas
0000908b   _ValidWriteParas
000092e3   _Vcal_16
00009400   _Vd
000092cf   _Vd_16
00009ab6   _Vd_Lsigma
00009334   _Vd_begrenzung
000092c2   _Vd_begrenzung_16
000093b8   _Vd_in
000092da   _Vd_in_16
000093bc   _Vd_out
000092dc   _Vd_out_16
00009a92   _Vd_tune
00009033   _VdcBus
0000903d   _VdcBus_aterr
0000903c   _VdcBus_filt
00009032   _VdcBus_m
00009c80   _VdcBus_pt1
0000904a   _Vdcfault
0000933e   _Vderat
000092d2   _Vderat_16
00009342   _Vfilt
000092e1   _Vfilt_16
000093c2   _Vfilt_dep
000092ef   _Vfw
00009340   _Vkor
000092e4   _Vkor_16
000093da   _Vnorm
000092c7   _VoUi_16
000092c5   _VoUimin_16
000092c6   _VoUp_16
00009312   _Vo_enab
003dd436   _Voben
00009336   _Voff
000092c9   _Voout_16
00009344   _Vout
000092e8   _Vout_16
00009352   _Vout_calc
000093d8   _Vq
000092d4   _Vq_16
000093be   _Vq_in
000092de   _Vq_in_16
000093f8   _Vq_out
000092dd   _Vq_out_16
000093d4   _Vqaccu
000093e2   _Vqfilt
000092e0   _Vqfilt_16
000093d6   _Vreal
000092e2   _Vred_16
000092f0   _Vsat
00009354   _Vsqrt05pc
000093e4   _Vsum
00009220   _Vtemp
003dd434   _Vunten
003eb340   _WAKEINT_ISR
000098c6   _WaitingForFirstRxCAN
0000918e   _WarnError
0000913e   _WarnsBitMap
0000913d   _WdispBitMap
0000904e   _WorkOut
000091cc   _Work_Accu
003eb2dc   _XINT1_ISR
003eb2e1   _XINT2_ISR
00007070   _XIntruptRegs
00000b20   _XintfRegs
00009a58   _Xm
00080000   _Zone2Data
00008824   __IQ16atan2PU
000089f4   __IQ16div
00008934   __IQ16mag
00008ac9   __IQ1sqrt
00008a3b   __IQ20div
000088ac   __IQ24atan2PU
00008b76   __IQ24cosPU
00008a82   __IQ24div
00008994   __IQ24mag
00008b4d   __IQ24sinPU
00008b0b   __IQ24sqrt
00008b9d   __IQ24toF
00000590   __STACK_END
00000190   __STACK_SIZE
00000001   __TI_args_main
00009b40   ___GEBER_pole
00009b42   ___REGLER_I_con
00009b3c   ___REGLER_I_max
000092aa   ___TI_cleanup_ptr
000092ac   ___TI_dtors_ptr
ffffffff   ___binit__
ffffffff   ___bss__
ffffffff   ___c_args__
003e8000   ___cinit__
ffffffff   ___end__
ffffffff   ___etext__
003ebc14   ___memcpy_ff
ffffffff   ___pinit__
ffffffff   ___text__
003ebcfb   __args_main
0000978c   __face
000092a8   __lock
003ebdb1   __nop
003ebdad   __register_lock
003ebda9   __register_unlock
00000400   __stack
000092a6   __unlock
003ebd14   _abort
00009127   _acc_activ
0000904f   _acq_switch
003f9184   _acquire_0
003f91cd   _acquire_1
003f927b   _acquire_2
003f931d   _acquire_3
003f93ad   _acquire_4
003ea989   _acquire_5
003f914d   _acquire_currm
00009b17   _activControlMode
00009ce4   _activate
003dd454   _actra_block
00009b33   _actra_test
003ea767   _adc_filter_seed
003f9a54   _adc_isr
000090b2   _adc_overrun1
000090bd   _adc_overrun2
003ea6e4   _adc_seq_group0_setup
003dd3d8   _alarm_char
00009368   _alpha
003eb9c0   _asc_nibble
0000917c   _ascii_user
003eb23e   _atomic_read_int32
003eb243   _atomic_write_int32
00009ce0   _aux_timer
00009c48   _avg_cnt
00009164   _ballast_count
0000915e   _ballast_down
000090ff   _ballast_duration
00009168   _ballast_trip
000090fe   _ballast_trip_once
00009166   _ballast_up
000090be   _bit_counter
00009a9a   _bot_sum
003eba11   _c_int00
003ee520   _calc_fLs
003ee394   _calc_fRr
003ee2bf   _calc_fRs
003ee3cd   _calc_from_motplate
003ee012   _calc_kern_update
003ee354   _calc_magn_rot
003ee7f8   _calc_magn_still
000098c4   _can_count_read
000098c5   _can_count_reject
000098d2   _can_count_write
000098c2   _can_error_write_timeout
00009900   _can_read_msg
000098ee   _can_write_msg
00009114   _cancel_error
00009b00   _cap3_cnt
00008000   _capture
003eb471   _capture_clr
003eb44e   _capture_get_entry
003eb421   _capture_get_index
003eb51e   _capture_init
003eb45d   _capture_lead_limit
003eb482   _capture_look
00009b0a   _ccw
00009b1e   _ccw_cnt
0000910c   _charge_count
00009c4d   _charge_timer
000091c6   _check1
000091c4   _check2
000091c8   _check3
000091ce   _check4
003efcb5   _check_Soft_ID
003ef1a6   _check_error
0000942c   _clarke2
003f9b57   _clarke_calc
00009466   _cm1
000092d1   _cm1IMDs16
003efc2c   _cnts2cA
003efc18   _cnts2dA
003edc54   _common_init
003efc04   _convert_amp
003ee218   _convert_float2int
003eba94   _cur_mod_calc
000093f6   _curr2iq
003efbe6   _current_steps
00009b08   _cw
00009b20   _cw_cnt
003dd428   _cw_rotor
000090f3   _dac_out
00009541   _dac_xx
003ede0b   _dc_handler
003edf0d   _dc_once_rho
00009125   _dec_activ
003e8238   _define_carrier_freq
003e86a1   _define_timer_delta
003edd1f   _define_watch2
003dd3be   _deg1div360
0000908e   _delay_timer
00009b88   _delta
00009b1b   _dir
00009111   _disable_count
0000910f   _disable_count_rising
000090a9   _disp
00009112   _disp_cnt
0000914d   _disp_done
000090b1   _disp_state
003dd47a   _disps
003ea883   _do_AnaIn
003f09a7   _do_Ilim
003ef284   _do_Nclip
003f977e   _do_acquire_add_int
003f972a   _do_acquire_mainint
003f9439   _do_ctrl_sub_mode
003f980e   _do_current
003ef911   _do_dacout
003ef239   _do_disp
003f97b4   _do_glue
003ef9af   _do_lifetime
003f038e   _do_logic
003f9550   _do_position_common
003eaf18   _do_serial
003eaf00   _do_serial_init
003f9509   _do_speed_common
003efa0f   _do_takt
003f94f9   _do_torque_common
003ef778   _do_update
003dd3e8   _drat_fr
0000940e   _dummy1
0000941e   _dummy2
000091a0   _eCanRxIntCount
000091aa   _eCanTxIntCount
003eb72b   _eCan_Rx_isr
003eb71a   _eCan_Tx_isr
00009cfe   _e_brake_actv
00009cfc   _e_brake_enab
00009ceb   _edge1
00009cee   _edge2
003eabef   _eep_ascii_read
003eabf9   _eep_ascii_write
003eaaa8   _eep_para_read
003eab40   _eep_para_write
00009c52   _enable_atint
00009110   _enable_count
00009cf0   _enable_state
000092f6   _enterVfw_cnt
000092fa   _enterVsat_cnt
000092b0   _errno
000090f9   _error_cnt
000090f8   _error_fatal
00009b29   _error_paraset
000090b9   _error_register
003f99b1   _evat1_isr_prdm
003f98d4   _evat1_isr_uflw
003ebd16   _exit
000092f5   _exitVfw_cnt
000092fc   _exitVsat_cnt
003eff0d   _exp
0000930e   _ext_Id_ref
0000930c   _ext_Iq_ref
0000930b   _ext_Vdref
0000930a   _ext_rho
003dd3ba   _f2div3
000093fa   _f2iq
00009a6e   _fDVdCalc
00009a5c   _fDeltaVd
00009a90   _fFB
00009a4a   _fIdnom
00009a54   _fInom
00009a48   _fIqnom
00009a52   _fIsk
00009aa8   _fLm
00009aaa   _fLsd
00009aa4   _fLsq
00009a78   _fPowf
00009aa6   _fRr
00009a66   _fRrMax
00009a6c   _fRrMin
00009a68   _fRrTmp
00009aa2   _fRs
00009a7a   _fTR
00009a8c   _fTS
00009a6a   _fTopCurrent
00009ac4   _fTs
00009a40   _fVdc
00009a3c   _fVnom
00009a46   _fVot
003dd3b4   _f_SQRT3
0000932c   _f_shape
00009a86   _f_temp1
00009a84   _f_temp2
00009a8a   _f_temp3
00009301   _fact
0000912f   _factfilt
00009c72   _fdum
0000935a   _feck32
00009322   _feck_iq
000090bb   _first_error_cnt
000090b8   _first_error_register
00009b1d   _first_hall
000090a8   _fit
00009303   _fkor
003edb68   _float_init
00009302   _fmax
0000936a   _fmin32
000090fa   _fore_error_synced
000092ff   _framp
00009305   _framp_16
00009309   _fsact
0000930f   _fsg
00009310   _fsnom
003dd3bc   _fsqrt3
00009b2a   _full_period
0000978e   _fun2_cnt
003eb24c   _fun_01
003eb250   _fun_02
003eb254   _fun_03
00009b36   _fun_activ
00009783   _fun_cnt
00009b38   _fun_demand
003dd3f8   _fun_disp
003eb248   _fun_dummy
003eb27d   _fun_special
003eb2b3   _func_id
003ea9b8   _get_position_error
003ebd91   _get_regid_type
003eee3b   _get_rho_offset
00009cd2   _gpbdat
00009ccd   _gpbdatf
00009cc9   _gpbdato
00009cc8   _gpbdatr
003e81c3   _grad_el_to_MPOS
00009b2c   _hall_lop
00009b2b   _hall_period
00009b2f   _hall_seg
003edd51   _hall_stab
000092fb   _har3
000093ba   _harm3_out
000098c7   _id_H
000098c0   _id_L
000093ac   _id_begrenzung
000092d9   _id_begrenzung_16
000093aa   _id_min
000098c3   _ide
000092d7   _idist_16
000092db   _idmin_pc
00009416   _idq_ist
0000941a   _idq_out
000090a7   _idum1
0000901b   _incr_delta
0000914b   _init_done
003eb124   _init_recoded_tab
000090b3   _int_overrun
003dd3b6   _invsqrt2
003dd3c2   _invsqrt3
0000944c   _ipark2
003f0ed0   _ipark_calc
0000933c   _iqmul
00009376   _iqsav1
00009378   _iqsav2
00009372   _iqsav3
00009374   _iqsav4
003eb16e   _is_long_id
003eb166   _is_super_user
003eb180   _is_unsigned_id
00009b98   _jerk
00009394   _k_norm
00009388   _k_norm_emk_sync
00009384   _k_norm_rhokorr
000090d2   _kern_iist_200pc
00009b3b   _kern_semaphore
003e872a   _kern_update
00009b28   _kern_update_cnt
003da021   _kern_version
000092f7   _korcnt1
000092f9   _korcnt2
00009b15   _lastControlMode
000093ce   _last_Iqref
003eba55   _ldexp
0000937a   _ldumx
000092fe   _limcnt1
000092fd   _limcnt2
00009b2d   _limited
00009b62   _ll_NewSpeed
00009b5e   _ll_SpeedCmdRamped
0000922e   _ll_acc
0000922a   _ll_dec
00009b6a   _ll_delta
00009b66   _ll_deltamax
00009232   _ll_stop
003ebb01   _lldiv
00009422   _llresult
00009cdf   _logic_millis
00009ce8   _logical_FRG
00009c64   _long1
00009c66   _long2
003eb14d   _lookup_access
00009781   _lookup_temp
00009786   _lookup_temp1_ptr
00009788   _lookup_temp2_ptr
000091fe   _ltemp1
000091fa   _ltemp2
000091fc   _ltemp3
003dd43a   _mAscale
003dd438   _mAunten
003efd36   _main
003e97cb   _make_CanID
000090a6   _mask
00009b21   _match
00009b22   _matchcnt
003eea51   _measure_fLs
003ee69f   _measure_fRr
003ee9cf   _measure_fRs
003ee952   _measure_magn_rot
00009a0d   _mes_cnt
003e81a3   _min_max
003e81b1   _min_max_32
003e81ba   _min_max_abs
003e81aa   _min_max_u
00009cdc   _mix_ana_on
00009119   _movcnt1
00009117   _movcnt2
00009b35   _mul
00009cea   _multisw1
00009ce9   _multisw1cnt
00009cf9   _multisw1sel
00009ced   _multisw2
00009cec   _multisw2cnt
00009cfb   _multisw2sel
00009b3d   _mulx
00009b3e   _muly
00009b6e   _n_ist_filt
00009458   _neu2
003f9b22   _neu_calc
00009cf2   _next_state
00009a22   _next_tune_step
003eb9b9   _nibble_asc
00009089   _no_ilimit_timer
00009bc3   _nochar_timer
00009118   _norfe_cnt
00009116   _norfeprd_cnt
00009ce2   _norun_timer
00009a3e   _off1_sum
00009a44   _off2_sum
00009a50   _off3_sum
0000914a   _offs_done
00009315   _omega
0000938e   _omega_iq
000093b2   _omega_norm
00009bc0   _once_com
00009bc1   _once_valid_com
000098e8   _pMBox
00009c68   _p_facq
0000978a   _p_func
00009794   _para_actual
003dc000   _para_tab
00009580   _para_temp
00009440   _park2
003f0efe   _park_calc
00009782   _pcnt
00009a26   _phas_cnt
003eee96   _phasing_handler
000094c0   _pid4_Id
00009480   _pid4_Iq
00009500   _pid4_Vo
003eb74b   _pid_reg3_calc
003f9a99   _pid_reg4_calc
000090b0   _pol_overrun
000092f2   _ppz
000092ec   _ppz_n
00009a1e   _ppz_p
0000913b   _prevErrorBitMap
00009542   _prev_7seg
00009055   _prev_DZR_lop
00009cc1   _prev_DefineUserPin_dac
00009370   _prev_EvaT1IntPrdcnt
00009aa0   _prev_EvaTimer1IntCount
00009ab8   _prev_Id
0000907e   _prev_MPOS_mech
00009072   _prev_MPOS_rotor
00009010   _prev_PWM_enum
000091ca   _prev_TorqueTempomat_ramped
000093de   _prev_Vd
000092f3   _prev_Vfw
000093dc   _prev_Vq
000092f1   _prev_Vsat
00009120   _prev_acc_activ
00009cd4   _prev_activate
00009543   _prev_dac
00009b1c   _prev_dir
00009a1a   _prev_hall
00009b39   _prev_kern_semaphore
00009115   _prev_norfe_mil1000
0000912d   _prev_norfe_millis
0000911e   _prev_recup
000093ee   _prev_rho
00009a10   _prev_stab_hall
000090c8   _prev_system_timer_millis
0000911a   _prev_torque_speed_limited
000090ba   _protocol_errors
00009396   _psi_iq
00009c74   _ptr1
00009c4a   _pwm1_atint
00009a03   _pwm1_max
00009a00   _pwm1_min
00009a01   _pwm1_rip
00009c4c   _pwm2_atint
00009a06   _pwm2_max
00009a08   _pwm2_min
00009a04   _pwm2_rip
00009c47   _pwm3_atint
00009a05   _pwm3_max
00009a0c   _pwm3_min
00009a0a   _pwm3_rip
0000910d   _pwm50_count
000092ee   _pwm_u
000092ed   _pwm_v
000092f4   _pwm_w
00009306   _pwmcnt_max
00009304   _pwmq14_max
00009324   _qFU_Vd
0000934e   _qFU_Vq
00009332   _q_fcomp
0000931c   _q_fkor
00009320   _q_framp
0000931e   _q_fs
0000933a   _q_temp1
00009338   _q_temp2
000093d2   _qfilt_dep
00009a62   _qtemp1
00009a60   _qtemp2
00009a70   _qtemp3
00009b48   _race_absolute
00009b52   _race_previous
00009b4c   _race_reference
00009b1f   _ramp_cnt
00009126   _ramp_stop
003ef1e6   _read_error_250us
000097c0   _recoded_tab
00009cf4   _recu_disab_actv
0000911d   _recup
00009b0f   _ref_cnt
0000930d   _regen
003ea4a9   _reset_error
003ef1db   _reset_fpga
003ea4c3   _reset_regvars
003eeb04   _reset_tuning_vars
0000910e   _restart_count
0000912b   _rfe_puls_cnt
000093ec   _rho
000092d8   _rho16
00009abc   _rho_demand
00009a2a   _rho_filt
000093b6   _rho_norm
003edce5   _rho_ramp
00009ac0   _rho_start
00009ac2   _rho_step
00009a96   _rho_sum
00009317   _rho_totzeit
00009a12   _rho_trans
00009abe   _rho_tune
000093a4   _rhokorr
0000939a   _rhokorr_iq20
003edd8b   _ripple
003eb41c   _rsvd_ISR
00009540   _rw_cnt
000098e4   _rx1_id
000098e0   _rx2_id
000098ec   _rx3_id
00009c46   _samplcnt_Ain
00009c44   _samplcnt_BL
00009c42   _samplcnt_BLs
00009c43   _samplcnt_PwrID
00009c40   _samplcnt_Ref
000090bf   _sample_counter
00009308   _save1
00009307   _save2
00009300   _save3
00009b32   _sc1_mul
00009b03   _sc1_reso
00009b30   _sc2_mul
00009b04   _sc2_reso
003dd408   _sc_combi
003dd418   _sc_mul
003eaeff   _scia_fifo_init
003eaebe   _scia_init
003eaefb   _scia_xmit
003eaee3   _scib_init
003dd464   _sector
000090a3   _seg7_blnk
000090a0   _seg7_char
000090a2   _seg7_mask
003f0cb3   _seg7_standard
003efae6   _seg7_warn
00009b26   _semaphore_cnt
00009c00   _serial_rx
00009bc4   _serial_tx
003eeb6d   _set_M_fRr_vars
003eeb0b   _set_M_fRs_vars
003eb18d   _set_defaults
003ef337   _set_ptr
003efc6a   _set_size_defaults
000090a1   _shi
000090b4   _signal_05Hz
000090b5   _signal_1Hz
0000908a   _signal_2Hz
000090b7   _signal_warn
00009b27   _single
003dd098   _size_para
00009544   _specials
00009cf5   _speed0_pos_actv
00009cf3   _speed0_pos_enab
003efbf0   _speed_steps
00009cfd   _speedclip
000093fe   _speedcnts2iq
003eac03   _spi_7seg_write
003eac21   _spi_dac_write
003ea9ff   _spi_eep_page_read
003eaa3c   _spi_eep_page_write
003ea9e0   _spi_init
000090f6   _spot_b
000090f7   _spotl
000090f4   _spotr
003eb9d5   _sprint_hex
003eb9e9   _sprint_hex_2
003effaa   _sqrt
003dd3c0   _sqrt3
00009b50   _sqrt_kc_kd
003eba0d   _sscan_hex
003eb9f3   _sscan_hex_n
00009a19   _stab_cnt
00009a0f   _stab_hall
00009c6c   _static_comp
003efb0b   _statistics
000090af   _statistics_counter
000090ad   _statistics_timer
00009b46   _step
00009d00   _stepdown
003dd470   _supply
00009b07   _sync_input
00009b06   _sync_mask
00009b3a   _sync_semaphore
00009174   _system_timer_hours
00009172   _system_timer_hours_total
000090ce   _system_timer_micros
000090cb   _system_timer_mil1000
000090ca   _system_timer_mil250
000090c9   _system_timer_millis
000090f5   _system_timer_seconds
00009a5a   _t1
00009a72   _t10
00009a74   _t12
00009a64   _t2
00009a56   _t20
00009a5e   _t21
00009a3a   _t29
00009c5e   _t2cnt_atint
00009a4e   _t30
00009a8e   _t4
00009a80   _t6
00009cf1   _t_brake
0000910b   _task_cnt
0000910a   _task_pol
00009364   _tdc32
000091ac   _tdptr
00009b56   _temp
00009b23   _temp1
00009a18   _temp11
00009a17   _temp12
00009160   _temp1_iq
00009162   _temp32
00009d02   _test1
000092f8   _test1_16
000092df   _theta16
000090dd   _timer_delta
000090b6   _timer_signal_2Hz
00009c60   _tmp
00009c70   _tmp1
00009c6e   _tmp2
000092ae   _tmp32
00009c62   _tmpoff
003da022   _tms_version
003ef095   _toffs_handler
00009a94   _top_sum
0000911b   _torque_activ
0000911f   _torque_inv
00009143   _torque_speed_limited
00009382   _totzeit_iq
00009c50   _trace1
00009c51   _trace2
00009c4e   _trace3
00009c4f   _trace4
00009050   _trace_DZR_cnt
00009cef   _trace_offset
00009a0e   _trans_calc
00009a11   _trans_cnt
00009a14   _trans_duration
00009a13   _trans_prd
00009a27   _tune_cnt
003edcc6   _tune_init
00009a20   _tune_misc
00009a28   _tune_state
00009a23   _tune_step
003eebb6   _tuning_handler
000098e6   _tx1_id
000098e2   _tx2_id
000098ea   _tx3_id
00009346   _u2iq
00009406   _u_ent
00009412   _u_ent_emk
000092d5   _u_ent_im_16
000092d6   _u_ent_re_16
0000940a   _u_komp
0000934c   _ucal_iq
003eade5   _ucalc
00009366   _udc32
00009311   _udelt
0000932a   _udelt_iq
00009a24   _udum1
0000936c   _ueck32
00009330   _ueck_iq
00009cfa   _uesp_count
00009426   _uf_actual
00009362   _uf_extra
000092eb   _uf_shape
0000935c   _uf_special
00009313   _ulimit
0000936e   _umin32
0000932e   _umin_iq
000090fb   _unused
00009790   _uptr
00009314   _urmp_cnt
0000934a   _ustp_iq
00009785   _utilcnt
000090ab   _val1
000090aa   _val2
00009100   _val3
00009109   _var1
00009107   _var2
00009108   _var3
000093a2   _vd_out_satmax
000093a0   _vd_out_satmin
000093fc   _vdccnts2iq
0000939e   _vq_out_satmax
0000939c   _vq_out_satmin
00009cde   _watch
00009a1f   _watch2
00009a1c   _watch2_off
003eb1db   _write_id
000090ac   _xxx_timer
00009398   _zeit_norm
ffffffff   binit
003e8000   cinit
ffffffff   end
ffffffff   etext
ffffffff   pinit


GLOBAL SYMBOLS: SORTED BY Symbol Address 

address    name
--------   ----
00000001   __TI_args_main
00000190   __STACK_SIZE
00000400   __stack
00000590   __STACK_END
00000880   _DevEmuRegs
00000a80   _FlashRegs
00000ae0   _CsmRegs
00000b20   _XintfRegs
00000c00   _CpuTimer0Regs
00000ce0   _PieCtrlRegs
00000d00   _PieVectTable
00002000   _Resolver
00006000   _ECanaRegs
00006040   _ECanaLam
00006080   _ECanaMots
000060c0   _ECanaMoto
00006100   _ECanaMboxes
00007010   _SysCtrlRegs
00007040   _SpiaRegs
00007050   _SciaRegs
00007070   _XIntruptRegs
000070c0   _GpioMuxRegs
000070e0   _GpioDataRegs
00007100   _AdcRegs
00007400   _EvaRegs
00007500   _EvbRegs
00007750   _ScibRegs
00007800   _McbspaRegs
00008000   _capture
00008824   _IQmathRunstart
00008824   __IQ16atan2PU
000088ac   __IQ24atan2PU
00008934   __IQ16mag
00008994   __IQ24mag
000089f4   __IQ16div
00008a3b   __IQ20div
00008a82   __IQ24div
00008ac9   __IQ1sqrt
00008b0b   __IQ24sqrt
00008b4d   __IQ24sinPU
00008b76   __IQ24cosPU
00008b9d   __IQ24toF
00009000   _Ref150
00009001   _I2_ist_offset_disab
00009002   _I1_adc
00009003   _I2_adc
00009004   _I2_ist_offset_valid
00009005   _T_igbt_aterr
00009006   _T_igbt
00009007   _T_igbt_m
00009008   _T_motor_aterr
00009009   _T_comp
0000900a   _T_motor_m
0000900b   _Ref150b
0000900c   _Ref150a
0000900d   _Ref200_m
0000900e   _Ref200
0000900f   _PWM_period
00009010   _prev_PWM_enum
00009011   _PWM_toplim
00009012   _PWM_offset
00009013   _PWM_min
00009014   _PWM3
00009015   _PWM_enum
00009016   _PWM_max
00009017   _SPEED_calib_slow
00009018   _SPEED_calib_rapid
00009019   _SPEED_rpm_max_int
0000901a   _SPEED_ist_filter_USER
0000901b   _incr_delta
0000901c   _PWM_botlim
0000901d   _DigitalCommand
0000901e   _AnalogCommand
0000901f   _T_motor
00009020   _SC_cmax
00009021   _I2_ist_offset
00009022   _SC_smax_run
00009023   _SC_cmin
00009024   _SC_cnt
00009025   _SC_cgain
00009026   _SC_smin
00009027   _SC_smax
00009028   _I1_ist
00009029   _I2_ist
0000902a   _I_ist_filt
0000902b   _I_ist
0000902c   _SC_cmax_run
0000902d   _SC_smin_run
0000902e   _I3_ist
0000902f   _SC_cmin_run
00009030   _T_air_m
00009031   _T_air
00009032   _VdcBus_m
00009033   _VdcBus
00009034   _T_igbt_warn
00009035   _T_igbt_limit
00009036   _AD2Volt
00009037   _T_igbt_range
00009038   _SC_soff
00009039   _Toffs3
0000903a   _SC_sgain
0000903b   _SC_coff
0000903c   _VdcBus_filt
0000903d   _VdcBus_aterr
0000903e   _Toffs2
0000903f   _CurrentActual
00009040   _Ipeak_cnt
00009041   _CurrentOut
00009042   _SpeedOut
00009043   _I_deltamax
00009044   _CurrentAllowed_peak
00009045   _I_err
00009046   _I_limit
00009047   _Bal_Off
00009048   _Bal_On
00009049   _I_rd_TM
0000904a   _Vdcfault
0000904b   _PowerOut
0000904c   _PositionOut
0000904d   _DeviceMains
0000904e   _WorkOut
0000904f   _acq_switch
00009050   _trace_DZR_cnt
00009051   _CurrentCommand_ramped
00009052   _CurrentCommand
00009053   _DZR_cnt
00009054   _DZR_seq
00009055   _prev_DZR_lop
00009056   _DZR_lop
00009057   _CurrentAllowed_maxnom
00009058   _CurrentAllowed_max
00009059   _CurrentAllowed_inuse
0000905a   _CurrentAllowed_calc
0000905b   _I_ref
0000905c   _CurrentSetPoint
0000905d   _CurrentAllowed_con
0000905e   _I_ref_man
0000905f   _MotorTemp_Error
00009060   _REGLER_I_max
00009061   _MOTOR_I_max
00009062   _MOTOR_I_dauer
00009063   _REGLER_I_max_pc
00009064   _MOTOR_geber_incperrev
00009065   _GEBER_MOTOR_pole_ratio
00009066   _MPOS_e120
00009067   _MPOS_m360_mask
00009068   _REGLER_I_con_pc_der
00009069   _REGLER_I_geraet
0000906a   _PWM2
0000906b   _PWM1
0000906c   _MOTOR_Nom_V
0000906d   _MOTOR_Nom_F
0000906e   _REGLER_I_con_pc
0000906f   _REGLER_I_dauer
00009070   _POS_refresoedge
00009071   _PositionOffset_HW2
00009072   _prev_MPOS_rotor
00009073   _MPOS_rotor
00009074   _PositionZeroCapture1
00009075   _DigCutoff
00009076   _PositionOffset_HW1
00009077   _PositionZeroCapture2
00009078   _MPOS_offset_user
00009079   _MPOS_elec
0000907a   _ROTOR_errcount
0000907b   _MPOS_offset_sector
0000907c   _MPOS_offset_ini
0000907d   _MPOS_angle_1V
0000907e   _prev_MPOS_mech
0000907f   _MPOS_mech
00009080   _SPEED_limit
00009081   _SpeedLimitPos
00009082   _SPEED_limit_clip_pos
00009083   _SPEED_limit_clip_neg
00009084   _SPEED_rpm_max
00009085   _PositionWindow
00009086   _SpeedLimitNeg
00009087   _SpeedError
00009088   _ValidReadParas
00009089   _no_ilimit_timer
0000908a   _signal_2Hz
0000908b   _ValidWriteParas
0000908c   _TorqueSetPoint
0000908d   _Temp_Debug
0000908e   _delay_timer
0000908f   _RxIndex
00009090   _O_NOFAULT
00009091   _O_GO
00009092   _USER_POSI_td
00009093   _USER_Statik
00009094   _O_DOU2
00009095   _O_DOU1
00009096   _O_DOU4
00009097   _O_DOU3
00009098   _USER_POS_td
00009099   _USER_POS_intmax
0000909a   _USER_POS_v
0000909b   _USER_POS_ti
0000909c   _USER_I_kp2
0000909d   _USER_POSI_ti
0000909e   _POS_e_n
0000909f   _USER_POSI_ky
000090a0   _seg7_char
000090a1   _shi
000090a2   _seg7_mask
000090a3   _seg7_blnk
000090a4   _CurrentAllowed_temp
000090a6   _mask
000090a7   _idum1
000090a8   _fit
000090a9   _disp
000090aa   _val2
000090ab   _val1
000090ac   _xxx_timer
000090ad   _statistics_timer
000090ae   _LOGIC_hz
000090af   _statistics_counter
000090b0   _pol_overrun
000090b1   _disp_state
000090b2   _adc_overrun1
000090b3   _int_overrun
000090b4   _signal_05Hz
000090b5   _signal_1Hz
000090b6   _timer_signal_2Hz
000090b7   _signal_warn
000090b8   _first_error_register
000090b9   _error_register
000090ba   _protocol_errors
000090bb   _first_error_cnt
000090bc   _PWM_switch_cnt
000090bd   _adc_overrun2
000090be   _bit_counter
000090bf   _sample_counter
000090c0   _USER_SPEED_intmax
000090c1   _USER_SPEED_td
000090c2   _USER_SPEED_ks
000090c3   _USER_SPEED_ramp_stop
000090c4   _USER_V_ki
000090c5   _USER_V_kp
000090c6   _USER_SPEED_ti
000090c7   _USER_SPEED_v
000090c8   _prev_system_timer_millis
000090c9   _system_timer_millis
000090ca   _system_timer_mil250
000090cb   _system_timer_mil1000
000090cc   _Ib2Hz_Timeout
000090cd   _Ipeak_Timeout
000090ce   _system_timer_micros
000090cf   _RegidReadCntr
000090d0   _USER_I_v
000090d1   _PWM_carrier_frq
000090d2   _kern_iist_200pc
000090d3   _USER_iist_100pc
000090d4   _I3_ist_offset
000090d5   _Toffs1
000090d6   _I3_ist_offset_disab
000090d7   _I3_ist_offset_valid
000090d8   _Torque_delta_acc
000090d9   _I_ref_delta
000090da   _USER_I_ramp
000090db   _Torque_delta_dec
000090dc   _USER_I_ti
000090dd   _timer_delta
000090de   _I_peak_pid
000090df   _USER_I_intmax
000090e0   _I_LMT2
000090e1   _I_LMT1
000090e2   _I_FRG
000090e3   _I_FAULT
000090e4   _I_BALLAST
000090e5   _GEBER_pole
000090e6   _I_DIN2
000090e7   _I_DIN1
000090e8   _MOTOR_rpm_max
000090e9   _MOTOR_pole
000090ea   _O_BTB
000090eb   _MPOS_offset_elec
000090ec   _I_UESP
000090ed   _I_LOS
000090ee   _Motor_Inertia
000090ef   _UBM
000090f0   _Dummy
000090f1   _Enable
000090f2   _AdcCutoff1
000090f3   _dac_out
000090f4   _spotr
000090f5   _system_timer_seconds
000090f6   _spot_b
000090f7   _spotl
000090f8   _error_fatal
000090f9   _error_cnt
000090fa   _fore_error_synced
000090fb   _unused
000090fc   _AdcFilt12
000090fd   _AdcCutoff2
000090fe   _ballast_trip_once
000090ff   _ballast_duration
00009100   _val3
00009101   _Logic_in_rising
00009102   _Logic_in_sw
00009103   _Logic_in_prev
00009104   _Logic_in_sw_xor
00009105   _Logic_in_phy
00009106   _Logic_in_falling
00009107   _var2
00009108   _var3
00009109   _var1
0000910a   _task_pol
0000910b   _task_cnt
0000910c   _charge_count
0000910d   _pwm50_count
0000910e   _restart_count
0000910f   _disable_count_rising
00009110   _enable_count
00009111   _disable_count
00009112   _disp_cnt
00009113   _RFE_puls
00009114   _cancel_error
00009115   _prev_norfe_mil1000
00009116   _norfeprd_cnt
00009117   _movcnt2
00009118   _norfe_cnt
00009119   _movcnt1
0000911a   _prev_torque_speed_limited
0000911b   _torque_activ
0000911c   _KernMode
0000911d   _recup
0000911e   _prev_recup
0000911f   _torque_inv
00009120   _prev_acc_activ
00009121   _SpeedCmdRamped
00009122   _SpeedTempomat
00009123   _SPEED_ks
00009124   _Iabove
00009125   _dec_activ
00009126   _ramp_stop
00009127   _acc_activ
00009128   _I_rd_TE
00009129   _SpeedSetPoint
0000912a   _I_rd_TD
0000912b   _rfe_puls_cnt
0000912c   _I_rd_N
0000912d   _prev_norfe_millis
0000912e   _SpeedCommandreal
0000912f   _factfilt
00009130   _SpeedActual
00009131   _SpeedActualfilt
00009132   _SpeedCommand
00009133   _POWERVOLTAGE_cnt
00009134   _AnalogIn2_M
00009135   _OVER_cnt
00009136   _OVERVOLT_cnt
00009137   _Dir152
00009138   _Dir151
00009139   _AnalogIn1_M
0000913a   _Dir153
0000913b   _prevErrorBitMap
0000913c   _LogicReadBits
0000913d   _WdispBitMap
0000913e   _WarnsBitMap
0000913f   _HTS_TEMP_warn_cnt
00009140   _HTS_TEMP_limit_cnt
00009141   _CommandSource
00009142   _InfoTimer1_diff
00009143   _torque_speed_limited
00009144   _ID_ok
00009145   _KernStatus2
00009146   _ID_warn
00009147   _ErrorBitMap
00009148   _Dir150
00009149   _InfoTimer1_start
0000914a   _offs_done
0000914b   _init_done
0000914c   _InfoTimer1_max
0000914d   _disp_done
0000914e   _POS_ndrive_offset
00009150   _Motor_Lm
00009152   _Motor_Rr
00009154   _Motor_Tr
00009156   _Ipeak_Timer
00009158   _Ipeak_Accu
0000915a   _PositionHardware1
0000915c   _Motor_Rs
0000915e   _ballast_down
00009160   _temp1_iq
00009162   _temp32
00009164   _ballast_count
00009166   _ballast_up
00009168   _ballast_trip
0000916a   _KernStatus
0000916c   _POS_preset
0000916e   _Timeout
00009170   _MaskStatus
00009172   _system_timer_hours_total
00009174   _system_timer_hours
00009176   _PositionHardware2
00009178   _AdcOffset1
0000917a   _DeviceSerialNumber
0000917c   _ascii_user
0000917e   _AdcOffset2
00009180   _Motor_Lsq
00009182   _POS_ndrive_scale
00009184   _Motor_Lsd
00009186   _PositionSetPoint
00009188   _SC_modulo
0000918a   _Debug4
0000918c   _It_Monitor
0000918e   _WarnError
00009190   _Debug3
00009192   _HandwheelActual
00009194   _HandwheelOffset
00009196   _Feedback1_scale
00009198   _Debug5
0000919a   _It_Rg_Monitor
0000919c   _Feedback2_scale
0000919e   _HandwheelPositionStart
000091a0   _eCanRxIntCount
000091a2   _SPEED_delta_max_acc
000091a4   _SpeedCntrCmd_scale
000091a6   _SPEED_delta_max_stop
000091a8   _PDPINTCount
000091aa   _eCanTxIntCount
000091ac   _tdptr
000091ae   _AdcIntCount
000091b0   _Debug2
000091b2   _EvaT1IntPrdcnt
000091b4   _SPEED_delta_max_dec
000091b6   _Debug1
000091b8   _SpeedActual32
000091ba   _DeviceDCBus_Min
000091bc   _TorqueTempomat_ramped
000091be   _DeviceExtRegenPower
000091c0   _PositionHWscaled1
000091c2   _TorqueTempomat
000091c4   _check2
000091c6   _check1
000091c8   _check3
000091ca   _prev_TorqueTempomat_ramped
000091cc   _Work_Accu
000091ce   _check4
000091d0   _SpeedCmdDelta
000091d2   _PositionOffset_Ref
000091d4   _PositionOffset_Slack
000091d6   _PositionError
000091d8   _PositionDiff_Slack
000091da   _EvaT1IntUflcnt
000091dc   _PositionErrorPID
000091de   _PositionActual_2
000091e0   _PositionActual_Alter
000091e2   _PositionHWscaled2
000091e4   _PositionCommand
000091e6   _PositionOffest_Var
000091e8   _PositionActual_1
000091ea   _PositionActual
000091ec   _AdPwrID2
000091ee   _Tacho_32
000091f0   _Tacho
000091f2   _Tacho_32s
000091f4   _I3_offset_32
000091f6   _I2_offset_32
000091f8   _AdPwrID1
000091fa   _ltemp2
000091fc   _ltemp3
000091fe   _ltemp1
00009200   _AnaIn2_calc
00009202   _AnalogIn2_F
00009204   _Sinus
00009206   _Sinus_32
00009208   _Sinus_comp
0000920a   _AnalogIn1
0000920c   _LoopCount
0000920e   _AnalogIn1_F
00009210   _AnalogIn2
00009212   _AnaIn1_calc
00009214   _Sinus_32s
00009216   _Ref150a_32
00009218   _Ref150_32
0000921a   _Ref150b_32
0000921c   _USER_SPEED_ramp_acc
0000921e   _USER_SPEED_ramp_dec
00009220   _Vtemp
00009222   _Cosinus_comp
00009224   _Cosinus
00009226   _Cosinus_32
00009228   _Cosinus_32s
0000922a   _ll_dec
0000922e   _ll_acc
00009232   _ll_stop
00009240   _ReceivedChar
00009250   _SpeedReg
00009280   _PositionReg
000092a6   __unlock
000092a8   __lock
000092aa   ___TI_cleanup_ptr
000092ac   ___TI_dtors_ptr
000092ae   _tmp32
000092b0   _errno
000092c0   _Iqref_16
000092c1   _Idref_16
000092c2   _Vd_begrenzung_16
000092c3   _Up_16
000092c4   _Ui_16
000092c5   _VoUimin_16
000092c6   _VoUp_16
000092c7   _VoUi_16
000092c8   _Theta1_16
000092c9   _Voout_16
000092ca   _IdUp_16
000092cb   _IqUd_16
000092cc   _Iqout_16
000092cd   _IqUp_16
000092ce   _IdUi_16
000092cf   _Vd_16
000092d0   _Idnom_16
000092d1   _cm1IMDs16
000092d2   _Vderat_16
000092d3   _IqUi_16
000092d4   _Vq_16
000092d5   _u_ent_im_16
000092d6   _u_ent_re_16
000092d7   _idist_16
000092d8   _rho16
000092d9   _id_begrenzung_16
000092da   _Vd_in_16
000092db   _idmin_pc
000092dc   _Vd_out_16
000092dd   _Vq_out_16
000092de   _Vq_in_16
000092df   _theta16
000092e0   _Vqfilt_16
000092e1   _Vfilt_16
000092e2   _Vred_16
000092e3   _Vcal_16
000092e4   _Vkor_16
000092e5   _Id_16
000092e6   _Iq_16
000092e7   _Iqfilt_16
000092e8   _Vout_16
000092e9   _Iqaccu_16
000092ea   _Idout_16
000092eb   _uf_shape
000092ec   _ppz_n
000092ed   _pwm_v
000092ee   _pwm_u
000092ef   _Vfw
000092f0   _Vsat
000092f1   _prev_Vsat
000092f2   _ppz
000092f3   _prev_Vfw
000092f4   _pwm_w
000092f5   _exitVfw_cnt
000092f6   _enterVfw_cnt
000092f7   _korcnt1
000092f8   _test1_16
000092f9   _korcnt2
000092fa   _enterVsat_cnt
000092fb   _har3
000092fc   _exitVsat_cnt
000092fd   _limcnt2
000092fe   _limcnt1
000092ff   _framp
00009300   _save3
00009301   _fact
00009302   _fmax
00009303   _fkor
00009304   _pwmq14_max
00009305   _framp_16
00009306   _pwmcnt_max
00009307   _save2
00009308   _save1
00009309   _fsact
0000930a   _ext_rho
0000930b   _ext_Vdref
0000930c   _ext_Iq_ref
0000930d   _regen
0000930e   _ext_Id_ref
0000930f   _fsg
00009310   _fsnom
00009311   _udelt
00009312   _Vo_enab
00009313   _ulimit
00009314   _urmp_cnt
00009315   _omega
00009316   _REGLER_I_geraet_10tel
00009317   _rho_totzeit
00009318   _Lsigma_d
00009319   _Lsigma
0000931a   _Lsigma_q
0000931b   _DeviceMains_half
0000931c   _q_fkor
0000931e   _q_fs
00009320   _q_framp
00009322   _feck_iq
00009324   _qFU_Vd
00009326   _Theta1
00009328   _Ts_iq
0000932a   _udelt_iq
0000932c   _f_shape
0000932e   _umin_iq
00009330   _ueck_iq
00009332   _q_fcomp
00009334   _Vd_begrenzung
00009336   _Voff
00009338   _q_temp2
0000933a   _q_temp1
0000933c   _iqmul
0000933e   _Vderat
00009340   _Vkor
00009342   _Vfilt
00009344   _Vout
00009346   _u2iq
00009348   _V99pc
0000934a   _ustp_iq
0000934c   _ucal_iq
0000934e   _qFU_Vq
00009350   _Dstest
00009352   _Vout_calc
00009354   _Vsqrt05pc
00009356   _V95pc
00009358   _V05pc
0000935a   _feck32
0000935c   _uf_special
0000935e   _Tmax
00009360   _Tmin
00009362   _uf_extra
00009364   _tdc32
00009366   _udc32
00009368   _alpha
0000936a   _fmin32
0000936c   _ueck32
0000936e   _umin32
00009370   _prev_EvaT1IntPrdcnt
00009372   _iqsav3
00009374   _iqsav4
00009376   _iqsav1
00009378   _iqsav2
0000937a   _ldumx
0000937c   _IQsqrt2
0000937e   _IQzero
00009380   _Uz_nenn
00009382   _totzeit_iq
00009384   _k_norm_rhokorr
00009386   _IQ20sqrt2
00009388   _k_norm_emk_sync
0000938a   _Lsigma_d_iq
0000938c   _Lsigma_q_iq
0000938e   _omega_iq
00009390   _Lsigma_iq
00009392   _Psi_norm
00009394   _k_norm
00009396   _psi_iq
00009398   _zeit_norm
0000939a   _rhokorr_iq20
0000939c   _vq_out_satmin
0000939e   _vq_out_satmax
000093a0   _vd_out_satmin
000093a2   _vd_out_satmax
000093a4   _rhokorr
000093a6   _Uz_ist_iq20
000093a8   _Uz_norm
000093aa   _id_min
000093ac   _id_begrenzung
000093ae   _Uout_norm
000093b0   _Iist_norm
000093b2   _omega_norm
000093b4   _Lsigma_norm
000093b6   _rho_norm
000093b8   _Vd_in
000093ba   _harm3_out
000093bc   _Vd_out
000093be   _Vq_in
000093c0   _I_dispfilt
000093c2   _Vfilt_dep
000093c4   _Speed_dispfilt
000093c6   _Speed_disp
000093c8   _I_disp
000093ca   _Iqfilt
000093cc   _Iqrampdown
000093ce   _last_Iqref
000093d0   _Iqaccu
000093d2   _qfilt_dep
000093d4   _Vqaccu
000093d6   _Vreal
000093d8   _Vq
000093da   _Vnorm
000093dc   _prev_Vq
000093de   _prev_Vd
000093e0   _IQone
000093e2   _Vqfilt
000093e4   _Vsum
000093e6   _Iout
000093e8   _Ilimit_inuse
000093ea   _Ioutnom
000093ec   _rho
000093ee   _prev_rho
000093f0   _Idnom
000093f2   _Id
000093f4   _Idmin
000093f6   _curr2iq
000093f8   _Vq_out
000093fa   _f2iq
000093fc   _vdccnts2iq
000093fe   _speedcnts2iq
00009400   _Vd
00009402   _Iqnom
00009404   _Iq
00009406   _u_ent
0000940a   _u_komp
0000940e   _dummy1
00009412   _u_ent_emk
00009416   _idq_ist
0000941a   _idq_out
0000941e   _dummy2
00009422   _llresult
00009426   _uf_actual
0000942c   _clarke2
00009440   _park2
0000944c   _ipark2
00009458   _neu2
00009466   _cm1
00009480   _pid4_Iq
000094c0   _pid4_Id
00009500   _pid4_Vo
00009540   _rw_cnt
00009541   _dac_xx
00009542   _prev_7seg
00009543   _prev_dac
00009544   _specials
00009580   _para_temp
00009780   _UserMotorOptions
00009781   _lookup_temp
00009782   _pcnt
00009783   _fun_cnt
00009785   _utilcnt
00009786   _lookup_temp1_ptr
00009788   _lookup_temp2_ptr
0000978a   _p_func
0000978c   __face
0000978e   _fun2_cnt
00009790   _uptr
00009792   _KernOptions
00009794   _para_actual
000097c0   _recoded_tab
000098c0   _id_L
000098c1   _UserCan_btr
000098c2   _can_error_write_timeout
000098c3   _ide
000098c4   _can_count_read
000098c5   _can_count_reject
000098c6   _WaitingForFirstRxCAN
000098c7   _id_H
000098c8   _HaveSeenNewRxCAN
000098c9   _CanError_Bit
000098ca   _CanError_CRC
000098cb   _CanError_ErrorWarning
000098cc   _CanError_Stuff
000098cd   _CanError_RxOverflow
000098ce   _CanError_Ack
000098cf   _CanError_Form
000098d0   _UserCanID_tx
000098d1   _UserCan_RxTimeout
000098d2   _can_count_write
000098d3   _CanError_BusOff
000098d4   _CanError_ErrorPassive
000098d5   _UserCanID_rx
000098d6   _RxTimer
000098d8   _UserCanID_rx3
000098da   _UserCanID_tx3
000098dc   _UserCanID_rx2
000098de   _UserCanID_tx2
000098e0   _rx2_id
000098e2   _tx2_id
000098e4   _rx1_id
000098e6   _tx1_id
000098e8   _pMBox
000098ea   _tx3_id
000098ec   _rx3_id
000098ee   _can_write_msg
00009900   _can_read_msg
0000990a   _ECanaShadow
00009940   _CanReplies
00009a00   _pwm1_min
00009a01   _pwm1_rip
00009a02   _I3_rip
00009a03   _pwm1_max
00009a04   _pwm2_rip
00009a05   _pwm3_max
00009a06   _pwm2_max
00009a07   _I3_min
00009a08   _pwm2_min
00009a09   _I2_rip
00009a0a   _pwm3_rip
00009a0b   _I3_max
00009a0c   _pwm3_min
00009a0d   _mes_cnt
00009a0e   _trans_calc
00009a0f   _stab_hall
00009a10   _prev_stab_hall
00009a11   _trans_cnt
00009a12   _rho_trans
00009a13   _trans_prd
00009a14   _trans_duration
00009a15   _Idmin_pc
00009a16   _Idnom_pc
00009a17   _temp12
00009a18   _temp11
00009a19   _stab_cnt
00009a1a   _prev_hall
00009a1b   _Powf
00009a1c   _watch2_off
00009a1d   _I2_max
00009a1e   _ppz_p
00009a1f   _watch2
00009a20   _tune_misc
00009a21   _I2_min
00009a22   _next_tune_step
00009a23   _tune_step
00009a24   _udum1
00009a25   _MPOS_trans
00009a26   _phas_cnt
00009a27   _tune_cnt
00009a28   _tune_state
00009a29   _Tmess
00009a2a   _rho_filt
00009a2b   _User_offset
00009a2c   _OMEGA0
00009a2e   _SQRT_1_SIGMA
00009a30   _OMEGA_s
00009a32   _SQRT_SIGMA
00009a34   _EMKpk
00009a36   _SIGMA
00009a38   _OMEGA_n
00009a3a   _t29
00009a3c   _fVnom
00009a3e   _off1_sum
00009a40   _fVdc
00009a42   _OMEGA_sk
00009a44   _off2_sum
00009a46   _fVot
00009a48   _fIqnom
00009a4a   _fIdnom
00009a4c   _OMEGA_r
00009a4e   _t30
00009a50   _off3_sum
00009a52   _fIsk
00009a54   _fInom
00009a56   _t20
00009a58   _Xm
00009a5a   _t1
00009a5c   _fDeltaVd
00009a5e   _t21
00009a60   _qtemp2
00009a62   _qtemp1
00009a64   _t2
00009a66   _fRrMax
00009a68   _fRrTmp
00009a6a   _fTopCurrent
00009a6c   _fRrMin
00009a6e   _fDVdCalc
00009a70   _qtemp3
00009a72   _t10
00009a74   _t12
00009a76   _PSIp
00009a78   _fPowf
00009a7a   _fTR
00009a7c   _PSIn
00009a7e   _KP
00009a80   _t6
00009a82   _KI
00009a84   _f_temp2
00009a86   _f_temp1
00009a88   _OMEGA_siq
00009a8a   _f_temp3
00009a8c   _fTS
00009a8e   _t4
00009a90   _fFB
00009a92   _Vd_tune
00009a94   _top_sum
00009a96   _rho_sum
00009a98   _Time_sum
00009a9a   _bot_sum
00009a9c   _User_sum
00009a9e   _User_trans
00009aa0   _prev_EvaTimer1IntCount
00009aa2   _fRs
00009aa4   _fLsq
00009aa6   _fRr
00009aa8   _fLm
00009aaa   _fLsd
00009aac   _Iq_ref
00009aae   _I_demand
00009ab0   _I_step
00009ab2   _Id_ref
00009ab4   _Id_top
00009ab6   _Vd_Lsigma
00009ab8   _prev_Id
00009aba   _Id_bot
00009abc   _rho_demand
00009abe   _rho_tune
00009ac0   _rho_start
00009ac2   _rho_step
00009ac4   _fTs
00009b00   _cap3_cnt
00009b01   _ExtraFeedback
00009b02   _MotorFeedback
00009b03   _sc1_reso
00009b04   _sc2_reso
00009b05   _Resolution_Convert
00009b06   _sync_mask
00009b07   _sync_input
00009b08   _cw
00009b09   _SlackOneShot
00009b0a   _ccw
00009b0b   _MotorType
00009b0c   _Previous_sce_type
00009b0d   _ControlMode
00009b0e   _Command_sce_type
00009b0f   _ref_cnt
00009b10   _Command_ana_sce
00009b11   _REF_state
00009b12   _RaceAway
00009b13   _Resolution_AquadB
00009b14   _CurrentMode
00009b15   _lastControlMode
00009b16   _CtrlSubMode
00009b17   _activControlMode
00009b18   _TempCounter
00009b19   _MPOS_rotor_angle
00009b1a   _IxR_comp
00009b1b   _dir
00009b1c   _prev_dir
00009b1d   _first_hall
00009b1e   _ccw_cnt
00009b1f   _ramp_cnt
00009b20   _cw_cnt
00009b21   _match
00009b22   _matchcnt
00009b23   _temp1
00009b24   _I2_peak
00009b25   _I3_peak
00009b26   _semaphore_cnt
00009b27   _single
00009b28   _kern_update_cnt
00009b29   _error_paraset
00009b2a   _full_period
00009b2b   _hall_period
00009b2c   _hall_lop
00009b2d   _limited
00009b2e   _SpeedLoop_cnt
00009b2f   _hall_seg
00009b30   _sc2_mul
00009b31   _MPOS_ROTOR_state
00009b32   _sc1_mul
00009b33   _actra_test
00009b34   _Sector
00009b35   _mul
00009b36   _fun_activ
00009b37   _HW_state
00009b38   _fun_demand
00009b39   _prev_kern_semaphore
00009b3a   _sync_semaphore
00009b3b   _kern_semaphore
00009b3c   ___REGLER_I_max
00009b3d   _mulx
00009b3e   _muly
00009b3f   _COMMAND_ana_mask
00009b40   ___GEBER_pole
00009b41   _COMMAND_ana_input
00009b42   ___REGLER_I_con
00009b44   _MPOS_sum
00009b46   _step
00009b48   _race_absolute
00009b4a   _NewSpeed
00009b4c   _race_reference
00009b4e   _SQRT_kc_kd
00009b50   _sqrt_kc_kd
00009b52   _race_previous
00009b54   _DeltaMax
00009b56   _temp
00009b58   _BL_Speed
00009b5a   _Temp32
00009b5c   _BL_Tacho
00009b5e   _ll_SpeedCmdRamped
00009b62   _ll_NewSpeed
00009b66   _ll_deltamax
00009b6a   _ll_delta
00009b6e   _n_ist_filt
00009b72   _PrevRev
00009b80   _PrevFwd
00009b88   _delta
00009b98   _jerk
00009bc0   _once_com
00009bc1   _once_valid_com
00009bc2   _Serial_ErrorCount
00009bc3   _nochar_timer
00009bc4   _serial_tx
00009c00   _serial_rx
00009c40   _samplcnt_Ref
00009c41   _Udum16
00009c42   _samplcnt_BLs
00009c43   _samplcnt_PwrID
00009c44   _samplcnt_BL
00009c45   _Tacho_s
00009c46   _samplcnt_Ain
00009c47   _pwm3_atint
00009c48   _avg_cnt
00009c49   _AblePN
00009c4a   _pwm1_atint
00009c4b   _Logic_in_phy_atint
00009c4c   _pwm2_atint
00009c4d   _charge_timer
00009c4e   _trace3
00009c4f   _trace4
00009c50   _trace1
00009c51   _trace2
00009c52   _enable_atint
00009c53   _Spd2_16
00009c54   _AnaIn_cnt
00009c55   _I_ist_atint
00009c56   _I2_ist_atint
00009c57   _I3_ist_atint
00009c58   _Spd1_16
00009c5a   _Id_atint
00009c5c   _Iq_atint
00009c5e   _t2cnt_atint
00009c60   _tmp
00009c62   _tmpoff
00009c64   _long1
00009c66   _long2
00009c68   _p_facq
00009c6a   _SpeedRpmRamp
00009c6c   _static_comp
00009c6e   _tmp2
00009c70   _tmp1
00009c72   _fdum
00009c74   _ptr1
00009c76   _T_air_pt1
00009c7a   _AnaIn1_pt1
00009c80   _VdcBus_pt1
00009c84   _T_igbt_pt1
00009c88   _T_motor_pt1
00009c8c   _DC_ACTRA
00009c90   _AnaIn2_pt1
00009c94   _ADC_SEQrun
00009c9c   _ADC_ACQrun
00009cc0   _DefineLogicPin_end1
00009cc1   _prev_DefineUserPin_dac
00009cc2   _DefineUserPin_dac
00009cc3   _DefineLogicPin_din1
00009cc4   _DefineLogicPin_end2
00009cc5   _DefineLogicPin_din2
00009cc6   _VO_Less_N0
00009cc7   _VO_TOLER
00009cc8   _gpbdatr
00009cc9   _gpbdato
00009cca   _VO_Icns
00009ccb   _USER_t_brake
00009ccc   _VO_BRAKE
00009ccd   _gpbdatf
00009cce   _DefineLogicPin_dout1
00009ccf   _DefineLogicPin_dout2
00009cd0   _DefineLogicPin_dout4
00009cd1   _DefineLogicPin_dout3
00009cd2   _gpbdat
00009cd4   _prev_activate
00009cdc   _mix_ana_on
00009cde   _watch
00009cdf   _logic_millis
00009ce0   _aux_timer
00009ce2   _norun_timer
00009ce4   _activate
00009ce6   _I_diglimit
00009ce8   _logical_FRG
00009ce9   _multisw1cnt
00009cea   _multisw1
00009ceb   _edge1
00009cec   _multisw2cnt
00009ced   _multisw2
00009cee   _edge2
00009cef   _trace_offset
00009cf0   _enable_state
00009cf1   _t_brake
00009cf2   _next_state
00009cf3   _speed0_pos_enab
00009cf4   _recu_disab_actv
00009cf5   _speed0_pos_actv
00009cf9   _multisw1sel
00009cfa   _uesp_count
00009cfb   _multisw2sel
00009cfc   _e_brake_enab
00009cfd   _speedclip
00009cfe   _e_brake_actv
00009d00   _stepdown
00009d02   _test1
00009d04   _DeviceAutoID
00009d06   _LOGIC_var
00080000   _Zone2Data
003da000   _FlashToRam
003da021   _kern_version
003da022   _tms_version
003dc000   _para_tab
003dd098   _size_para
003dd2b4   _PieVectTableInit
003dd3b4   _f_SQRT3
003dd3b6   _invsqrt2
003dd3b8   _PI
003dd3ba   _f2div3
003dd3bc   _fsqrt3
003dd3be   _deg1div360
003dd3c0   _sqrt3
003dd3c2   _invsqrt3
003dd3c8   _HallList
003dd3d8   _alarm_char
003dd3e8   _drat_fr
003dd3f8   _fun_disp
003dd408   _sc_combi
003dd418   _sc_mul
003dd428   _cw_rotor
003dd434   _Vunten
003dd436   _Voben
003dd438   _mAunten
003dd43a   _mAscale
003dd43c   _ADC_SEQall
003dd444   _DZR_select
003dd44c   _PWM_select
003dd454   _actra_block
003dd464   _sector
003dd46a   _SC_modulo_min
003dd470   _supply
003dd47a   _disps
003e8000   ___cinit__
003e8000   cinit
003e81a3   _min_max
003e81aa   _min_max_u
003e81b1   _min_max_32
003e81ba   _min_max_abs
003e81c3   _grad_el_to_MPOS
003e81cf   _CommandTypeUpdate
003e81df   _SpeedLimitUddate
003e81f1   _ConfigResolverResolution
003e8238   _define_carrier_freq
003e8379   _Init_basics
003e848a   _Reset_SC
003e84ae   _Init_feedback
003e86a1   _define_timer_delta
003e86cb   _Init_ballast
003e872a   _kern_update
003e8d1f   _Init_vars
003e8f00   _Set_PWM_0
003e8f0b   _Set_PWM_none
003e8f19   _Set_PWM_bottom3
003e8f26   _CheckRotorError
003e8f6b   _Get_I_ist_offset
003e8fb1   _Check_SC
003e9076   _Get_mpos32
003e916d   _Get_analog_command
003e9266   _Get_Handwheel_Position
003e9295   _Get_Reference_Speed
003e9348   _Reset_PID_current
003e93a5   _Reset_PID_speed
003e93b1   _Reset_PID_position
003e93ba   _CheckSemaphore
003e9593   _Get_speed_ramp
003e9751   _Check_Raceaway
003e97cb   _make_CanID
003e97e3   _ReconfigRxMailBox_Group1
003e984b   _ReconfigRxMailBox_Group2
003e98ba   _ReconfigRxMailBox_Group3
003e992c   _ReconfigTxMailBox_Group1
003e99d6   _ReconfigTxMailBox_Group2
003e9a3a   _ReconfigTxMailBox_Group3
003e9a9e   _CanCheckID_Param
003e9ad3   _CanBus_ClearStatus
003e9ae6   _CanBus_GetStatus
003e9b28   _CanTx_MBoxSetupPtr
003e9b7f   _CanTx_MBoxBusy
003e9b9a   _CanTx_MBoxCancel
003e9bb9   _CanTx_MBoxWrite
003e9c69   _ParseRxMsg
003e9d9d   _ParseRxMsg2
003e9da5   _DoReadGroup1
003e9de1   _DoReadGroup2
003e9e07   _DoReadGroup3
003e9e1f   _CanReadMsg
003e9e1f   _CanRx_IntrService
003e9f1a   _Can_CyclicInit
003e9f5a   _Can_Cyclic
003ea00b   _LogicInit
003ea051   _DoSortIn
003ea0eb   _DoLogicReadPort
003ea142   _LogicUpdate
003ea189   _LogicIn
003ea39f   _LogicOut
003ea4a9   _reset_error
003ea4c3   _reset_regvars
003ea4fe   _DoSortOut
003ea6e4   _adc_seq_group0_setup
003ea767   _adc_filter_seed
003ea7d6   _AnaIn_ptx
003ea7f4   _AnaMode
003ea883   _do_AnaIn
003ea989   _acquire_5
003ea9b8   _get_position_error
003ea9e0   _spi_init
003ea9ff   _spi_eep_page_read
003eaa3c   _spi_eep_page_write
003eaaa8   _eep_para_read
003eab40   _eep_para_write
003eabef   _eep_ascii_read
003eabf9   _eep_ascii_write
003eac03   _spi_7seg_write
003eac21   _spi_dac_write
003eac50   _I_Reg_init
003eade5   _ucalc
003eaebe   _scia_init
003eaee3   _scib_init
003eaefb   _scia_xmit
003eaeff   _scia_fifo_init
003eaf00   _do_serial_init
003eaf18   _do_serial
003eb124   _init_recoded_tab
003eb14d   _lookup_access
003eb166   _is_super_user
003eb16e   _is_long_id
003eb180   _is_unsigned_id
003eb18d   _set_defaults
003eb1db   _write_id
003eb23e   _atomic_read_int32
003eb243   _atomic_write_int32
003eb248   _fun_dummy
003eb24c   _fun_01
003eb250   _fun_02
003eb254   _fun_03
003eb27d   _fun_special
003eb2b3   _func_id
003eb2cd   _INT13_ISR
003eb2d2   _INT14_ISR
003eb2d7   _NMI_ISR
003eb2dc   _XINT1_ISR
003eb2e1   _XINT2_ISR
003eb2e6   _DATALOG_ISR
003eb2eb   _RTOSINT_ISR
003eb2f0   _EMUINT_ISR
003eb2f5   _ILLEGAL_ISR
003eb2fa   _USER0_ISR
003eb2ff   _USER1_ISR
003eb304   _USER2_ISR
003eb309   _USER3_ISR
003eb30e   _USER4_ISR
003eb313   _USER5_ISR
003eb318   _USER6_ISR
003eb31d   _USER7_ISR
003eb322   _USER8_ISR
003eb327   _USER9_ISR
003eb32c   _USER10_ISR
003eb331   _USER11_ISR
003eb336   _ADCINT_ISR
003eb33b   _TINT0_ISR
003eb340   _WAKEINT_ISR
003eb345   _PDPINTA_ISR
003eb34a   _CMP1INT_ISR
003eb34f   _CMP2INT_ISR
003eb354   _CMP3INT_ISR
003eb359   _T1PINT_ISR
003eb35e   _T1CINT_ISR
003eb36d   _T1UFINT_ISR
003eb372   _T1OFINT_ISR
003eb377   _T2PINT_ISR
003eb37c   _T2CINT_ISR
003eb381   _T2UFINT_ISR
003eb386   _T2OFINT_ISR
003eb38b   _CAPINT1_ISR
003eb390   _CAPINT2_ISR
003eb395   _CAPINT3_ISR
003eb39a   _PDPINTB_ISR
003eb39f   _CMP4INT_ISR
003eb3a4   _CMP5INT_ISR
003eb3a9   _CMP6INT_ISR
003eb3ae   _T3PINT_ISR
003eb3b3   _T3CINT_ISR
003eb3b8   _T3UFINT_ISR
003eb3bd   _T3OFINT_ISR
003eb3c2   _T4PINT_ISR
003eb3c7   _T4CINT_ISR
003eb3cc   _T4UFINT_ISR
003eb3d1   _T4OFINT_ISR
003eb3d6   _CAPINT4_ISR
003eb3db   _CAPINT5_ISR
003eb3e0   _CAPINT6_ISR
003eb3e5   _MRINTA_ISR
003eb3ea   _MXINTA_ISR
003eb3ef   _SPIRXINTA_ISR
003eb3f4   _SPITXINTA_ISR
003eb3f9   _SCIRXINTA_ISR
003eb3fe   _SCITXINTA_ISR
003eb403   _SCIRXINTB_ISR
003eb408   _SCITXINTB_ISR
003eb40d   _ECAN0INTA_ISR
003eb412   _ECAN1INTA_ISR
003eb417   _PIE_RESERVED
003eb41c   _rsvd_ISR
003eb421   _capture_get_index
003eb44e   _capture_get_entry
003eb45d   _capture_lead_limit
003eb471   _capture_clr
003eb482   _capture_look
003eb51e   _capture_init
003eb548   LL$$DIV
003eb584   LL$$MOD
003eb5be   ULL$$DIV
003eb5ed   ULL$$MOD
003eb64f   _PWM_reset_isr
003eb71a   _eCan_Tx_isr
003eb72b   _eCan_Rx_isr
003eb74b   _pid_reg3_calc
003eb7e1   FD$$MPY
003eb864   FS$$DIV
003eb8e7   FS$$SUB
003eb8ec   FS$$ADD
003eb95f   FS$$MPY
003eb9b9   _nibble_asc
003eb9c0   _asc_nibble
003eb9d5   _sprint_hex
003eb9e9   _sprint_hex_2
003eb9f3   _sscan_hex_n
003eba0d   _sscan_hex
003eba11   _c_int00
003eba55   _ldexp
003eba94   _cur_mod_calc
003ebacd   _InitAdc
003ebb01   _lldiv
003ebb2e   _InitSysCtrl
003ebb59   L$$DIV
003ebb68   L$$MOD
003ebb76   UL$$DIV
003ebb7d   UL$$MOD
003ebb83   FS$$TOL
003ebbac   FS$$TOI
003ebbd1   I$$DIV
003ebbe2   I$$MOD
003ebbf3   _InitPieCtrl
003ebc14   ___memcpy_ff
003ebc35   FD$$TOL
003ebc54   LL$$CMP
003ebc66   ULL$$CMP
003ebc72   I$$TOFD
003ebc8f   FS$$TOFD
003ebcab   L$$TOFD
003ebcc7   I$$TOFS
003ebce1   L$$TOFS
003ebcfb   __args_main
003ebd14   C$$EXIT
003ebd14   _abort
003ebd16   _exit
003ebd2d   FS$$CMP
003ebd44   U$$TOFD
003ebd5b   LL$$MPY
003ebd6f   _InitPieVectTable
003ebd81   U$$TOFS
003ebd91   _get_regid_type
003ebd9e   U$$DIV
003ebda3   U$$MOD
003ebda9   __register_unlock
003ebdad   __register_lock
003ebdb1   __nop
003ebdb2   _DSP28x_usDelay
003ec000   _RamfuncsLoadstart
003edb68   _RamfuncsLoadend
003edb68   _float_init
003edc54   _common_init
003edcc6   _tune_init
003edce5   _rho_ramp
003edd14   _Iq_ramp
003edd1f   _define_watch2
003edd51   _hall_stab
003edd8b   _ripple
003ede0b   _dc_handler
003edf0d   _dc_once_rho
003ee012   _calc_kern_update
003ee218   _convert_float2int
003ee2bf   _calc_fRs
003ee354   _calc_magn_rot
003ee394   _calc_fRr
003ee3cd   _calc_from_motplate
003ee520   _calc_fLs
003ee69f   _measure_fRr
003ee7f8   _calc_magn_still
003ee952   _measure_magn_rot
003ee9cf   _measure_fRs
003eea51   _measure_fLs
003eeb04   _reset_tuning_vars
003eeb0b   _set_M_fRs_vars
003eeb6d   _set_M_fRr_vars
003eebb6   _tuning_handler
003eee3b   _get_rho_offset
003eee96   _phasing_handler
003ef095   _toffs_handler
003ef1a6   _check_error
003ef1db   _reset_fpga
003ef1e6   _read_error_250us
003ef239   _do_disp
003ef284   _do_Nclip
003ef2f3   _It_Algo
003ef337   _set_ptr
003ef778   _do_update
003ef911   _do_dacout
003ef9af   _do_lifetime
003efa0f   _do_takt
003efa43   _SysTimerPoll
003efae6   _seg7_warn
003efb0b   _statistics
003efbe6   _current_steps
003efbf0   _speed_steps
003efc04   _convert_amp
003efc18   _cnts2dA
003efc2c   _cnts2cA
003efc45   _GpioInit
003efc6a   _set_size_defaults
003efcb5   _check_Soft_ID
003efd36   _main
003eff0d   _exp
003effaa   _sqrt
003efffa   FS$$NEG
003f0000   _IQmathLoadstart
003f038d   _IQmathLoadend
003f038e   _do_logic
003f09a7   _do_Ilim
003f0cb3   _seg7_standard
003f0d60   _CanInit
003f0ed0   _ipark_calc
003f0efe   _park_calc
003f7ff8   _CsmPwl
003f8000   _I_components
003f8000   _RamfuncsRunstart
003f8303   _I_Reg
003f8997   _Get_speed_ist
003f8c34   _Get_I_ist
003f8cba   _Check_Ipeak
003f8ced   _Filter_I_ref
003f8d2f   _Get_rotor
003f8f69   _Get_mpos_ist
003f90c1   _Check_ReGen_Bleeder
003f914d   _acquire_currm
003f9184   _acquire_0
003f91cd   _acquire_1
003f927b   _acquire_2
003f931d   _acquire_3
003f93ad   _acquire_4
003f9439   _do_ctrl_sub_mode
003f94f9   _do_torque_common
003f9509   _do_speed_common
003f9550   _do_position_common
003f959b   _DefineMode
003f972a   _do_acquire_mainint
003f977e   _do_acquire_add_int
003f97b4   _do_glue
003f980e   _do_current
003f98d4   _evat1_isr_uflw
003f99b1   _evat1_isr_prdm
003f9a54   _adc_isr
003f9a99   _pid_reg4_calc
003f9b22   _neu_calc
003f9b40   _InitFlash
003f9b57   _clarke_calc
003ff000   _IQsinTable
003ff100   _IQcosTable
003ff400   _IQsinTableEnd
003ff502   _IQcosTableEnd
003ff502   _IQdivRoundSatTable
003ff510   _IQdivTable
003ff712   _IQdivTableEnd
003ff712   _IQisqrtRoundSatTable
003ff712   _IQsqrtRoundSatTable
003ff722   _IQisqrtTable
003ff722   _IQsqrtTable
003ff824   _IQatan2HalfPITable
003ff824   _IQisqrtTableEnd
003ff824   _IQsqrtTableEnd
003ff862   _IQatan2Table
003ff9e8   _IQ30mpyRndSatTable
003ff9e8   _IQatan2TableEnd
003ff9e8   _IQmpyRndSatTable
003ff9f4   _IQ29mpyRndSatTable
003ffa00   _IQ28mpyRndSatTable
003ffa0c   _IQ27mpyRndSatTable
003ffa18   _IQ26mpyRndSatTable
003ffa24   _IQ25mpyRndSatTable
003ffa30   _IQ24mpyRndSatTable
003ffa3c   _IQ23mpyRndSatTable
003ffa48   _IQ22mpyRndSatTable
003ffa54   _IQ21mpyRndSatTable
003ffa60   _IQ20mpyRndSatTable
003ffa6c   _IQ19mpyRndSatTable
003ffa78   _IQ18mpyRndSatTable
003ffa84   _IQ17mpyRndSatTable
003ffa90   _IQ16mpyRndSatTable
003ffa9c   _IQ15mpyRndSatTable
003ffaa8   _IQ14mpyRndSatTable
003ffab4   _IQ13mpyRndSatTable
003ffac0   _IQ12mpyRndSatTable
003ffacc   _IQ11mpyRndSatTable
003ffad8   _IQ10mpyRndSatTable
003ffae4   _IQ9mpyRndSatTable
003ffaf0   _IQ8mpyRndSatTable
003ffafc   _IQ7mpyRndSatTable
003ffb08   _IQ6mpyRndSatTable
003ffb14   _IQ5mpyRndSatTable
003ffb20   _IQ4mpyRndSatTable
003ffb2c   _IQ3mpyRndSatTable
003ffb38   _IQ2mpyRndSatTable
003ffb44   _IQ1mpyRndSatTable
003ffb50   _IQmpyRndSatTableEnd
ffffffff   .bss
ffffffff   .text
ffffffff   ___binit__
ffffffff   ___bss__
ffffffff   ___c_args__
ffffffff   ___end__
ffffffff   ___etext__
ffffffff   ___pinit__
ffffffff   ___text__
ffffffff   binit
ffffffff   end
ffffffff   etext
ffffffff   pinit

[1525 symbols]
