******************************************************************************
             TMS320C2000 Linker PC v6.1.0                      
******************************************************************************
>> Linked Wed Dec 17 14:52:17 2014

OUTPUT FILE NAME:   <Reg2812.out>
ENTRY POINT SYMBOL: "_c_int00"  address: 003ebf71


MEMORY CONFIGURATION

         name            origin    length      used     unused   attr    fill
----------------------  --------  ---------  --------  --------  ----  --------
PAGE 0:
  RAML0                 00008000   00001000  00000824  000007dc  RWIX
  OTP                   003d7800   00000800  00000000  00000800  RWIX
  FLASHJ                003d8000   00002000  00000000  00002000  RWIX
  FLASHI                003da000   00002000  00000023  00001fdd  RWIX
  FLASHH                003dc000   00004000  00002b96  0000146a  RWIX
  FLASHG                003e0000   00004000  00000000  00004000  RWIX
  FLASHF                003e4000   00004000  00001cb6  0000234a  RWIX
  FLASHE                003e8000   00004000  00004000  00000000  RWIX
  FLASHD                003ec000   00004000  00004000  00000000  RWIX
  FLASHC                003f0000   00004000  00000f15  000030eb  RWIX
  FLASHA                003f6000   00001ff6  00000000  00001ff6  RWIX
  BEGIN                 003f7ff6   00000002  00000002  00000000  RWIX
  RAMH0                 003f8000   00002000  00001ea4  0000015c  RWIX
  ROM                   003ff000   00000fc0  00000b50  00000470  RWIX
  RESET                 003fffc0   00000002  00000000  00000002  RWIX
  VECTORS               003fffc2   0000003e  00000000  0000003e  RWIX

PAGE 1:
  RAMM0                 00000000   00000400  0000039c  00000064  RWIX
  RAMM1                 00000400   00000400  00000400  00000000  RWIX
  DEV_EMU               00000880   00000180  000000d6  000000aa  RWIX
  FLASH_REGS            00000a80   00000060  00000008  00000058  RWIX
  CSM                   00000ae0   00000010  00000010  00000000  RWIX
  XINTF                 00000b20   00000020  00000020  00000000  RWIX
  CPU_TIMER0            00000c00   00000008  00000008  00000000  RWIX
  PIE_CTRL              00000ce0   00000020  0000001a  00000006  RWIX
  PIE_VECT              00000d00   00000100  00000100  00000000  RWIX
  ZONE0                 00002000   00002000  00000001  00001fff  RWIX
  ZONE1                 00004000   00002000  00000000  00002000  RWIX
  ECAN_A                00006000   00000040  00000034  0000000c  RWIX
  ECAN_LAM              00006040   00000040  00000040  00000000  RWIX
  ECAN_MOTS             00006080   00000040  00000040  00000000  RWIX
  ECAN_MOTO             000060c0   00000040  00000040  00000000  RWIX
  ECAN_AMBOX            00006100   00000100  00000100  00000000  RWIX
  SYSTEM                00007010   00000020  00000020  00000000  RWIX
  SPI_A                 00007040   00000010  00000010  00000000  RWIX
  SCI_A                 00007050   00000010  00000010  00000000  RWIX
  XINTRUPT              00007070   00000010  00000010  00000000  RWIX
  GPIOMUX               000070c0   00000020  00000020  00000000  RWIX
  GPIODAT               000070e0   00000020  00000020  00000000  RWIX
  ADC                   00007100   00000020  0000001a  00000006  RWIX
  EV_A                  00007400   00000040  00000032  0000000e  RWIX
  EV_B                  00007500   00000040  00000032  0000000e  RWIX
  SCI_B                 00007750   00000010  00000010  00000000  RWIX
  MCBSP_A               00007800   00000040  00000025  0000001b  RWIX
  RAML1                 00009000   00001000  00000ff1  0000000f  RWIX
  ZONE2                 00080000   00080000  00000001  0007ffff  RWIX
  ZONE6                 00100000   00080000  00000000  00080000  RWIX
  FLASHB                003f4000   00002000  00000000  00002000  RWIX
  CSM_PWL               003f7ff8   00000008  00000008  00000000  RWIX
  RAMH0_2               003f8000   00002000  00000000  00002000  RWIX


SECTION ALLOCATION MAP

 output                                  attributes/
section   page    origin      length       input sections
--------  ----  ----------  ----------   ----------------
.cst       0    00008000    00000824     UNINITIALIZED
                  00008000    00000824     capture.obj (.cst)

CopyFunction 
*          0    003da000    00000021     
                  003da000    00000021     main.obj (CopyFunction:_FlashToRam)

VersionData 
*          0    003da021    00000002     
                  003da021    00000002     Version.obj (VersionData)

.econst    0    003dc000    00002b96     
                  003dc000    00001086     utils.obj (.econst:_para_tab)
                  003dd086    00000a8e     gen_objdict.obj (.econst:_od_description)
                  003ddb14    00000537     gen_objdict.obj (.econst:_od_assign)
                  003de04b    00000001     gen_objdict.obj (.econst:_od_const_i16)
                  003de04c    0000023a     gen_objdict.obj (.econst)
                  003de286    0000021c     main.obj (.econst:_size_para)
                  003de4a2    000001b0     od_para_typ.obj (.econst:_od_para_typ)
                  003de652    00000100     PieVect.obj (.econst)
                  003de752    000000e8     gen_objdict.obj (.econst:_od_ptr_i16)
                  003de83a    0000007a     gen_objdict.obj (.econst:_od_const_u32)
                  003de8b4    00000070     gen_objdict.obj (.econst:_od_ptr_u16)
                  003de924    00000058     co_sdoserv.obj (.econst:_$P$T0$1)
                  003de97c    00000050     gen_objdict.obj (.econst:_od_ptr_i32)
                  003de9cc    0000002a     co_led.obj (.econst:_ledBlinkTables)
                  003de9f6    00000028     canopen_main.obj (.econst:_kernIndications$2)
                  003dea1e    00000024     co_commtask.obj (.econst:_commTable$1)
                  003dea42    00000023     codrv_can_hecc.obj (.econst:_codrvCanBittimingTable)
                  003dea65    00000001     canopen_main.obj (.econst)
                  003dea66    0000001c     co_cobhandler.obj (.econst:_restrictCobs$1)
                  003dea82    00000014     ntadd.obj (.econst)
                  003dea96    00000012     gen_objdict.obj (.econst:_od_ptr_u32)
                  003deaa8    00000010     core.obj (.econst:_HallList)
                  003deab8    00000010     main.obj (.econst:_alarm_char)
                  003deac8    00000010     main.obj (.econst:_drat_fr)
                  003dead8    00000010     core.obj (.econst:_fun_disp)
                  003deae8    00000010     core.obj (.econst:_sc_combi)
                  003deaf8    00000010     core.obj (.econst:_sc_mul)
                  003deb08    0000000e     gen_objdict.obj (.econst:.string)
                  003deb16    0000000c     ntadd.obj (.econst:_cw_rotor)
                  003deb22    00000008     Interrupt.obj (.econst)
                  003deb2a    00000008     Interrupt.obj (.econst:_ADC_SEQall)
                  003deb32    00000008     core.obj (.econst:_DZR_select)
                  003deb3a    00000008     core.obj (.econst:_PWM_select)
                  003deb42    00000008     core.obj (.econst:_actra_block)
                  003deb4a    00000008     codrv_can_hecc.obj (.econst)
                  003deb52    00000008     core.obj (.econst)
                  003deb5a    00000007     gen_objdict.obj (.econst:_od_const_u8)
                  003deb61    00000007     co_led.obj (.econst:_priority)
                  003deb68    00000006     core.obj (.econst:_sector)
                  003deb6e    00000006     main.obj (.econst)
                  003deb74    00000006     ntcalc.obj (.econst)
                  003deb7a    00000005     gen_objdict.obj (.econst:_od_const_u16)
                  003deb7f    00000004     canopen_main.obj (.econst:_$P$T0$1)
                  003deb83    00000001     od_para_typ.obj (.econst)
                  003deb84    00000004     gen_objdict.obj (.econst:_od_const_vis_string)
                  003deb88    00000004     gen_objdict.obj (.econst:_od_const_vis_string_len)
                  003deb8c    00000004     utils.obj (.econst)
                  003deb90    00000002     main.obj (.econst:_disps)
                  003deb92    00000002     gen_objdict.obj (.econst:_od_const_i32)
                  003deb94    00000002     gen_objdict.obj (.econst:_od_ptr_u8)

.text.1    0    003e4000    00001cb6     
                  003e4000    00000042     co_queue.obj (.text:_icoQueueHandler)
                  003e4042    00000041     rts2800_ml.lib : ldexp.obj (.text)
                  003e4083    00000040     ntadd.obj (.text:_calc_magn_rot)
                  003e40c3    00000040     co_timer.obj (.text:_icoTimerCheck)
                  003e4103    00000040     co_pdo.obj (.text:_icoTrPdoGetObjectAddr)
                  003e4143    0000003f     co_errctrl.obj (.text:_setupHbConsumer)
                  003e4182    0000003d     co_sdoserv.obj (.text:_coSdoServerInit)
                  003e41bf    0000003d     co_pdo.obj (.text:_icoRecPdoObjChanged)
                  003e41fc    0000003d     co_sdoserv.obj (.text:_icoSdoServerReset)
                  003e4239    0000003d     co_led.obj (.text:_ledTimerInd)
                  003e4276    0000003d     spi.obj (.text:_spi_eep_page_read)
                  003e42b3    0000003c     co_pdo.obj (.text:_coPdoReqNr)
                  003e42ef    0000003c     co_pdo.obj (.text:_icoRecMapCheckObjLimitMapEntry)
                  003e432b    0000003c     co_pdo.obj (.text:_pdoReceiveData)
                  003e4367    0000003b     co_sdoserv.obj (.text:_icoSdoCheckUserCheckWriteInd)
                  003e43a2    0000003b     Logic.obj (.text:_reset_regvars)
                  003e43dd    0000003a     codrv_can_hecc.obj (.text:_codrvCanSetBitRate)
                  003e4417    0000003a     ntadd.obj (.text:_hall_stab)
                  003e4451    00000039     ntadd.obj (.text:_calc_fRr)
                  003e448a    00000039     cur_mod.obj (.text:_cur_mod_calc)
                  003e44c3    00000039     co_queue.obj (.text:_moveInhibitToTransmitList)
                  003e44fc    00000038     co_sdoserv.obj (.text:_icoSdoCheckUserReadInd)
                  003e4534    00000038     co_sdoserv.obj (.text:_icoSdoObjChanged)
                  003e456c    00000037     co_errctrl.obj (.text:_coErrorCtrlInit)
                  003e45a3    00000037     co_odaccess.obj (.text:_coOdGetDefaultVal_u32)
                  003e45da    00000036     co_led.obj (.text:_coLedSetGreen)
                  003e4610    00000036     co_led.obj (.text:_coLedSetRed)
                  003e4646    00000036     co_odaccess.obj (.text:_coOdGetDefaultVal_u8)
                  003e467c    00000036     co_timer.obj (.text:_coTimerStart)
                  003e46b2    00000036     co_cobhandler.obj (.text:_icoCobFilterSet)
                  003e46e8    00000036     co_sdoserv.obj (.text:_icoSdoServerSetDefaultValue)
                  003e471e    00000035     main.obj (.text:_check_error)
                  003e4753    00000034     DSP28_Adc.obj (.text:_InitAdc)
                  003e4787    00000034     main.obj (.text:_do_takt)
                  003e47bb    00000034     co_pdo.obj (.text:_icoRecPdoGetObjectAddr)
                  003e47ef    00000034     co_sdoserv.obj (.text:_icoSdoCheckUserWriteInd)
                  003e4823    00000033     utils.obj (.text:_fun_special)
                  003e4856    00000033     co_commtask.obj (.text:_receiveMessageHandler)
                  003e4889    00000032     capture.obj (.text:_capture_init)
                  003e48bb    00000032     ntadd.obj (.text:_define_watch2)
                  003e48ed    00000032     co_odaccess.obj (.text:_icoEventObjectChanged)
                  003e491f    00000030     co_errctrl.obj (.text:_icoErrorCtrlSetDefaultValue)
                  003e494f    0000002f     core.obj (.text:_Get_Handwheel_Position)
                  003e497e    0000002f     Interrupt.obj (.text:_acquire_5)
                  003e49ad    0000002f     co_pdo.obj (.text:_icoTrMapCheckObjLimitMapEntry)
                  003e49dc    0000002f     ntadd.obj (.text:_rho_ramp)
                  003e4a0b    0000002f     co_pdo.obj (.text:_setupTrPdoTimer)
                  003e4a3a    0000002f     spi.obj (.text:_spi_dac_write)
                  003e4a69    0000002e     co_queue.obj (.text:_searchLastMessage)
                  003e4a97    0000002d     co_timer.obj (.text:_addTimer)
                  003e4ac4    0000002d     capture.obj (.text:_capture_get_index)
                  003e4af1    0000002d     co_cobhandler.obj (.text:_icoCobCheck)
                  003e4b1e    0000002d     co_emcy.obj (.text:_icoEmcyProducerSetDefaultValue)
                  003e4b4b    0000002d     co_pdo.obj (.text:_icoRecPdoCheckObjLimitCobid)
                  003e4b78    0000002d     co_pdo.obj (.text:_icoTrPdoCheckObjLimitCobid)
                  003e4ba5    0000002d     co_nmt.obj (.text:_nmtResetComm)
                  003e4bd2    0000002d     rts2800_ml.lib : lldiv.obj (.text)
                  003e4bff    0000002c     canopen_main.obj (.text:_sdoServerReadInd)
                  003e4c2b    0000002b     SysCtrl.obj (.text:_InitSysCtrl)
                  003e4c56    0000002b     co_led.obj (.text:_coLedSetState)
                  003e4c81    0000002b     co_sdoserv.obj (.text:_icoSdoGetObjectAddr)
                  003e4cac    0000002a     core.obj (.text:_define_timer_delta)
                  003e4cd6    0000002a     co_emcy.obj (.text:_icoEmcyGetObjectAddr)
                  003e4d00    0000002a     co_pdo.obj (.text:_icoTrMapCheckObjLimitMapTable)
                  003e4d2a    0000002a     co_pdo.obj (.text:_icoTrPdoCheckObjLimit_u8)
                  003e4d54    0000002a     rts2800_ml.lib : l_div.obj (.text)
                  003e4d7e    00000029     co_errctrl.obj (.text:_icoErrCtrlCheckObjLimit)
                  003e4da7    00000029     co_pdo.obj (.text:_icoRecPdoCheckObjLimit_u8)
                  003e4dd0    00000029     utils.obj (.text:_init_recoded_tab)
                  003e4df9    00000029     od_para_access.obj (.text:_odParaGetArrayIndex)
                  003e4e22    00000029     rts2800_ml.lib : fs_tol.obj (.text)
                  003e4e4b    00000028     co_odaccess.obj (.text:_coOdGetDefaultVal_u16)
                  003e4e73    00000028     Interrupt.obj (.text:_get_position_error)
                  003e4e9b    00000027     codrv_can_hecc.obj (.text:_codrvCanTransmitInterrupt)
                  003e4ec2    00000027     co_odaccess.obj (.text:_icoOdGetObjTrMapData)
                  003e4ee9    00000026     co_cobhandler.obj (.text:_icoCobCreate)
                  003e4f0f    00000025     main.obj (.text:_GpioInit)
                  003e4f34    00000025     co_pdo.obj (.text:_icoRecMapGetObjectAddr)
                  003e4f59    00000025     co_pdo.obj (.text:_icoTrMapGetObjectAddr)
                  003e4f7e    00000025     sci.obj (.text:_scia_init)
                  003e4fa3    00000025     main.obj (.text:_seg7_warn)
                  003e4fc8    00000025     rts2800_ml.lib : fs_toi.obj (.text)
                  003e4fed    00000024     core.obj (.text:_Reset_SC)
                  003e5011    00000024     co_emcy.obj (.text:_icoEmcyObjChanged)
                  003e5035    00000023     codrv_can_hecc.obj (.text:_codrvCanStartTransmission)
                  003e5058    00000023     co_pdo.obj (.text:_icoRecPdoCheckObjLimit_u16)
                  003e507b    00000023     co_pdo.obj (.text:_icoTrPdoCheckObjLimit_u16)
                  003e509e    00000022     codrv_cpu_2812.obj (.text:_codrvCan0Irq)
                  003e50c0    00000022     co_emcy.obj (.text:_icoEmcyWriteReq)
                  003e50e2    00000022     co_errctrl.obj (.text:_icoErrorCtrlReset)
                  003e5104    00000022     co_pdo.obj (.text:_icoPdoRtrHandler)
                  003e5126    00000022     rts2800_ml.lib : i_div.obj (.text)
                  003e5148    00000021     PieCtrl.obj (.text:_InitPieCtrl)
                  003e5169    00000021     co_odaccess.obj (.text:_coNumMemcpyPack)
                  003e518a    00000021     co_errctrl.obj (.text:_icoHbProdStart)
                  003e51ab    00000021     rts2800_ml.lib : memcpy_ff.obj (.text)
                  003e51cc    00000020     co_queue.obj (.text:_getNextTransBuf)
                  003e51ec    0000001f     spi.obj (.text:_spi_init)
                  003e520b    0000001f     ntadd.obj (.text:_tune_init)
                  003e522a    0000001f     rts2800_ml.lib : fd_tol.obj (.text)
                  003e5249    0000001e     Interrupt.obj (.text:_AnaIn_ptx)
                  003e5267    0000001e     co_timer.obj (.text:_coTimerStop)
                  003e5285    0000001e     co_errctrl.obj (.text:_errCtrlInd)
                  003e52a3    0000001e     co_pdo.obj (.text:_icoPdoOperational)
                  003e52c1    0000001e     spi.obj (.text:_spi_7seg_write)
                  003e52df    0000001e     rts2800_ml.lib : ll_cmp.obj (.text)
                  003e52fd    0000001d     co_cobhandler.obj (.text:_icoCheckRestrictedCobs)
                  003e531a    0000001d     rts2800_ml.lib : i_tofd.obj (.text)
                  003e5337    0000001c     co_odaccess.obj (.text:_coNumMemcpyUnpack)
                  003e5353    0000001c     co_emcy.obj (.text:_icoEmcyCheckObjLimitCobid)
                  003e536f    0000001c     co_errctrl.obj (.text:_icoErrCtrlGetObjectAddr)
                  003e538b    0000001c     rts2800_ml.lib : fs_tofd.obj (.text)
                  003e53a7    0000001c                    : l_tofd.obj (.text)
                  003e53c3    0000001b     co_nmt.obj (.text:_coNmtInit)
                  003e53de    0000001a     utils.obj (.text:_func_id)
                  003e53f8    0000001a     co_odaccess.obj (.text:_icoOdCheckObjAttr)
                  003e5412    0000001a     Logic.obj (.text:_reset_error)
                  003e542c    0000001a     co_commtask.obj (.text:_serviceManagement)
                  003e5446    0000001a     aschex.obj (.text:_sscan_hex_n)
                  003e5460    0000001a     co_led.obj (.text:_startLedTimer)
                  003e547a    0000001a     rts2800_ml.lib : i_tofs.obj (.text)
                  003e5494    0000001a                    : l_tofs.obj (.text)
                  003e54ae    00000019     main.obj (.text:_cnts2cA)
                  003e54c7    00000019     co_queue.obj (.text:_coQueueInit)
                  003e54e0    00000019     co_errctrl.obj (.text:_hbConsFailure)
                  003e54f9    00000019     utils.obj (.text:_lookup_access)
                  003e5512    00000019     co_sdoserv.obj (.text:_searchSdoServerIndex)
                  003e552b    00000019     rts2800_ml.lib : args_main.obj (.text)
                  003e5544    00000019                    : exit.obj (.text)
                  003e555d    00000018     codrv_can_hecc.obj (.text:_codrvCanGetBtrSettings)
                  003e5575    00000018     sci.obj (.text:_do_serial_init)
                  003e558d    00000018     co_pdo.obj (.text:_pdoInd)
                  003e55a5    00000018     sci.obj (.text:_scib_init)
                  003e55bd    00000017     co_queue.obj (.text:_coQueueGetNextTransmitMessage)
                  003e55d4    00000017     codrv_can_hecc.obj (.text:_codrvCanEnable)
                  003e55eb    00000017     co_odaccess.obj (.text:_icoOdGetNumberOfSubs)
                  003e5602    00000017     co_pdo.obj (.text:_icoPdoPreOperational)
                  003e5619    00000017     canopen_main.obj (.text:_pdoInd)
                  003e5630    00000017     rts2800_ml.lib : fs_cmp.obj (.text)
                  003e5647    00000017                    : u_tofd.obj (.text)
                  003e565e    00000016     co_odaccess.obj (.text:_coOdGetObjDescPtr)
                  003e5674    00000016     co_queue.obj (.text:_coQueueGetReceiveBuffer)
                  003e568a    00000016     co_cobhandler.obj (.text:_icoCobSetInhibit)
                  003e56a0    00000016     co_led.obj (.text:_ledGreenInd)
                  003e56b6    00000016     co_led.obj (.text:_ledRedInd)
                  003e56cc    00000016     co_pdo.obj (.text:_pdoRecEventInd)
                  003e56e2    00000015     co_queue.obj (.text:_addToTransmitList)
                  003e56f7    00000015     aschex.obj (.text:_asc_nibble)
                  003e570c    00000015     capture.obj (.text:_capture_lead_limit)
                  003e5721    00000015     codrv_cpu_2812.obj (.text:_codrvHardwareCanInit)
                  003e5736    00000015     co_cobhandler.obj (.text:_icoCobDisable)
                  003e574b    00000015     co_event.obj (.text:_icoEventCheck)
                  003e5760    00000015     co_pdo.obj (.text:_searchRecPdoIndex)
                  003e5775    00000015     co_pdo.obj (.text:_searchTrPdoIndex)
                  003e578a    00000014     main.obj (.text:_cnts2dA)
                  003e579e    00000014     co_commtask.obj (.text:_coCommTaskSet)
                  003e57b2    00000014     main.obj (.text:_convert_amp)
                  003e57c6    00000014     co_errctrl.obj (.text:_icoErrorBehavior)
                  003e57da    00000014     main.obj (.text:_speed_steps)
                  003e57ee    00000014     rts2800_ml.lib : ll_mpy.obj (.text)
                  003e5802    00000013     co_errctrl.obj (.text:_icoErrCtrlObjChanged)
                  003e5815    00000013     workaround1.obj (.text)
                  003e5828    00000012     PieVect.obj (.text:_InitPieVectTable)
                  003e583a    00000012     core.obj (.text:_SpeedLimitUddate)
                  003e584c    00000012     utils.obj (.text:_is_long_id)
                  003e585e    00000011     capture.obj (.text:_capture_clr)
                  003e586f    00000011     co_pdo.obj (.text:_coEventRegister_PDO)
                  003e5880    00000011     co_odaccess.obj (.text:_coNumMemcpy)
                  003e5891    00000011     codrv_can_hecc.obj (.text:_codrvCanDisable)
                  003e58a2    00000011     co_cobhandler.obj (.text:_icoCobDisableAll)
                  003e58b3    00000010     core.obj (.text:_CommandTypeUpdate)
                  003e58c3    00000010     co_commtask.obj (.text:_coEventRegister_CAN_STATE)
                  003e58d3    00000010     co_commtask.obj (.text:_coEventRegister_COMM_EVENT)
                  003e58e3    00000010     co_errctrl.obj (.text:_coEventRegister_ERRCTRL)
                  003e58f3    00000010     co_nmt.obj (.text:_coEventRegister_NMT)
                  003e5903    00000010     co_sdoserv.obj (.text:_coEventRegister_SDO_SERVER_CHECK_WRITE)
                  003e5913    00000010     co_sdoserv.obj (.text:_coEventRegister_SDO_SERVER_READ)
                  003e5923    00000010     co_sdoserv.obj (.text:_coEventRegister_SDO_SERVER_WRITE)
                  003e5933    00000010     co_odaccess.obj (.text:_odCorrectObjOffs)
                  003e5943    00000010     rts2800_ml.lib : u_tofs.obj (.text)
                  003e5953    0000000f     DefaultIsr.obj (.text:_T1CINT_ISR)
                  003e5962    0000000f     capture.obj (.text:_capture_get_entry)
                  003e5971    0000000f     co_emcy.obj (.text:_coEmcyProducerInit)
                  003e5980    0000000f     co_queue.obj (.text:_coQueueReceiveBufferIsFilled)
                  003e598f    0000000f     co_timer.obj (.text:_coTimerIsActive)
                  003e599e    0000000e     co_errctrl.obj (.text:_hbProdSendMessage)
                  003e59ac    0000000e     co_cobhandler.obj (.text:_icoCobGetPointer)
                  003e59ba    0000000e     co_nmt.obj (.text:_nmtReset)
                  003e59c8    0000000e     co_nmt.obj (.text:_nmtResetAppl)
                  003e59d6    0000000e     co_pdo.obj (.text:_setPdoCob)
                  003e59e4    0000000d     core.obj (.text:_Set_PWM_bottom3)
                  003e59f1    0000000d     regid.obj (.text:_get_regid_type)
                  003e59fe    0000000d     co_queue.obj (.text:_icoQueueDeleteInhibit)
                  003e5a0b    0000000d     utils.obj (.text:_is_unsigned_id)
                  003e5a18    0000000c     core.obj (.text:_Reset_PID_speed)
                  003e5a24    0000000c     core.obj (.text:_grad_el_to_MPOS)
                  003e5a30    0000000c     co_emcy.obj (.text:_icoEmcyReset)
                  003e5a3c    0000000b     ntadd.obj (.text:_Iq_ramp)
                  003e5a47    0000000b     core.obj (.text:_Set_PWM_0)
                  003e5a52    0000000b     main.obj (.text:_reset_fpga)
                  003e5a5d    0000000b     rts2800_ml.lib : u_div.obj (.text)
                  003e5a68    0000000a     co_queue.obj (.text:_addToInhibitList)
                  003e5a72    0000000a     main.obj (.text:_current_steps)
                  003e5a7c    0000000a     spi.obj (.text:_eep_ascii_read)
                  003e5a86    0000000a     spi.obj (.text:_eep_ascii_write)
                  003e5a90    00000009     co_timer.obj (.text:_coTimerTick)
                  003e5a99    00000009     canopen_main.obj (.text:_getNodeId)
                  003e5aa2    00000009     co_sdoserv.obj (.text:_icoSdoCheckObjLimitNode)
                  003e5aab    00000009     core.obj (.text:_min_max_32)
                  003e5ab4    00000009     core.obj (.text:_min_max_abs)
                  003e5abd    00000009     co_sdoserv.obj (.text:_sdoCodeMultiplexer)
                  003e5ac6    00000009     co_led.obj (.text:_stopLedTimer)
                  003e5acf    00000009     rts2800_ml.lib : _lock.obj (.text)
                  003e5ad8    00000008     codrv_error.obj (.text:_codrvCanErrorInit)
                  003e5ae0    00000008     utils.obj (.text:_is_super_user)
                  003e5ae8    00000007     co_commtask.obj (.text:_coCommTask)
                  003e5aef    00000007     co_led.obj (.text:_coLedInit)
                  003e5af6    00000007     codrv_cpu_2812.obj (.text:_codrvCanEnableInterrupt)
                  003e5afd    00000007     co_sdoserv.obj (.text:_icoSdoDeCodeMultiplexer)
                  003e5b04    00000007     core.obj (.text:_min_max)
                  003e5b0b    00000007     core.obj (.text:_min_max_u)
                  003e5b12    00000007     ntadd.obj (.text:_reset_tuning_vars)
                  003e5b19    00000006     co_emcy.obj (.text:_icoEmcyCheckObjLimitHist)
                  003e5b1f    00000005     DefaultIsr.obj (.text:_ADCINT_ISR)
                  003e5b24    00000005     DefaultIsr.obj (.text:_CAPINT1_ISR)
                  003e5b29    00000005     DefaultIsr.obj (.text:_CAPINT2_ISR)
                  003e5b2e    00000005     DefaultIsr.obj (.text:_CAPINT3_ISR)
                  003e5b33    00000005     DefaultIsr.obj (.text:_CAPINT4_ISR)
                  003e5b38    00000005     DefaultIsr.obj (.text:_CAPINT5_ISR)
                  003e5b3d    00000005     DefaultIsr.obj (.text:_CAPINT6_ISR)
                  003e5b42    00000005     DefaultIsr.obj (.text:_CMP1INT_ISR)
                  003e5b47    00000005     DefaultIsr.obj (.text:_CMP2INT_ISR)
                  003e5b4c    00000005     DefaultIsr.obj (.text:_CMP3INT_ISR)
                  003e5b51    00000005     DefaultIsr.obj (.text:_CMP4INT_ISR)
                  003e5b56    00000005     DefaultIsr.obj (.text:_CMP5INT_ISR)
                  003e5b5b    00000005     DefaultIsr.obj (.text:_CMP6INT_ISR)
                  003e5b60    00000005     DefaultIsr.obj (.text:_DATALOG_ISR)
                  003e5b65    00000005     DefaultIsr.obj (.text:_ECAN0INTA_ISR)
                  003e5b6a    00000005     DefaultIsr.obj (.text:_ECAN1INTA_ISR)
                  003e5b6f    00000005     DefaultIsr.obj (.text:_EMUINT_ISR)
                  003e5b74    00000005     DefaultIsr.obj (.text:_ILLEGAL_ISR)
                  003e5b79    00000005     DefaultIsr.obj (.text:_INT13_ISR)
                  003e5b7e    00000005     DefaultIsr.obj (.text:_INT14_ISR)
                  003e5b83    00000005     DefaultIsr.obj (.text:_MRINTA_ISR)
                  003e5b88    00000005     DefaultIsr.obj (.text:_MXINTA_ISR)
                  003e5b8d    00000005     DefaultIsr.obj (.text:_NMI_ISR)
                  003e5b92    00000005     DefaultIsr.obj (.text:_PDPINTA_ISR)
                  003e5b97    00000005     DefaultIsr.obj (.text:_PDPINTB_ISR)
                  003e5b9c    00000005     DefaultIsr.obj (.text:_PIE_RESERVED)
                  003e5ba1    00000005     DefaultIsr.obj (.text:_RTOSINT_ISR)
                  003e5ba6    00000005     DefaultIsr.obj (.text:_SCIRXINTA_ISR)
                  003e5bab    00000005     DefaultIsr.obj (.text:_SCIRXINTB_ISR)
                  003e5bb0    00000005     DefaultIsr.obj (.text:_SCITXINTA_ISR)
                  003e5bb5    00000005     DefaultIsr.obj (.text:_SCITXINTB_ISR)
                  003e5bba    00000005     DefaultIsr.obj (.text:_SPIRXINTA_ISR)
                  003e5bbf    00000005     DefaultIsr.obj (.text:_SPITXINTA_ISR)
                  003e5bc4    00000005     DefaultIsr.obj (.text:_T1OFINT_ISR)
                  003e5bc9    00000005     DefaultIsr.obj (.text:_T1PINT_ISR)
                  003e5bce    00000005     DefaultIsr.obj (.text:_T1UFINT_ISR)
                  003e5bd3    00000005     DefaultIsr.obj (.text:_T2CINT_ISR)
                  003e5bd8    00000005     DefaultIsr.obj (.text:_T2OFINT_ISR)
                  003e5bdd    00000005     DefaultIsr.obj (.text:_T2PINT_ISR)
                  003e5be2    00000005     DefaultIsr.obj (.text:_T2UFINT_ISR)
                  003e5be7    00000005     DefaultIsr.obj (.text:_T3CINT_ISR)
                  003e5bec    00000005     DefaultIsr.obj (.text:_T3OFINT_ISR)
                  003e5bf1    00000005     DefaultIsr.obj (.text:_T3PINT_ISR)
                  003e5bf6    00000005     DefaultIsr.obj (.text:_T3UFINT_ISR)
                  003e5bfb    00000005     DefaultIsr.obj (.text:_T4CINT_ISR)
                  003e5c00    00000005     DefaultIsr.obj (.text:_T4OFINT_ISR)
                  003e5c05    00000005     DefaultIsr.obj (.text:_T4PINT_ISR)
                  003e5c0a    00000005     DefaultIsr.obj (.text:_T4UFINT_ISR)
                  003e5c0f    00000005     DefaultIsr.obj (.text:_TINT0_ISR)
                  003e5c14    00000005     DefaultIsr.obj (.text:_USER0_ISR)
                  003e5c19    00000005     DefaultIsr.obj (.text:_USER10_ISR)
                  003e5c1e    00000005     DefaultIsr.obj (.text:_USER11_ISR)
                  003e5c23    00000005     DefaultIsr.obj (.text:_USER1_ISR)
                  003e5c28    00000005     DefaultIsr.obj (.text:_USER2_ISR)
                  003e5c2d    00000005     DefaultIsr.obj (.text:_USER3_ISR)
                  003e5c32    00000005     DefaultIsr.obj (.text:_USER4_ISR)
                  003e5c37    00000005     DefaultIsr.obj (.text:_USER5_ISR)
                  003e5c3c    00000005     DefaultIsr.obj (.text:_USER6_ISR)
                  003e5c41    00000005     DefaultIsr.obj (.text:_USER7_ISR)
                  003e5c46    00000005     DefaultIsr.obj (.text:_USER8_ISR)
                  003e5c4b    00000005     DefaultIsr.obj (.text:_USER9_ISR)
                  003e5c50    00000005     DefaultIsr.obj (.text:_WAKEINT_ISR)
                  003e5c55    00000005     DefaultIsr.obj (.text:_XINT1_ISR)
                  003e5c5a    00000005     DefaultIsr.obj (.text:_XINT2_ISR)
                  003e5c5f    00000005     utils.obj (.text:_atomic_write_int32)
                  003e5c64    00000005     co_queue.obj (.text:_coQueueMsgTransmitted)
                  003e5c69    00000005     codrv_can_hecc.obj (.text:_codrvCanDriverHandler)
                  003e5c6e    00000005     co_event.obj (.text:_icoEventInit)
                  003e5c73    00000005     co_pdo.obj (.text:_pdoEventTimer)
                  003e5c78    00000005     DefaultIsr.obj (.text:_rsvd_ISR)
                  003e5c7d    00000005     rts2800_ml.lib : fs_neg.obj (.text)
                  003e5c82    00000004     DSP28_usDelay.obj (.text)
                  003e5c86    00000004     canopen_main.obj (.text:_canopen_loop)
                  003e5c8a    00000004     co_nmt.obj (.text:_coNmtGetNodeId)
                  003e5c8e    00000004     co_nmt.obj (.text:_coNmtGetState)
                  003e5c92    00000004     co_timer.obj (.text:_coTimerInit)
                  003e5c96    00000004     utils.obj (.text:_fun_01)
                  003e5c9a    00000004     utils.obj (.text:_fun_02)
                  003e5c9e    00000004     co_pdo.obj (.text:_pdoReceiveEventTimer)
                  003e5ca2    00000004     co_pdo.obj (.text:_stopRecPdoTimer)
                  003e5ca6    00000003     codrv_error.obj (.text:_codrvCanErrorGetFlags)
                  003e5ca9    00000003     co_queue.obj (.text:_inhibitTimer)
                  003e5cac    00000002     co_odaccess.obj (.text:_coOdGetObjAttribute)
                  003e5cae    00000002     co_store.obj (.text:_icoStoreLoadReq)
                  003e5cb0    00000002     canopen_main.obj (.text:_nmtInd)
                  003e5cb2    00000002     canopen_main.obj (.text:_sdoServerCheckWriteInd)
                  003e5cb4    00000001     canopen_main.obj (.text:_commInd)
                  003e5cb5    00000001     canopen_main.obj (.text:_hbState)

.cinit     0    003e8000    00000340     
                  003e8000    000000d4     ntcalc.obj (.cinit)
                  003e80d4    00000091     co_odaccess.obj (.cinit)
                  003e8165    00000052     main.obj (.cinit)
                  003e81b7    00000032     can.obj (.cinit)
                  003e81e9    0000002d     gen_objdict.obj (.cinit)
                  003e8216    00000020     co_commtask.obj (.cinit)
                  003e8236    0000001a     co_queue.obj (.cinit)
                  003e8250    00000017     Interrupt.obj (.cinit)
                  003e8267    00000016     core.obj (.cinit)
                  003e827d    00000015     co_emcy.obj (.cinit)
                  003e8292    00000015     co_led.obj (.cinit)
                  003e82a7    00000015     utils.obj (.cinit)
                  003e82bc    00000011     codrv_can_hecc.obj (.cinit)
                  003e82cd    00000010     co_pdo.obj (.cinit)
                  003e82dd    00000010     co_sdoserv.obj (.cinit)
                  003e82ed    0000000f     co_timer.obj (.cinit)
                  003e82fc    0000000c     co_nmt.obj (.cinit)
                  003e8308    0000000a     rts2800_ml.lib : _lock.obj (.cinit)
                  003e8312    0000000a                    : exit.obj (.cinit)
                  003e831c    00000009     spi.obj (.cinit)
                  003e8325    00000008     co_errctrl.obj (.cinit)
                  003e832d    00000005     co_event.obj (.cinit)
                  003e8332    00000004     canopen_main.obj (.cinit)
                  003e8336    00000004     co_cobhandler.obj (.cinit)
                  003e833a    00000004     rts2800_ml.lib : errno.obj (.cinit)
                  003e833e    00000002     --HOLE-- [fill = 0]

.text.2    0    003e8340    00003cc0     
                  003e8340    0000015a     ntadd.obj (.text:_calc_magn_still)
                  003e849a    00000157     ntadd.obj (.text:_measure_fRr)
                  003e85f1    00000153     ntadd.obj (.text:_calc_from_motplate)
                  003e8744    0000013d     co_odaccess.obj (.text:_odGetObjAddr)
                  003e8881    0000012c     core.obj (.text:_define_carrier_freq)
                  003e89ad    0000011f     gen_objdict.obj (.text:_coCanOpenStackInit)
                  003e8acc    00000111     core.obj (.text:_Init_basics)
                  003e8bdd    0000010a     Logic.obj (.text:_LogicOut)
                  003e8ce7    00000109     core.obj (.text:_Get_analog_command)
                  003e8df0    00000107     rts2800_ml.lib : ll_div.obj (.text)
                  003e8ef7    00000106     Interrupt.obj (.text:_do_AnaIn)
                  003e8ffd    00000105     ntadd.obj (.text:_toffs_handler)
                  003e9102    00000104     co_odaccess.obj (.text:_icoOdReset)
                  003e9206    00000102     ntadd.obj (.text:_dc_handler)
                  003e9308    00000101     ntadd.obj (.text:_dc_once_rho)
                  003e9409    000000f7     core.obj (.text:_Get_mpos32)
                  003e9500    000000ec     ntadd.obj (.text:_float_init)
                  003e95ec    000000de     co_sdoserv.obj (.text:_sdoServerWriteInit)
                  003e96ca    000000d9     main.obj (.text:_statistics)
                  003e97a3    000000d9     ntcalc.obj (.text:_ucalc)
                  003e987c    000000d2     co_pdo.obj (.text:_icoPdoSetDefaultValue)
                  003e994e    000000cb     Interrupt.obj (.text:_PWM_reset_isr)
                  003e9a19    000000c5     core.obj (.text:_Check_SC)
                  003e9ade    000000c5     co_odaccess.obj (.text:_coOdGetObjSize)
                  003e9ba3    000000be     codrv_can_hecc.obj (.text:_codrvCanInit)
                  003e9c61    000000bd     co_queue.obj (.text:_icoTransmitMessage)
                  003e9d1e    000000bb     codrv_can_hecc.obj (.text:_codrvCanReceiveInterrupt)
                  003e9dd9    000000b3     core.obj (.text:_Get_Reference_Speed)
                  003e9e8c    000000b3     ntadd.obj (.text:_measure_fLs)
                  003e9f3f    000000af     spi.obj (.text:_eep_para_write)
                  003e9fee    000000ad     codrv_can_hecc.obj (.text:_codrvCanTransmit)
                  003ea09b    000000a7     main.obj (.text:_SysTimerPoll)
                  003ea142    000000a7     ntadd.obj (.text:_convert_float2int)
                  003ea1e9    0000009e     main.obj (.text:_do_dacout)
                  003ea287    0000009e     rts2800_ml.lib : exp.obj (.text)
                  003ea325    0000009c     capture.obj (.text:_capture_look)
                  003ea3c1    0000009a     Logic.obj (.text:_DoSortIn)
                  003ea45b    00000098     spi.obj (.text:_eep_para_read)
                  003ea4f3    00000096     pid_reg3.obj (.text:_pid_reg3_calc)
                  003ea589    00000095     ntadd.obj (.text:_calc_fRs)
                  003ea61e    00000093     co_pdo.obj (.text:_coPdoTransmitInit)
                  003ea6b1    00000091     codrv_can_hecc.obj (.text:_codrvCanSetFilter)
                  003ea742    0000008f     Interrupt.obj (.text:_AnaMode)
                  003ea7d1    0000008f     co_commtask.obj (.text:_coCommStateEvent)
                  003ea860    00000089     canopen_main.obj (.text:_canopen_init)
                  003ea8e9    00000088     co_odaccess.obj (.text:_icoOdCheckObjLimits)
                  003ea971    00000084     co_errctrl.obj (.text:_icoNmtErrorCtrlHandler)
                  003ea9f5    00000083     Interrupt.obj (.text:_adc_seq_group0_setup)
                  003eaa78    00000083     rts2800_ml.lib : fd_mpy.obj (.text)
                  003eaafb    00000083                    : fs_div.obj (.text)
                  003eab7e    00000081     main.obj (.text:_check_Soft_ID)
                  003eabff    00000080     ntadd.obj (.text:_measure_fRs)
                  003eac7f    00000080     ntadd.obj (.text:_ripple)
                  003eacff    0000007d     ntadd.obj (.text:_measure_magn_rot)
                  003ead7c    00000078     rts2800_ml.lib : fs_add.obj (.text)
                  003eadf4    00000077     canopen_main.obj (.text:_sdoServerWriteInd)
                  003eae6b    00000072     ntadd.obj (.text:_common_init)
                  003eaedd    0000006f     Interrupt.obj (.text:_adc_filter_seed)
                  003eaf4c    0000006d     co_emcy.obj (.text:_coEmcyWriteReq)
                  003eafb9    0000006d     co_pdo.obj (.text:_coPdoReceiveInit)
                  003eb026    0000006d     main.obj (.text:_do_Nclip)
                  003eb093    0000006c     spi.obj (.text:_spi_eep_page_write)
                  003eb0ff    00000068     co_sdoserv.obj (.text:_sdoServerReadInit)
                  003eb167    00000066     co_pdo.obj (.text:_icoTrPdoObjChanged)
                  003eb1cd    00000063     utils.obj (.text:_write_id)
                  003eb230    00000062     ntadd.obj (.text:_set_M_fRs_vars)
                  003eb292    00000060     co_odaccess.obj (.text:_coOdInitOdPtr)
                  003eb2f2    00000060     main.obj (.text:_do_lifetime)
                  003eb352    0000005f     core.obj (.text:_Init_ballast)
                  003eb3b1    0000005e     codrv_can_hecc.obj (.text:_codrvCanErrorHandler)
                  003eb40f    0000005e     codrv_error.obj (.text:_codrvCanErrorInformStack)
                  003eb46d    0000005e     co_sdoserv.obj (.text:_sdoServerWriteSegment)
                  003eb4cb    0000005d     core.obj (.text:_Reset_PID_current)
                  003eb528    0000005d     co_odaccess.obj (.text:_icoOdPutObj)
                  003eb585    0000005b     ntadd.obj (.text:_get_rho_offset)
                  003eb5e0    0000005a     co_odaccess.obj (.text:_odGetObjAddr_R)
                  003eb63a    0000005a     rts2800_ml.lib : fs_mpy.obj (.text)
                  003eb694    00000059     co_odaccess.obj (.text:_odGetObjDescIdx)
                  003eb6ed    00000058     co_pdo.obj (.text:_checkRecPdoMappingTable)
                  003eb745    00000058     co_pdo.obj (.text:_checkTrPdoMappingTable)
                  003eb79d    00000058     co_sdoserv.obj (.text:_icoSdoServerHandler)
                  003eb7f5    00000057     Logic.obj (.text:_DoLogicReadPort)
                  003eb84c    00000054     main.obj (.text:_It_Algo)
                  003eb8a0    00000054     co_nmt.obj (.text:_icoNmtStateChange)
                  003eb8f4    00000053     co_pdo.obj (.text:_icoRecMapCheckObjLimitMapTable)
                  003eb947    00000053     main.obj (.text:_read_error_250us)
                  003eb99a    00000052     co_pdo.obj (.text:_icoPdoReceiveHandler)
                  003eb9ec    00000052     co_pdo.obj (.text:_icoPdoReset)
                  003eba3e    00000052     co_sdoserv.obj (.text:_icoSdoCheckObjLimitCobId)
                  003eba90    00000050     rts2800_ml.lib : sqrt.obj (.text)
                  003ebae0    0000004e     co_nmt.obj (.text:_icoNmtMsgHandler)
                  003ebb2e    0000004e     co_odaccess.obj (.text:_icoOdGetObj)
                  003ebb7c    0000004e     utils.obj (.text:_set_defaults)
                  003ebbca    0000004c     co_odaccess.obj (.text:_icoOdGetObjRecMapData)
                  003ebc16    0000004b     main.obj (.text:_set_size_defaults)
                  003ebc61    0000004a     co_pdo.obj (.text:_pdoTransmitData)
                  003ebcab    00000049     main.obj (.text:_do_disp)
                  003ebcf4    00000049     ntadd.obj (.text:_set_M_fRr_vars)
                  003ebd3d    00000047     core.obj (.text:_ConfigResolverResolution)
                  003ebd84    00000047     Logic.obj (.text:_LogicUpdate)
                  003ebdcb    00000047     co_odaccess.obj (.text:_coOdPutObj_u32)
                  003ebe12    00000047     co_sdoserv.obj (.text:_icoSdoServerAbort)
                  003ebe59    00000047     co_sdoserv.obj (.text:_sdoServerReadSegment)
                  003ebea0    00000046     core.obj (.text:_Get_I_ist_offset)
                  003ebee6    00000046     Logic.obj (.text:_LogicInit)
                  003ebf2c    00000045     core.obj (.text:_CheckRotorError)
                  003ebf71    00000044     rts2800_ml.lib : boot.obj (.text)
                  003ebfb5    00000042     co_queue.obj (.text:_icoQueueGetReceiveMessage)
                  003ebff7    00000009     core.obj (.text:_Reset_PID_position)

ramfuncs   0    003ec000    00001b17     RUN ADDR = 003f8000
                  003ec000    00000687     ntcalc.obj (ramfuncs:_I_Reg)
                  003ec687    000002ee     ntcalc.obj (ramfuncs:_I_components)
                  003ec975    000002a5     core.obj (ramfuncs:_Get_speed_ist)
                  003ecc1a    00000227     core.obj (ramfuncs:_Get_rotor)
                  003ece41    00000184     Interrupt.obj (ramfuncs:_DefineMode)
                  003ecfc5    00000158     core.obj (ramfuncs:_Get_mpos_ist)
                  003ed11d    000000dd     Interrupt.obj (ramfuncs:_evat1_isr_uflw)
                  003ed1fa    000000c6     Interrupt.obj (ramfuncs:_do_current)
                  003ed2c0    000000c0     Interrupt.obj (ramfuncs:_do_ctrl_sub_mode)
                  003ed380    000000ae     Interrupt.obj (ramfuncs:_acquire_1)
                  003ed42e    000000a3     Interrupt.obj (ramfuncs:_evat1_isr_prdm)
                  003ed4d1    000000a2     Interrupt.obj (ramfuncs:_acquire_2)
                  003ed573    00000090     Interrupt.obj (ramfuncs:_acquire_3)
                  003ed603    0000008c     core.obj (ramfuncs:_Check_ReGen_Bleeder)
                  003ed68f    0000008c     Interrupt.obj (ramfuncs:_acquire_4)
                  003ed71b    00000086     core.obj (ramfuncs:_Get_I_ist)
                  003ed7a1    00000070     pid_reg4.obj (ramfuncs:_pid_reg4_calc)
                  003ed811    0000005a     Interrupt.obj (ramfuncs:_do_glue)
                  003ed86b    00000054     Interrupt.obj (ramfuncs:_do_acquire_mainint)
                  003ed8bf    0000004b     Interrupt.obj (ramfuncs:_do_position_common)
                  003ed90a    00000049     Interrupt.obj (ramfuncs:_acquire_0)
                  003ed953    00000047     Interrupt.obj (ramfuncs:_do_speed_common)
                  003ed99a    00000045     Interrupt.obj (ramfuncs:_adc_isr)
                  003ed9df    00000042     core.obj (ramfuncs:_Filter_I_ref)
                  003eda21    00000037     Interrupt.obj (ramfuncs:_acquire_currm)
                  003eda58    00000036     Interrupt.obj (ramfuncs:_do_acquire_add_int)
                  003eda8e    00000033     core.obj (ramfuncs:_Check_Ipeak)
                  003edac1    0000001e     neu.obj (ramfuncs:_neu_calc)
                  003edadf    00000017     SysCtrl.obj (ramfuncs:_InitFlash)
                  003edaf6    00000011     clarke.obj (ramfuncs:_clarke_calc)
                  003edb07    00000010     Interrupt.obj (ramfuncs:_do_torque_common)

.text.3    0    003edb17    000024e9     
                  003edb17    00000607     core.obj (.text:_kern_update)
                  003ee11e    00000441     main.obj (.text:_set_ptr)
                  003ee55f    0000026d     ntadd.obj (.text:_tuning_handler)
                  003ee7cc    0000022f     Logic.obj (.text:_LogicIn)
                  003ee9fb    00000208     sci.obj (.text:_do_serial)
                  003eec03    00000206     ntadd.obj (.text:_calc_kern_update)
                  003eee09    000001f2     core.obj (.text:_Init_feedback)
                  003eeffb    000001f1     core.obj (.text:_Init_vars)
                  003ef1ec    000001ec     ntadd.obj (.text:_phasing_handler)
                  003ef3d8    000001e6     Logic.obj (.text:_DoSortOut)
                  003ef5be    000001d6     core.obj (.text:_CheckSemaphore)
                  003ef794    000001ce     core.obj (.text:_Get_speed_ramp)
                  003ef962    000001b0     main.obj (.text:_main)
                  003efb12    00000199     main.obj (.text:_do_update)
                  003efcab    00000189     ntcalc.obj (.text:_I_Reg_init)
                  003efe34    0000017f     ntadd.obj (.text:_calc_fLs)
                  003effb3    0000004c     co_cobhandler.obj (.text:_icoCobSet)
                  003effff    00000001     canopen_main.obj (.text:_canInd)

IQmath     0    003f0000    0000038d     RUN ADDR = 003f9b17
                  003f0000    00000088     IQmath.lib : IQ16atan2PU.obj (IQmath)
                  003f0088    00000088                : IQ24atan2PU.obj (IQmath)
                  003f0110    00000060                : IQ16mag.obj (IQmath)
                  003f0170    00000060                : IQ24mag.obj (IQmath)
                  003f01d0    00000047                : IQ16div.obj (IQmath)
                  003f0217    00000047                : IQ20div.obj (IQmath)
                  003f025e    00000047                : IQ24div.obj (IQmath)
                  003f02a5    00000042                : IQ1sqrt.obj (IQmath)
                  003f02e7    00000042                : IQ24sqrt.obj (IQmath)
                  003f0329    00000029                : IQ24sinPU.obj (IQmath)
                  003f0352    00000027                : IQ24cosPU.obj (IQmath)
                  003f0379    00000014                : IQ24toF.obj (IQmath)

.switch    0    003f038e    00000b88     
                  003f038e    00000618     Logic.obj (.switch:_do_logic)
                  003f09a6    0000030e     main.obj (.switch:_do_Ilim)
                  003f0cb4    000000ad     main.obj (.switch:_seg7_standard)
                  003f0d61    00000001     --HOLE-- [fill = 0]
                  003f0d62    00000056     co_odaccess.obj (.switch:_coOdGetObjSize)
                  003f0db8    00000034     Logic.obj (.switch:_LogicIn)
                  003f0dec    0000002e     ipark.obj (.switch:_ipark_calc)
                  003f0e1a    0000002d     park.obj (.switch:_park_calc)
                  003f0e47    00000001     --HOLE-- [fill = 0]
                  003f0e48    0000002c     co_odaccess.obj (.switch:_odGetObjAddr)
                  003f0e74    0000002a     main.obj (.switch:_set_ptr)
                  003f0e9e    00000020     Logic.obj (.switch:_LogicOut)
                  003f0ebe    0000001e     core.obj (.switch:_Get_analog_command)
                  003f0edc    0000001e     ntadd.obj (.switch:_tuning_handler)
                  003f0efa    0000001c     co_odaccess.obj (.switch:_icoOdCheckObjLimits)

codestart 
*          0    003f7ff6    00000002     
                  003f7ff6    00000002     CodeStartBranch.obj (codestart)

IQmathTables 
*          0    003ff000    00000b50     NOLOAD SECTION
                  003ff000    00000b50     IQmath.lib : IQmathTables.ob (IQmathTables)

.reset     0    003fffc0    00000002     DSECT
                  003fffc0    00000002     rts2800_ml.lib : boot.obj (.reset)

vectors    0    003fffc2    00000000     DSECT

.ebss.1    1    00000000    000000ec     UNINITIALIZED
                  00000000    000000c6     ntadd.obj (.ebss)
                  000000c6    00000026     canopen_main.obj (.ebss)

.ebss.2    1    00000100    000000bc     UNINITIALIZED
                  00000100    000000bc     core.obj (.ebss)

.ebss.3    1    000001c0    00000076     UNINITIALIZED
                  000001c0    00000076     sci.obj (.ebss)

.ebss.4    1    00000240    0000006c     UNINITIALIZED
                  00000240    0000006c     Interrupt.obj (.ebss)

.ebss.5    1    000002c0    00000074     UNINITIALIZED
                  000002c0    0000004e     Logic.obj (.ebss)
                  0000030e    00000026     co_errctrl.obj (.ebss)

.ebss.6    1    00000340    0000007e     UNINITIALIZED
                  00000340    00000040     co_odaccess.obj (.ebss)
                  00000380    00000022     co_led.obj (.ebss)
                  000003a2    0000001c     gen_objdict.obj (.ebss)

.ebss.7    1    000003c0    00000020     UNINITIALIZED
                  000003c0    00000020     co_sdoserv.obj (.ebss)

.stack     1    00000400    00000400     UNINITIALIZED
                  00000400    00000400     --HOLE--

DevEmuRegsFile 
*          1    00000880    000000d6     UNINITIALIZED
                  00000880    000000d6     main.obj (DevEmuRegsFile)

FlashRegsFile 
*          1    00000a80    00000008     UNINITIALIZED
                  00000a80    00000008     main.obj (FlashRegsFile)

CsmRegsFile 
*          1    00000ae0    00000010     UNINITIALIZED
                  00000ae0    00000010     main.obj (CsmRegsFile)

XintfRegsFile 
*          1    00000b20    00000020     UNINITIALIZED
                  00000b20    00000020     main.obj (XintfRegsFile)

CpuTimer0RegsFile 
*          1    00000c00    00000008     UNINITIALIZED
                  00000c00    00000008     main.obj (CpuTimer0RegsFile)

PieCtrlRegsFile 
*          1    00000ce0    0000001a     UNINITIALIZED
                  00000ce0    0000001a     main.obj (PieCtrlRegsFile)

PieVectTable 
*          1    00000d00    00000100     UNINITIALIZED
                  00000d00    00000100     main.obj (PieVectTable)

Zone0File 
*          1    00002000    00000001     UNINITIALIZED
                  00002000    00000001     main.obj (Zone0File)

ECanaRegsFile 
*          1    00006000    00000034     UNINITIALIZED
                  00006000    00000034     main.obj (ECanaRegsFile)

ECanaLamFile 
*          1    00006040    00000040     UNINITIALIZED
                  00006040    00000040     main.obj (ECanaLamFile)

ECanaMotsFile 
*          1    00006080    00000040     UNINITIALIZED
                  00006080    00000040     main.obj (ECanaMotsFile)

ECanaMotoFile 
*          1    000060c0    00000040     UNINITIALIZED
                  000060c0    00000040     main.obj (ECanaMotoFile)

ECanaMboxesFile 
*          1    00006100    00000100     UNINITIALIZED
                  00006100    00000100     main.obj (ECanaMboxesFile)

SysCtrlRegsFile 
*          1    00007010    00000020     UNINITIALIZED
                  00007010    00000020     main.obj (SysCtrlRegsFile)

SpiaRegsFile 
*          1    00007040    00000010     UNINITIALIZED
                  00007040    00000010     main.obj (SpiaRegsFile)

SciaRegsFile 
*          1    00007050    00000010     UNINITIALIZED
                  00007050    00000010     main.obj (SciaRegsFile)

XIntruptRegsFile 
*          1    00007070    00000010     UNINITIALIZED
                  00007070    00000010     main.obj (XIntruptRegsFile)

GpioMuxRegsFile 
*          1    000070c0    00000020     UNINITIALIZED
                  000070c0    00000020     main.obj (GpioMuxRegsFile)

GpioDataRegsFile 
*          1    000070e0    00000020     UNINITIALIZED
                  000070e0    00000020     main.obj (GpioDataRegsFile)

AdcRegsFile 
*          1    00007100    0000001a     UNINITIALIZED
                  00007100    0000001a     main.obj (AdcRegsFile)

EvaRegsFile 
*          1    00007400    00000032     UNINITIALIZED
                  00007400    00000032     main.obj (EvaRegsFile)

EvbRegsFile 
*          1    00007500    00000032     UNINITIALIZED
                  00007500    00000032     main.obj (EvbRegsFile)

ScibRegsFile 
*          1    00007750    00000010     UNINITIALIZED
                  00007750    00000010     main.obj (ScibRegsFile)

McbspaRegsFile 
*          1    00007800    00000025     UNINITIALIZED
                  00007800    00000025     main.obj (McbspaRegsFile)

.bss       1    00009000    00000000     UNINITIALIZED

.ebss.8    1    00009000    00000eb1     UNINITIALIZED
                  00009000    000002a6     main.obj (.ebss)
                  000092a6    0000000e     can.obj (.ebss)
                  000092b4    0000000c     co_commtask.obj (.ebss)
                  000092c0    0000027c     co_cobhandler.obj (.ebss)
                  0000953c    00000004     rts2800_ml.lib : _lock.obj (.ebss)
                  00009540    0000026c     co_pdo.obj (.ebss)
                  000097ac    0000000c     co_emcy.obj (.ebss)
                  000097b8    00000006     co_nmt.obj (.ebss)
                  000097be    00000002     co_event.obj (.ebss)
                  000097c0    00000268     ntcalc.obj (.ebss)
                  00009a28    00000006     co_timer.obj (.ebss)
                  00009a2e    00000006     codrv_can_hecc.obj (.ebss)
                  00009a34    00000006     codrv_error.obj (.ebss)
                  00009a3a    00000004     rts2800_ml.lib : exit.obj (.ebss)
                  00009a3e    00000002     pid_reg3.obj (.ebss)
                  00009a40    00000240     spi.obj (.ebss)
                  00009c80    00000230     co_queue.obj (.ebss)
                  00009eb0    00000001     rts2800_ml.lib : errno.obj (.ebss)

.ebss.9    1    00009ec0    00000140     UNINITIALIZED
                  00009ec0    00000140     utils.obj (.ebss)

Zone2File 
*          1    00080000    00000001     UNINITIALIZED
                  00080000    00000001     main.obj (Zone2File)

CsmPwlFile 
*          1    003f7ff8    00000008     UNINITIALIZED
                  003f7ff8    00000008     main.obj (CsmPwlFile)


GLOBAL SYMBOLS: SORTED ALPHABETICALLY BY Name 

address    name
--------   ----
ffffffff   .bss
ffffffff   .text
003e5544   C$$EXIT
003eaa78   FD$$MPY
003e522a   FD$$TOL
003ead81   FS$$ADD
003e5630   FS$$CMP
003eaafb   FS$$DIV
003eb63a   FS$$MPY
003e5c7d   FS$$NEG
003ead7c   FS$$SUB
003e538b   FS$$TOFD
003e4fc8   FS$$TOI
003e4e22   FS$$TOL
003e5126   I$$DIV
003e5137   I$$MOD
003e531a   I$$TOFD
003e547a   I$$TOFS
003e4d54   L$$DIV
003e4d63   L$$MOD
003e53a7   L$$TOFD
003e5494   L$$TOFS
003e52df   LL$$CMP
003e8df0   LL$$DIV
003e8e2c   LL$$MOD
003e57ee   LL$$MPY
003e5a5d   U$$DIV
003e5a62   U$$MOD
003e5647   U$$TOFD
003e5943   U$$TOFS
003e4d71   UL$$DIV
003e4d78   UL$$MOD
003e52f1   ULL$$CMP
003e8e66   ULL$$DIV
003e8e95   ULL$$MOD
00009036   _AD2Volt
003e5b1f   _ADCINT_ISR
0000029c   _ADC_ACQrun
003deb2a   _ADC_SEQall
00000294   _ADC_SEQrun
0000024c   _AblePN
000091ee   _AdPwrID1
000091fe   _AdPwrID2
000090f2   _AdcCutoff1
000090fd   _AdcCutoff2
000090fc   _AdcFilt12
000091ac   _AdcIntCount
00009172   _AdcOffset1
00009170   _AdcOffset2
00007100   _AdcRegs
00009212   _AnaIn1_calc
0000027a   _AnaIn1_pt1
00009218   _AnaIn2_calc
00000290   _AnaIn2_pt1
00000255   _AnaIn_cnt
003e5249   _AnaIn_ptx
003ea742   _AnaMode
0000901c   _AnalogCommand
00009210   _AnalogIn1
0000920e   _AnalogIn1_F
0000913b   _AnalogIn1_M
00009216   _AnalogIn2
00009214   _AnalogIn2_F
00009132   _AnalogIn2_M
00000158   _BL_Speed
00000152   _BL_Tacho
00009047   _Bal_Off
00009048   _Bal_On
003e5b24   _CAPINT1_ISR
003e5b29   _CAPINT2_ISR
003e5b2e   _CAPINT3_ISR
003e5b33   _CAPINT4_ISR
003e5b38   _CAPINT5_ISR
003e5b3d   _CAPINT6_ISR
003e5b42   _CMP1INT_ISR
003e5b47   _CMP2INT_ISR
003e5b4c   _CMP3INT_ISR
003e5b51   _CMP4INT_ISR
003e5b56   _CMP5INT_ISR
003e5b5b   _CMP6INT_ISR
00000141   _COMMAND_ana_input
00000142   _COMMAND_ana_mask
003e5815   _CanDoubleRead
003e581d   _CanDoubleWrite
000092ad   _CanError_Ack
000092af   _CanError_Bit
000092ae   _CanError_BusOff
000092a7   _CanError_CRC
000092a6   _CanError_Form
000092a8   _CanError_RxOverflow
003ebf2c   _CheckRotorError
003ef5be   _CheckSemaphore
003f9a8e   _Check_Ipeak
 003eda8e
003f9603   _Check_ReGen_Bleeder
 003ed603
003e9a19   _Check_SC
00009134   _CommandSource
003e58b3   _CommandTypeUpdate
0000010f   _Command_ana_sce
00000110   _Command_sce_type
003ebd3d   _ConfigResolverResolution
0000010c   _ControlMode
00009208   _Cosinus
00009228   _Cosinus_32
00009224   _Cosinus_32s
0000920c   _Cosinus_comp
00000c00   _CpuTimer0Regs
003f7ff8   _CsmPwl
00000ae0   _CsmRegs
00000115   _CtrlSubMode
0000903f   _CurrentActual
0000905a   _CurrentAllowed_calc
0000905d   _CurrentAllowed_con
00009059   _CurrentAllowed_inuse
00009058   _CurrentAllowed_max
00009057   _CurrentAllowed_maxnom
00009044   _CurrentAllowed_peak
000090a4   _CurrentAllowed_temp
00009052   _CurrentCommand
00009051   _CurrentCommand_ramped
00000116   _CurrentMode
00009041   _CurrentOut
0000905c   _CurrentSetPoint
003e5b60   _DATALOG_ISR
0000028c   _DC_ACTRA
003e5c82   _DSP28x_usDelay
00009053   _DZR_cnt
00009056   _DZR_lop
003deb32   _DZR_select
00009054   _DZR_seq
00009188   _Debug1
00009192   _Debug2
0000918c   _Debug3
0000919a   _Debug4
0000919e   _Debug5
000002c4   _DefineLogicPin_din1
000002cd   _DefineLogicPin_din2
000002ce   _DefineLogicPin_dout1
000002d0   _DefineLogicPin_dout2
000002cf   _DefineLogicPin_dout3
000002d1   _DefineLogicPin_dout4
000002c3   _DefineLogicPin_end1
000002c2   _DefineLogicPin_end2
003f8e41   _DefineMode
 003ece41
000002c1   _DefineUserPin_dac
00000150   _DeltaMax
00000880   _DevEmuRegs
00000304   _DeviceAutoID
000091bc   _DeviceDCBus_Min
000091c0   _DeviceExtRegenPower
0000904d   _DeviceMains
0000981b   _DeviceMains_half
00009152   _DeviceSerialNumber
00009075   _DigCutoff
0000901b   _DigitalCommand
0000913e   _Dir150
0000913c   _Dir151
0000913d   _Dir152
0000913a   _Dir153
003eb7f5   _DoLogicReadPort
003ea3c1   _DoSortIn
003ef3d8   _DoSortOut
00009850   _Dstest
000090f0   _Dummy
003e5b65   _ECAN0INTA_ISR
003e5b6a   _ECAN1INTA_ISR
00006040   _ECanaLAMRegs
00006100   _ECanaMboxes
000060c0   _ECanaMoto
00006080   _ECanaMots
00006000   _ECanaRegs
00000034   _EMKpk
003e5b6f   _EMUINT_ISR
000090f1   _Enable
00009143   _ErrorBitMap
00007400   _EvaRegs
000091b8   _EvaT1IntPrdcnt
000091ae   _EvaT1IntUflcnt
00007500   _EvbRegs
00000100   _ExtraFeedback
000091dc   _Feedback1_scale
00009198   _Feedback2_scale
003f99df   _Filter_I_ref
 003ed9df
00000a80   _FlashRegs
003da000   _FlashToRam
00009065   _GEBER_MOTOR_pole_ratio
000090e5   _GEBER_pole
003e494f   _Get_Handwheel_Position
003f971b   _Get_I_ist
 003ed71b
003ebea0   _Get_I_ist_offset
003e9dd9   _Get_Reference_Speed
003e8ce7   _Get_analog_command
003e9409   _Get_mpos32
003f8fc5   _Get_mpos_ist
 003ecfc5
003f8c1a   _Get_rotor
 003ecc1a
003f8975   _Get_speed_ist
 003ec975
003ef794   _Get_speed_ramp
000070e0   _GpioDataRegs
003e4f0f   _GpioInit
000070c0   _GpioMuxRegs
0000912f   _HTS_TEMP_limit_cnt
00009135   _HTS_TEMP_warn_cnt
00000136   _HW_state
003deaa8   _HallList
0000919c   _HandwheelActual
00009194   _HandwheelOffset
00009196   _HandwheelPositionStart
00009004   _I1_adc
00009029   _I1_ist
00009003   _I2_adc
0000902c   _I2_ist
0000024d   _I2_ist_atint
00009027   _I2_ist_offset
00009001   _I2_ist_offset_disab
00009000   _I2_ist_offset_valid
0000001d   _I2_max
00000021   _I2_min
000091f6   _I2_offset_32
00000126   _I2_peak
00000009   _I2_rip
0000902d   _I3_ist
0000024e   _I3_ist_atint
000090d4   _I3_ist_offset
000090d6   _I3_ist_offset_disab
000090d7   _I3_ist_offset_valid
0000000b   _I3_max
00000007   _I3_min
000091f8   _I3_offset_32
00000124   _I3_peak
00000002   _I3_rip
00009145   _ID_ok
0000911b   _ID_warn
003e5b74   _ILLEGAL_ISR
003e5b79   _INT13_ISR
003e5b7e   _INT14_ISR
003ffad8   _IQ10mpyRndSatTable
003ffacc   _IQ11mpyRndSatTable
003ffac0   _IQ12mpyRndSatTable
003ffab4   _IQ13mpyRndSatTable
003ffaa8   _IQ14mpyRndSatTable
003ffa9c   _IQ15mpyRndSatTable
003ffa90   _IQ16mpyRndSatTable
003ffa84   _IQ17mpyRndSatTable
003ffa78   _IQ18mpyRndSatTable
003ffa6c   _IQ19mpyRndSatTable
003ffb44   _IQ1mpyRndSatTable
003ffa60   _IQ20mpyRndSatTable
000098ba   _IQ20sqrt2
003ffa54   _IQ21mpyRndSatTable
003ffa48   _IQ22mpyRndSatTable
003ffa3c   _IQ23mpyRndSatTable
003ffa30   _IQ24mpyRndSatTable
003ffa24   _IQ25mpyRndSatTable
003ffa18   _IQ26mpyRndSatTable
003ffa0c   _IQ27mpyRndSatTable
003ffa00   _IQ28mpyRndSatTable
003ff9f4   _IQ29mpyRndSatTable
003ffb38   _IQ2mpyRndSatTable
003ff9e8   _IQ30mpyRndSatTable
003ffb2c   _IQ3mpyRndSatTable
003ffb20   _IQ4mpyRndSatTable
003ffb14   _IQ5mpyRndSatTable
003ffb08   _IQ6mpyRndSatTable
003ffafc   _IQ7mpyRndSatTable
003ffaf0   _IQ8mpyRndSatTable
003ffae4   _IQ9mpyRndSatTable
003ff824   _IQatan2HalfPITable
003ff862   _IQatan2Table
003ff9e8   _IQatan2TableEnd
003ff100   _IQcosTable
003ff502   _IQcosTableEnd
003ff502   _IQdivRoundSatTable
003ff510   _IQdivTable
003ff712   _IQdivTableEnd
003ff712   _IQisqrtRoundSatTable
003ff722   _IQisqrtTable
003ff824   _IQisqrtTableEnd
003f038d   _IQmathLoadend
003f0000   _IQmathLoadstart
003f9b17   _IQmathRunstart
003ff9e8   _IQmpyRndSatTable
003ffb50   _IQmpyRndSatTableEnd
000098f6   _IQone
003ff000   _IQsinTable
003ff400   _IQsinTableEnd
0000987c   _IQsqrt2
003ff712   _IQsqrtRoundSatTable
003ff722   _IQsqrtTable
003ff824   _IQsqrtTableEnd
0000987e   _IQzero
000090e4   _I_BALLAST
000090e7   _I_DIN1
000090e6   _I_DIN2
000090e3   _I_FAULT
000090e2   _I_FRG
000090e1   _I_LMT1
000090e0   _I_LMT2
000090ed   _I_LOS
003f8000   _I_Reg
 003ec000
003efcab   _I_Reg_init
000090ec   _I_UESP
003f8687   _I_components
 003ec687
00009043   _I_deltamax
000000ae   _I_demand
000002e5   _I_diglimit
000098e4   _I_disp
000098e2   _I_dispfilt
00009045   _I_err
0000902a   _I_ist
0000024f   _I_ist_atint
0000902b   _I_ist_filt
00009046   _I_limit
000090de   _I_peak_pid
00009125   _I_rd_N
00009124   _I_rd_TD
00009126   _I_rd_TE
00009049   _I_rd_TM
0000905b   _I_ref
000090d9   _I_ref_delta
0000905e   _I_ref_man
000000b0   _I_step
0000914d   _Iabove
000090cc   _Ib2Hz_Timeout
00009902   _Id
000097ce   _IdUi_16
000097ca   _IdUp_16
000097e5   _Id_16
0000025e   _Id_atint
000000ba   _Id_bot
000000b2   _Id_ref
000000b4   _Id_top
000098ca   _Idmin
00000015   _Idmin_pc
000098cc   _Idnom
000097d0   _Idnom_16
00000016   _Idnom_pc
000097ea   _Idout_16
000097c1   _Idref_16
00009890   _Iist_norm
000098e8   _Ilimit_inuse
00009139   _InfoTimer1_diff
00009137   _InfoTimer1_max
00009136   _InfoTimer1_start
003e4753   _InitAdc
003f9adf   _InitFlash
 003edadf
003e5148   _InitPieCtrl
003e5828   _InitPieVectTable
003e4c2b   _InitSysCtrl
003eb352   _Init_ballast
003e8acc   _Init_basics
003eee09   _Init_feedback
003eeffb   _Init_vars
000098dc   _Iout
000098da   _Ioutnom
0000914e   _Ipeak_Accu
000090cd   _Ipeak_Timeout
00009150   _Ipeak_Timer
00009040   _Ipeak_cnt
000098ce   _Iq
000097cb   _IqUd_16
000097d3   _IqUi_16
000097cd   _IqUp_16
000097e6   _Iq_16
0000025c   _Iq_atint
003e5a3c   _Iq_ramp
000000ac   _Iq_ref
000098c4   _Iqaccu
000097e9   _Iqaccu_16
000098d4   _Iqfilt
000097e7   _Iqfilt_16
000098d0   _Iqnom
000097cc   _Iqout_16
000098c0   _Iqrampdown
000097c0   _Iqref_16
003eb84c   _It_Algo
00009190   _It_Monitor
0000918e   _It_Rg_Monitor
0000011c   _IxR_comp
00000082   _KI
0000007e   _KP
00009117   _KernMode
00009ed2   _KernOptions
0000915a   _KernStatus
00009141   _KernStatus2
000090ae   _LOGIC_hz
00000306   _LOGIC_var
003ee7cc   _LogicIn
003ebee6   _LogicInit
003e8bdd   _LogicOut
00009133   _LogicReadBits
003ebd84   _LogicUpdate
00009110   _Logic_in_falling
00009103   _Logic_in_phy
00000253   _Logic_in_phy_atint
00009102   _Logic_in_prev
0000910f   _Logic_in_rising
00009104   _Logic_in_sw
00009101   _Logic_in_sw_xor
000091a2   _LoopCount
00009819   _Lsigma
00009818   _Lsigma_d
00009886   _Lsigma_d_iq
00009884   _Lsigma_iq
00009896   _Lsigma_norm
0000981a   _Lsigma_q
00009880   _Lsigma_q_iq
00009062   _MOTOR_I_dauer
00009061   _MOTOR_I_max
0000906d   _MOTOR_Nom_F
0000906c   _MOTOR_Nom_V
00009064   _MOTOR_geber_incperrev
000090e9   _MOTOR_pole
000090e8   _MOTOR_rpm_max
00000130   _MPOS_ROTOR_state
0000907d   _MPOS_angle_1V
00009066   _MPOS_e120
00009079   _MPOS_elec
00009067   _MPOS_m360_mask
0000907f   _MPOS_mech
000090eb   _MPOS_offset_elec
0000907c   _MPOS_offset_ini
0000907b   _MPOS_offset_sector
00009078   _MPOS_offset_user
00009073   _MPOS_rotor
00000118   _MPOS_rotor_angle
0000014e   _MPOS_sum
00000025   _MPOS_trans
003e5b83   _MRINTA_ISR
003e5b88   _MXINTA_ISR
00009158   _MaskStatus
00007800   _McbspaRegs
00000104   _MotorFeedback
0000905f   _MotorTemp_Error
00000101   _MotorType
000090ee   _Motor_Inertia
0000916a   _Motor_Lm
00009166   _Motor_Lsd
0000916c   _Motor_Lsq
0000915e   _Motor_Rr
0000915c   _Motor_Rs
0000916e   _Motor_Tr
003e5b8d   _NMI_ISR
00000156   _NewSpeed
0000002c   _OMEGA0
00000038   _OMEGA_n
0000004c   _OMEGA_r
00000030   _OMEGA_s
00000088   _OMEGA_siq
00000042   _OMEGA_sk
00009131   _OVERVOLT_cnt
0000912e   _OVER_cnt
000090ea   _O_BTB
00009095   _O_DOU1
00009094   _O_DOU2
00009097   _O_DOU3
00009096   _O_DOU4
00009091   _O_GO
00009090   _O_NOFAULT
003e5b92   _PDPINTA_ISR
003e5b97   _PDPINTB_ISR
000091a0   _PDPINTCount
003dea86   _PI
003e5b9c   _PIE_RESERVED
0000909e   _POS_e_n
00009162   _POS_ndrive_offset
00009156   _POS_ndrive_scale
00009168   _POS_preset
00009070   _POS_refresoedge
00009130   _POWERVOLTAGE_cnt
0000007c   _PSIn
00000076   _PSIp
0000906b   _PWM1
0000906a   _PWM2
00009017   _PWM3
00009012   _PWM_botlim
000090d1   _PWM_carrier_frq
00009010   _PWM_enum
0000900f   _PWM_max
00009018   _PWM_min
00009013   _PWM_offset
00009016   _PWM_period
003e994e   _PWM_reset_isr
003deb3a   _PWM_select
000090bc   _PWM_switch_cnt
00009014   _PWM_toplim
00000ce0   _PieCtrlRegs
00000d00   _PieVectTable
003de652   _PieVectTableInit
000091ec   _PositionActual
000091ea   _PositionActual_1
000091e0   _PositionActual_2
000091e2   _PositionActual_Alter
000091e6   _PositionCommand
000091da   _PositionDiff_Slack
000091d8   _PositionError
000091de   _PositionErrorPID
000091c2   _PositionHWscaled1
000091e4   _PositionHWscaled2
00009160   _PositionHardware1
00009164   _PositionHardware2
000091e8   _PositionOffest_Var
00009076   _PositionOffset_HW1
00009071   _PositionOffset_HW2
000091d4   _PositionOffset_Ref
000091d6   _PositionOffset_Slack
0000904c   _PositionOut
00009250   _PositionReg
00009154   _PositionSetPoint
00009085   _PositionWindow
00009074   _PositionZeroCapture1
00009077   _PositionZeroCapture2
0000904b   _PowerOut
0000001b   _Powf
00000190   _PrevFwd
00000188   _PrevRev
0000010e   _Previous_sce_type
00009892   _Psi_norm
00000137   _REF_state
0000906e   _REGLER_I_con_pc
00009068   _REGLER_I_con_pc_der
0000906f   _REGLER_I_dauer
00009069   _REGLER_I_geraet
00009816   _REGLER_I_geraet_10tel
00009060   _REGLER_I_max
00009063   _REGLER_I_max_pc
0000911d   _RFE_puls
0000907a   _ROTOR_errcount
003e5ba1   _RTOSINT_ISR
00000114   _RaceAway
003edb17   _RamfuncsLoadend
003ec000   _RamfuncsLoadstart
003f8000   _RamfuncsRunstart
00009240   _ReceivedChar
0000900c   _Ref150
0000921c   _Ref150_32
00009005   _Ref150a
00009222   _Ref150a_32
00009002   _Ref150b
0000921a   _Ref150b_32
0000900b   _Ref200
0000900e   _Ref200_m
000090cf   _RegidReadCntr
003eb4cb   _Reset_PID_current
003ebff7   _Reset_PID_position
003e5a18   _Reset_PID_speed
003e4fed   _Reset_SC
00000112   _Resolution_AquadB
00000113   _Resolution_Convert
00002000   _Resolver
0000908f   _RxIndex
003e5ba6   _SCIRXINTA_ISR
003e5bab   _SCIRXINTB_ISR
003e5bb0   _SCITXINTA_ISR
003e5bb5   _SCITXINTB_ISR
00009025   _SC_cgain
00009020   _SC_cmax
0000902e   _SC_cmax_run
00009023   _SC_cmin
00009028   _SC_cmin_run
00009024   _SC_cnt
0000903b   _SC_coff
0000918a   _SC_modulo
003deb6e   _SC_modulo_min
0000903a   _SC_sgain
00009026   _SC_smax
00009022   _SC_smax_run
00009021   _SC_smin
0000902f   _SC_smin_run
00009038   _SC_soff
00000036   _SIGMA
0000901e   _SPEED_calib_rapid
0000901d   _SPEED_calib_slow
000091b4   _SPEED_delta_max_acc
000091a6   _SPEED_delta_max_dec
000091a8   _SPEED_delta_max_stop
0000901a   _SPEED_ist_filter_USER
0000914a   _SPEED_ks
00009080   _SPEED_limit
00009083   _SPEED_limit_clip_neg
00009082   _SPEED_limit_clip_pos
00009084   _SPEED_rpm_max
00009019   _SPEED_rpm_max_int
003e5bba   _SPIRXINTA_ISR
003e5bbf   _SPITXINTA_ISR
0000002e   _SQRT_1_SIGMA
00000032   _SQRT_SIGMA
00000154   _SQRT_kc_kd
00007050   _SciaRegs
00007750   _ScibRegs
00000133   _Sector
000001c3   _Serial_ErrorCount
003e5a47   _Set_PWM_0
003e59e4   _Set_PWM_bottom3
00009204   _Sinus
00009206   _Sinus_32
0000920a   _Sinus_32s
00009202   _Sinus_comp
0000010b   _SlackOneShot
00000257   _Spd1_16
00000256   _Spd2_16
00009115   _SpeedActual
000091ba   _SpeedActual32
00009114   _SpeedActualfilt
000091d2   _SpeedCmdDelta
0000911c   _SpeedCmdRamped
000091aa   _SpeedCntrCmd_scale
0000912d   _SpeedCommand
00009119   _SpeedCommandreal
00009087   _SpeedError
00009086   _SpeedLimitNeg
00009081   _SpeedLimitPos
003e583a   _SpeedLimitUddate
0000012d   _SpeedLoop_cnt
00009042   _SpeedOut
00009280   _SpeedReg
00000270   _SpeedRpmRamp
00009127   _SpeedSetPoint
00009118   _SpeedTempomat
000098d6   _Speed_disp
000098e6   _Speed_dispfilt
00007040   _SpiaRegs
00007010   _SysCtrlRegs
003ea09b   _SysTimerPoll
003e5953   _T1CINT_ISR
003e5bc4   _T1OFINT_ISR
003e5bc9   _T1PINT_ISR
003e5bce   _T1UFINT_ISR
003e5bd3   _T2CINT_ISR
003e5bd8   _T2OFINT_ISR
003e5bdd   _T2PINT_ISR
003e5be2   _T2UFINT_ISR
003e5be7   _T3CINT_ISR
003e5bec   _T3OFINT_ISR
003e5bf1   _T3PINT_ISR
003e5bf6   _T3UFINT_ISR
003e5bfb   _T4CINT_ISR
003e5c00   _T4OFINT_ISR
003e5c05   _T4PINT_ISR
003e5c0a   _T4UFINT_ISR
003e5c0f   _TINT0_ISR
00009031   _T_air
00009030   _T_air_m
00000276   _T_air_pt1
00009006   _T_comp
00009009   _T_igbt
0000900a   _T_igbt_aterr
00009035   _T_igbt_limit
00009008   _T_igbt_m
00000284   _T_igbt_pt1
00009037   _T_igbt_range
00009034   _T_igbt_warn
0000900d   _T_motor
00009007   _T_motor_aterr
0000901f   _T_motor_m
00000288   _T_motor_pt1
000091f2   _Tacho
000091f0   _Tacho_32
000091f4   _Tacho_32s
00000245   _Tacho_s
00000144   _Temp32
0000011a   _TempCounter
0000908d   _Temp_Debug
00009826   _Theta1
000097c8   _Theta1_16
00000098   _Time_sum
00009180   _Timeout
0000985e   _Tmax
00000029   _Tmess
00009860   _Tmin
000090d5   _Toffs1
0000903e   _Toffs2
00009039   _Toffs3
0000908c   _TorqueSetPoint
000091c4   _TorqueTempomat
000091be   _TorqueTempomat_ramped
000090d8   _Torque_delta_acc
000090db   _Torque_delta_dec
00009828   _Ts_iq
000090ef   _UBM
003e5c14   _USER0_ISR
003e5c19   _USER10_ISR
003e5c1e   _USER11_ISR
003e5c23   _USER1_ISR
003e5c28   _USER2_ISR
003e5c2d   _USER3_ISR
003e5c32   _USER4_ISR
003e5c37   _USER5_ISR
003e5c3c   _USER6_ISR
003e5c41   _USER7_ISR
003e5c46   _USER8_ISR
003e5c4b   _USER9_ISR
000090df   _USER_I_intmax
000090da   _USER_I_ramp
000090dc   _USER_I_ti
000090d0   _USER_I_v
0000909f   _USER_POSI_ky
00009092   _USER_POSI_td
0000909d   _USER_POSI_ti
0000909c   _USER_POSI_v
00009099   _USER_POS_intmax
00009098   _USER_POS_td
0000909b   _USER_POS_ti
0000909a   _USER_POS_v
000090c0   _USER_SPEED_intmax
000090c2   _USER_SPEED_ks
00009200   _USER_SPEED_ramp_acc
00009226   _USER_SPEED_ramp_dec
000090c3   _USER_SPEED_ramp_stop
000090c1   _USER_SPEED_td
000090c6   _USER_SPEED_ti
000090c7   _USER_SPEED_v
00009093   _USER_Statik
000090c4   _USER_V_ki
000090c5   _USER_V_kp
000090d3   _USER_iist_100pc
000002cb   _USER_t_brake
00000242   _Udum16
000097c4   _Ui_16
0000988e   _Uout_norm
000097c3   _Up_16
000092ac   _UserCanID_rx
000092b0   _UserCanID_rx2
000092aa   _UserCanID_tx
000092b2   _UserCanID_tx2
000092ab   _UserCan_RxTimeout
000092a9   _UserCan_btr
00009ec0   _UserMotorOptions
0000002b   _User_offset
0000009c   _User_sum
0000009e   _User_trans
000098a2   _Uz_ist_iq20
0000989e   _Uz_nenn
0000989c   _Uz_norm
00009858   _V05pc
00009856   _V95pc
00009848   _V99pc
000002c9   _VO_BRAKE
000002c6   _VO_Icns
000002ef   _VO_Less_N0
000002c5   _VO_TOLER
00009088   _ValidReadParas
0000908b   _ValidWriteParas
000097e3   _Vcal_16
000098d2   _Vd
000097cf   _Vd_16
000000b6   _Vd_Lsigma
00009834   _Vd_begrenzung
000097c2   _Vd_begrenzung_16
000098b4   _Vd_in
000097da   _Vd_in_16
0000988c   _Vd_out
000097dc   _Vd_out_16
00000092   _Vd_tune
00009033   _VdcBus
0000903d   _VdcBus_aterr
0000903c   _VdcBus_filt
00009032   _VdcBus_m
00000280   _VdcBus_pt1
0000904a   _Vdcfault
0000983e   _Vderat
000097d2   _Vderat_16
00009842   _Vfilt
000097e1   _Vfilt_16
000098de   _Vfilt_dep
000097ef   _Vfw
00009840   _Vkor
000097e4   _Vkor_16
00009904   _Vnorm
000097c7   _VoUi_16
000097c5   _VoUimin_16
000097c6   _VoUp_16
00009812   _Vo_enab
003deb24   _Voben
00009836   _Voff
000097c9   _Voout_16
00009844   _Vout
000097e8   _Vout_16
00009852   _Vout_calc
000098fa   _Vq
000097d4   _Vq_16
000098b2   _Vq_in
000097de   _Vq_in_16
0000988a   _Vq_out
000097dd   _Vq_out_16
000098c8   _Vqaccu
000098d8   _Vqfilt
000097e0   _Vqfilt_16
00009900   _Vreal
000097e2   _Vred_16
000097f0   _Vsat
00009854   _Vsqrt05pc
000098e0   _Vsum
0000921e   _Vtemp
003deb22   _Vunten
003e5c50   _WAKEINT_ISR
000091b0   _WarnError
00009148   _WarnsBitMap
00009149   _WdispBitMap
0000904e   _WorkOut
000091ce   _Work_Accu
003e5c55   _XINT1_ISR
003e5c5a   _XINT2_ISR
00007070   _XIntruptRegs
00000b20   _XintfRegs
00000058   _Xm
00080000   _Zone2Data
003f9b17   __IQ16atan2PU
 003f0000
003f9ce7   __IQ16div
 003f01d0
003f9c27   __IQ16mag
 003f0110
003f9dbc   __IQ1sqrt
 003f02a5
003f9d2e   __IQ20div
 003f0217
003f9b9f   __IQ24atan2PU
 003f0088
003f9e69   __IQ24cosPU
 003f0352
003f9d75   __IQ24div
 003f025e
003f9c87   __IQ24mag
 003f0170
003f9e40   __IQ24sinPU
 003f0329
003f9dfe   __IQ24sqrt
 003f02e7
003f9e90   __IQ24toF
 003f0379
00000800   __STACK_END
00000400   __STACK_SIZE
00000001   __TI_args_main
00000143   ___GEBER_pole
0000013d   ___REGLER_I_con
0000013c   ___REGLER_I_max
ffffffff   ___binit__
ffffffff   ___bss__
ffffffff   ___c_args__
003e8000   ___cinit__
ffffffff   ___end__
ffffffff   ___etext__
003e51ab   ___memcpy_ff
ffffffff   ___pinit__
ffffffff   ___text__
003e552b   __args_main
00009a3a   __cleanup_ptr
00009a3c   __dtors_ptr
00009ecc   __face
0000953e   __lock
003e5ad7   __nop
003e5ad3   __register_lock
003e5acf   __register_unlock
00000400   __stack
0000953c   __unlock
003e5544   _abort
00009147   _acc_activ
0000904f   _acq_switch
003f990a   _acquire_0
 003ed90a
003f9380   _acquire_1
 003ed380
003f94d1   _acquire_2
 003ed4d1
003f9573   _acquire_3
 003ed573
003f968f   _acquire_4
 003ed68f
003e497e   _acquire_5
003f9a21   _acquire_currm
 003eda21
0000010d   _activControlMode
000002e3   _activate
003deb42   _actra_block
00000135   _actra_test
003eaedd   _adc_filter_seed
003f999a   _adc_isr
 003ed99a
000090b2   _adc_overrun1
000090bd   _adc_overrun2
003ea9f5   _adc_seq_group0_setup
003deab8   _alarm_char
00009868   _alpha
003e56f7   _asc_nibble
00009176   _ascii_user
003e5c5f   _atomic_write_int32
000002df   _aux_timer
00000258   _avg_cnt
00009174   _ballast_count
00009186   _ballast_down
000090ff   _ballast_duration
00009178   _ballast_trip
000090fe   _ballast_trip_once
00009182   _ballast_up
000090be   _bit_counter
0000009a   _bot_sum
003ebf71   _c_int00
003efe34   _calc_fLs
003e4451   _calc_fRr
003ea589   _calc_fRs
003e85f1   _calc_from_motplate
003eec03   _calc_kern_update
003e4083   _calc_magn_rot
003e8340   _calc_magn_still
0000911f   _cancel_error
003ea860   _canopen_init
003e5c86   _canopen_loop
00000102   _cap3_cnt
00008000   _capture
003e585e   _capture_clr
003e5962   _capture_get_entry
003e4ac4   _capture_get_index
003e4889   _capture_init
003e570c   _capture_lead_limit
003ea325   _capture_look
00000109   _ccw
0000011e   _ccw_cnt
0000910a   _charge_count
00000248   _charge_timer
000091ca   _check1
000091d0   _check2
000091c6   _check3
000091c8   _check4
003eab7e   _check_Soft_ID
003e471e   _check_error
0000992c   _clarke2
003f9af6   _clarke_calc
 003edaf6
0000995a   _cm1
000097d1   _cm1IMDs16
003e54ae   _cnts2cA
003e578a   _cnts2dA
003e89ad   _coCanOpenStackInit
003ea7d1   _coCommStateEvent
003e5ae8   _coCommTask
003e579e   _coCommTaskSet
003e5971   _coEmcyProducerInit
003eaf4c   _coEmcyWriteReq
003e456c   _coErrorCtrlInit
003e58c3   _coEventRegister_CAN_STATE
003e58d3   _coEventRegister_COMM_EVENT
003e58e3   _coEventRegister_ERRCTRL
003e58f3   _coEventRegister_NMT
003e586f   _coEventRegister_PDO
003e5903   _coEventRegister_SDO_SERVER_CHECK_WRITE
003e5913   _coEventRegister_SDO_SERVER_READ
003e5923   _coEventRegister_SDO_SERVER_WRITE
003e5aef   _coLedInit
003e45da   _coLedSetGreen
003e4610   _coLedSetRed
003e4c56   _coLedSetState
003e5c8a   _coNmtGetNodeId
003e5c8e   _coNmtGetState
003e53c3   _coNmtInit
003e5880   _coNumMemcpy
003e5169   _coNumMemcpyPack
003e5337   _coNumMemcpyUnpack
003e4e4b   _coOdGetDefaultVal_u16
003e45a3   _coOdGetDefaultVal_u32
003e4646   _coOdGetDefaultVal_u8
003e5cac   _coOdGetObjAttribute
003e565e   _coOdGetObjDescPtr
003e9ade   _coOdGetObjSize
003eb292   _coOdInitOdPtr
003ebdcb   _coOdPutObj_u32
003eafb9   _coPdoReceiveInit
003e42b3   _coPdoReqNr
003ea61e   _coPdoTransmitInit
003e55bd   _coQueueGetNextTransmitMessage
003e5674   _coQueueGetReceiveBuffer
003e54c7   _coQueueInit
003e5c64   _coQueueMsgTransmitted
003e5980   _coQueueReceiveBufferIsFilled
003e4182   _coSdoServerInit
003e5c92   _coTimerInit
[...]


================================================================================

rts2800_ml.lib : fs_cmp.obj

Run/Load            
Value     Binding   Name (Section)
--------  --------  ---------------
00000000  local     .bss (.bss)
00000000  local     .data (.data)
003e5630  local     .text (.text)
003e5630  global    FS$$CMP (.text)


================================================================================

rts2800_ml.lib : fs_div.obj

Run/Load            
Value     Binding   Name (Section)
--------  --------  ---------------
00000000  local     .bss (.bss)
00000000  local     .data (.data)
003eaafb  local     .text (.text)
003eaafb  global    FS$$DIV (.text)


================================================================================

rts2800_ml.lib : fs_mpy.obj

Run/Load            
Value     Binding   Name (Section)
--------  --------  ---------------
00000000  local     .bss (.bss)
00000000  local     .data (.data)
003eb63a  local     .text (.text)
003eb63a  global    FS$$MPY (.text)


================================================================================

rts2800_ml.lib : fs_neg.obj

Run/Load            
Value     Binding   Name (Section)
--------  --------  ---------------
00000000  local     .bss (.bss)
00000000  local     .data (.data)
003e5c7d  local     .text (.text)
003e5c7d  global    FS$$NEG (.text)


================================================================================

rts2800_ml.lib : fs_tofd.obj

Run/Load            
Value     Binding   Name (Section)
--------  --------  ---------------
00000000  local     .bss (.bss)
00000000  local     .data (.data)
003e538b  local     .text (.text)
003e538b  global    FS$$TOFD (.text)


================================================================================

rts2800_ml.lib : fs_toi.obj

Run/Load            
Value     Binding   Name (Section)
--------  --------  ---------------
00000000  local     .bss (.bss)
00000000  local     .data (.data)
003e4fc8  local     .text (.text)
003e4fc8  global    FS$$TOI (.text)


================================================================================

rts2800_ml.lib : fs_tol.obj

Run/Load            
Value     Binding   Name (Section)
--------  --------  ---------------
00000000  local     .bss (.bss)
00000000  local     .data (.data)
003e4e22  local     .text (.text)
003e4e22  global    FS$$TOL (.text)


================================================================================

rts2800_ml.lib : i_div.obj

Run/Load            
Value     Binding   Name (Section)
--------  --------  ---------------
00000000  local     .bss (.bss)
00000000  local     .data (.data)
003e5126  local     .text (.text)
003e5126  global    I$$DIV (.text)
003e5137  global    I$$MOD (.text)


================================================================================

rts2800_ml.lib : i_tofd.obj

Run/Load            
Value     Binding   Name (Section)
--------  --------  ---------------
00000000  local     .bss (.bss)
00000000  local     .data (.data)
003e531a  local     .text (.text)
003e531a  global    I$$TOFD (.text)


================================================================================

rts2800_ml.lib : i_tofs.obj

Run/Load            
Value     Binding   Name (Section)
--------  --------  ---------------
00000000  local     .bss (.bss)
00000000  local     .data (.data)
003e547a  local     .text (.text)
003e547a  global    I$$TOFS (.text)


================================================================================

rts2800_ml.lib : l_div.obj

Run/Load            
Value     Binding   Name (Section)
--------  --------  ---------------
00000000  local     .bss (.bss)
00000000  local     .data (.data)
003e4d54  local     .text (.text)
003e4d54  global    L$$DIV (.text)
003e4d63  global    L$$MOD (.text)
003e4d71  global    UL$$DIV (.text)
003e4d78  global    UL$$MOD (.text)


================================================================================

rts2800_ml.lib : l_tofd.obj

Run/Load            
Value     Binding   Name (Section)
--------  --------  ---------------
00000000  local     .bss (.bss)
00000000  local     .data (.data)
003e53a7  local     .text (.text)
003e53a7  global    L$$TOFD (.text)


================================================================================

rts2800_ml.lib : l_tofs.obj

Run/Load            
Value     Binding   Name (Section)
--------  --------  ---------------
00000000  local     .bss (.bss)
00000000  local     .data (.data)
003e5494  local     .text (.text)
003e5494  global    L$$TOFS (.text)


================================================================================

rts2800_ml.lib : ldexp.obj

Run/Load            
Value     Binding   Name (Section)
--------  --------  ---------------
00000000  local     .bss (.bss)
00000000  local     .data (.data)
003e4042  local     .text (.text)
003e4042  global    _ldexp (.text)


================================================================================

rts2800_ml.lib : ll_cmp.obj

Run/Load            
Value     Binding   Name (Section)
--------  --------  ---------------
00000000  local     .bss (.bss)
00000000  local     .data (.data)
003e52df  local     .text (.text)
003e52df  global    LL$$CMP (.text)
003e52f1  global    ULL$$CMP (.text)


================================================================================

rts2800_ml.lib : ll_div.obj

Run/Load            
Value     Binding   Name (Section)
--------  --------  ---------------
00000000  local     .bss (.bss)
00000000  local     .data (.data)
003e8df0  local     .text (.text)
003e8df0  global    LL$$DIV (.text)
003e8e2c  global    LL$$MOD (.text)
003e8e66  global    ULL$$DIV (.text)
003e8e95  global    ULL$$MOD (.text)


================================================================================

rts2800_ml.lib : ll_mpy.obj

Run/Load            
Value     Binding   Name (Section)
--------  --------  ---------------
00000000  local     .bss (.bss)
00000000  local     .data (.data)
003e57ee  local     .text (.text)
003e57ee  global    LL$$MPY (.text)


================================================================================

rts2800_ml.lib : lldiv.obj

Run/Load            
Value     Binding   Name (Section)
--------  --------  ---------------
00000000  local     .bss (.bss)
00000000  local     .data (.data)
003e4bd2  local     .text (.text)
003e4bd2  global    _lldiv (.text)


================================================================================

rts2800_ml.lib : memcpy_ff.obj

Run/Load            
Value     Binding   Name (Section)
--------  --------  ---------------
00000000  local     .bss (.bss)
00000000  local     .data (.data)
003e51ab  local     .text (.text)
003e51ab  global    ___memcpy_ff (.text)


================================================================================

rts2800_ml.lib : sqrt.obj

Run/Load            
Value     Binding   Name (Section)
--------  --------  ---------------
00000000  local     .bss (.bss)
00000000  local     .data (.data)
003eba90  local     .text (.text)
003eba90  global    _sqrt (.text)


================================================================================

rts2800_ml.lib : u_div.obj

Run/Load            
Value     Binding   Name (Section)
--------  --------  ---------------
00000000  local     .bss (.bss)
00000000  local     .data (.data)
003e5a5d  local     .text (.text)
003e5a5d  global    U$$DIV (.text)
003e5a62  global    U$$MOD (.text)


================================================================================

rts2800_ml.lib : u_tofd.obj

Run/Load            
Value     Binding   Name (Section)
--------  --------  ---------------
00000000  local     .bss (.bss)
00000000  local     .data (.data)
003e5647  local     .text (.text)
003e5647  global    U$$TOFD (.text)


================================================================================

rts2800_ml.lib : u_tofs.obj

Run/Load            
Value     Binding   Name (Section)
--------  --------  ---------------
00000000  local     .bss (.bss)
00000000  local     .data (.data)
003e5943  local     .text (.text)
003e5943  global    U$$TOFS (.text)


================================================================================

rts2800_ml.lib : _lock.obj

Run/Load            
Value     Binding   Name (Section)
--------  --------  ---------------
00000000  local     .bss (.bss)
003e8308  local     .cinit (.cinit)
00000000  local     .data (.data)
0000953c  local     .ebss (.ebss)
003e5acf  local     .text (.text)
0000953e  global    __lock (.ebss)
003e5ad7  global    __nop (.text)
003e5ad3  global    __register_lock (.text)
003e5acf  global    __register_unlock (.text)
0000953c  global    __unlock (.ebss)


================================================================================

rts2800_ml.lib : args_main.obj

Run/Load            
Value     Binding   Name (Section)
--------  --------  ---------------
00000000  local     .bss (.bss)
00000000  local     .data (.data)
003e552b  local     .text (.text)
003e552b  global    __args_main (.text)


================================================================================

rts2800_ml.lib : errno.obj

Run/Load            
Value     Binding   Name (Section)
--------  --------  ---------------
00000000  local     .bss (.bss)
003e833a  local     .cinit (.cinit)
00000000  local     .data (.data)
00009eb0  local     .ebss (.ebss)
00000000  local     .text (.text)
00009eb0  global    _errno (.ebss)


================================================================================

IQmath.lib : IQ16atan2PU.obj

Run/Load             
Value      Binding   Name (Section)
--------   --------  ---------------
003f9b17   local     $ASM$ (IQmath)
 003f0000            
003f9b17   local     .bf (IQmath)
 003f0000            
00000000   local     .bss (.bss)
00000000   local     .data (.data)
003f9b9f   local     .ef (IQmath)
 003f0088            
00000000   local     .text (.text)
003f9b17   local     IQmath (IQmath)
 003f0000            
003f9b17   global    __IQ16atan2PU (IQmath)
 003f0000            


================================================================================

IQmath.lib : IQ16div.obj

Run/Load             
Value      Binding   Name (Section)
--------   --------  ---------------
003f9d28   local     $10 (IQmath)
 003f0211            
003f9ce7   local     $ASM$ (IQmath)
 003f01d0            
003f9ce7   local     .bf (IQmath)
 003f01d0            
00000000   local     .bss (.bss)
00000000   local     .data (.data)
003f9d2e   local     .ef (IQmath)
 003f0217            
00000000   local     .text (.text)
003f9ce7   local     IQmath (IQmath)
 003f01d0            
003f9ce7   global    __IQ16div (IQmath)
 003f01d0            


================================================================================

IQmath.lib : IQ16mag.obj

Run/Load             
Value      Binding   Name (Section)
--------   --------  ---------------
003f9c27   local     $ASM$ (IQmath)
 003f0110            
003f9c27   local     .bf (IQmath)
 003f0110            
00000000   local     .bss (.bss)
00000000   local     .data (.data)
003f9c87   local     .ef (IQmath)
 003f0170            
00000000   local     .text (.text)
003f9c27   local     IQmath (IQmath)
 003f0110            
003f9c27   global    __IQ16mag (IQmath)
 003f0110            


================================================================================

IQmath.lib : IQ1sqrt.obj

Run/Load             
Value      Binding   Name (Section)
--------   --------  ---------------
003f9dbc   local     $ASM$ (IQmath)
 003f02a5            
003f9dbc   local     .bf (IQmath)
 003f02a5            
00000000   local     .bss (.bss)
00000000   local     .data (.data)
003f9dfe   local     .ef (IQmath)
 003f02e7            
00000000   local     .text (.text)
003f9dbc   local     IQmath (IQmath)
 003f02a5            
003f9dbc   global    __IQ1sqrt (IQmath)
 003f02a5            


================================================================================

IQmath.lib : IQ20div.obj

Run/Load             
Value      Binding   Name (Section)
--------   --------  ---------------
003f9d6f   local     $10 (IQmath)
 003f0258            
003f9d2e   local     $ASM$ (IQmath)
 003f0217            
003f9d2e   local     .bf (IQmath)
 003f0217            
00000000   local     .bss (.bss)
00000000   local     .data (.data)
003f9d75   local     .ef (IQmath)
 003f025e            
00000000   local     .text (.text)
003f9d2e   local     IQmath (IQmath)
 003f0217            
003f9d2e   global    __IQ20div (IQmath)
 003f0217            


================================================================================

IQmath.lib : IQ24atan2PU.obj

Run/Load             
Value      Binding   Name (Section)
--------   --------  ---------------
003f9b9f   local     $ASM$ (IQmath)
 003f0088            
003f9b9f   local     .bf (IQmath)
 003f0088            
00000000   local     .bss (.bss)
00000000   local     .data (.data)
003f9c27   local     .ef (IQmath)
 003f0110            
00000000   local     .text (.text)
003f9b9f   local     IQmath (IQmath)
 003f0088            
003f9b9f   global    __IQ24atan2PU (IQmath)
 003f0088            


================================================================================

IQmath.lib : IQ24cosPU.obj

Run/Load             
Value      Binding   Name (Section)
--------   --------  ---------------
003f9e69   local     $ASM$ (IQmath)
 003f0352            
003f9e69   local     .bf (IQmath)
 003f0352            
00000000   local     .bss (.bss)
00000000   local     .data (.data)
003f9e90   local     .ef (IQmath)
 003f0379            
00000000   local     .text (.text)
003f9e69   local     IQmath (IQmath)
 003f0352            
003f9e69   global    __IQ24cosPU (IQmath)
 003f0352            


================================================================================

IQmath.lib : IQ24div.obj

Run/Load             
Value      Binding   Name (Section)
--------   --------  ---------------
003f9db6   local     $10 (IQmath)
 003f029f            
003f9d75   local     $ASM$ (IQmath)
 003f025e            
003f9d75   local     .bf (IQmath)
 003f025e            
00000000   local     .bss (.bss)
00000000   local     .data (.data)
003f9dbc   local     .ef (IQmath)
 003f02a5            
00000000   local     .text (.text)
003f9d75   local     IQmath (IQmath)
 003f025e            
003f9d75   global    __IQ24div (IQmath)
 003f025e            


================================================================================

IQmath.lib : IQ24mag.obj

Run/Load             
Value      Binding   Name (Section)
--------   --------  ---------------
003f9c87   local     $ASM$ (IQmath)
 003f0170            
003f9c87   local     .bf (IQmath)
 003f0170            
00000000   local     .bss (.bss)
00000000   local     .data (.data)
003f9ce7   local     .ef (IQmath)
 003f01d0            
00000000   local     .text (.text)
003f9c87   local     IQmath (IQmath)
 003f0170            
003f9c87   global    __IQ24mag (IQmath)
 003f0170            


================================================================================

IQmath.lib : IQ24sinPU.obj

Run/Load             
Value      Binding   Name (Section)
--------   --------  ---------------
003f9e40   local     $ASM$ (IQmath)
 003f0329            
003f9e40   local     .bf (IQmath)
 003f0329            
00000000   local     .bss (.bss)
00000000   local     .data (.data)
003f9e69   local     .ef (IQmath)
 003f0352            
00000000   local     .text (.text)
003f9e40   local     IQmath (IQmath)
 003f0329            
003f9e40   global    __IQ24sinPU (IQmath)
 003f0329            


================================================================================

IQmath.lib : IQ24sqrt.obj

Run/Load             
Value      Binding   Name (Section)
--------   --------  ---------------
003f9dfe   local     $ASM$ (IQmath)
 003f02e7            
003f9dfe   local     .bf (IQmath)
 003f02e7            
00000000   local     .bss (.bss)
00000000   local     .data (.data)
003f9e40   local     .ef (IQmath)
 003f0329            
00000000   local     .text (.text)
003f9dfe   local     IQmath (IQmath)
 003f02e7            
003f9dfe   global    __IQ24sqrt (IQmath)
 003f02e7            


================================================================================

IQmath.lib : IQ24toF.obj

Run/Load             
Value      Binding   Name (Section)
--------   --------  ---------------
003f9e90   local     $ASM$ (IQmath)
 003f0379            
003f9e90   local     .bf (IQmath)
 003f0379            
00000000   local     .bss (.bss)
00000000   local     .data (.data)
003f9ea4   local     .ef (IQmath)
 003f038d            
00000000   local     .text (.text)
003f9e90   local     IQmath (IQmath)
 003f0379            
003f9e90   global    __IQ24toF (IQmath)
 003f0379            


================================================================================

IQmath.lib : IQmathTables.ob

Run/Load            
Value     Binding   Name (Section)
--------  --------  ---------------
00000000  local     .bss (.bss)
00000000  local     .data (.data)
00000000  local     .text (.text)
003ff000  local     IQmathTables (IQmathTables)
003ffad8  global    _IQ10mpyRndSatTable (IQmathTables)
003ffacc  global    _IQ11mpyRndSatTable (IQmathTables)
003ffac0  global    _IQ12mpyRndSatTable (IQmathTables)
003ffab4  global    _IQ13mpyRndSatTable (IQmathTables)
003ffaa8  global    _IQ14mpyRndSatTable (IQmathTables)
003ffa9c  global    _IQ15mpyRndSatTable (IQmathTables)
003ffa90  global    _IQ16mpyRndSatTable (IQmathTables)
003ffa84  global    _IQ17mpyRndSatTable (IQmathTables)
003ffa78  global    _IQ18mpyRndSatTable (IQmathTables)
003ffa6c  global    _IQ19mpyRndSatTable (IQmathTables)
003ffb44  global    _IQ1mpyRndSatTable (IQmathTables)
003ffa60  global    _IQ20mpyRndSatTable (IQmathTables)
003ffa54  global    _IQ21mpyRndSatTable (IQmathTables)
003ffa48  global    _IQ22mpyRndSatTable (IQmathTables)
003ffa3c  global    _IQ23mpyRndSatTable (IQmathTables)
003ffa30  global    _IQ24mpyRndSatTable (IQmathTables)
003ffa24  global    _IQ25mpyRndSatTable (IQmathTables)
003ffa18  global    _IQ26mpyRndSatTable (IQmathTables)
003ffa0c  global    _IQ27mpyRndSatTable (IQmathTables)
003ffa00  global    _IQ28mpyRndSatTable (IQmathTables)
003ff9f4  global    _IQ29mpyRndSatTable (IQmathTables)
003ffb38  global    _IQ2mpyRndSatTable (IQmathTables)
003ff9e8  global    _IQ30mpyRndSatTable (IQmathTables)
003ffb2c  global    _IQ3mpyRndSatTable (IQmathTables)
003ffb20  global    _IQ4mpyRndSatTable (IQmathTables)
003ffb14  global    _IQ5mpyRndSatTable (IQmathTables)
003ffb08  global    _IQ6mpyRndSatTable (IQmathTables)
003ffafc  global    _IQ7mpyRndSatTable (IQmathTables)
003ffaf0  global    _IQ8mpyRndSatTable (IQmathTables)
003ffae4  global    _IQ9mpyRndSatTable (IQmathTables)
003ff824  global    _IQatan2HalfPITable (IQmathTables)
003ff862  global    _IQatan2Table (IQmathTables)
003ff9e8  global    _IQatan2TableEnd (IQmathTables)
003ff100  global    _IQcosTable (IQmathTables)
003ff502  global    _IQcosTableEnd (IQmathTables)
003ff502  global    _IQdivRoundSatTable (IQmathTables)
003ff510  global    _IQdivTable (IQmathTables)
003ff712  global    _IQdivTableEnd (IQmathTables)
003ff712  global    _IQisqrtRoundSatTable (IQmathTables)
003ff722  global    _IQisqrtTable (IQmathTables)
003ff824  global    _IQisqrtTableEnd (IQmathTables)
003ff9e8  global    _IQmpyRndSatTable (IQmathTables)
003ffb50  global    _IQmpyRndSatTableEnd (IQmathTables)
003ff000  global    _IQsinTable (IQmathTables)
003ff400  global    _IQsinTableEnd (IQmathTables)
003ff712  global    _IQsqrtRoundSatTable (IQmathTables)
003ff722  global    _IQsqrtTable (IQmathTables)
003ff824  global    _IQsqrtTableEnd (IQmathTables)


================================================================================

<linker>

<< No Symbols Defined >>


================================================================================

